[0.036s] Invoking command in '/home/twt4/xxx_ws/build/xicro_pkg': CMAKE_PREFIX_PATH=${CMAKE_PREFIX_PATH}:/home/twt4/ros2_modules/install/ntrip_client:/home/twt4/ros2_modules/install/nmea_navsat_driver:/home/twt4/ros2_modules/install/handsfree_ros2_imu:/home/twt4/turtlebot3_ws/install/turtlebot3_teleop:/home/twt4/turtlebot3_ws/install/turtlebot3_example:/home/twt4/ros2_ws/install/twt_fuse:/opt/ros/jazzy DEBUGINFOD_URLS=https://debuginfod.ubuntu.com /usr/bin/cmake --build /home/twt4/xxx_ws/build/xicro_pkg -- -j4 -l4
[0.098s] -- Found ament_cmake: 2.5.6 (/opt/ros/jazzy/share/ament_cmake/cmake)
[0.567s] -- Found rclcpp: 28.1.18 (/opt/ros/jazzy/share/rclcpp/cmake)
[0.678s] -- Found rosidl_generator_c: 4.6.7 (/opt/ros/jazzy/share/rosidl_generator_c/cmake)
[0.717s] -- Found rosidl_generator_cpp: 4.6.7 (/opt/ros/jazzy/share/rosidl_generator_cpp/cmake)
[0.748s] -- Using all available rosidl_typesupport_c: rosidl_typesupport_fastrtps_c;rosidl_typesupport_introspection_c
[0.780s] -- Using all available rosidl_typesupport_cpp: rosidl_typesupport_fastrtps_cpp;rosidl_typesupport_introspection_cpp
[0.930s] -- Found rmw_implementation_cmake: 7.3.3 (/opt/ros/jazzy/share/rmw_implementation_cmake/cmake)
[0.933s] -- Found rmw_fastrtps_cpp: 8.4.3 (/opt/ros/jazzy/share/rmw_fastrtps_cpp/cmake)
[1.094s] -- Using RMW implementation 'rmw_fastrtps_cpp' as default
[1.248s] -- Found rclpy: 7.1.11 (/opt/ros/jazzy/share/rclpy/cmake)
[1.248s] -- Found rosidl_default_generators: 1.6.0 (/opt/ros/jazzy/share/rosidl_default_generators/cmake)
[1.276s] -- Found rosidl_adapter: 4.6.7 (/opt/ros/jazzy/share/rosidl_adapter/cmake)
[1.931s] -- Found ament_cmake_ros: 0.12.0 (/opt/ros/jazzy/share/ament_cmake_ros/cmake)
[2.246s] -- Using all available rosidl_typesupport_c: rosidl_typesupport_fastrtps_c;rosidl_typesupport_introspection_c
[2.379s] -- Using all available rosidl_typesupport_cpp: rosidl_typesupport_fastrtps_cpp;rosidl_typesupport_introspection_cpp
[2.381s] -- Found python_cmake_module: 0.11.1 (/opt/ros/jazzy/share/python_cmake_module/cmake)
[3.034s] -- Found Python3: /usr/bin/python3 (found version "3.12.3") found components: Interpreter Development NumPy Development.Module Development.Embed 
[3.113s] -- Found Python3: /usr/bin/python3 (found version "3.12.3") found components: Interpreter 
[3.123s] -- Configuring done (3.0s)
[3.200s] -- Generating done (0.1s)
[3.236s] -- Build files have been written to: /home/twt4/xxx_ws/build/xicro_pkg
[3.353s] [  2%] Built target xicro_pkg__rosidl_generator_type_description
[3.365s] [  5%] Built target xicro_pkg__rs
[3.440s] [ 20%] Built target xicro_pkg__rosidl_generator_c
[3.461s] [ 22%] Built target xicro_pkg__cpp
[3.495s] [ 22%] Built target ament_cmake_python_copy_xicro_pkg
[3.560s] [ 31%] Built target xicro_pkg__rosidl_typesupport_introspection_c
[3.580s] [ 40%] Built target xicro_pkg__rosidl_typesupport_fastrtps_c
[3.600s] [ 48%] Built target xicro_pkg__rosidl_typesupport_c
[3.638s] [ 57%] Built target xicro_pkg__rosidl_typesupport_introspection_cpp
[3.658s] [ 65%] Built target xicro_pkg__rosidl_typesupport_cpp
[3.699s] [ 74%] Built target xicro_pkg__rosidl_typesupport_fastrtps_cpp
[3.811s] [ 74%] Built target xicro_pkg
[3.905s] [ 77%] Built target xicro_pkg__py
[3.991s] [ 82%] Built target xicro_pkg__rosidl_generator_py
[4.183s] [ 88%] Built target xicro_pkg_s__rosidl_typesupport_c
[4.185s] [ 94%] Built target xicro_pkg_s__rosidl_typesupport_introspection_c
[4.192s] [100%] Built target xicro_pkg_s__rosidl_typesupport_fastrtps_c
[4.468s] running egg_info
[4.536s] writing xicro_pkg.egg-info/PKG-INFO
[4.537s] writing dependency_links to xicro_pkg.egg-info/dependency_links.txt
[4.541s] writing top-level names to xicro_pkg.egg-info/top_level.txt
[4.776s] reading manifest file 'xicro_pkg.egg-info/SOURCES.txt'
[4.778s] writing manifest file 'xicro_pkg.egg-info/SOURCES.txt'
[4.966s] [100%] Built target ament_cmake_python_build_xicro_pkg_egg
[5.000s] Invoked command in '/home/twt4/xxx_ws/build/xicro_pkg' returned '0': CMAKE_PREFIX_PATH=${CMAKE_PREFIX_PATH}:/home/twt4/ros2_modules/install/ntrip_client:/home/twt4/ros2_modules/install/nmea_navsat_driver:/home/twt4/ros2_modules/install/handsfree_ros2_imu:/home/twt4/turtlebot3_ws/install/turtlebot3_teleop:/home/twt4/turtlebot3_ws/install/turtlebot3_example:/home/twt4/ros2_ws/install/twt_fuse:/opt/ros/jazzy DEBUGINFOD_URLS=https://debuginfod.ubuntu.com /usr/bin/cmake --build /home/twt4/xxx_ws/build/xicro_pkg -- -j4 -l4
[5.001s] Invoking command in '/home/twt4/xxx_ws/build/xicro_pkg': CMAKE_PREFIX_PATH=${CMAKE_PREFIX_PATH}:/home/twt4/ros2_modules/install/ntrip_client:/home/twt4/ros2_modules/install/nmea_navsat_driver:/home/twt4/ros2_modules/install/handsfree_ros2_imu:/home/twt4/turtlebot3_ws/install/turtlebot3_teleop:/home/twt4/turtlebot3_ws/install/turtlebot3_example:/home/twt4/ros2_ws/install/twt_fuse:/opt/ros/jazzy DEBUGINFOD_URLS=https://debuginfod.ubuntu.com /usr/bin/cmake --install /home/twt4/xxx_ws/build/xicro_pkg
[5.036s] -- Install configuration: ""
[5.040s] -- Up-to-date: /home/twt4/xxx_ws/install/xicro_pkg/share/ament_index/resource_index/rosidl_interfaces/xicro_pkg
[5.042s] -- Up-to-date: /home/twt4/xxx_ws/install/xicro_pkg/share/xicro_pkg/msg/Pulsa.json
[5.043s] -- Up-to-date: /home/twt4/xxx_ws/install/xicro_pkg/include/xicro_pkg/xicro_pkg
[5.050s] -- Up-to-date: /home/twt4/xxx_ws/install/xicro_pkg/include/xicro_pkg/xicro_pkg/msg
[5.052s] -- Up-to-date: /home/twt4/xxx_ws/install/xicro_pkg/include/xicro_pkg/xicro_pkg/msg/rosidl_generator_c__visibility_control.h
[5.052s] -- Up-to-date: /home/twt4/xxx_ws/install/xicro_pkg/include/xicro_pkg/xicro_pkg/msg/pulsa.h
[5.052s] -- Up-to-date: /home/twt4/xxx_ws/install/xicro_pkg/include/xicro_pkg/xicro_pkg/msg/detail
[5.053s] -- Up-to-date: /home/twt4/xxx_ws/install/xicro_pkg/include/xicro_pkg/xicro_pkg/msg/detail/pulsa__description.c
[5.053s] -- Up-to-date: /home/twt4/xxx_ws/install/xicro_pkg/include/xicro_pkg/xicro_pkg/msg/detail/pulsa__struct.h
[5.053s] -- Installing: /home/twt4/xxx_ws/install/xicro_pkg/include/xicro_pkg/xicro_pkg/msg/detail/pulsa__type_support.c
[5.053s] -- Up-to-date: /home/twt4/xxx_ws/install/xicro_pkg/include/xicro_pkg/xicro_pkg/msg/detail/pulsa__functions.c
[5.054s] -- Up-to-date: /home/twt4/xxx_ws/install/xicro_pkg/include/xicro_pkg/xicro_pkg/msg/detail/pulsa__functions.h
[5.057s] -- Up-to-date: /home/twt4/xxx_ws/install/xicro_pkg/include/xicro_pkg/xicro_pkg/msg/detail/pulsa__type_support.h
[5.057s] -- Up-to-date: /home/twt4/xxx_ws/install/xicro_pkg/share/xicro_pkg/environment/library_path.sh
[5.057s] -- Up-to-date: /home/twt4/xxx_ws/install/xicro_pkg/share/xicro_pkg/environment/library_path.dsv
[5.057s] -- Up-to-date: /home/twt4/xxx_ws/install/xicro_pkg/lib/libxicro_pkg__rosidl_generator_c.so
[5.058s] -- Up-to-date: /home/twt4/xxx_ws/install/xicro_pkg/include/xicro_pkg/xicro_pkg
[5.058s] -- Up-to-date: /home/twt4/xxx_ws/install/xicro_pkg/include/xicro_pkg/xicro_pkg/msg
[5.058s] -- Up-to-date: /home/twt4/xxx_ws/install/xicro_pkg/include/xicro_pkg/xicro_pkg/msg/rosidl_typesupport_fastrtps_c__visibility_control.h
[5.058s] -- Up-to-date: /home/twt4/xxx_ws/install/xicro_pkg/include/xicro_pkg/xicro_pkg/msg/detail
[5.058s] -- Up-to-date: /home/twt4/xxx_ws/install/xicro_pkg/include/xicro_pkg/xicro_pkg/msg/detail/pulsa__rosidl_typesupport_fastrtps_c.h
[5.058s] -- Up-to-date: /home/twt4/xxx_ws/install/xicro_pkg/lib/libxicro_pkg__rosidl_typesupport_fastrtps_c.so
[5.058s] -- Up-to-date: /home/twt4/xxx_ws/install/xicro_pkg/include/xicro_pkg/xicro_pkg
[5.058s] -- Up-to-date: /home/twt4/xxx_ws/install/xicro_pkg/include/xicro_pkg/xicro_pkg/msg
[5.058s] -- Up-to-date: /home/twt4/xxx_ws/install/xicro_pkg/include/xicro_pkg/xicro_pkg/msg/pulsa.hpp
[5.058s] -- Up-to-date: /home/twt4/xxx_ws/install/xicro_pkg/include/xicro_pkg/xicro_pkg/msg/detail
[5.059s] -- Up-to-date: /home/twt4/xxx_ws/install/xicro_pkg/include/xicro_pkg/xicro_pkg/msg/detail/pulsa__type_support.hpp
[5.059s] -- Up-to-date: /home/twt4/xxx_ws/install/xicro_pkg/include/xicro_pkg/xicro_pkg/msg/detail/pulsa__struct.hpp
[5.059s] -- Up-to-date: /home/twt4/xxx_ws/install/xicro_pkg/include/xicro_pkg/xicro_pkg/msg/detail/pulsa__builder.hpp
[5.059s] -- Up-to-date: /home/twt4/xxx_ws/install/xicro_pkg/include/xicro_pkg/xicro_pkg/msg/detail/pulsa__traits.hpp
[5.059s] -- Up-to-date: /home/twt4/xxx_ws/install/xicro_pkg/include/xicro_pkg/xicro_pkg/msg/rosidl_generator_cpp__visibility_control.hpp
[5.059s] -- Up-to-date: /home/twt4/xxx_ws/install/xicro_pkg/include/xicro_pkg/xicro_pkg
[5.060s] -- Up-to-date: /home/twt4/xxx_ws/install/xicro_pkg/include/xicro_pkg/xicro_pkg/msg
[5.060s] -- Up-to-date: /home/twt4/xxx_ws/install/xicro_pkg/include/xicro_pkg/xicro_pkg/msg/detail
[5.060s] -- Up-to-date: /home/twt4/xxx_ws/install/xicro_pkg/include/xicro_pkg/xicro_pkg/msg/detail/dds_fastrtps
[5.060s] -- Up-to-date: /home/twt4/xxx_ws/install/xicro_pkg/include/xicro_pkg/xicro_pkg/msg/detail/pulsa__rosidl_typesupport_fastrtps_cpp.hpp
[5.060s] -- Up-to-date: /home/twt4/xxx_ws/install/xicro_pkg/include/xicro_pkg/xicro_pkg/msg/rosidl_typesupport_fastrtps_cpp__visibility_control.h
[5.060s] -- Up-to-date: /home/twt4/xxx_ws/install/xicro_pkg/lib/libxicro_pkg__rosidl_typesupport_fastrtps_cpp.so
[5.060s] -- Up-to-date: /home/twt4/xxx_ws/install/xicro_pkg/include/xicro_pkg/xicro_pkg
[5.061s] -- Up-to-date: /home/twt4/xxx_ws/install/xicro_pkg/include/xicro_pkg/xicro_pkg/msg
[5.061s] -- Up-to-date: /home/twt4/xxx_ws/install/xicro_pkg/include/xicro_pkg/xicro_pkg/msg/detail
[5.061s] -- Installing: /home/twt4/xxx_ws/install/xicro_pkg/include/xicro_pkg/xicro_pkg/msg/detail/pulsa__type_support.c
[5.061s] -- Up-to-date: /home/twt4/xxx_ws/install/xicro_pkg/include/xicro_pkg/xicro_pkg/msg/detail/pulsa__rosidl_typesupport_introspection_c.h
[5.061s] -- Up-to-date: /home/twt4/xxx_ws/install/xicro_pkg/include/xicro_pkg/xicro_pkg/msg/rosidl_typesupport_introspection_c__visibility_control.h
[5.061s] -- Up-to-date: /home/twt4/xxx_ws/install/xicro_pkg/lib/libxicro_pkg__rosidl_typesupport_introspection_c.so
[5.061s] -- Up-to-date: /home/twt4/xxx_ws/install/xicro_pkg/lib/libxicro_pkg__rosidl_typesupport_c.so
[5.062s] -- Up-to-date: /home/twt4/xxx_ws/install/xicro_pkg/include/xicro_pkg/xicro_pkg
[5.062s] -- Up-to-date: /home/twt4/xxx_ws/install/xicro_pkg/include/xicro_pkg/xicro_pkg/msg
[5.062s] -- Up-to-date: /home/twt4/xxx_ws/install/xicro_pkg/include/xicro_pkg/xicro_pkg/msg/detail
[5.062s] -- Up-to-date: /home/twt4/xxx_ws/install/xicro_pkg/include/xicro_pkg/xicro_pkg/msg/detail/pulsa__type_support.cpp
[5.062s] -- Up-to-date: /home/twt4/xxx_ws/install/xicro_pkg/include/xicro_pkg/xicro_pkg/msg/detail/pulsa__rosidl_typesupport_introspection_cpp.hpp
[5.062s] -- Up-to-date: /home/twt4/xxx_ws/install/xicro_pkg/lib/libxicro_pkg__rosidl_typesupport_introspection_cpp.so
[5.062s] -- Up-to-date: /home/twt4/xxx_ws/install/xicro_pkg/lib/libxicro_pkg__rosidl_typesupport_cpp.so
[5.062s] -- Up-to-date: /home/twt4/xxx_ws/install/xicro_pkg/share/xicro_pkg/environment/pythonpath.sh
[5.063s] -- Up-to-date: /home/twt4/xxx_ws/install/xicro_pkg/share/xicro_pkg/environment/pythonpath.dsv
[5.063s] -- Up-to-date: /home/twt4/xxx_ws/install/xicro_pkg/lib/python3.12/site-packages/xicro_pkg-0.0.0-py3.12.egg-info
[5.063s] -- Installing: /home/twt4/xxx_ws/install/xicro_pkg/lib/python3.12/site-packages/xicro_pkg-0.0.0-py3.12.egg-info/dependency_links.txt
[5.063s] -- Installing: /home/twt4/xxx_ws/install/xicro_pkg/lib/python3.12/site-packages/xicro_pkg-0.0.0-py3.12.egg-info/PKG-INFO
[5.063s] -- Installing: /home/twt4/xxx_ws/install/xicro_pkg/lib/python3.12/site-packages/xicro_pkg-0.0.0-py3.12.egg-info/top_level.txt
[5.063s] -- Installing: /home/twt4/xxx_ws/install/xicro_pkg/lib/python3.12/site-packages/xicro_pkg-0.0.0-py3.12.egg-info/SOURCES.txt
[5.063s] -- Up-to-date: /home/twt4/xxx_ws/install/xicro_pkg/lib/python3.12/site-packages/xicro_pkg
[5.063s] -- Up-to-date: /home/twt4/xxx_ws/install/xicro_pkg/lib/python3.12/site-packages/xicro_pkg/_xicro_pkg_s.ep.rosidl_typesupport_fastrtps_c.c
[5.063s] -- Up-to-date: /home/twt4/xxx_ws/install/xicro_pkg/lib/python3.12/site-packages/xicro_pkg/_xicro_pkg_s.ep.rosidl_typesupport_c.c
[5.063s] -- Up-to-date: /home/twt4/xxx_ws/install/xicro_pkg/lib/python3.12/site-packages/xicro_pkg/_xicro_pkg_s.ep.rosidl_typesupport_introspection_c.c
[5.064s] -- Up-to-date: /home/twt4/xxx_ws/install/xicro_pkg/lib/python3.12/site-packages/xicro_pkg/xicro_pkg_s__rosidl_typesupport_c.so
[5.064s] -- Up-to-date: /home/twt4/xxx_ws/install/xicro_pkg/lib/python3.12/site-packages/xicro_pkg/xicro_pkg_s__rosidl_typesupport_introspection_c.so
[5.064s] -- Installing: /home/twt4/xxx_ws/install/xicro_pkg/lib/python3.12/site-packages/xicro_pkg/__init__.py
[5.064s] -- Up-to-date: /home/twt4/xxx_ws/install/xicro_pkg/lib/python3.12/site-packages/xicro_pkg/msg
[5.064s] -- Up-to-date: /home/twt4/xxx_ws/install/xicro_pkg/lib/python3.12/site-packages/xicro_pkg/msg/_pulsa_s.c
[5.064s] -- Up-to-date: /home/twt4/xxx_ws/install/xicro_pkg/lib/python3.12/site-packages/xicro_pkg/msg/__init__.py
[5.064s] -- Up-to-date: /home/twt4/xxx_ws/install/xicro_pkg/lib/python3.12/site-packages/xicro_pkg/msg/_pulsa.py
[5.064s] -- Up-to-date: /home/twt4/xxx_ws/install/xicro_pkg/lib/python3.12/site-packages/xicro_pkg/xicro_pkg_s__rosidl_typesupport_fastrtps_c.so
[5.219s] Listing '/home/twt4/xxx_ws/install/xicro_pkg/lib/python3.12/site-packages/xicro_pkg'...
[5.220s] Compiling '/home/twt4/xxx_ws/install/xicro_pkg/lib/python3.12/site-packages/xicro_pkg/__init__.py'...
[5.220s] Listing '/home/twt4/xxx_ws/install/xicro_pkg/lib/python3.12/site-packages/xicro_pkg/msg'...
[5.254s] -- Up-to-date: /home/twt4/xxx_ws/install/xicro_pkg/lib/python3.12/site-packages/xicro_pkg/xicro_pkg_s__rosidl_typesupport_fastrtps_c.so
[5.255s] -- Up-to-date: /home/twt4/xxx_ws/install/xicro_pkg/lib/python3.12/site-packages/xicro_pkg/xicro_pkg_s__rosidl_typesupport_introspection_c.so
[5.262s] -- Up-to-date: /home/twt4/xxx_ws/install/xicro_pkg/lib/python3.12/site-packages/xicro_pkg/xicro_pkg_s__rosidl_typesupport_c.so
[5.262s] -- Up-to-date: /home/twt4/xxx_ws/install/xicro_pkg/lib/libxicro_pkg__rosidl_generator_py.so
[5.263s] -- Up-to-date: /home/twt4/xxx_ws/install/xicro_pkg/share/ament_index/resource_index/rust_packages/xicro_pkg
[5.263s] -- Up-to-date: /home/twt4/xxx_ws/install/xicro_pkg/share/xicro_pkg/rust
[5.263s] -- Up-to-date: /home/twt4/xxx_ws/install/xicro_pkg/share/xicro_pkg/rust/build.rs
[5.263s] -- Up-to-date: /home/twt4/xxx_ws/install/xicro_pkg/share/xicro_pkg/rust/Cargo.toml
[5.263s] -- Up-to-date: /home/twt4/xxx_ws/install/xicro_pkg/share/xicro_pkg/rust/src
[5.263s] -- Up-to-date: /home/twt4/xxx_ws/install/xicro_pkg/share/xicro_pkg/rust/src/msg.rs
[5.263s] -- Up-to-date: /home/twt4/xxx_ws/install/xicro_pkg/share/xicro_pkg/rust/src/lib.rs
[5.264s] -- Up-to-date: /home/twt4/xxx_ws/install/xicro_pkg/share/xicro_pkg/rust/src/msg
[5.264s] -- Up-to-date: /home/twt4/xxx_ws/install/xicro_pkg/share/xicro_pkg/rust/src/msg/rmw.rs
[5.264s] -- Up-to-date: /home/twt4/xxx_ws/install/xicro_pkg/share/xicro_pkg/msg/Pulsa.idl
[5.265s] -- Up-to-date: /home/twt4/xxx_ws/install/xicro_pkg/share/xicro_pkg/msg/Pulsa.msg
[5.265s] -- Up-to-date: /home/twt4/xxx_ws/install/xicro_pkg/lib/xicro_pkg/generate_library.py
[5.265s] -- Up-to-date: /home/twt4/xxx_ws/install/xicro_pkg/lib/xicro_pkg/generate_library_twt.py
[5.265s] -- Up-to-date: /home/twt4/xxx_ws/install/xicro_pkg/lib/xicro_pkg/generate_library_pulse.py
[5.265s] -- Up-to-date: /home/twt4/xxx_ws/install/xicro_pkg/lib/xicro_pkg/generate_library_ctl.py
[5.266s] -- Up-to-date: /home/twt4/xxx_ws/install/xicro_pkg/lib/xicro_pkg/generate_xicro_node.py
[5.266s] -- Up-to-date: /home/twt4/xxx_ws/install/xicro_pkg/lib/xicro_pkg/generate_xicro_node_twt.py
[5.266s] -- Up-to-date: /home/twt4/xxx_ws/install/xicro_pkg/lib/xicro_pkg/generate_xicro_node_ctl.py
[5.266s] -- Up-to-date: /home/twt4/xxx_ws/install/xicro_pkg/lib/xicro_pkg/xicro_node_twt_ID_1_arduino.py
[5.266s] -- Up-to-date: /home/twt4/xxx_ws/install/xicro_pkg/lib/xicro_pkg/xicro_node_xxx_ID_1_arduino.py
[5.266s] -- Up-to-date: /home/twt4/xxx_ws/install/xicro_pkg/lib/xicro_pkg/xicro_node_rcv_ID_2_arduino.py
[5.266s] -- Up-to-date: /home/twt4/xxx_ws/install/xicro_pkg/lib/xicro_pkg/xicro_node_ctl_ID_1_arduino.py
[5.266s] -- Up-to-date: /home/twt4/xxx_ws/install/xicro_pkg/share/xicro_pkg/msg
[5.267s] -- Up-to-date: /home/twt4/xxx_ws/install/xicro_pkg/share/xicro_pkg/msg/Pulsa.msg
[5.272s] [31mCMake Error at cmake_install.cmake:398 (file):
[5.272s]   file INSTALL cannot find "/home/twt4/xxx_ws/src/Xicro/xicro_pkg/launch": No
[5.273s]   such file or directory.
[5.273s] 
[5.273s] [0m
[5.273s] Invoked command in '/home/twt4/xxx_ws/build/xicro_pkg' returned '1': CMAKE_PREFIX_PATH=${CMAKE_PREFIX_PATH}:/home/twt4/ros2_modules/install/ntrip_client:/home/twt4/ros2_modules/install/nmea_navsat_driver:/home/twt4/ros2_modules/install/handsfree_ros2_imu:/home/twt4/turtlebot3_ws/install/turtlebot3_teleop:/home/twt4/turtlebot3_ws/install/turtlebot3_example:/home/twt4/ros2_ws/install/twt_fuse:/opt/ros/jazzy DEBUGINFOD_URLS=https://debuginfod.ubuntu.com /usr/bin/cmake --install /home/twt4/xxx_ws/build/xicro_pkg
