[0.375s] [34mcolcon[0m [1;30mDEBUG[0m [32mCommand line arguments: ['/usr/bin/colcon', 'build'][0m
[0.375s] [34mcolcon[0m [1;30mDEBUG[0m [32mParsed command line arguments: Namespace(log_base=None, log_level=None, verb_name='build', build_base='build', install_base='install', merge_install=False, symlink_install=False, test_result_base=None, continue_on_error=False, executor='parallel', parallel_workers=4, event_handlers=None, ignore_user_meta=False, metas=['./colcon.meta'], base_paths=['.'], packages_ignore=None, packages_ignore_regex=None, paths=None, packages_up_to=None, packages_up_to_regex=None, packages_above=None, packages_above_and_dependencies=None, packages_above_depth=None, packages_select_by_dep=None, packages_skip_by_dep=None, packages_skip_up_to=None, packages_select_build_failed=False, packages_skip_build_finished=False, packages_select_test_failures=False, packages_skip_test_passed=False, packages_select=None, packages_skip=None, packages_select_regex=None, packages_skip_regex=None, packages_start=None, packages_end=None, allow_overriding=[], cmake_args=None, cmake_target=None, cmake_target_skip_unavailable=False, cmake_clean_cache=False, cmake_clean_first=False, cmake_force_configure=False, ament_cmake_args=None, catkin_cmake_args=None, catkin_skip_building_tests=False, mixin_files=None, mixin=None, verb_parser=<colcon_mixin.mixin.mixin_argument.MixinArgumentDecorator object at 0xffffa0742ff0>, verb_extension=<colcon_core.verb.build.BuildVerb object at 0xffffa0742c90>, main=<bound method BuildVerb.main of <colcon_core.verb.build.BuildVerb object at 0xffffa0742c90>>, mixin_verb=('build',))[0m
[0.449s] [34mcolcon.colcon_core.package_discovery[0m [1;30mLevel 1[0m discover_packages(colcon_meta) check parameters
[0.449s] [34mcolcon.colcon_core.package_discovery[0m [1;30mLevel 1[0m discover_packages(recursive) check parameters
[0.449s] [34mcolcon.colcon_core.package_discovery[0m [1;30mLevel 1[0m discover_packages(ignore) check parameters
[0.449s] [34mcolcon.colcon_core.package_discovery[0m [1;30mLevel 1[0m discover_packages(path) check parameters
[0.449s] [34mcolcon.colcon_core.package_discovery[0m [1;30mLevel 1[0m discover_packages(colcon_meta) discover
[0.449s] [34mcolcon.colcon_core.package_discovery[0m [1;30mLevel 1[0m discover_packages(recursive) discover
[0.450s] [34mcolcon.colcon_core.package_discovery[0m [1;30mINFO[0m Crawling recursively for packages in '/home/twt4/xxx_ws'
[0.450s] [34mcolcon.colcon_core.package_identification[0m [1;30mLevel 1[0m _identify(.) by extensions ['ignore', 'ignore_ament_install']
[0.450s] [34mcolcon.colcon_core.package_identification[0m [1;30mLevel 1[0m _identify(.) by extension 'ignore'
[0.450s] [34mcolcon.colcon_core.package_identification[0m [1;30mLevel 1[0m _identify(.) by extension 'ignore_ament_install'
[0.450s] [34mcolcon.colcon_core.package_identification[0m [1;30mLevel 1[0m _identify(.) by extensions ['colcon_pkg']
[0.450s] [34mcolcon.colcon_core.package_identification[0m [1;30mLevel 1[0m _identify(.) by extension 'colcon_pkg'
[0.450s] [34mcolcon.colcon_core.package_identification[0m [1;30mLevel 1[0m _identify(.) by extensions ['colcon_meta']
[0.450s] [34mcolcon.colcon_core.package_identification[0m [1;30mLevel 1[0m _identify(.) by extension 'colcon_meta'
[0.450s] [34mcolcon.colcon_core.package_identification[0m [1;30mLevel 1[0m _identify(.) by extensions ['ros']
[0.450s] [34mcolcon.colcon_core.package_identification[0m [1;30mLevel 1[0m _identify(.) by extension 'ros'
[0.504s] [34mcolcon.colcon_core.package_identification[0m [1;30mLevel 1[0m _identify(.) by extensions ['cmake', 'python']
[0.505s] [34mcolcon.colcon_core.package_identification[0m [1;30mLevel 1[0m _identify(.) by extension 'cmake'
[0.505s] [34mcolcon.colcon_core.package_identification[0m [1;30mLevel 1[0m _identify(.) by extension 'python'
[0.505s] [34mcolcon.colcon_core.package_identification[0m [1;30mLevel 1[0m _identify(.) by extensions ['python_setup_py']
[0.505s] [34mcolcon.colcon_core.package_identification[0m [1;30mLevel 1[0m _identify(.) by extension 'python_setup_py'
[0.505s] [34mcolcon.colcon_core.package_identification[0m [1;30mLevel 1[0m _identify(build) by extensions ['ignore', 'ignore_ament_install']
[0.505s] [34mcolcon.colcon_core.package_identification[0m [1;30mLevel 1[0m _identify(build) by extension 'ignore'
[0.505s] [34mcolcon.colcon_core.package_identification[0m [1;30mLevel 1[0m _identify(build) ignored
[0.506s] [34mcolcon.colcon_core.package_identification[0m [1;30mLevel 1[0m _identify(install) by extensions ['ignore', 'ignore_ament_install']
[0.506s] [34mcolcon.colcon_core.package_identification[0m [1;30mLevel 1[0m _identify(install) by extension 'ignore'
[0.506s] [34mcolcon.colcon_core.package_identification[0m [1;30mLevel 1[0m _identify(install) ignored
[0.506s] [34mcolcon.colcon_core.package_identification[0m [1;30mLevel 1[0m _identify(log) by extensions ['ignore', 'ignore_ament_install']
[0.506s] [34mcolcon.colcon_core.package_identification[0m [1;30mLevel 1[0m _identify(log) by extension 'ignore'
[0.506s] [34mcolcon.colcon_core.package_identification[0m [1;30mLevel 1[0m _identify(log) ignored
[0.506s] [34mcolcon.colcon_core.package_identification[0m [1;30mLevel 1[0m _identify(src) by extensions ['ignore', 'ignore_ament_install']
[0.507s] [34mcolcon.colcon_core.package_identification[0m [1;30mLevel 1[0m _identify(src) by extension 'ignore'
[0.507s] [34mcolcon.colcon_core.package_identification[0m [1;30mLevel 1[0m _identify(src) by extension 'ignore_ament_install'
[0.507s] [34mcolcon.colcon_core.package_identification[0m [1;30mLevel 1[0m _identify(src) by extensions ['colcon_pkg']
[0.507s] [34mcolcon.colcon_core.package_identification[0m [1;30mLevel 1[0m _identify(src) by extension 'colcon_pkg'
[0.507s] [34mcolcon.colcon_core.package_identification[0m [1;30mLevel 1[0m _identify(src) by extensions ['colcon_meta']
[0.507s] [34mcolcon.colcon_core.package_identification[0m [1;30mLevel 1[0m _identify(src) by extension 'colcon_meta'
[0.507s] [34mcolcon.colcon_core.package_identification[0m [1;30mLevel 1[0m _identify(src) by extensions ['ros']
[0.507s] [34mcolcon.colcon_core.package_identification[0m [1;30mLevel 1[0m _identify(src) by extension 'ros'
[0.507s] [34mcolcon.colcon_core.package_identification[0m [1;30mLevel 1[0m _identify(src) by extensions ['cmake', 'python']
[0.507s] [34mcolcon.colcon_core.package_identification[0m [1;30mLevel 1[0m _identify(src) by extension 'cmake'
[0.507s] [34mcolcon.colcon_core.package_identification[0m [1;30mLevel 1[0m _identify(src) by extension 'python'
[0.507s] [34mcolcon.colcon_core.package_identification[0m [1;30mLevel 1[0m _identify(src) by extensions ['python_setup_py']
[0.507s] [34mcolcon.colcon_core.package_identification[0m [1;30mLevel 1[0m _identify(src) by extension 'python_setup_py'
[0.507s] [34mcolcon.colcon_core.package_identification[0m [1;30mLevel 1[0m _identify(src/Xicro) by extensions ['ignore', 'ignore_ament_install']
[0.507s] [34mcolcon.colcon_core.package_identification[0m [1;30mLevel 1[0m _identify(src/Xicro) by extension 'ignore'
[0.507s] [34mcolcon.colcon_core.package_identification[0m [1;30mLevel 1[0m _identify(src/Xicro) by extension 'ignore_ament_install'
[0.508s] [34mcolcon.colcon_core.package_identification[0m [1;30mLevel 1[0m _identify(src/Xicro) by extensions ['colcon_pkg']
[0.508s] [34mcolcon.colcon_core.package_identification[0m [1;30mLevel 1[0m _identify(src/Xicro) by extension 'colcon_pkg'
[0.508s] [34mcolcon.colcon_core.package_identification[0m [1;30mLevel 1[0m _identify(src/Xicro) by extensions ['colcon_meta']
[0.508s] [34mcolcon.colcon_core.package_identification[0m [1;30mLevel 1[0m _identify(src/Xicro) by extension 'colcon_meta'
[0.508s] [34mcolcon.colcon_core.package_identification[0m [1;30mLevel 1[0m _identify(src/Xicro) by extensions ['ros']
[0.508s] [34mcolcon.colcon_core.package_identification[0m [1;30mLevel 1[0m _identify(src/Xicro) by extension 'ros'
[0.508s] [34mcolcon.colcon_core.package_identification[0m [1;30mLevel 1[0m _identify(src/Xicro) by extensions ['cmake', 'python']
[0.508s] [34mcolcon.colcon_core.package_identification[0m [1;30mLevel 1[0m _identify(src/Xicro) by extension 'cmake'
[0.508s] [34mcolcon.colcon_core.package_identification[0m [1;30mLevel 1[0m _identify(src/Xicro) by extension 'python'
[0.508s] [34mcolcon.colcon_core.package_identification[0m [1;30mLevel 1[0m _identify(src/Xicro) by extensions ['python_setup_py']
[0.508s] [34mcolcon.colcon_core.package_identification[0m [1;30mLevel 1[0m _identify(src/Xicro) by extension 'python_setup_py'
[0.508s] [34mcolcon.colcon_core.package_identification[0m [1;30mLevel 1[0m _identify(src/Xicro/docs) by extensions ['ignore', 'ignore_ament_install']
[0.508s] [34mcolcon.colcon_core.package_identification[0m [1;30mLevel 1[0m _identify(src/Xicro/docs) by extension 'ignore'
[0.508s] [34mcolcon.colcon_core.package_identification[0m [1;30mLevel 1[0m _identify(src/Xicro/docs) by extension 'ignore_ament_install'
[0.508s] [34mcolcon.colcon_core.package_identification[0m [1;30mLevel 1[0m _identify(src/Xicro/docs) by extensions ['colcon_pkg']
[0.508s] [34mcolcon.colcon_core.package_identification[0m [1;30mLevel 1[0m _identify(src/Xicro/docs) by extension 'colcon_pkg'
[0.508s] [34mcolcon.colcon_core.package_identification[0m [1;30mLevel 1[0m _identify(src/Xicro/docs) by extensions ['colcon_meta']
[0.509s] [34mcolcon.colcon_core.package_identification[0m [1;30mLevel 1[0m _identify(src/Xicro/docs) by extension 'colcon_meta'
[0.509s] [34mcolcon.colcon_core.package_identification[0m [1;30mLevel 1[0m _identify(src/Xicro/docs) by extensions ['ros']
[0.509s] [34mcolcon.colcon_core.package_identification[0m [1;30mLevel 1[0m _identify(src/Xicro/docs) by extension 'ros'
[0.509s] [34mcolcon.colcon_core.package_identification[0m [1;30mLevel 1[0m _identify(src/Xicro/docs) by extensions ['cmake', 'python']
[0.509s] [34mcolcon.colcon_core.package_identification[0m [1;30mLevel 1[0m _identify(src/Xicro/docs) by extension 'cmake'
[0.509s] [34mcolcon.colcon_core.package_identification[0m [1;30mLevel 1[0m _identify(src/Xicro/docs) by extension 'python'
[0.509s] [34mcolcon.colcon_core.package_identification[0m [1;30mLevel 1[0m _identify(src/Xicro/docs) by extensions ['python_setup_py']
[0.509s] [34mcolcon.colcon_core.package_identification[0m [1;30mLevel 1[0m _identify(src/Xicro/docs) by extension 'python_setup_py'
[0.509s] [34mcolcon.colcon_core.package_identification[0m [1;30mLevel 1[0m _identify(src/Xicro/docs/pic) by extensions ['ignore', 'ignore_ament_install']
[0.509s] [34mcolcon.colcon_core.package_identification[0m [1;30mLevel 1[0m _identify(src/Xicro/docs/pic) by extension 'ignore'
[0.509s] [34mcolcon.colcon_core.package_identification[0m [1;30mLevel 1[0m _identify(src/Xicro/docs/pic) by extension 'ignore_ament_install'
[0.509s] [34mcolcon.colcon_core.package_identification[0m [1;30mLevel 1[0m _identify(src/Xicro/docs/pic) by extensions ['colcon_pkg']
[0.509s] [34mcolcon.colcon_core.package_identification[0m [1;30mLevel 1[0m _identify(src/Xicro/docs/pic) by extension 'colcon_pkg'
[0.509s] [34mcolcon.colcon_core.package_identification[0m [1;30mLevel 1[0m _identify(src/Xicro/docs/pic) by extensions ['colcon_meta']
[0.509s] [34mcolcon.colcon_core.package_identification[0m [1;30mLevel 1[0m _identify(src/Xicro/docs/pic) by extension 'colcon_meta'
[0.509s] [34mcolcon.colcon_core.package_identification[0m [1;30mLevel 1[0m _identify(src/Xicro/docs/pic) by extensions ['ros']
[0.509s] [34mcolcon.colcon_core.package_identification[0m [1;30mLevel 1[0m _identify(src/Xicro/docs/pic) by extension 'ros'
[0.510s] [34mcolcon.colcon_core.package_identification[0m [1;30mLevel 1[0m _identify(src/Xicro/docs/pic) by extensions ['cmake', 'python']
[0.510s] [34mcolcon.colcon_core.package_identification[0m [1;30mLevel 1[0m _identify(src/Xicro/docs/pic) by extension 'cmake'
[0.510s] [34mcolcon.colcon_core.package_identification[0m [1;30mLevel 1[0m _identify(src/Xicro/docs/pic) by extension 'python'
[0.510s] [34mcolcon.colcon_core.package_identification[0m [1;30mLevel 1[0m _identify(src/Xicro/docs/pic) by extensions ['python_setup_py']
[0.510s] [34mcolcon.colcon_core.package_identification[0m [1;30mLevel 1[0m _identify(src/Xicro/docs/pic) by extension 'python_setup_py'
[0.510s] [34mcolcon.colcon_core.package_identification[0m [1;30mLevel 1[0m _identify(src/Xicro/xicro_interfaces) by extensions ['ignore', 'ignore_ament_install']
[0.510s] [34mcolcon.colcon_core.package_identification[0m [1;30mLevel 1[0m _identify(src/Xicro/xicro_interfaces) by extension 'ignore'
[0.510s] [34mcolcon.colcon_core.package_identification[0m [1;30mLevel 1[0m _identify(src/Xicro/xicro_interfaces) by extension 'ignore_ament_install'
[0.510s] [34mcolcon.colcon_core.package_identification[0m [1;30mLevel 1[0m _identify(src/Xicro/xicro_interfaces) by extensions ['colcon_pkg']
[0.510s] [34mcolcon.colcon_core.package_identification[0m [1;30mLevel 1[0m _identify(src/Xicro/xicro_interfaces) by extension 'colcon_pkg'
[0.510s] [34mcolcon.colcon_core.package_identification[0m [1;30mLevel 1[0m _identify(src/Xicro/xicro_interfaces) by extensions ['colcon_meta']
[0.510s] [34mcolcon.colcon_core.package_identification[0m [1;30mLevel 1[0m _identify(src/Xicro/xicro_interfaces) by extension 'colcon_meta'
[0.510s] [34mcolcon.colcon_core.package_identification[0m [1;30mLevel 1[0m _identify(src/Xicro/xicro_interfaces) by extensions ['ros']
[0.510s] [34mcolcon.colcon_core.package_identification[0m [1;30mLevel 1[0m _identify(src/Xicro/xicro_interfaces) by extension 'ros'
[0.515s] [34mcolcon.colcon_core.package_identification[0m [1;30mDEBUG[0m [32mPackage 'src/Xicro/xicro_interfaces' with type 'ros.ament_cmake' and name 'xicro_interfaces'[0m
[0.515s] [34mcolcon.colcon_core.package_identification[0m [1;30mLevel 1[0m _identify(src/Xicro/xicro_pkg) by extensions ['ignore', 'ignore_ament_install']
[0.515s] [34mcolcon.colcon_core.package_identification[0m [1;30mLevel 1[0m _identify(src/Xicro/xicro_pkg) by extension 'ignore'
[0.516s] [34mcolcon.colcon_core.package_identification[0m [1;30mLevel 1[0m _identify(src/Xicro/xicro_pkg) by extension 'ignore_ament_install'
[0.516s] [34mcolcon.colcon_core.package_identification[0m [1;30mLevel 1[0m _identify(src/Xicro/xicro_pkg) by extensions ['colcon_pkg']
[0.516s] [34mcolcon.colcon_core.package_identification[0m [1;30mLevel 1[0m _identify(src/Xicro/xicro_pkg) by extension 'colcon_pkg'
[0.516s] [34mcolcon.colcon_core.package_identification[0m [1;30mLevel 1[0m _identify(src/Xicro/xicro_pkg) by extensions ['colcon_meta']
[0.516s] [34mcolcon.colcon_core.package_identification[0m [1;30mLevel 1[0m _identify(src/Xicro/xicro_pkg) by extension 'colcon_meta'
[0.516s] [34mcolcon.colcon_core.package_identification[0m [1;30mLevel 1[0m _identify(src/Xicro/xicro_pkg) by extensions ['ros']
[0.516s] [34mcolcon.colcon_core.package_identification[0m [1;30mLevel 1[0m _identify(src/Xicro/xicro_pkg) by extension 'ros'
[0.517s] [34mcolcon.colcon_core.package_identification[0m [1;30mDEBUG[0m [32mPackage 'src/Xicro/xicro_pkg' with type 'ros.ament_cmake' and name 'xicro_pkg'[0m
[0.517s] [34mcolcon.colcon_core.package_discovery[0m [1;30mLevel 1[0m discover_packages(recursive) using defaults
[0.517s] [34mcolcon.colcon_core.package_discovery[0m [1;30mLevel 1[0m discover_packages(ignore) discover
[0.517s] [34mcolcon.colcon_core.package_discovery[0m [1;30mLevel 1[0m discover_packages(ignore) using defaults
[0.517s] [34mcolcon.colcon_core.package_discovery[0m [1;30mLevel 1[0m discover_packages(path) discover
[0.517s] [34mcolcon.colcon_core.package_discovery[0m [1;30mLevel 1[0m discover_packages(path) using defaults
[0.557s] [34mcolcon.colcon_core.package_discovery[0m [1;30mLevel 1[0m discover_packages(prefix_path) check parameters
[0.557s] [34mcolcon.colcon_core.package_discovery[0m [1;30mLevel 1[0m discover_packages(prefix_path) discover
[0.571s] [34mcolcon.colcon_installed_package_information.package_discovery[0m [1;30mDEBUG[0m [32mFound 2 installed packages in /home/twt4/xxx_ws/install[0m
[0.572s] [34mcolcon.colcon_installed_package_information.package_discovery[0m [1;30mDEBUG[0m [32mFound 8 installed packages in /home/twt4/turtlebot3_ws/install[0m
[0.574s] [34mcolcon.colcon_installed_package_information.package_discovery[0m [1;30mDEBUG[0m [32mFound 1 installed packages in /home/twt4/ros2_ws/install[0m
[0.575s] [34mcolcon.colcon_installed_package_information.package_discovery[0m [1;30mDEBUG[0m [32mFound 1 installed packages in /home/twt4/twtsim_ws/install[0m
[0.576s] [34mcolcon.colcon_installed_package_information.package_discovery[0m [1;30mDEBUG[0m [32mFound 14 installed packages in /home/twt4/ros2_modules/install[0m
[0.582s] [34mcolcon.colcon_installed_package_information.package_discovery[0m [1;30mDEBUG[0m [32mFound 509 installed packages in /opt/ros/jazzy[0m
[0.586s] [34mcolcon.colcon_core.package_discovery[0m [1;30mLevel 1[0m discover_packages(prefix_path) using defaults
[0.885s] [34mcolcon.colcon_core.verb[0m [1;30mLevel 5[0m set package 'xicro_interfaces' build argument 'cmake_args' from command line to 'None'
[0.885s] [34mcolcon.colcon_core.verb[0m [1;30mLevel 5[0m set package 'xicro_interfaces' build argument 'cmake_target' from command line to 'None'
[0.886s] [34mcolcon.colcon_core.verb[0m [1;30mLevel 5[0m set package 'xicro_interfaces' build argument 'cmake_target_skip_unavailable' from command line to 'False'
[0.886s] [34mcolcon.colcon_core.verb[0m [1;30mLevel 5[0m set package 'xicro_interfaces' build argument 'cmake_clean_cache' from command line to 'False'
[0.886s] [34mcolcon.colcon_core.verb[0m [1;30mLevel 5[0m set package 'xicro_interfaces' build argument 'cmake_clean_first' from command line to 'False'
[0.886s] [34mcolcon.colcon_core.verb[0m [1;30mLevel 5[0m set package 'xicro_interfaces' build argument 'cmake_force_configure' from command line to 'False'
[0.886s] [34mcolcon.colcon_core.verb[0m [1;30mLevel 5[0m set package 'xicro_interfaces' build argument 'ament_cmake_args' from command line to 'None'
[0.886s] [34mcolcon.colcon_core.verb[0m [1;30mLevel 5[0m set package 'xicro_interfaces' build argument 'catkin_cmake_args' from command line to 'None'
[0.886s] [34mcolcon.colcon_core.verb[0m [1;30mLevel 5[0m set package 'xicro_interfaces' build argument 'catkin_skip_building_tests' from command line to 'False'
[0.886s] [34mcolcon.colcon_core.verb[0m [1;30mDEBUG[0m [32mBuilding package 'xicro_interfaces' with the following arguments: {'ament_cmake_args': None, 'build_base': '/home/twt4/xxx_ws/build/xicro_interfaces', 'catkin_cmake_args': None, 'catkin_skip_building_tests': False, 'cmake_args': None, 'cmake_clean_cache': False, 'cmake_clean_first': False, 'cmake_force_configure': False, 'cmake_target': None, 'cmake_target_skip_unavailable': False, 'install_base': '/home/twt4/xxx_ws/install/xicro_interfaces', 'merge_install': False, 'path': '/home/twt4/xxx_ws/src/Xicro/xicro_interfaces', 'symlink_install': False, 'test_result_base': None}[0m
[0.886s] [34mcolcon.colcon_core.verb[0m [1;30mLevel 5[0m set package 'xicro_pkg' build argument 'cmake_args' from command line to 'None'
[0.886s] [34mcolcon.colcon_core.verb[0m [1;30mLevel 5[0m set package 'xicro_pkg' build argument 'cmake_target' from command line to 'None'
[0.886s] [34mcolcon.colcon_core.verb[0m [1;30mLevel 5[0m set package 'xicro_pkg' build argument 'cmake_target_skip_unavailable' from command line to 'False'
[0.886s] [34mcolcon.colcon_core.verb[0m [1;30mLevel 5[0m set package 'xicro_pkg' build argument 'cmake_clean_cache' from command line to 'False'
[0.886s] [34mcolcon.colcon_core.verb[0m [1;30mLevel 5[0m set package 'xicro_pkg' build argument 'cmake_clean_first' from command line to 'False'
[0.886s] [34mcolcon.colcon_core.verb[0m [1;30mLevel 5[0m set package 'xicro_pkg' build argument 'cmake_force_configure' from command line to 'False'
[0.886s] [34mcolcon.colcon_core.verb[0m [1;30mLevel 5[0m set package 'xicro_pkg' build argument 'ament_cmake_args' from command line to 'None'
[0.887s] [34mcolcon.colcon_core.verb[0m [1;30mLevel 5[0m set package 'xicro_pkg' build argument 'catkin_cmake_args' from command line to 'None'
[0.887s] [34mcolcon.colcon_core.verb[0m [1;30mLevel 5[0m set package 'xicro_pkg' build argument 'catkin_skip_building_tests' from command line to 'False'
[0.887s] [34mcolcon.colcon_core.verb[0m [1;30mDEBUG[0m [32mBuilding package 'xicro_pkg' with the following arguments: {'ament_cmake_args': None, 'build_base': '/home/twt4/xxx_ws/build/xicro_pkg', 'catkin_cmake_args': None, 'catkin_skip_building_tests': False, 'cmake_args': None, 'cmake_clean_cache': False, 'cmake_clean_first': False, 'cmake_force_configure': False, 'cmake_target': None, 'cmake_target_skip_unavailable': False, 'install_base': '/home/twt4/xxx_ws/install/xicro_pkg', 'merge_install': False, 'path': '/home/twt4/xxx_ws/src/Xicro/xicro_pkg', 'symlink_install': False, 'test_result_base': None}[0m
[0.887s] [34mcolcon.colcon_core.executor[0m [1;30mINFO[0m Executing jobs using 'parallel' executor
[0.888s] [34mcolcon.colcon_parallel_executor.executor.parallel[0m [1;30mDEBUG[0m [32mrun_until_complete[0m
[0.889s] [34mcolcon.colcon_ros.task.ament_cmake.build[0m [1;30mINFO[0m Building ROS package in '/home/twt4/xxx_ws/src/Xicro/xicro_interfaces' with build type 'ament_cmake'
[0.890s] [34mcolcon.colcon_cmake.task.cmake.build[0m [1;30mINFO[0m Building CMake package in '/home/twt4/xxx_ws/src/Xicro/xicro_interfaces'
[0.911s] [34mcolcon.colcon_core.plugin_system[0m [1;30mINFO[0m Skipping extension 'colcon_core.shell.bat': Not used on non-Windows systems
[0.912s] [34mcolcon.colcon_core.shell[0m [1;30mINFO[0m Skip shell extension 'powershell' for command environment: Not usable outside of PowerShell
[0.912s] [34mcolcon.colcon_core.shell[0m [1;30mDEBUG[0m [32mSkip shell extension 'dsv' for command environment[0m
[0.937s] [34mcolcon.colcon_ros.task.ament_cmake.build[0m [1;30mINFO[0m Building ROS package in '/home/twt4/xxx_ws/src/Xicro/xicro_pkg' with build type 'ament_cmake'
[0.938s] [34mcolcon.colcon_cmake.task.cmake.build[0m [1;30mINFO[0m Building CMake package in '/home/twt4/xxx_ws/src/Xicro/xicro_pkg'
[0.939s] [34mcolcon.colcon_core.shell[0m [1;30mINFO[0m Skip shell extension 'powershell' for command environment: Not usable outside of PowerShell
[0.939s] [34mcolcon.colcon_core.shell[0m [1;30mDEBUG[0m [32mSkip shell extension 'dsv' for command environment[0m
[0.986s] [34mcolcon.colcon_core.event_handler.log_command[0m [1;30mDEBUG[0m [32mInvoking command in '/home/twt4/xxx_ws/build/xicro_interfaces': CMAKE_PREFIX_PATH=${CMAKE_PREFIX_PATH}:/home/twt4/ros2_modules/install/ntrip_client:/home/twt4/ros2_modules/install/nmea_navsat_driver:/home/twt4/ros2_modules/install/handsfree_ros2_imu:/home/twt4/turtlebot3_ws/install/turtlebot3_teleop:/home/twt4/turtlebot3_ws/install/turtlebot3_example:/home/twt4/ros2_ws/install/twt_fuse:/opt/ros/jazzy DEBUGINFOD_URLS=https://debuginfod.ubuntu.com /usr/bin/cmake --build /home/twt4/xxx_ws/build/xicro_interfaces -- -j4 -l4[0m
[1.017s] [34mcolcon.colcon_core.event_handler.log_command[0m [1;30mDEBUG[0m [32mInvoking command in '/home/twt4/xxx_ws/build/xicro_pkg': CMAKE_PREFIX_PATH=${CMAKE_PREFIX_PATH}:/home/twt4/ros2_modules/install/ntrip_client:/home/twt4/ros2_modules/install/nmea_navsat_driver:/home/twt4/ros2_modules/install/handsfree_ros2_imu:/home/twt4/turtlebot3_ws/install/turtlebot3_teleop:/home/twt4/turtlebot3_ws/install/turtlebot3_example:/home/twt4/ros2_ws/install/twt_fuse:/opt/ros/jazzy DEBUGINFOD_URLS=https://debuginfod.ubuntu.com /usr/bin/cmake --build /home/twt4/xxx_ws/build/xicro_pkg -- -j4 -l4[0m
[2.918s] [34mcolcon.colcon_core.event_handler.log_command[0m [1;30mDEBUG[0m [32mInvoked command in '/home/twt4/xxx_ws/build/xicro_interfaces' returned '0': CMAKE_PREFIX_PATH=${CMAKE_PREFIX_PATH}:/home/twt4/ros2_modules/install/ntrip_client:/home/twt4/ros2_modules/install/nmea_navsat_driver:/home/twt4/ros2_modules/install/handsfree_ros2_imu:/home/twt4/turtlebot3_ws/install/turtlebot3_teleop:/home/twt4/turtlebot3_ws/install/turtlebot3_example:/home/twt4/ros2_ws/install/twt_fuse:/opt/ros/jazzy DEBUGINFOD_URLS=https://debuginfod.ubuntu.com /usr/bin/cmake --build /home/twt4/xxx_ws/build/xicro_interfaces -- -j4 -l4[0m
[2.961s] [34mcolcon.colcon_core.event_handler.log_command[0m [1;30mDEBUG[0m [32mInvoking command in '/home/twt4/xxx_ws/build/xicro_interfaces': CMAKE_PREFIX_PATH=${CMAKE_PREFIX_PATH}:/home/twt4/ros2_modules/install/ntrip_client:/home/twt4/ros2_modules/install/nmea_navsat_driver:/home/twt4/ros2_modules/install/handsfree_ros2_imu:/home/twt4/turtlebot3_ws/install/turtlebot3_teleop:/home/twt4/turtlebot3_ws/install/turtlebot3_example:/home/twt4/ros2_ws/install/twt_fuse:/opt/ros/jazzy DEBUGINFOD_URLS=https://debuginfod.ubuntu.com /usr/bin/cmake --install /home/twt4/xxx_ws/build/xicro_interfaces[0m
[3.199s] [34mcolcon.colcon_core.environment[0m [1;30mLevel 1[0m create_environment_scripts_only(xicro_interfaces)
[3.201s] [34mcolcon.colcon_core.event_handler.log_command[0m [1;30mDEBUG[0m [32mInvoked command in '/home/twt4/xxx_ws/build/xicro_interfaces' returned '0': CMAKE_PREFIX_PATH=${CMAKE_PREFIX_PATH}:/home/twt4/ros2_modules/install/ntrip_client:/home/twt4/ros2_modules/install/nmea_navsat_driver:/home/twt4/ros2_modules/install/handsfree_ros2_imu:/home/twt4/turtlebot3_ws/install/turtlebot3_teleop:/home/twt4/turtlebot3_ws/install/turtlebot3_example:/home/twt4/ros2_ws/install/twt_fuse:/opt/ros/jazzy DEBUGINFOD_URLS=https://debuginfod.ubuntu.com /usr/bin/cmake --install /home/twt4/xxx_ws/build/xicro_interfaces[0m
[3.208s] [34mcolcon.colcon_core.environment[0m [1;30mLevel 1[0m checking '/home/twt4/xxx_ws/install/xicro_interfaces' for CMake module files
[3.210s] [34mcolcon.colcon_core.environment[0m [1;30mLevel 1[0m checking '/home/twt4/xxx_ws/install/xicro_interfaces' for CMake config files
[3.215s] [34mcolcon.colcon_core.shell[0m [1;30mLevel 1[0m create_environment_hook('xicro_interfaces', 'cmake_prefix_path')
[3.215s] [34mcolcon.colcon_core.shell[0m [1;30mINFO[0m Creating environment hook '/home/twt4/xxx_ws/install/xicro_interfaces/share/xicro_interfaces/hook/cmake_prefix_path.ps1'
[3.217s] [34mcolcon.colcon_core.shell[0m [1;30mINFO[0m Creating environment descriptor '/home/twt4/xxx_ws/install/xicro_interfaces/share/xicro_interfaces/hook/cmake_prefix_path.dsv'
[3.218s] [34mcolcon.colcon_core.shell[0m [1;30mINFO[0m Creating environment hook '/home/twt4/xxx_ws/install/xicro_interfaces/share/xicro_interfaces/hook/cmake_prefix_path.sh'
[3.219s] [34mcolcon.colcon_core.environment[0m [1;30mLevel 1[0m checking '/home/twt4/xxx_ws/install/xicro_interfaces/lib'
[3.219s] [34mcolcon.colcon_core.shell[0m [1;30mLevel 1[0m create_environment_hook('xicro_interfaces', 'ld_library_path_lib')
[3.220s] [34mcolcon.colcon_core.shell[0m [1;30mINFO[0m Creating environment hook '/home/twt4/xxx_ws/install/xicro_interfaces/share/xicro_interfaces/hook/ld_library_path_lib.ps1'
[3.222s] [34mcolcon.colcon_core.shell[0m [1;30mINFO[0m Creating environment descriptor '/home/twt4/xxx_ws/install/xicro_interfaces/share/xicro_interfaces/hook/ld_library_path_lib.dsv'
[3.226s] [34mcolcon.colcon_core.shell[0m [1;30mINFO[0m Creating environment hook '/home/twt4/xxx_ws/install/xicro_interfaces/share/xicro_interfaces/hook/ld_library_path_lib.sh'
[3.232s] [34mcolcon.colcon_core.environment[0m [1;30mLevel 1[0m checking '/home/twt4/xxx_ws/install/xicro_interfaces/bin'
[3.233s] [34mcolcon.colcon_core.environment[0m [1;30mLevel 1[0m checking '/home/twt4/xxx_ws/install/xicro_interfaces/lib/pkgconfig/xicro_interfaces.pc'
[3.235s] [34mcolcon.colcon_core.environment[0m [1;30mLevel 1[0m checking '/home/twt4/xxx_ws/install/xicro_interfaces/lib/python3.12/site-packages'
[3.236s] [34mcolcon.colcon_core.shell[0m [1;30mLevel 1[0m create_environment_hook('xicro_interfaces', 'pythonpath')
[3.237s] [34mcolcon.colcon_core.shell[0m [1;30mINFO[0m Creating environment hook '/home/twt4/xxx_ws/install/xicro_interfaces/share/xicro_interfaces/hook/pythonpath.ps1'
[3.238s] [34mcolcon.colcon_core.shell[0m [1;30mINFO[0m Creating environment descriptor '/home/twt4/xxx_ws/install/xicro_interfaces/share/xicro_interfaces/hook/pythonpath.dsv'
[3.241s] [34mcolcon.colcon_core.shell[0m [1;30mINFO[0m Creating environment hook '/home/twt4/xxx_ws/install/xicro_interfaces/share/xicro_interfaces/hook/pythonpath.sh'
[3.246s] [34mcolcon.colcon_core.environment[0m [1;30mLevel 1[0m checking '/home/twt4/xxx_ws/install/xicro_interfaces/bin'
[3.247s] [34mcolcon.colcon_core.shell[0m [1;30mINFO[0m Creating package script '/home/twt4/xxx_ws/install/xicro_interfaces/share/xicro_interfaces/package.ps1'
[3.250s] [34mcolcon.colcon_core.shell[0m [1;30mINFO[0m Creating package descriptor '/home/twt4/xxx_ws/install/xicro_interfaces/share/xicro_interfaces/package.dsv'
[3.251s] [34mcolcon.colcon_core.shell[0m [1;30mINFO[0m Creating package script '/home/twt4/xxx_ws/install/xicro_interfaces/share/xicro_interfaces/package.sh'
[3.252s] [34mcolcon.colcon_core.shell[0m [1;30mINFO[0m Creating package script '/home/twt4/xxx_ws/install/xicro_interfaces/share/xicro_interfaces/package.bash'
[3.253s] [34mcolcon.colcon_core.shell[0m [1;30mINFO[0m Creating package script '/home/twt4/xxx_ws/install/xicro_interfaces/share/xicro_interfaces/package.zsh'
[3.255s] [34mcolcon.colcon_core.environment[0m [1;30mLevel 1[0m create_file_with_runtime_dependencies(/home/twt4/xxx_ws/install/xicro_interfaces/share/colcon-core/packages/xicro_interfaces)
[3.256s] [34mcolcon.colcon_core.environment[0m [1;30mLevel 1[0m create_environment_scripts_only(xicro_interfaces)
[3.256s] [34mcolcon.colcon_core.environment[0m [1;30mLevel 1[0m checking '/home/twt4/xxx_ws/install/xicro_interfaces' for CMake module files
[3.257s] [34mcolcon.colcon_core.environment[0m [1;30mLevel 1[0m checking '/home/twt4/xxx_ws/install/xicro_interfaces' for CMake config files
[3.258s] [34mcolcon.colcon_core.shell[0m [1;30mLevel 1[0m create_environment_hook('xicro_interfaces', 'cmake_prefix_path')
[3.258s] [34mcolcon.colcon_core.shell[0m [1;30mINFO[0m Creating environment hook '/home/twt4/xxx_ws/install/xicro_interfaces/share/xicro_interfaces/hook/cmake_prefix_path.ps1'
[3.259s] [34mcolcon.colcon_core.shell[0m [1;30mINFO[0m Creating environment descriptor '/home/twt4/xxx_ws/install/xicro_interfaces/share/xicro_interfaces/hook/cmake_prefix_path.dsv'
[3.260s] [34mcolcon.colcon_core.shell[0m [1;30mINFO[0m Creating environment hook '/home/twt4/xxx_ws/install/xicro_interfaces/share/xicro_interfaces/hook/cmake_prefix_path.sh'
[3.261s] [34mcolcon.colcon_core.environment[0m [1;30mLevel 1[0m checking '/home/twt4/xxx_ws/install/xicro_interfaces/lib'
[3.261s] [34mcolcon.colcon_core.shell[0m [1;30mLevel 1[0m create_environment_hook('xicro_interfaces', 'ld_library_path_lib')
[3.261s] [34mcolcon.colcon_core.shell[0m [1;30mINFO[0m Creating environment hook '/home/twt4/xxx_ws/install/xicro_interfaces/share/xicro_interfaces/hook/ld_library_path_lib.ps1'
[3.262s] [34mcolcon.colcon_core.shell[0m [1;30mINFO[0m Creating environment descriptor '/home/twt4/xxx_ws/install/xicro_interfaces/share/xicro_interfaces/hook/ld_library_path_lib.dsv'
[3.263s] [34mcolcon.colcon_core.shell[0m [1;30mINFO[0m Creating environment hook '/home/twt4/xxx_ws/install/xicro_interfaces/share/xicro_interfaces/hook/ld_library_path_lib.sh'
[3.263s] [34mcolcon.colcon_core.environment[0m [1;30mLevel 1[0m checking '/home/twt4/xxx_ws/install/xicro_interfaces/bin'
[3.264s] [34mcolcon.colcon_core.environment[0m [1;30mLevel 1[0m checking '/home/twt4/xxx_ws/install/xicro_interfaces/lib/pkgconfig/xicro_interfaces.pc'
[3.264s] [34mcolcon.colcon_core.environment[0m [1;30mLevel 1[0m checking '/home/twt4/xxx_ws/install/xicro_interfaces/lib/python3.12/site-packages'
[3.264s] [34mcolcon.colcon_core.shell[0m [1;30mLevel 1[0m create_environment_hook('xicro_interfaces', 'pythonpath')
[3.265s] [34mcolcon.colcon_core.shell[0m [1;30mINFO[0m Creating environment hook '/home/twt4/xxx_ws/install/xicro_interfaces/share/xicro_interfaces/hook/pythonpath.ps1'
[3.265s] [34mcolcon.colcon_core.shell[0m [1;30mINFO[0m Creating environment descriptor '/home/twt4/xxx_ws/install/xicro_interfaces/share/xicro_interfaces/hook/pythonpath.dsv'
[3.266s] [34mcolcon.colcon_core.shell[0m [1;30mINFO[0m Creating environment hook '/home/twt4/xxx_ws/install/xicro_interfaces/share/xicro_interfaces/hook/pythonpath.sh'
[3.267s] [34mcolcon.colcon_core.environment[0m [1;30mLevel 1[0m checking '/home/twt4/xxx_ws/install/xicro_interfaces/bin'
[3.268s] [34mcolcon.colcon_core.shell[0m [1;30mINFO[0m Creating package script '/home/twt4/xxx_ws/install/xicro_interfaces/share/xicro_interfaces/package.ps1'
[3.269s] [34mcolcon.colcon_core.shell[0m [1;30mINFO[0m Creating package descriptor '/home/twt4/xxx_ws/install/xicro_interfaces/share/xicro_interfaces/package.dsv'
[3.270s] [34mcolcon.colcon_core.shell[0m [1;30mINFO[0m Creating package script '/home/twt4/xxx_ws/install/xicro_interfaces/share/xicro_interfaces/package.sh'
[3.271s] [34mcolcon.colcon_core.shell[0m [1;30mINFO[0m Creating package script '/home/twt4/xxx_ws/install/xicro_interfaces/share/xicro_interfaces/package.bash'
[3.272s] [34mcolcon.colcon_core.shell[0m [1;30mINFO[0m Creating package script '/home/twt4/xxx_ws/install/xicro_interfaces/share/xicro_interfaces/package.zsh'
[3.272s] [34mcolcon.colcon_core.environment[0m [1;30mLevel 1[0m create_file_with_runtime_dependencies(/home/twt4/xxx_ws/install/xicro_interfaces/share/colcon-core/packages/xicro_interfaces)
[4.908s] [34mcolcon.colcon_core.event_handler.log_command[0m [1;30mDEBUG[0m [32mInvoked command in '/home/twt4/xxx_ws/build/xicro_pkg' returned '0': CMAKE_PREFIX_PATH=${CMAKE_PREFIX_PATH}:/home/twt4/ros2_modules/install/ntrip_client:/home/twt4/ros2_modules/install/nmea_navsat_driver:/home/twt4/ros2_modules/install/handsfree_ros2_imu:/home/twt4/turtlebot3_ws/install/turtlebot3_teleop:/home/twt4/turtlebot3_ws/install/turtlebot3_example:/home/twt4/ros2_ws/install/twt_fuse:/opt/ros/jazzy DEBUGINFOD_URLS=https://debuginfod.ubuntu.com /usr/bin/cmake --build /home/twt4/xxx_ws/build/xicro_pkg -- -j4 -l4[0m
[4.911s] [34mcolcon.colcon_core.event_handler.log_command[0m [1;30mDEBUG[0m [32mInvoking command in '/home/twt4/xxx_ws/build/xicro_pkg': CMAKE_PREFIX_PATH=${CMAKE_PREFIX_PATH}:/home/twt4/ros2_modules/install/ntrip_client:/home/twt4/ros2_modules/install/nmea_navsat_driver:/home/twt4/ros2_modules/install/handsfree_ros2_imu:/home/twt4/turtlebot3_ws/install/turtlebot3_teleop:/home/twt4/turtlebot3_ws/install/turtlebot3_example:/home/twt4/ros2_ws/install/twt_fuse:/opt/ros/jazzy DEBUGINFOD_URLS=https://debuginfod.ubuntu.com /usr/bin/cmake --install /home/twt4/xxx_ws/build/xicro_pkg[0m
[5.092s] [34mcolcon.colcon_core.environment[0m [1;30mLevel 1[0m create_environment_scripts_only(xicro_pkg)
[5.093s] [34mcolcon.colcon_core.environment[0m [1;30mLevel 1[0m checking '/home/twt4/xxx_ws/install/xicro_pkg' for CMake module files
[5.094s] [34mcolcon.colcon_core.environment[0m [1;30mLevel 1[0m checking '/home/twt4/xxx_ws/install/xicro_pkg' for CMake config files
[5.095s] [34mcolcon.colcon_core.shell[0m [1;30mLevel 1[0m create_environment_hook('xicro_pkg', 'cmake_prefix_path')
[5.095s] [34mcolcon.colcon_core.shell[0m [1;30mINFO[0m Creating environment hook '/home/twt4/xxx_ws/install/xicro_pkg/share/xicro_pkg/hook/cmake_prefix_path.ps1'
[5.096s] [34mcolcon.colcon_core.shell[0m [1;30mINFO[0m Creating environment descriptor '/home/twt4/xxx_ws/install/xicro_pkg/share/xicro_pkg/hook/cmake_prefix_path.dsv'
[5.097s] [34mcolcon.colcon_core.event_handler.log_command[0m [1;30mDEBUG[0m [32mInvoked command in '/home/twt4/xxx_ws/build/xicro_pkg' returned '0': CMAKE_PREFIX_PATH=${CMAKE_PREFIX_PATH}:/home/twt4/ros2_modules/install/ntrip_client:/home/twt4/ros2_modules/install/nmea_navsat_driver:/home/twt4/ros2_modules/install/handsfree_ros2_imu:/home/twt4/turtlebot3_ws/install/turtlebot3_teleop:/home/twt4/turtlebot3_ws/install/turtlebot3_example:/home/twt4/ros2_ws/install/twt_fuse:/opt/ros/jazzy DEBUGINFOD_URLS=https://debuginfod.ubuntu.com /usr/bin/cmake --install /home/twt4/xxx_ws/build/xicro_pkg[0m
[5.098s] [34mcolcon.colcon_core.shell[0m [1;30mINFO[0m Creating environment hook '/home/twt4/xxx_ws/install/xicro_pkg/share/xicro_pkg/hook/cmake_prefix_path.sh'
[5.099s] [34mcolcon.colcon_core.environment[0m [1;30mLevel 1[0m checking '/home/twt4/xxx_ws/install/xicro_pkg/lib'
[5.099s] [34mcolcon.colcon_core.environment[0m [1;30mLevel 1[0m checking '/home/twt4/xxx_ws/install/xicro_pkg/bin'
[5.099s] [34mcolcon.colcon_core.environment[0m [1;30mLevel 1[0m checking '/home/twt4/xxx_ws/install/xicro_pkg/lib/pkgconfig/xicro_pkg.pc'
[5.100s] [34mcolcon.colcon_core.environment[0m [1;30mLevel 1[0m checking '/home/twt4/xxx_ws/install/xicro_pkg/lib/python3.12/site-packages'
[5.100s] [34mcolcon.colcon_core.shell[0m [1;30mLevel 1[0m create_environment_hook('xicro_pkg', 'pythonpath')
[5.100s] [34mcolcon.colcon_core.shell[0m [1;30mINFO[0m Creating environment hook '/home/twt4/xxx_ws/install/xicro_pkg/share/xicro_pkg/hook/pythonpath.ps1'
[5.101s] [34mcolcon.colcon_core.shell[0m [1;30mINFO[0m Creating environment descriptor '/home/twt4/xxx_ws/install/xicro_pkg/share/xicro_pkg/hook/pythonpath.dsv'
[5.102s] [34mcolcon.colcon_core.shell[0m [1;30mINFO[0m Creating environment hook '/home/twt4/xxx_ws/install/xicro_pkg/share/xicro_pkg/hook/pythonpath.sh'
[5.103s] [34mcolcon.colcon_core.environment[0m [1;30mLevel 1[0m checking '/home/twt4/xxx_ws/install/xicro_pkg/bin'
[5.104s] [34mcolcon.colcon_core.shell[0m [1;30mINFO[0m Creating package script '/home/twt4/xxx_ws/install/xicro_pkg/share/xicro_pkg/package.ps1'
[5.105s] [34mcolcon.colcon_core.shell[0m [1;30mINFO[0m Creating package descriptor '/home/twt4/xxx_ws/install/xicro_pkg/share/xicro_pkg/package.dsv'
[5.106s] [34mcolcon.colcon_core.shell[0m [1;30mINFO[0m Creating package script '/home/twt4/xxx_ws/install/xicro_pkg/share/xicro_pkg/package.sh'
[5.107s] [34mcolcon.colcon_core.shell[0m [1;30mINFO[0m Creating package script '/home/twt4/xxx_ws/install/xicro_pkg/share/xicro_pkg/package.bash'
[5.107s] [34mcolcon.colcon_core.shell[0m [1;30mINFO[0m Creating package script '/home/twt4/xxx_ws/install/xicro_pkg/share/xicro_pkg/package.zsh'
[5.108s] [34mcolcon.colcon_core.environment[0m [1;30mLevel 1[0m create_file_with_runtime_dependencies(/home/twt4/xxx_ws/install/xicro_pkg/share/colcon-core/packages/xicro_pkg)
[5.109s] [34mcolcon.colcon_core.environment[0m [1;30mLevel 1[0m create_environment_scripts_only(xicro_pkg)
[5.109s] [34mcolcon.colcon_core.environment[0m [1;30mLevel 1[0m checking '/home/twt4/xxx_ws/install/xicro_pkg' for CMake module files
[5.110s] [34mcolcon.colcon_core.environment[0m [1;30mLevel 1[0m checking '/home/twt4/xxx_ws/install/xicro_pkg' for CMake config files
[5.111s] [34mcolcon.colcon_core.shell[0m [1;30mLevel 1[0m create_environment_hook('xicro_pkg', 'cmake_prefix_path')
[5.111s] [34mcolcon.colcon_core.shell[0m [1;30mINFO[0m Creating environment hook '/home/twt4/xxx_ws/install/xicro_pkg/share/xicro_pkg/hook/cmake_prefix_path.ps1'
[5.112s] [34mcolcon.colcon_core.shell[0m [1;30mINFO[0m Creating environment descriptor '/home/twt4/xxx_ws/install/xicro_pkg/share/xicro_pkg/hook/cmake_prefix_path.dsv'
[5.113s] [34mcolcon.colcon_core.shell[0m [1;30mINFO[0m Creating environment hook '/home/twt4/xxx_ws/install/xicro_pkg/share/xicro_pkg/hook/cmake_prefix_path.sh'
[5.114s] [34mcolcon.colcon_core.environment[0m [1;30mLevel 1[0m checking '/home/twt4/xxx_ws/install/xicro_pkg/lib'
[5.115s] [34mcolcon.colcon_core.environment[0m [1;30mLevel 1[0m checking '/home/twt4/xxx_ws/install/xicro_pkg/bin'
[5.115s] [34mcolcon.colcon_core.environment[0m [1;30mLevel 1[0m checking '/home/twt4/xxx_ws/install/xicro_pkg/lib/pkgconfig/xicro_pkg.pc'
[5.115s] [34mcolcon.colcon_core.environment[0m [1;30mLevel 1[0m checking '/home/twt4/xxx_ws/install/xicro_pkg/lib/python3.12/site-packages'
[5.115s] [34mcolcon.colcon_core.shell[0m [1;30mLevel 1[0m create_environment_hook('xicro_pkg', 'pythonpath')
[5.116s] [34mcolcon.colcon_core.shell[0m [1;30mINFO[0m Creating environment hook '/home/twt4/xxx_ws/install/xicro_pkg/share/xicro_pkg/hook/pythonpath.ps1'
[5.117s] [34mcolcon.colcon_core.shell[0m [1;30mINFO[0m Creating environment descriptor '/home/twt4/xxx_ws/install/xicro_pkg/share/xicro_pkg/hook/pythonpath.dsv'
[5.118s] [34mcolcon.colcon_core.shell[0m [1;30mINFO[0m Creating environment hook '/home/twt4/xxx_ws/install/xicro_pkg/share/xicro_pkg/hook/pythonpath.sh'
[5.119s] [34mcolcon.colcon_core.environment[0m [1;30mLevel 1[0m checking '/home/twt4/xxx_ws/install/xicro_pkg/bin'
[5.119s] [34mcolcon.colcon_core.shell[0m [1;30mINFO[0m Creating package script '/home/twt4/xxx_ws/install/xicro_pkg/share/xicro_pkg/package.ps1'
[5.121s] [34mcolcon.colcon_core.shell[0m [1;30mINFO[0m Creating package descriptor '/home/twt4/xxx_ws/install/xicro_pkg/share/xicro_pkg/package.dsv'
[5.122s] [34mcolcon.colcon_core.shell[0m [1;30mINFO[0m Creating package script '/home/twt4/xxx_ws/install/xicro_pkg/share/xicro_pkg/package.sh'
[5.123s] [34mcolcon.colcon_core.shell[0m [1;30mINFO[0m Creating package script '/home/twt4/xxx_ws/install/xicro_pkg/share/xicro_pkg/package.bash'
[5.123s] [34mcolcon.colcon_core.shell[0m [1;30mINFO[0m Creating package script '/home/twt4/xxx_ws/install/xicro_pkg/share/xicro_pkg/package.zsh'
[5.124s] [34mcolcon.colcon_core.environment[0m [1;30mLevel 1[0m create_file_with_runtime_dependencies(/home/twt4/xxx_ws/install/xicro_pkg/share/colcon-core/packages/xicro_pkg)
[5.125s] [34mcolcon.colcon_parallel_executor.executor.parallel[0m [1;30mDEBUG[0m [32mclosing loop[0m
[5.125s] [34mcolcon.colcon_parallel_executor.executor.parallel[0m [1;30mDEBUG[0m [32mloop closed[0m
[5.128s] [34mcolcon.colcon_parallel_executor.executor.parallel[0m [1;30mDEBUG[0m [32mrun_until_complete finished with '0'[0m
[5.130s] [34mcolcon.colcon_core.event_reactor[0m [1;30mDEBUG[0m [32mjoining thread[0m
[5.189s] [34mcolcon.colcon_core.plugin_system[0m [1;30mINFO[0m Skipping extension 'colcon_notification.desktop_notification.terminal_notifier': Not used on non-Darwin systems
[5.190s] [34mcolcon.colcon_core.plugin_system[0m [1;30mINFO[0m Skipping extension 'colcon_notification.desktop_notification.win32': Not used on non-Windows systems
[5.190s] [34mcolcon.colcon_notification.desktop_notification[0m [1;30mINFO[0m Sending desktop notification using 'notify2'
[5.231s] [34mcolcon.colcon_core.event_reactor[0m [1;30mDEBUG[0m [32mjoined thread[0m
[5.233s] [34mcolcon.colcon_core.shell[0m [1;30mINFO[0m Creating prefix script '/home/twt4/xxx_ws/install/local_setup.ps1'
[5.236s] [34mcolcon.colcon_core.shell[0m [1;30mINFO[0m Creating prefix util module '/home/twt4/xxx_ws/install/_local_setup_util_ps1.py'
[5.241s] [34mcolcon.colcon_core.shell[0m [1;30mINFO[0m Creating prefix chain script '/home/twt4/xxx_ws/install/setup.ps1'
[5.248s] [34mcolcon.colcon_core.shell[0m [1;30mINFO[0m Creating prefix script '/home/twt4/xxx_ws/install/local_setup.sh'
[5.251s] [34mcolcon.colcon_core.shell[0m [1;30mINFO[0m Creating prefix util module '/home/twt4/xxx_ws/install/_local_setup_util_sh.py'
[5.253s] [34mcolcon.colcon_core.shell[0m [1;30mINFO[0m Creating prefix chain script '/home/twt4/xxx_ws/install/setup.sh'
[5.257s] [34mcolcon.colcon_core.shell[0m [1;30mINFO[0m Creating prefix script '/home/twt4/xxx_ws/install/local_setup.bash'
[5.259s] [34mcolcon.colcon_core.shell[0m [1;30mINFO[0m Creating prefix chain script '/home/twt4/xxx_ws/install/setup.bash'
[5.271s] [34mcolcon.colcon_core.shell[0m [1;30mINFO[0m Creating prefix script '/home/twt4/xxx_ws/install/local_setup.zsh'
[5.275s] [34mcolcon.colcon_core.shell[0m [1;30mINFO[0m Creating prefix chain script '/home/twt4/xxx_ws/install/setup.zsh'
