[0.118s] Invoking command in '/home/twt4/xxx_ws/build/xicro_interfaces': CMAKE_PREFIX_PATH=${CMAKE_PREFIX_PATH}:/home/twt4/ros2_modules/install/ntrip_client:/home/twt4/ros2_modules/install/nmea_navsat_driver:/home/twt4/ros2_modules/install/handsfree_ros2_imu:/home/twt4/turtlebot3_ws/install/turtlebot3_teleop:/home/twt4/turtlebot3_ws/install/turtlebot3_example:/home/twt4/ros2_ws/install/twt_fuse:/opt/ros/jazzy DEBUGINFOD_URLS=https://debuginfod.ubuntu.com /usr/bin/cmake --build /home/twt4/xxx_ws/build/xicro_interfaces -- -j4 -l4
[0.407s] [  2%] Built target xicro_interfaces__rosidl_generator_type_description
[0.437s] [  5%] Built target xicro_interfaces__rs
[0.491s] [  5%] Built target ament_cmake_python_copy_xicro_interfaces
[0.540s] [  8%] Built target xicro_interfaces__cpp
[0.588s] [ 22%] Built target xicro_interfaces__rosidl_generator_c
[0.742s] [ 31%] Built target xicro_interfaces__rosidl_typesupport_c
[0.787s] [ 40%] Built target xicro_interfaces__rosidl_typesupport_fastrtps_c
[0.812s] [ 48%] Built target xicro_interfaces__rosidl_typesupport_introspection_c
[0.977s] [ 57%] Built target xicro_interfaces__rosidl_typesupport_fastrtps_cpp
[0.984s] [ 65%] Built target xicro_interfaces__rosidl_typesupport_cpp
[0.985s] [ 74%] Built target xicro_interfaces__rosidl_typesupport_introspection_cpp
[1.094s] [ 74%] Built target xicro_interfaces
[1.217s] [ 77%] Built target xicro_interfaces__py
[1.330s] [ 82%] Built target xicro_interfaces__rosidl_generator_py
[1.443s] [ 88%] Built target xicro_interfaces_s__rosidl_typesupport_fastrtps_c
[1.453s] [ 94%] Built target xicro_interfaces_s__rosidl_typesupport_introspection_c
[1.462s] [100%] Built target xicro_interfaces_s__rosidl_typesupport_c
[1.596s] running egg_info
[1.671s] writing xicro_interfaces.egg-info/PKG-INFO
[1.672s] writing dependency_links to xicro_interfaces.egg-info/dependency_links.txt
[1.672s] writing top-level names to xicro_interfaces.egg-info/top_level.txt
[1.817s] reading manifest file 'xicro_interfaces.egg-info/SOURCES.txt'
[1.817s] writing manifest file 'xicro_interfaces.egg-info/SOURCES.txt'
[2.021s] [100%] Built target ament_cmake_python_build_xicro_interfaces_egg
[2.116s] Invoked command in '/home/twt4/xxx_ws/build/xicro_interfaces' returned '0': CMAKE_PREFIX_PATH=${CMAKE_PREFIX_PATH}:/home/twt4/ros2_modules/install/ntrip_client:/home/twt4/ros2_modules/install/nmea_navsat_driver:/home/twt4/ros2_modules/install/handsfree_ros2_imu:/home/twt4/turtlebot3_ws/install/turtlebot3_teleop:/home/twt4/turtlebot3_ws/install/turtlebot3_example:/home/twt4/ros2_ws/install/twt_fuse:/opt/ros/jazzy DEBUGINFOD_URLS=https://debuginfod.ubuntu.com /usr/bin/cmake --build /home/twt4/xxx_ws/build/xicro_interfaces -- -j4 -l4
[2.122s] Invoking command in '/home/twt4/xxx_ws/build/xicro_interfaces': CMAKE_PREFIX_PATH=${CMAKE_PREFIX_PATH}:/home/twt4/ros2_modules/install/ntrip_client:/home/twt4/ros2_modules/install/nmea_navsat_driver:/home/twt4/ros2_modules/install/handsfree_ros2_imu:/home/twt4/turtlebot3_ws/install/turtlebot3_teleop:/home/twt4/turtlebot3_ws/install/turtlebot3_example:/home/twt4/ros2_ws/install/twt_fuse:/opt/ros/jazzy DEBUGINFOD_URLS=https://debuginfod.ubuntu.com /usr/bin/cmake --install /home/twt4/xxx_ws/build/xicro_interfaces
[2.188s] -- Install configuration: ""
[2.189s] -- Up-to-date: /home/twt4/xxx_ws/install/xicro_interfaces/share/ament_index/resource_index/rosidl_interfaces/xicro_interfaces
[2.189s] -- Up-to-date: /home/twt4/xxx_ws/install/xicro_interfaces/share/xicro_interfaces/action/Toggle.json
[2.189s] -- Up-to-date: /home/twt4/xxx_ws/install/xicro_interfaces/include/xicro_interfaces/xicro_interfaces
[2.190s] -- Up-to-date: /home/twt4/xxx_ws/install/xicro_interfaces/include/xicro_interfaces/xicro_interfaces/action
[2.190s] -- Up-to-date: /home/twt4/xxx_ws/install/xicro_interfaces/include/xicro_interfaces/xicro_interfaces/action/detail
[2.190s] -- Up-to-date: /home/twt4/xxx_ws/install/xicro_interfaces/include/xicro_interfaces/xicro_interfaces/action/detail/toggle__struct.h
[2.191s] -- Up-to-date: /home/twt4/xxx_ws/install/xicro_interfaces/include/xicro_interfaces/xicro_interfaces/action/detail/toggle__type_support.h
[2.191s] -- Up-to-date: /home/twt4/xxx_ws/install/xicro_interfaces/include/xicro_interfaces/xicro_interfaces/action/detail/toggle__functions.c
[2.191s] -- Up-to-date: /home/twt4/xxx_ws/install/xicro_interfaces/include/xicro_interfaces/xicro_interfaces/action/detail/toggle__description.c
[2.191s] -- Up-to-date: /home/twt4/xxx_ws/install/xicro_interfaces/include/xicro_interfaces/xicro_interfaces/action/detail/toggle__functions.h
[2.191s] -- Up-to-date: /home/twt4/xxx_ws/install/xicro_interfaces/include/xicro_interfaces/xicro_interfaces/action/detail/toggle__type_support.c
[2.192s] -- Up-to-date: /home/twt4/xxx_ws/install/xicro_interfaces/include/xicro_interfaces/xicro_interfaces/action/toggle.h
[2.192s] -- Up-to-date: /home/twt4/xxx_ws/install/xicro_interfaces/include/xicro_interfaces/xicro_interfaces/msg
[2.192s] -- Up-to-date: /home/twt4/xxx_ws/install/xicro_interfaces/include/xicro_interfaces/xicro_interfaces/msg/rosidl_generator_c__visibility_control.h
[2.192s] -- Up-to-date: /home/twt4/xxx_ws/install/xicro_interfaces/share/xicro_interfaces/environment/library_path.sh
[2.192s] -- Up-to-date: /home/twt4/xxx_ws/install/xicro_interfaces/share/xicro_interfaces/environment/library_path.dsv
[2.193s] -- Up-to-date: /home/twt4/xxx_ws/install/xicro_interfaces/lib/libxicro_interfaces__rosidl_generator_c.so
[2.193s] -- Up-to-date: /home/twt4/xxx_ws/install/xicro_interfaces/include/xicro_interfaces/xicro_interfaces
[2.193s] -- Up-to-date: /home/twt4/xxx_ws/install/xicro_interfaces/include/xicro_interfaces/xicro_interfaces/action
[2.193s] -- Up-to-date: /home/twt4/xxx_ws/install/xicro_interfaces/include/xicro_interfaces/xicro_interfaces/action/detail
[2.193s] -- Up-to-date: /home/twt4/xxx_ws/install/xicro_interfaces/include/xicro_interfaces/xicro_interfaces/action/detail/toggle__rosidl_typesupport_fastrtps_c.h
[2.193s] -- Up-to-date: /home/twt4/xxx_ws/install/xicro_interfaces/include/xicro_interfaces/xicro_interfaces/msg
[2.193s] -- Up-to-date: /home/twt4/xxx_ws/install/xicro_interfaces/include/xicro_interfaces/xicro_interfaces/msg/rosidl_typesupport_fastrtps_c__visibility_control.h
[2.194s] -- Up-to-date: /home/twt4/xxx_ws/install/xicro_interfaces/lib/libxicro_interfaces__rosidl_typesupport_fastrtps_c.so
[2.195s] -- Up-to-date: /home/twt4/xxx_ws/install/xicro_interfaces/include/xicro_interfaces/xicro_interfaces
[2.195s] -- Up-to-date: /home/twt4/xxx_ws/install/xicro_interfaces/include/xicro_interfaces/xicro_interfaces/action
[2.195s] -- Up-to-date: /home/twt4/xxx_ws/install/xicro_interfaces/include/xicro_interfaces/xicro_interfaces/action/detail
[2.196s] -- Up-to-date: /home/twt4/xxx_ws/install/xicro_interfaces/include/xicro_interfaces/xicro_interfaces/action/detail/toggle__rosidl_typesupport_introspection_c.h
[2.196s] -- Up-to-date: /home/twt4/xxx_ws/install/xicro_interfaces/include/xicro_interfaces/xicro_interfaces/action/detail/toggle__type_support.c
[2.198s] -- Up-to-date: /home/twt4/xxx_ws/install/xicro_interfaces/include/xicro_interfaces/xicro_interfaces/msg
[2.198s] -- Up-to-date: /home/twt4/xxx_ws/install/xicro_interfaces/include/xicro_interfaces/xicro_interfaces/msg/rosidl_typesupport_introspection_c__visibility_control.h
[2.198s] -- Up-to-date: /home/twt4/xxx_ws/install/xicro_interfaces/lib/libxicro_interfaces__rosidl_typesupport_introspection_c.so
[2.198s] -- Up-to-date: /home/twt4/xxx_ws/install/xicro_interfaces/lib/libxicro_interfaces__rosidl_typesupport_c.so
[2.198s] -- Up-to-date: /home/twt4/xxx_ws/install/xicro_interfaces/include/xicro_interfaces/xicro_interfaces
[2.199s] -- Up-to-date: /home/twt4/xxx_ws/install/xicro_interfaces/include/xicro_interfaces/xicro_interfaces/action
[2.199s] -- Up-to-date: /home/twt4/xxx_ws/install/xicro_interfaces/include/xicro_interfaces/xicro_interfaces/action/detail
[2.199s] -- Up-to-date: /home/twt4/xxx_ws/install/xicro_interfaces/include/xicro_interfaces/xicro_interfaces/action/detail/toggle__struct.hpp
[2.199s] -- Up-to-date: /home/twt4/xxx_ws/install/xicro_interfaces/include/xicro_interfaces/xicro_interfaces/action/detail/toggle__type_support.hpp
[2.200s] -- Up-to-date: /home/twt4/xxx_ws/install/xicro_interfaces/include/xicro_interfaces/xicro_interfaces/action/detail/toggle__traits.hpp
[2.201s] -- Up-to-date: /home/twt4/xxx_ws/install/xicro_interfaces/include/xicro_interfaces/xicro_interfaces/action/detail/toggle__builder.hpp
[2.201s] -- Up-to-date: /home/twt4/xxx_ws/install/xicro_interfaces/include/xicro_interfaces/xicro_interfaces/action/toggle.hpp
[2.201s] -- Up-to-date: /home/twt4/xxx_ws/install/xicro_interfaces/include/xicro_interfaces/xicro_interfaces/msg
[2.203s] -- Up-to-date: /home/twt4/xxx_ws/install/xicro_interfaces/include/xicro_interfaces/xicro_interfaces/msg/rosidl_generator_cpp__visibility_control.hpp
[2.204s] -- Up-to-date: /home/twt4/xxx_ws/install/xicro_interfaces/include/xicro_interfaces/xicro_interfaces
[2.204s] -- Up-to-date: /home/twt4/xxx_ws/install/xicro_interfaces/include/xicro_interfaces/xicro_interfaces/action
[2.204s] -- Up-to-date: /home/twt4/xxx_ws/install/xicro_interfaces/include/xicro_interfaces/xicro_interfaces/action/detail
[2.204s] -- Up-to-date: /home/twt4/xxx_ws/install/xicro_interfaces/include/xicro_interfaces/xicro_interfaces/action/detail/dds_fastrtps
[2.205s] -- Up-to-date: /home/twt4/xxx_ws/install/xicro_interfaces/include/xicro_interfaces/xicro_interfaces/action/detail/toggle__rosidl_typesupport_fastrtps_cpp.hpp
[2.205s] -- Up-to-date: /home/twt4/xxx_ws/install/xicro_interfaces/include/xicro_interfaces/xicro_interfaces/msg
[2.205s] -- Up-to-date: /home/twt4/xxx_ws/install/xicro_interfaces/include/xicro_interfaces/xicro_interfaces/msg/rosidl_typesupport_fastrtps_cpp__visibility_control.h
[2.205s] -- Up-to-date: /home/twt4/xxx_ws/install/xicro_interfaces/lib/libxicro_interfaces__rosidl_typesupport_fastrtps_cpp.so
[2.205s] -- Up-to-date: /home/twt4/xxx_ws/install/xicro_interfaces/include/xicro_interfaces/xicro_interfaces
[2.206s] -- Up-to-date: /home/twt4/xxx_ws/install/xicro_interfaces/include/xicro_interfaces/xicro_interfaces/action
[2.206s] -- Up-to-date: /home/twt4/xxx_ws/install/xicro_interfaces/include/xicro_interfaces/xicro_interfaces/action/detail
[2.206s] -- Up-to-date: /home/twt4/xxx_ws/install/xicro_interfaces/include/xicro_interfaces/xicro_interfaces/action/detail/toggle__type_support.cpp
[2.206s] -- Up-to-date: /home/twt4/xxx_ws/install/xicro_interfaces/include/xicro_interfaces/xicro_interfaces/action/detail/toggle__rosidl_typesupport_introspection_cpp.hpp
[2.206s] -- Up-to-date: /home/twt4/xxx_ws/install/xicro_interfaces/lib/libxicro_interfaces__rosidl_typesupport_introspection_cpp.so
[2.206s] -- Up-to-date: /home/twt4/xxx_ws/install/xicro_interfaces/lib/libxicro_interfaces__rosidl_typesupport_cpp.so
[2.206s] -- Up-to-date: /home/twt4/xxx_ws/install/xicro_interfaces/share/xicro_interfaces/environment/pythonpath.sh
[2.206s] -- Up-to-date: /home/twt4/xxx_ws/install/xicro_interfaces/share/xicro_interfaces/environment/pythonpath.dsv
[2.207s] -- Up-to-date: /home/twt4/xxx_ws/install/xicro_interfaces/lib/python3.12/site-packages/xicro_interfaces-0.0.0-py3.12.egg-info
[2.207s] -- Installing: /home/twt4/xxx_ws/install/xicro_interfaces/lib/python3.12/site-packages/xicro_interfaces-0.0.0-py3.12.egg-info/dependency_links.txt
[2.207s] -- Installing: /home/twt4/xxx_ws/install/xicro_interfaces/lib/python3.12/site-packages/xicro_interfaces-0.0.0-py3.12.egg-info/PKG-INFO
[2.207s] -- Installing: /home/twt4/xxx_ws/install/xicro_interfaces/lib/python3.12/site-packages/xicro_interfaces-0.0.0-py3.12.egg-info/top_level.txt
[2.207s] -- Installing: /home/twt4/xxx_ws/install/xicro_interfaces/lib/python3.12/site-packages/xicro_interfaces-0.0.0-py3.12.egg-info/SOURCES.txt
[2.207s] -- Up-to-date: /home/twt4/xxx_ws/install/xicro_interfaces/lib/python3.12/site-packages/xicro_interfaces
[2.207s] -- Up-to-date: /home/twt4/xxx_ws/install/xicro_interfaces/lib/python3.12/site-packages/xicro_interfaces/_xicro_interfaces_s.ep.rosidl_typesupport_c.c
[2.208s] -- Up-to-date: /home/twt4/xxx_ws/install/xicro_interfaces/lib/python3.12/site-packages/xicro_interfaces/xicro_interfaces_s__rosidl_typesupport_fastrtps_c.so
[2.208s] -- Up-to-date: /home/twt4/xxx_ws/install/xicro_interfaces/lib/python3.12/site-packages/xicro_interfaces/_xicro_interfaces_s.ep.rosidl_typesupport_fastrtps_c.c
[2.208s] -- Up-to-date: /home/twt4/xxx_ws/install/xicro_interfaces/lib/python3.12/site-packages/xicro_interfaces/action
[2.208s] -- Up-to-date: /home/twt4/xxx_ws/install/xicro_interfaces/lib/python3.12/site-packages/xicro_interfaces/action/_toggle_s.c
[2.208s] -- Up-to-date: /home/twt4/xxx_ws/install/xicro_interfaces/lib/python3.12/site-packages/xicro_interfaces/action/_toggle.py
[2.208s] -- Up-to-date: /home/twt4/xxx_ws/install/xicro_interfaces/lib/python3.12/site-packages/xicro_interfaces/action/__init__.py
[2.209s] -- Up-to-date: /home/twt4/xxx_ws/install/xicro_interfaces/lib/python3.12/site-packages/xicro_interfaces/xicro_interfaces_s__rosidl_typesupport_introspection_c.so
[2.209s] -- Up-to-date: /home/twt4/xxx_ws/install/xicro_interfaces/lib/python3.12/site-packages/xicro_interfaces/_xicro_interfaces_s.ep.rosidl_typesupport_introspection_c.c
[2.209s] -- Up-to-date: /home/twt4/xxx_ws/install/xicro_interfaces/lib/python3.12/site-packages/xicro_interfaces/__init__.py
[2.209s] -- Up-to-date: /home/twt4/xxx_ws/install/xicro_interfaces/lib/python3.12/site-packages/xicro_interfaces/xicro_interfaces_s__rosidl_typesupport_c.so
[2.440s] Listing '/home/twt4/xxx_ws/install/xicro_interfaces/lib/python3.12/site-packages/xicro_interfaces'...
[2.440s] Listing '/home/twt4/xxx_ws/install/xicro_interfaces/lib/python3.12/site-packages/xicro_interfaces/action'...
[2.512s] -- Up-to-date: /home/twt4/xxx_ws/install/xicro_interfaces/lib/python3.12/site-packages/xicro_interfaces/xicro_interfaces_s__rosidl_typesupport_fastrtps_c.so
[2.512s] -- Up-to-date: /home/twt4/xxx_ws/install/xicro_interfaces/lib/python3.12/site-packages/xicro_interfaces/xicro_interfaces_s__rosidl_typesupport_introspection_c.so
[2.513s] -- Up-to-date: /home/twt4/xxx_ws/install/xicro_interfaces/lib/python3.12/site-packages/xicro_interfaces/xicro_interfaces_s__rosidl_typesupport_c.so
[2.513s] -- Up-to-date: /home/twt4/xxx_ws/install/xicro_interfaces/lib/libxicro_interfaces__rosidl_generator_py.so
[2.513s] -- Up-to-date: /home/twt4/xxx_ws/install/xicro_interfaces/share/ament_index/resource_index/rust_packages/xicro_interfaces
[2.514s] -- Up-to-date: /home/twt4/xxx_ws/install/xicro_interfaces/share/xicro_interfaces/rust
[2.515s] -- Up-to-date: /home/twt4/xxx_ws/install/xicro_interfaces/share/xicro_interfaces/rust/build.rs
[2.521s] -- Up-to-date: /home/twt4/xxx_ws/install/xicro_interfaces/share/xicro_interfaces/rust/Cargo.toml
[2.523s] -- Up-to-date: /home/twt4/xxx_ws/install/xicro_interfaces/share/xicro_interfaces/rust/src
[2.523s] -- Up-to-date: /home/twt4/xxx_ws/install/xicro_interfaces/share/xicro_interfaces/rust/src/action
[2.523s] -- Up-to-date: /home/twt4/xxx_ws/install/xicro_interfaces/share/xicro_interfaces/rust/src/action/rmw.rs
[2.523s] -- Up-to-date: /home/twt4/xxx_ws/install/xicro_interfaces/share/xicro_interfaces/rust/src/lib.rs
[2.524s] -- Up-to-date: /home/twt4/xxx_ws/install/xicro_interfaces/share/xicro_interfaces/rust/src/action.rs
[2.524s] -- Up-to-date: /home/twt4/xxx_ws/install/xicro_interfaces/share/xicro_interfaces/action/Toggle.idl
[2.524s] -- Up-to-date: /home/twt4/xxx_ws/install/xicro_interfaces/share/xicro_interfaces/action/Toggle.action
[2.524s] -- Up-to-date: /home/twt4/xxx_ws/install/xicro_interfaces/share/ament_index/resource_index/package_run_dependencies/xicro_interfaces
[2.524s] -- Up-to-date: /home/twt4/xxx_ws/install/xicro_interfaces/share/ament_index/resource_index/parent_prefix_path/xicro_interfaces
[2.524s] -- Up-to-date: /home/twt4/xxx_ws/install/xicro_interfaces/share/xicro_interfaces/environment/ament_prefix_path.sh
[2.524s] -- Up-to-date: /home/twt4/xxx_ws/install/xicro_interfaces/share/xicro_interfaces/environment/ament_prefix_path.dsv
[2.525s] -- Up-to-date: /home/twt4/xxx_ws/install/xicro_interfaces/share/xicro_interfaces/environment/path.sh
[2.525s] -- Up-to-date: /home/twt4/xxx_ws/install/xicro_interfaces/share/xicro_interfaces/environment/path.dsv
[2.525s] -- Up-to-date: /home/twt4/xxx_ws/install/xicro_interfaces/share/xicro_interfaces/local_setup.bash
[2.525s] -- Up-to-date: /home/twt4/xxx_ws/install/xicro_interfaces/share/xicro_interfaces/local_setup.sh
[2.525s] -- Up-to-date: /home/twt4/xxx_ws/install/xicro_interfaces/share/xicro_interfaces/local_setup.zsh
[2.526s] -- Up-to-date: /home/twt4/xxx_ws/install/xicro_interfaces/share/xicro_interfaces/local_setup.dsv
[2.526s] -- Installing: /home/twt4/xxx_ws/install/xicro_interfaces/share/xicro_interfaces/package.dsv
[2.526s] -- Up-to-date: /home/twt4/xxx_ws/install/xicro_interfaces/share/ament_index/resource_index/packages/xicro_interfaces
[2.526s] -- Up-to-date: /home/twt4/xxx_ws/install/xicro_interfaces/share/xicro_interfaces/cmake/export_xicro_interfaces__rosidl_generator_cExport.cmake
[2.526s] -- Up-to-date: /home/twt4/xxx_ws/install/xicro_interfaces/share/xicro_interfaces/cmake/export_xicro_interfaces__rosidl_generator_cExport-noconfig.cmake
[2.527s] -- Up-to-date: /home/twt4/xxx_ws/install/xicro_interfaces/share/xicro_interfaces/cmake/export_xicro_interfaces__rosidl_typesupport_fastrtps_cExport.cmake
[2.527s] -- Up-to-date: /home/twt4/xxx_ws/install/xicro_interfaces/share/xicro_interfaces/cmake/export_xicro_interfaces__rosidl_typesupport_fastrtps_cExport-noconfig.cmake
[2.528s] -- Up-to-date: /home/twt4/xxx_ws/install/xicro_interfaces/share/xicro_interfaces/cmake/xicro_interfaces__rosidl_typesupport_introspection_cExport.cmake
[2.532s] -- Up-to-date: /home/twt4/xxx_ws/install/xicro_interfaces/share/xicro_interfaces/cmake/xicro_interfaces__rosidl_typesupport_introspection_cExport-noconfig.cmake
[2.536s] -- Up-to-date: /home/twt4/xxx_ws/install/xicro_interfaces/share/xicro_interfaces/cmake/xicro_interfaces__rosidl_typesupport_cExport.cmake
[2.546s] -- Up-to-date: /home/twt4/xxx_ws/install/xicro_interfaces/share/xicro_interfaces/cmake/xicro_interfaces__rosidl_typesupport_cExport-noconfig.cmake
[2.555s] -- Up-to-date: /home/twt4/xxx_ws/install/xicro_interfaces/share/xicro_interfaces/cmake/export_xicro_interfaces__rosidl_generator_cppExport.cmake
[2.555s] -- Up-to-date: /home/twt4/xxx_ws/install/xicro_interfaces/share/xicro_interfaces/cmake/export_xicro_interfaces__rosidl_typesupport_fastrtps_cppExport.cmake
[2.555s] -- Up-to-date: /home/twt4/xxx_ws/install/xicro_interfaces/share/xicro_interfaces/cmake/export_xicro_interfaces__rosidl_typesupport_fastrtps_cppExport-noconfig.cmake
[2.556s] -- Up-to-date: /home/twt4/xxx_ws/install/xicro_interfaces/share/xicro_interfaces/cmake/xicro_interfaces__rosidl_typesupport_introspection_cppExport.cmake
[2.556s] -- Up-to-date: /home/twt4/xxx_ws/install/xicro_interfaces/share/xicro_interfaces/cmake/xicro_interfaces__rosidl_typesupport_introspection_cppExport-noconfig.cmake
[2.557s] -- Up-to-date: /home/twt4/xxx_ws/install/xicro_interfaces/share/xicro_interfaces/cmake/xicro_interfaces__rosidl_typesupport_cppExport.cmake
[2.568s] -- Up-to-date: /home/twt4/xxx_ws/install/xicro_interfaces/share/xicro_interfaces/cmake/xicro_interfaces__rosidl_typesupport_cppExport-noconfig.cmake
[2.572s] -- Up-to-date: /home/twt4/xxx_ws/install/xicro_interfaces/share/xicro_interfaces/cmake/export_xicro_interfaces__rosidl_generator_pyExport.cmake
[2.572s] -- Up-to-date: /home/twt4/xxx_ws/install/xicro_interfaces/share/xicro_interfaces/cmake/export_xicro_interfaces__rosidl_generator_pyExport-noconfig.cmake
[2.574s] -- Up-to-date: /home/twt4/xxx_ws/install/xicro_interfaces/share/xicro_interfaces/cmake/rosidl_cmake-extras.cmake
[2.575s] -- Up-to-date: /home/twt4/xxx_ws/install/xicro_interfaces/share/xicro_interfaces/cmake/ament_cmake_export_dependencies-extras.cmake
[2.575s] -- Up-to-date: /home/twt4/xxx_ws/install/xicro_interfaces/share/xicro_interfaces/cmake/ament_cmake_export_include_directories-extras.cmake
[2.576s] -- Up-to-date: /home/twt4/xxx_ws/install/xicro_interfaces/share/xicro_interfaces/cmake/ament_cmake_export_libraries-extras.cmake
[2.577s] -- Up-to-date: /home/twt4/xxx_ws/install/xicro_interfaces/share/xicro_interfaces/cmake/ament_cmake_export_targets-extras.cmake
[2.577s] -- Up-to-date: /home/twt4/xxx_ws/install/xicro_interfaces/share/xicro_interfaces/cmake/rosidl_cmake_export_typesupport_targets-extras.cmake
[2.577s] -- Up-to-date: /home/twt4/xxx_ws/install/xicro_interfaces/share/xicro_interfaces/cmake/rosidl_cmake_export_typesupport_libraries-extras.cmake
[2.578s] -- Up-to-date: /home/twt4/xxx_ws/install/xicro_interfaces/share/xicro_interfaces/cmake/xicro_interfacesConfig.cmake
[2.578s] -- Up-to-date: /home/twt4/xxx_ws/install/xicro_interfaces/share/xicro_interfaces/cmake/xicro_interfacesConfig-version.cmake
[2.579s] -- Up-to-date: /home/twt4/xxx_ws/install/xicro_interfaces/share/xicro_interfaces/package.xml
[2.584s] Invoked command in '/home/twt4/xxx_ws/build/xicro_interfaces' returned '0': CMAKE_PREFIX_PATH=${CMAKE_PREFIX_PATH}:/home/twt4/ros2_modules/install/ntrip_client:/home/twt4/ros2_modules/install/nmea_navsat_driver:/home/twt4/ros2_modules/install/handsfree_ros2_imu:/home/twt4/turtlebot3_ws/install/turtlebot3_teleop:/home/twt4/turtlebot3_ws/install/turtlebot3_example:/home/twt4/ros2_ws/install/twt_fuse:/opt/ros/jazzy DEBUGINFOD_URLS=https://debuginfod.ubuntu.com /usr/bin/cmake --install /home/twt4/xxx_ws/build/xicro_interfaces
