[0.073s] Invoking command in '/home/twt4/xxx_ws/build/xicro_interfaces': CMAKE_PREFIX_PATH=${CMAKE_PREFIX_PATH}:/home/twt4/ros2_modules/install/ntrip_client:/home/twt4/ros2_modules/install/nmea_navsat_driver:/home/twt4/ros2_modules/install/handsfree_ros2_imu:/home/twt4/turtlebot3_ws/install/turtlebot3_teleop:/home/twt4/turtlebot3_ws/install/turtlebot3_example:/home/twt4/ros2_ws/install/twt_fuse:/opt/ros/jazzy DEBUGINFOD_URLS=https://debuginfod.ubuntu.com /usr/bin/cmake --build /home/twt4/xxx_ws/build/xicro_interfaces -- -j4 -l4
[0.244s] [  2%] Built target xicro_interfaces__rs
[0.255s] [  5%] Built target xicro_interfaces__rosidl_generator_type_description
[0.278s] [  5%] Built target ament_cmake_python_copy_xicro_interfaces
[0.340s] [  8%] Built target xicro_interfaces__cpp
[0.349s] [ 22%] Built target xicro_interfaces__rosidl_generator_c
[0.476s] [ 31%] Built target xicro_interfaces__rosidl_typesupport_fastrtps_c
[0.476s] [ 40%] Built target xicro_interfaces__rosidl_typesupport_introspection_c
[0.551s] [ 48%] Built target xicro_interfaces__rosidl_typesupport_c
[0.637s] [ 57%] Built target xicro_interfaces__rosidl_typesupport_introspection_cpp
[0.684s] [ 68%] Built target xicro_interfaces__rosidl_typesupport_fastrtps_cpp
[0.689s] [ 74%] Built target xicro_interfaces__rosidl_typesupport_cpp
[0.813s] [ 74%] Built target xicro_interfaces
[0.925s] [ 77%] Built target xicro_interfaces__py
[1.049s] [ 82%] Built target xicro_interfaces__rosidl_generator_py
[1.126s] [ 88%] Built target xicro_interfaces_s__rosidl_typesupport_fastrtps_c
[1.150s] [ 94%] Built target xicro_interfaces_s__rosidl_typesupport_introspection_c
[1.165s] [100%] Built target xicro_interfaces_s__rosidl_typesupport_c
[1.192s] running egg_info
[1.265s] writing xicro_interfaces.egg-info/PKG-INFO
[1.266s] writing dependency_links to xicro_interfaces.egg-info/dependency_links.txt
[1.266s] writing top-level names to xicro_interfaces.egg-info/top_level.txt
[1.418s] reading manifest file 'xicro_interfaces.egg-info/SOURCES.txt'
[1.423s] writing manifest file 'xicro_interfaces.egg-info/SOURCES.txt'
[1.588s] [100%] Built target ament_cmake_python_build_xicro_interfaces_egg
[1.669s] Invoked command in '/home/twt4/xxx_ws/build/xicro_interfaces' returned '0': CMAKE_PREFIX_PATH=${CMAKE_PREFIX_PATH}:/home/twt4/ros2_modules/install/ntrip_client:/home/twt4/ros2_modules/install/nmea_navsat_driver:/home/twt4/ros2_modules/install/handsfree_ros2_imu:/home/twt4/turtlebot3_ws/install/turtlebot3_teleop:/home/twt4/turtlebot3_ws/install/turtlebot3_example:/home/twt4/ros2_ws/install/twt_fuse:/opt/ros/jazzy DEBUGINFOD_URLS=https://debuginfod.ubuntu.com /usr/bin/cmake --build /home/twt4/xxx_ws/build/xicro_interfaces -- -j4 -l4
[1.670s] Invoking command in '/home/twt4/xxx_ws/build/xicro_interfaces': CMAKE_PREFIX_PATH=${CMAKE_PREFIX_PATH}:/home/twt4/ros2_modules/install/ntrip_client:/home/twt4/ros2_modules/install/nmea_navsat_driver:/home/twt4/ros2_modules/install/handsfree_ros2_imu:/home/twt4/turtlebot3_ws/install/turtlebot3_teleop:/home/twt4/turtlebot3_ws/install/turtlebot3_example:/home/twt4/ros2_ws/install/twt_fuse:/opt/ros/jazzy DEBUGINFOD_URLS=https://debuginfod.ubuntu.com /usr/bin/cmake --install /home/twt4/xxx_ws/build/xicro_interfaces
[1.732s] -- Install configuration: ""
[1.733s] -- Up-to-date: /home/twt4/xxx_ws/install/xicro_interfaces/share/ament_index/resource_index/rosidl_interfaces/xicro_interfaces
[1.739s] -- Up-to-date: /home/twt4/xxx_ws/install/xicro_interfaces/share/xicro_interfaces/action/Toggle.json
[1.740s] -- Up-to-date: /home/twt4/xxx_ws/install/xicro_interfaces/include/xicro_interfaces/xicro_interfaces
[1.745s] -- Up-to-date: /home/twt4/xxx_ws/install/xicro_interfaces/include/xicro_interfaces/xicro_interfaces/action
[1.748s] -- Up-to-date: /home/twt4/xxx_ws/install/xicro_interfaces/include/xicro_interfaces/xicro_interfaces/action/detail
[1.749s] -- Up-to-date: /home/twt4/xxx_ws/install/xicro_interfaces/include/xicro_interfaces/xicro_interfaces/action/detail/toggle__struct.h
[1.749s] -- Up-to-date: /home/twt4/xxx_ws/install/xicro_interfaces/include/xicro_interfaces/xicro_interfaces/action/detail/toggle__type_support.h
[1.749s] -- Up-to-date: /home/twt4/xxx_ws/install/xicro_interfaces/include/xicro_interfaces/xicro_interfaces/action/detail/toggle__functions.c
[1.753s] -- Up-to-date: /home/twt4/xxx_ws/install/xicro_interfaces/include/xicro_interfaces/xicro_interfaces/action/detail/toggle__description.c
[1.756s] -- Up-to-date: /home/twt4/xxx_ws/install/xicro_interfaces/include/xicro_interfaces/xicro_interfaces/action/detail/toggle__functions.h
[1.760s] -- Up-to-date: /home/twt4/xxx_ws/install/xicro_interfaces/include/xicro_interfaces/xicro_interfaces/action/detail/toggle__type_support.c
[1.761s] -- Up-to-date: /home/twt4/xxx_ws/install/xicro_interfaces/include/xicro_interfaces/xicro_interfaces/action/toggle.h
[1.761s] -- Up-to-date: /home/twt4/xxx_ws/install/xicro_interfaces/include/xicro_interfaces/xicro_interfaces/msg
[1.761s] -- Up-to-date: /home/twt4/xxx_ws/install/xicro_interfaces/include/xicro_interfaces/xicro_interfaces/msg/rosidl_generator_c__visibility_control.h
[1.761s] -- Up-to-date: /home/twt4/xxx_ws/install/xicro_interfaces/share/xicro_interfaces/environment/library_path.sh
[1.766s] -- Up-to-date: /home/twt4/xxx_ws/install/xicro_interfaces/share/xicro_interfaces/environment/library_path.dsv
[1.767s] -- Up-to-date: /home/twt4/xxx_ws/install/xicro_interfaces/lib/libxicro_interfaces__rosidl_generator_c.so
[1.767s] -- Up-to-date: /home/twt4/xxx_ws/install/xicro_interfaces/include/xicro_interfaces/xicro_interfaces
[1.767s] -- Up-to-date: /home/twt4/xxx_ws/install/xicro_interfaces/include/xicro_interfaces/xicro_interfaces/action
[1.768s] -- Up-to-date: /home/twt4/xxx_ws/install/xicro_interfaces/include/xicro_interfaces/xicro_interfaces/action/detail
[1.768s] -- Up-to-date: /home/twt4/xxx_ws/install/xicro_interfaces/include/xicro_interfaces/xicro_interfaces/action/detail/toggle__rosidl_typesupport_fastrtps_c.h
[1.768s] -- Up-to-date: /home/twt4/xxx_ws/install/xicro_interfaces/include/xicro_interfaces/xicro_interfaces/msg
[1.771s] -- Up-to-date: /home/twt4/xxx_ws/install/xicro_interfaces/include/xicro_interfaces/xicro_interfaces/msg/rosidl_typesupport_fastrtps_c__visibility_control.h
[1.771s] -- Up-to-date: /home/twt4/xxx_ws/install/xicro_interfaces/lib/libxicro_interfaces__rosidl_typesupport_fastrtps_c.so
[1.771s] -- Up-to-date: /home/twt4/xxx_ws/install/xicro_interfaces/include/xicro_interfaces/xicro_interfaces
[1.771s] -- Up-to-date: /home/twt4/xxx_ws/install/xicro_interfaces/include/xicro_interfaces/xicro_interfaces/action
[1.772s] -- Up-to-date: /home/twt4/xxx_ws/install/xicro_interfaces/include/xicro_interfaces/xicro_interfaces/action/detail
[1.772s] -- Up-to-date: /home/twt4/xxx_ws/install/xicro_interfaces/include/xicro_interfaces/xicro_interfaces/action/detail/toggle__rosidl_typesupport_introspection_c.h
[1.772s] -- Up-to-date: /home/twt4/xxx_ws/install/xicro_interfaces/include/xicro_interfaces/xicro_interfaces/action/detail/toggle__type_support.c
[1.772s] -- Up-to-date: /home/twt4/xxx_ws/install/xicro_interfaces/include/xicro_interfaces/xicro_interfaces/msg
[1.772s] -- Up-to-date: /home/twt4/xxx_ws/install/xicro_interfaces/include/xicro_interfaces/xicro_interfaces/msg/rosidl_typesupport_introspection_c__visibility_control.h
[1.773s] -- Up-to-date: /home/twt4/xxx_ws/install/xicro_interfaces/lib/libxicro_interfaces__rosidl_typesupport_introspection_c.so
[1.773s] -- Up-to-date: /home/twt4/xxx_ws/install/xicro_interfaces/lib/libxicro_interfaces__rosidl_typesupport_c.so
[1.776s] -- Up-to-date: /home/twt4/xxx_ws/install/xicro_interfaces/include/xicro_interfaces/xicro_interfaces
[1.776s] -- Up-to-date: /home/twt4/xxx_ws/install/xicro_interfaces/include/xicro_interfaces/xicro_interfaces/action
[1.778s] -- Up-to-date: /home/twt4/xxx_ws/install/xicro_interfaces/include/xicro_interfaces/xicro_interfaces/action/detail
[1.778s] -- Up-to-date: /home/twt4/xxx_ws/install/xicro_interfaces/include/xicro_interfaces/xicro_interfaces/action/detail/toggle__struct.hpp
[1.779s] -- Up-to-date: /home/twt4/xxx_ws/install/xicro_interfaces/include/xicro_interfaces/xicro_interfaces/action/detail/toggle__type_support.hpp
[1.779s] -- Up-to-date: /home/twt4/xxx_ws/install/xicro_interfaces/include/xicro_interfaces/xicro_interfaces/action/detail/toggle__traits.hpp
[1.779s] -- Up-to-date: /home/twt4/xxx_ws/install/xicro_interfaces/include/xicro_interfaces/xicro_interfaces/action/detail/toggle__builder.hpp
[1.780s] -- Up-to-date: /home/twt4/xxx_ws/install/xicro_interfaces/include/xicro_interfaces/xicro_interfaces/action/toggle.hpp
[1.780s] -- Up-to-date: /home/twt4/xxx_ws/install/xicro_interfaces/include/xicro_interfaces/xicro_interfaces/msg
[1.780s] -- Up-to-date: /home/twt4/xxx_ws/install/xicro_interfaces/include/xicro_interfaces/xicro_interfaces/msg/rosidl_generator_cpp__visibility_control.hpp
[1.780s] -- Up-to-date: /home/twt4/xxx_ws/install/xicro_interfaces/include/xicro_interfaces/xicro_interfaces
[1.780s] -- Up-to-date: /home/twt4/xxx_ws/install/xicro_interfaces/include/xicro_interfaces/xicro_interfaces/action
[1.781s] -- Up-to-date: /home/twt4/xxx_ws/install/xicro_interfaces/include/xicro_interfaces/xicro_interfaces/action/detail
[1.781s] -- Up-to-date: /home/twt4/xxx_ws/install/xicro_interfaces/include/xicro_interfaces/xicro_interfaces/action/detail/dds_fastrtps
[1.781s] -- Up-to-date: /home/twt4/xxx_ws/install/xicro_interfaces/include/xicro_interfaces/xicro_interfaces/action/detail/toggle__rosidl_typesupport_fastrtps_cpp.hpp
[1.782s] -- Up-to-date: /home/twt4/xxx_ws/install/xicro_interfaces/include/xicro_interfaces/xicro_interfaces/msg
[1.783s] -- Up-to-date: /home/twt4/xxx_ws/install/xicro_interfaces/include/xicro_interfaces/xicro_interfaces/msg/rosidl_typesupport_fastrtps_cpp__visibility_control.h
[1.783s] -- Up-to-date: /home/twt4/xxx_ws/install/xicro_interfaces/lib/libxicro_interfaces__rosidl_typesupport_fastrtps_cpp.so
[1.783s] -- Up-to-date: /home/twt4/xxx_ws/install/xicro_interfaces/include/xicro_interfaces/xicro_interfaces
[1.783s] -- Up-to-date: /home/twt4/xxx_ws/install/xicro_interfaces/include/xicro_interfaces/xicro_interfaces/action
[1.784s] -- Up-to-date: /home/twt4/xxx_ws/install/xicro_interfaces/include/xicro_interfaces/xicro_interfaces/action/detail
[1.784s] -- Up-to-date: /home/twt4/xxx_ws/install/xicro_interfaces/include/xicro_interfaces/xicro_interfaces/action/detail/toggle__type_support.cpp
[1.784s] -- Up-to-date: /home/twt4/xxx_ws/install/xicro_interfaces/include/xicro_interfaces/xicro_interfaces/action/detail/toggle__rosidl_typesupport_introspection_cpp.hpp
[1.784s] -- Up-to-date: /home/twt4/xxx_ws/install/xicro_interfaces/lib/libxicro_interfaces__rosidl_typesupport_introspection_cpp.so
[1.784s] -- Up-to-date: /home/twt4/xxx_ws/install/xicro_interfaces/lib/libxicro_interfaces__rosidl_typesupport_cpp.so
[1.785s] -- Up-to-date: /home/twt4/xxx_ws/install/xicro_interfaces/share/xicro_interfaces/environment/pythonpath.sh
[1.785s] -- Up-to-date: /home/twt4/xxx_ws/install/xicro_interfaces/share/xicro_interfaces/environment/pythonpath.dsv
[1.785s] -- Up-to-date: /home/twt4/xxx_ws/install/xicro_interfaces/lib/python3.12/site-packages/xicro_interfaces-0.0.0-py3.12.egg-info
[1.785s] -- Installing: /home/twt4/xxx_ws/install/xicro_interfaces/lib/python3.12/site-packages/xicro_interfaces-0.0.0-py3.12.egg-info/dependency_links.txt
[1.785s] -- Installing: /home/twt4/xxx_ws/install/xicro_interfaces/lib/python3.12/site-packages/xicro_interfaces-0.0.0-py3.12.egg-info/PKG-INFO
[1.785s] -- Installing: /home/twt4/xxx_ws/install/xicro_interfaces/lib/python3.12/site-packages/xicro_interfaces-0.0.0-py3.12.egg-info/top_level.txt
[1.786s] -- Installing: /home/twt4/xxx_ws/install/xicro_interfaces/lib/python3.12/site-packages/xicro_interfaces-0.0.0-py3.12.egg-info/SOURCES.txt
[1.786s] -- Up-to-date: /home/twt4/xxx_ws/install/xicro_interfaces/lib/python3.12/site-packages/xicro_interfaces
[1.786s] -- Up-to-date: /home/twt4/xxx_ws/install/xicro_interfaces/lib/python3.12/site-packages/xicro_interfaces/_xicro_interfaces_s.ep.rosidl_typesupport_c.c
[1.786s] -- Up-to-date: /home/twt4/xxx_ws/install/xicro_interfaces/lib/python3.12/site-packages/xicro_interfaces/xicro_interfaces_s__rosidl_typesupport_fastrtps_c.so
[1.786s] -- Up-to-date: /home/twt4/xxx_ws/install/xicro_interfaces/lib/python3.12/site-packages/xicro_interfaces/_xicro_interfaces_s.ep.rosidl_typesupport_fastrtps_c.c
[1.786s] -- Up-to-date: /home/twt4/xxx_ws/install/xicro_interfaces/lib/python3.12/site-packages/xicro_interfaces/action
[1.787s] -- Up-to-date: /home/twt4/xxx_ws/install/xicro_interfaces/lib/python3.12/site-packages/xicro_interfaces/action/_toggle_s.c
[1.787s] -- Up-to-date: /home/twt4/xxx_ws/install/xicro_interfaces/lib/python3.12/site-packages/xicro_interfaces/action/_toggle.py
[1.787s] -- Up-to-date: /home/twt4/xxx_ws/install/xicro_interfaces/lib/python3.12/site-packages/xicro_interfaces/action/__init__.py
[1.787s] -- Up-to-date: /home/twt4/xxx_ws/install/xicro_interfaces/lib/python3.12/site-packages/xicro_interfaces/xicro_interfaces_s__rosidl_typesupport_introspection_c.so
[1.787s] -- Up-to-date: /home/twt4/xxx_ws/install/xicro_interfaces/lib/python3.12/site-packages/xicro_interfaces/_xicro_interfaces_s.ep.rosidl_typesupport_introspection_c.c
[1.787s] -- Up-to-date: /home/twt4/xxx_ws/install/xicro_interfaces/lib/python3.12/site-packages/xicro_interfaces/__init__.py
[1.787s] -- Up-to-date: /home/twt4/xxx_ws/install/xicro_interfaces/lib/python3.12/site-packages/xicro_interfaces/xicro_interfaces_s__rosidl_typesupport_c.so
[1.984s] Listing '/home/twt4/xxx_ws/install/xicro_interfaces/lib/python3.12/site-packages/xicro_interfaces'...
[1.985s] Listing '/home/twt4/xxx_ws/install/xicro_interfaces/lib/python3.12/site-packages/xicro_interfaces/action'...
[2.000s] -- Up-to-date: /home/twt4/xxx_ws/install/xicro_interfaces/lib/python3.12/site-packages/xicro_interfaces/xicro_interfaces_s__rosidl_typesupport_fastrtps_c.so
[2.001s] -- Up-to-date: /home/twt4/xxx_ws/install/xicro_interfaces/lib/python3.12/site-packages/xicro_interfaces/xicro_interfaces_s__rosidl_typesupport_introspection_c.so
[2.003s] -- Up-to-date: /home/twt4/xxx_ws/install/xicro_interfaces/lib/python3.12/site-packages/xicro_interfaces/xicro_interfaces_s__rosidl_typesupport_c.so
[2.003s] -- Up-to-date: /home/twt4/xxx_ws/install/xicro_interfaces/lib/libxicro_interfaces__rosidl_generator_py.so
[2.005s] -- Up-to-date: /home/twt4/xxx_ws/install/xicro_interfaces/share/ament_index/resource_index/rust_packages/xicro_interfaces
[2.005s] -- Up-to-date: /home/twt4/xxx_ws/install/xicro_interfaces/share/xicro_interfaces/rust
[2.005s] -- Up-to-date: /home/twt4/xxx_ws/install/xicro_interfaces/share/xicro_interfaces/rust/build.rs
[2.006s] -- Up-to-date: /home/twt4/xxx_ws/install/xicro_interfaces/share/xicro_interfaces/rust/Cargo.toml
[2.006s] -- Up-to-date: /home/twt4/xxx_ws/install/xicro_interfaces/share/xicro_interfaces/rust/src
[2.008s] -- Up-to-date: /home/twt4/xxx_ws/install/xicro_interfaces/share/xicro_interfaces/rust/src/action
[2.009s] -- Up-to-date: /home/twt4/xxx_ws/install/xicro_interfaces/share/xicro_interfaces/rust/src/action/rmw.rs
[2.009s] -- Up-to-date: /home/twt4/xxx_ws/install/xicro_interfaces/share/xicro_interfaces/rust/src/lib.rs
[2.009s] -- Up-to-date: /home/twt4/xxx_ws/install/xicro_interfaces/share/xicro_interfaces/rust/src/action.rs
[2.010s] -- Up-to-date: /home/twt4/xxx_ws/install/xicro_interfaces/share/xicro_interfaces/action/Toggle.idl
[2.010s] -- Up-to-date: /home/twt4/xxx_ws/install/xicro_interfaces/share/xicro_interfaces/action/Toggle.action
[2.010s] -- Up-to-date: /home/twt4/xxx_ws/install/xicro_interfaces/share/ament_index/resource_index/package_run_dependencies/xicro_interfaces
[2.010s] -- Up-to-date: /home/twt4/xxx_ws/install/xicro_interfaces/share/ament_index/resource_index/parent_prefix_path/xicro_interfaces
[2.010s] -- Up-to-date: /home/twt4/xxx_ws/install/xicro_interfaces/share/xicro_interfaces/environment/ament_prefix_path.sh
[2.010s] -- Up-to-date: /home/twt4/xxx_ws/install/xicro_interfaces/share/xicro_interfaces/environment/ament_prefix_path.dsv
[2.010s] -- Up-to-date: /home/twt4/xxx_ws/install/xicro_interfaces/share/xicro_interfaces/environment/path.sh
[2.011s] -- Up-to-date: /home/twt4/xxx_ws/install/xicro_interfaces/share/xicro_interfaces/environment/path.dsv
[2.011s] -- Up-to-date: /home/twt4/xxx_ws/install/xicro_interfaces/share/xicro_interfaces/local_setup.bash
[2.011s] -- Up-to-date: /home/twt4/xxx_ws/install/xicro_interfaces/share/xicro_interfaces/local_setup.sh
[2.011s] -- Up-to-date: /home/twt4/xxx_ws/install/xicro_interfaces/share/xicro_interfaces/local_setup.zsh
[2.011s] -- Up-to-date: /home/twt4/xxx_ws/install/xicro_interfaces/share/xicro_interfaces/local_setup.dsv
[2.011s] -- Installing: /home/twt4/xxx_ws/install/xicro_interfaces/share/xicro_interfaces/package.dsv
[2.011s] -- Up-to-date: /home/twt4/xxx_ws/install/xicro_interfaces/share/ament_index/resource_index/packages/xicro_interfaces
[2.012s] -- Up-to-date: /home/twt4/xxx_ws/install/xicro_interfaces/share/xicro_interfaces/cmake/export_xicro_interfaces__rosidl_generator_cExport.cmake
[2.013s] -- Up-to-date: /home/twt4/xxx_ws/install/xicro_interfaces/share/xicro_interfaces/cmake/export_xicro_interfaces__rosidl_generator_cExport-noconfig.cmake
[2.014s] -- Up-to-date: /home/twt4/xxx_ws/install/xicro_interfaces/share/xicro_interfaces/cmake/export_xicro_interfaces__rosidl_typesupport_fastrtps_cExport.cmake
[2.015s] -- Up-to-date: /home/twt4/xxx_ws/install/xicro_interfaces/share/xicro_interfaces/cmake/export_xicro_interfaces__rosidl_typesupport_fastrtps_cExport-noconfig.cmake
[2.015s] -- Up-to-date: /home/twt4/xxx_ws/install/xicro_interfaces/share/xicro_interfaces/cmake/xicro_interfaces__rosidl_typesupport_introspection_cExport.cmake
[2.015s] -- Up-to-date: /home/twt4/xxx_ws/install/xicro_interfaces/share/xicro_interfaces/cmake/xicro_interfaces__rosidl_typesupport_introspection_cExport-noconfig.cmake
[2.016s] -- Up-to-date: /home/twt4/xxx_ws/install/xicro_interfaces/share/xicro_interfaces/cmake/xicro_interfaces__rosidl_typesupport_cExport.cmake
[2.016s] -- Up-to-date: /home/twt4/xxx_ws/install/xicro_interfaces/share/xicro_interfaces/cmake/xicro_interfaces__rosidl_typesupport_cExport-noconfig.cmake
[2.016s] -- Up-to-date: /home/twt4/xxx_ws/install/xicro_interfaces/share/xicro_interfaces/cmake/export_xicro_interfaces__rosidl_generator_cppExport.cmake
[2.017s] -- Up-to-date: /home/twt4/xxx_ws/install/xicro_interfaces/share/xicro_interfaces/cmake/export_xicro_interfaces__rosidl_typesupport_fastrtps_cppExport.cmake
[2.017s] -- Up-to-date: /home/twt4/xxx_ws/install/xicro_interfaces/share/xicro_interfaces/cmake/export_xicro_interfaces__rosidl_typesupport_fastrtps_cppExport-noconfig.cmake
[2.017s] -- Up-to-date: /home/twt4/xxx_ws/install/xicro_interfaces/share/xicro_interfaces/cmake/xicro_interfaces__rosidl_typesupport_introspection_cppExport.cmake
[2.017s] -- Up-to-date: /home/twt4/xxx_ws/install/xicro_interfaces/share/xicro_interfaces/cmake/xicro_interfaces__rosidl_typesupport_introspection_cppExport-noconfig.cmake
[2.017s] -- Up-to-date: /home/twt4/xxx_ws/install/xicro_interfaces/share/xicro_interfaces/cmake/xicro_interfaces__rosidl_typesupport_cppExport.cmake
[2.018s] -- Up-to-date: /home/twt4/xxx_ws/install/xicro_interfaces/share/xicro_interfaces/cmake/xicro_interfaces__rosidl_typesupport_cppExport-noconfig.cmake
[2.018s] -- Up-to-date: /home/twt4/xxx_ws/install/xicro_interfaces/share/xicro_interfaces/cmake/export_xicro_interfaces__rosidl_generator_pyExport.cmake
[2.018s] -- Up-to-date: /home/twt4/xxx_ws/install/xicro_interfaces/share/xicro_interfaces/cmake/export_xicro_interfaces__rosidl_generator_pyExport-noconfig.cmake
[2.018s] -- Up-to-date: /home/twt4/xxx_ws/install/xicro_interfaces/share/xicro_interfaces/cmake/rosidl_cmake-extras.cmake
[2.018s] -- Up-to-date: /home/twt4/xxx_ws/install/xicro_interfaces/share/xicro_interfaces/cmake/ament_cmake_export_dependencies-extras.cmake
[2.019s] -- Up-to-date: /home/twt4/xxx_ws/install/xicro_interfaces/share/xicro_interfaces/cmake/ament_cmake_export_include_directories-extras.cmake
[2.020s] -- Up-to-date: /home/twt4/xxx_ws/install/xicro_interfaces/share/xicro_interfaces/cmake/ament_cmake_export_libraries-extras.cmake
[2.020s] -- Up-to-date: /home/twt4/xxx_ws/install/xicro_interfaces/share/xicro_interfaces/cmake/ament_cmake_export_targets-extras.cmake
[2.023s] -- Up-to-date: /home/twt4/xxx_ws/install/xicro_interfaces/share/xicro_interfaces/cmake/rosidl_cmake_export_typesupport_targets-extras.cmake
[2.028s] -- Up-to-date: /home/twt4/xxx_ws/install/xicro_interfaces/share/xicro_interfaces/cmake/rosidl_cmake_export_typesupport_libraries-extras.cmake
[2.033s] -- Up-to-date: /home/twt4/xxx_ws/install/xicro_interfaces/share/xicro_interfaces/cmake/xicro_interfacesConfig.cmake
[2.036s] -- Up-to-date: /home/twt4/xxx_ws/install/xicro_interfaces/share/xicro_interfaces/cmake/xicro_interfacesConfig-version.cmake
[2.038s] -- Up-to-date: /home/twt4/xxx_ws/install/xicro_interfaces/share/xicro_interfaces/package.xml
[2.082s] Invoked command in '/home/twt4/xxx_ws/build/xicro_interfaces' returned '0': CMAKE_PREFIX_PATH=${CMAKE_PREFIX_PATH}:/home/twt4/ros2_modules/install/ntrip_client:/home/twt4/ros2_modules/install/nmea_navsat_driver:/home/twt4/ros2_modules/install/handsfree_ros2_imu:/home/twt4/turtlebot3_ws/install/turtlebot3_teleop:/home/twt4/turtlebot3_ws/install/turtlebot3_example:/home/twt4/ros2_ws/install/twt_fuse:/opt/ros/jazzy DEBUGINFOD_URLS=https://debuginfod.ubuntu.com /usr/bin/cmake --install /home/twt4/xxx_ws/build/xicro_interfaces
