[0.039s] Invoking command in '/home/twt4/xxx_ws/build/xicro_pkg': CMAKE_PREFIX_PATH=${CMAKE_PREFIX_PATH}:/home/twt4/ros2_modules/install/ntrip_client:/home/twt4/ros2_modules/install/nmea_navsat_driver:/home/twt4/ros2_modules/install/handsfree_ros2_imu:/home/twt4/turtlebot3_ws/install/turtlebot3_teleop:/home/twt4/turtlebot3_ws/install/turtlebot3_example:/home/twt4/ros2_ws/install/twt_fuse:/opt/ros/jazzy DEBUGINFOD_URLS=https://debuginfod.ubuntu.com /usr/bin/cmake --build /home/twt4/xxx_ws/build/xicro_pkg -- -j4 -l4
[0.093s] -- Found ament_cmake: 2.5.6 (/opt/ros/jazzy/share/ament_cmake/cmake)
[0.438s] -- Found rclcpp: 28.1.18 (/opt/ros/jazzy/share/rclcpp/cmake)
[0.519s] -- Found rosidl_generator_c: 4.6.7 (/opt/ros/jazzy/share/rosidl_generator_c/cmake)
[0.542s] -- Found rosidl_generator_cpp: 4.6.7 (/opt/ros/jazzy/share/rosidl_generator_cpp/cmake)
[0.574s] -- Using all available rosidl_typesupport_c: rosidl_typesupport_fastrtps_c;rosidl_typesupport_introspection_c
[0.626s] -- Using all available rosidl_typesupport_cpp: rosidl_typesupport_fastrtps_cpp;rosidl_typesupport_introspection_cpp
[0.758s] -- Found rmw_implementation_cmake: 7.3.3 (/opt/ros/jazzy/share/rmw_implementation_cmake/cmake)
[0.769s] -- Found rmw_fastrtps_cpp: 8.4.3 (/opt/ros/jazzy/share/rmw_fastrtps_cpp/cmake)
[0.906s] -- Using RMW implementation 'rmw_fastrtps_cpp' as default
[1.009s] -- Found rclpy: 7.1.11 (/opt/ros/jazzy/share/rclpy/cmake)
[1.009s] -- Found rosidl_default_generators: 1.6.0 (/opt/ros/jazzy/share/rosidl_default_generators/cmake)
[1.029s] -- Found rosidl_adapter: 4.6.7 (/opt/ros/jazzy/share/rosidl_adapter/cmake)
[1.543s] -- Found ament_cmake_ros: 0.12.0 (/opt/ros/jazzy/share/ament_cmake_ros/cmake)
[1.821s] -- Using all available rosidl_typesupport_c: rosidl_typesupport_fastrtps_c;rosidl_typesupport_introspection_c
[1.941s] -- Using all available rosidl_typesupport_cpp: rosidl_typesupport_fastrtps_cpp;rosidl_typesupport_introspection_cpp
[1.941s] -- Found python_cmake_module: 0.11.1 (/opt/ros/jazzy/share/python_cmake_module/cmake)
[2.707s] -- Found Python3: /usr/bin/python3 (found version "3.12.3") found components: Interpreter Development NumPy Development.Module Development.Embed 
[2.824s] -- Found Python3: /usr/bin/python3 (found version "3.12.3") found components: Interpreter 
[2.835s] -- Configuring done (2.8s)
[2.923s] -- Generating done (0.1s)
[2.954s] -- Build files have been written to: /home/twt4/xxx_ws/build/xicro_pkg
[3.080s] [  2%] Built target xicro_pkg__rs
[3.106s] [  5%] Built target xicro_pkg__rosidl_generator_type_description
[3.114s] [  5%] Built target ament_cmake_python_copy_xicro_pkg
[3.172s] [ 20%] Built target xicro_pkg__rosidl_generator_c
[3.186s] [ 22%] Built target xicro_pkg__cpp
[3.300s] [ 31%] Built target xicro_pkg__rosidl_typesupport_introspection_c
[3.316s] [ 40%] Built target xicro_pkg__rosidl_typesupport_c
[3.330s] [ 48%] Built target xicro_pkg__rosidl_typesupport_fastrtps_c
[3.429s] [ 57%] Built target xicro_pkg__rosidl_typesupport_introspection_cpp
[3.441s] [ 65%] Built target xicro_pkg__rosidl_typesupport_cpp
[3.466s] [ 74%] Built target xicro_pkg__rosidl_typesupport_fastrtps_cpp
[3.542s] [ 74%] Built target xicro_pkg
[3.603s] [ 77%] Built target xicro_pkg__py
[3.663s] [ 82%] Built target xicro_pkg__rosidl_generator_py
[3.753s] [ 88%] Built target xicro_pkg_s__rosidl_typesupport_introspection_c
[3.759s] [ 94%] Built target xicro_pkg_s__rosidl_typesupport_fastrtps_c
[3.782s] [100%] Built target xicro_pkg_s__rosidl_typesupport_c
[3.927s] running egg_info
[3.972s] writing xicro_pkg.egg-info/PKG-INFO
[3.974s] writing dependency_links to xicro_pkg.egg-info/dependency_links.txt
[3.975s] writing top-level names to xicro_pkg.egg-info/top_level.txt
[4.167s] reading manifest file 'xicro_pkg.egg-info/SOURCES.txt'
[4.168s] writing manifest file 'xicro_pkg.egg-info/SOURCES.txt'
[4.277s] [100%] Built target ament_cmake_python_build_xicro_pkg_egg
[4.324s] Invoked command in '/home/twt4/xxx_ws/build/xicro_pkg' returned '0': CMAKE_PREFIX_PATH=${CMAKE_PREFIX_PATH}:/home/twt4/ros2_modules/install/ntrip_client:/home/twt4/ros2_modules/install/nmea_navsat_driver:/home/twt4/ros2_modules/install/handsfree_ros2_imu:/home/twt4/turtlebot3_ws/install/turtlebot3_teleop:/home/twt4/turtlebot3_ws/install/turtlebot3_example:/home/twt4/ros2_ws/install/twt_fuse:/opt/ros/jazzy DEBUGINFOD_URLS=https://debuginfod.ubuntu.com /usr/bin/cmake --build /home/twt4/xxx_ws/build/xicro_pkg -- -j4 -l4
[4.328s] Invoking command in '/home/twt4/xxx_ws/build/xicro_pkg': CMAKE_PREFIX_PATH=${CMAKE_PREFIX_PATH}:/home/twt4/ros2_modules/install/ntrip_client:/home/twt4/ros2_modules/install/nmea_navsat_driver:/home/twt4/ros2_modules/install/handsfree_ros2_imu:/home/twt4/turtlebot3_ws/install/turtlebot3_teleop:/home/twt4/turtlebot3_ws/install/turtlebot3_example:/home/twt4/ros2_ws/install/twt_fuse:/opt/ros/jazzy DEBUGINFOD_URLS=https://debuginfod.ubuntu.com /usr/bin/cmake --install /home/twt4/xxx_ws/build/xicro_pkg
[4.354s] -- Install configuration: ""
[4.354s] -- Up-to-date: /home/twt4/xxx_ws/install/xicro_pkg/share/ament_index/resource_index/rosidl_interfaces/xicro_pkg
[4.354s] -- Up-to-date: /home/twt4/xxx_ws/install/xicro_pkg/share/xicro_pkg/msg/Pulsa.json
[4.354s] -- Up-to-date: /home/twt4/xxx_ws/install/xicro_pkg/include/xicro_pkg/xicro_pkg
[4.354s] -- Up-to-date: /home/twt4/xxx_ws/install/xicro_pkg/include/xicro_pkg/xicro_pkg/msg
[4.354s] -- Up-to-date: /home/twt4/xxx_ws/install/xicro_pkg/include/xicro_pkg/xicro_pkg/msg/rosidl_generator_c__visibility_control.h
[4.355s] -- Up-to-date: /home/twt4/xxx_ws/install/xicro_pkg/include/xicro_pkg/xicro_pkg/msg/pulsa.h
[4.355s] -- Up-to-date: /home/twt4/xxx_ws/install/xicro_pkg/include/xicro_pkg/xicro_pkg/msg/detail
[4.355s] -- Up-to-date: /home/twt4/xxx_ws/install/xicro_pkg/include/xicro_pkg/xicro_pkg/msg/detail/pulsa__description.c
[4.355s] -- Up-to-date: /home/twt4/xxx_ws/install/xicro_pkg/include/xicro_pkg/xicro_pkg/msg/detail/pulsa__struct.h
[4.355s] -- Installing: /home/twt4/xxx_ws/install/xicro_pkg/include/xicro_pkg/xicro_pkg/msg/detail/pulsa__type_support.c
[4.355s] -- Up-to-date: /home/twt4/xxx_ws/install/xicro_pkg/include/xicro_pkg/xicro_pkg/msg/detail/pulsa__functions.c
[4.355s] -- Up-to-date: /home/twt4/xxx_ws/install/xicro_pkg/include/xicro_pkg/xicro_pkg/msg/detail/pulsa__functions.h
[4.355s] -- Up-to-date: /home/twt4/xxx_ws/install/xicro_pkg/include/xicro_pkg/xicro_pkg/msg/detail/pulsa__type_support.h
[4.355s] -- Up-to-date: /home/twt4/xxx_ws/install/xicro_pkg/share/xicro_pkg/environment/library_path.sh
[4.355s] -- Up-to-date: /home/twt4/xxx_ws/install/xicro_pkg/share/xicro_pkg/environment/library_path.dsv
[4.356s] -- Up-to-date: /home/twt4/xxx_ws/install/xicro_pkg/lib/libxicro_pkg__rosidl_generator_c.so
[4.356s] -- Up-to-date: /home/twt4/xxx_ws/install/xicro_pkg/include/xicro_pkg/xicro_pkg
[4.356s] -- Up-to-date: /home/twt4/xxx_ws/install/xicro_pkg/include/xicro_pkg/xicro_pkg/msg
[4.356s] -- Up-to-date: /home/twt4/xxx_ws/install/xicro_pkg/include/xicro_pkg/xicro_pkg/msg/rosidl_typesupport_fastrtps_c__visibility_control.h
[4.356s] -- Up-to-date: /home/twt4/xxx_ws/install/xicro_pkg/include/xicro_pkg/xicro_pkg/msg/detail
[4.356s] -- Up-to-date: /home/twt4/xxx_ws/install/xicro_pkg/include/xicro_pkg/xicro_pkg/msg/detail/pulsa__rosidl_typesupport_fastrtps_c.h
[4.356s] -- Up-to-date: /home/twt4/xxx_ws/install/xicro_pkg/lib/libxicro_pkg__rosidl_typesupport_fastrtps_c.so
[4.356s] -- Up-to-date: /home/twt4/xxx_ws/install/xicro_pkg/include/xicro_pkg/xicro_pkg
[4.357s] -- Up-to-date: /home/twt4/xxx_ws/install/xicro_pkg/include/xicro_pkg/xicro_pkg/msg
[4.357s] -- Up-to-date: /home/twt4/xxx_ws/install/xicro_pkg/include/xicro_pkg/xicro_pkg/msg/pulsa.hpp
[4.357s] -- Up-to-date: /home/twt4/xxx_ws/install/xicro_pkg/include/xicro_pkg/xicro_pkg/msg/detail
[4.357s] -- Up-to-date: /home/twt4/xxx_ws/install/xicro_pkg/include/xicro_pkg/xicro_pkg/msg/detail/pulsa__type_support.hpp
[4.357s] -- Up-to-date: /home/twt4/xxx_ws/install/xicro_pkg/include/xicro_pkg/xicro_pkg/msg/detail/pulsa__struct.hpp
[4.357s] -- Up-to-date: /home/twt4/xxx_ws/install/xicro_pkg/include/xicro_pkg/xicro_pkg/msg/detail/pulsa__builder.hpp
[4.357s] -- Up-to-date: /home/twt4/xxx_ws/install/xicro_pkg/include/xicro_pkg/xicro_pkg/msg/detail/pulsa__traits.hpp
[4.358s] -- Up-to-date: /home/twt4/xxx_ws/install/xicro_pkg/include/xicro_pkg/xicro_pkg/msg/rosidl_generator_cpp__visibility_control.hpp
[4.358s] -- Up-to-date: /home/twt4/xxx_ws/install/xicro_pkg/include/xicro_pkg/xicro_pkg
[4.358s] -- Up-to-date: /home/twt4/xxx_ws/install/xicro_pkg/include/xicro_pkg/xicro_pkg/msg
[4.358s] -- Up-to-date: /home/twt4/xxx_ws/install/xicro_pkg/include/xicro_pkg/xicro_pkg/msg/detail
[4.358s] -- Up-to-date: /home/twt4/xxx_ws/install/xicro_pkg/include/xicro_pkg/xicro_pkg/msg/detail/dds_fastrtps
[4.358s] -- Up-to-date: /home/twt4/xxx_ws/install/xicro_pkg/include/xicro_pkg/xicro_pkg/msg/detail/pulsa__rosidl_typesupport_fastrtps_cpp.hpp
[4.358s] -- Up-to-date: /home/twt4/xxx_ws/install/xicro_pkg/include/xicro_pkg/xicro_pkg/msg/rosidl_typesupport_fastrtps_cpp__visibility_control.h
[4.358s] -- Up-to-date: /home/twt4/xxx_ws/install/xicro_pkg/lib/libxicro_pkg__rosidl_typesupport_fastrtps_cpp.so
[4.358s] -- Up-to-date: /home/twt4/xxx_ws/install/xicro_pkg/include/xicro_pkg/xicro_pkg
[4.359s] -- Up-to-date: /home/twt4/xxx_ws/install/xicro_pkg/include/xicro_pkg/xicro_pkg/msg
[4.359s] -- Up-to-date: /home/twt4/xxx_ws/install/xicro_pkg/include/xicro_pkg/xicro_pkg/msg/detail
[4.359s] -- Installing: /home/twt4/xxx_ws/install/xicro_pkg/include/xicro_pkg/xicro_pkg/msg/detail/pulsa__type_support.c
[4.359s] -- Up-to-date: /home/twt4/xxx_ws/install/xicro_pkg/include/xicro_pkg/xicro_pkg/msg/detail/pulsa__rosidl_typesupport_introspection_c.h
[4.359s] -- Up-to-date: /home/twt4/xxx_ws/install/xicro_pkg/include/xicro_pkg/xicro_pkg/msg/rosidl_typesupport_introspection_c__visibility_control.h
[4.359s] -- Up-to-date: /home/twt4/xxx_ws/install/xicro_pkg/lib/libxicro_pkg__rosidl_typesupport_introspection_c.so
[4.359s] -- Up-to-date: /home/twt4/xxx_ws/install/xicro_pkg/lib/libxicro_pkg__rosidl_typesupport_c.so
[4.360s] -- Up-to-date: /home/twt4/xxx_ws/install/xicro_pkg/include/xicro_pkg/xicro_pkg
[4.360s] -- Up-to-date: /home/twt4/xxx_ws/install/xicro_pkg/include/xicro_pkg/xicro_pkg/msg
[4.360s] -- Up-to-date: /home/twt4/xxx_ws/install/xicro_pkg/include/xicro_pkg/xicro_pkg/msg/detail
[4.360s] -- Up-to-date: /home/twt4/xxx_ws/install/xicro_pkg/include/xicro_pkg/xicro_pkg/msg/detail/pulsa__type_support.cpp
[4.360s] -- Up-to-date: /home/twt4/xxx_ws/install/xicro_pkg/include/xicro_pkg/xicro_pkg/msg/detail/pulsa__rosidl_typesupport_introspection_cpp.hpp
[4.360s] -- Up-to-date: /home/twt4/xxx_ws/install/xicro_pkg/lib/libxicro_pkg__rosidl_typesupport_introspection_cpp.so
[4.360s] -- Up-to-date: /home/twt4/xxx_ws/install/xicro_pkg/lib/libxicro_pkg__rosidl_typesupport_cpp.so
[4.361s] -- Up-to-date: /home/twt4/xxx_ws/install/xicro_pkg/share/xicro_pkg/environment/pythonpath.sh
[4.361s] -- Up-to-date: /home/twt4/xxx_ws/install/xicro_pkg/share/xicro_pkg/environment/pythonpath.dsv
[4.361s] -- Up-to-date: /home/twt4/xxx_ws/install/xicro_pkg/lib/python3.12/site-packages/xicro_pkg-0.0.0-py3.12.egg-info
[4.361s] -- Installing: /home/twt4/xxx_ws/install/xicro_pkg/lib/python3.12/site-packages/xicro_pkg-0.0.0-py3.12.egg-info/dependency_links.txt
[4.361s] -- Installing: /home/twt4/xxx_ws/install/xicro_pkg/lib/python3.12/site-packages/xicro_pkg-0.0.0-py3.12.egg-info/PKG-INFO
[4.361s] -- Installing: /home/twt4/xxx_ws/install/xicro_pkg/lib/python3.12/site-packages/xicro_pkg-0.0.0-py3.12.egg-info/top_level.txt
[4.361s] -- Installing: /home/twt4/xxx_ws/install/xicro_pkg/lib/python3.12/site-packages/xicro_pkg-0.0.0-py3.12.egg-info/SOURCES.txt
[4.361s] -- Up-to-date: /home/twt4/xxx_ws/install/xicro_pkg/lib/python3.12/site-packages/xicro_pkg
[4.361s] -- Up-to-date: /home/twt4/xxx_ws/install/xicro_pkg/lib/python3.12/site-packages/xicro_pkg/_xicro_pkg_s.ep.rosidl_typesupport_fastrtps_c.c
[4.361s] -- Up-to-date: /home/twt4/xxx_ws/install/xicro_pkg/lib/python3.12/site-packages/xicro_pkg/_xicro_pkg_s.ep.rosidl_typesupport_c.c
[4.362s] -- Up-to-date: /home/twt4/xxx_ws/install/xicro_pkg/lib/python3.12/site-packages/xicro_pkg/_xicro_pkg_s.ep.rosidl_typesupport_introspection_c.c
[4.362s] -- Up-to-date: /home/twt4/xxx_ws/install/xicro_pkg/lib/python3.12/site-packages/xicro_pkg/xicro_pkg_s__rosidl_typesupport_c.so
[4.362s] -- Up-to-date: /home/twt4/xxx_ws/install/xicro_pkg/lib/python3.12/site-packages/xicro_pkg/xicro_pkg_s__rosidl_typesupport_introspection_c.so
[4.362s] -- Installing: /home/twt4/xxx_ws/install/xicro_pkg/lib/python3.12/site-packages/xicro_pkg/__init__.py
[4.362s] -- Up-to-date: /home/twt4/xxx_ws/install/xicro_pkg/lib/python3.12/site-packages/xicro_pkg/msg
[4.362s] -- Up-to-date: /home/twt4/xxx_ws/install/xicro_pkg/lib/python3.12/site-packages/xicro_pkg/msg/_pulsa_s.c
[4.362s] -- Up-to-date: /home/twt4/xxx_ws/install/xicro_pkg/lib/python3.12/site-packages/xicro_pkg/msg/__init__.py
[4.364s] -- Up-to-date: /home/twt4/xxx_ws/install/xicro_pkg/lib/python3.12/site-packages/xicro_pkg/msg/_pulsa.py
[4.364s] -- Up-to-date: /home/twt4/xxx_ws/install/xicro_pkg/lib/python3.12/site-packages/xicro_pkg/xicro_pkg_s__rosidl_typesupport_fastrtps_c.so
[4.461s] Listing '/home/twt4/xxx_ws/install/xicro_pkg/lib/python3.12/site-packages/xicro_pkg'...
[4.461s] Compiling '/home/twt4/xxx_ws/install/xicro_pkg/lib/python3.12/site-packages/xicro_pkg/__init__.py'...
[4.462s] Listing '/home/twt4/xxx_ws/install/xicro_pkg/lib/python3.12/site-packages/xicro_pkg/msg'...
[4.480s] -- Up-to-date: /home/twt4/xxx_ws/install/xicro_pkg/lib/python3.12/site-packages/xicro_pkg/xicro_pkg_s__rosidl_typesupport_fastrtps_c.so
[4.481s] -- Up-to-date: /home/twt4/xxx_ws/install/xicro_pkg/lib/python3.12/site-packages/xicro_pkg/xicro_pkg_s__rosidl_typesupport_introspection_c.so
[4.481s] -- Up-to-date: /home/twt4/xxx_ws/install/xicro_pkg/lib/python3.12/site-packages/xicro_pkg/xicro_pkg_s__rosidl_typesupport_c.so
[4.481s] -- Up-to-date: /home/twt4/xxx_ws/install/xicro_pkg/lib/libxicro_pkg__rosidl_generator_py.so
[4.481s] -- Up-to-date: /home/twt4/xxx_ws/install/xicro_pkg/share/ament_index/resource_index/rust_packages/xicro_pkg
[4.482s] -- Up-to-date: /home/twt4/xxx_ws/install/xicro_pkg/share/xicro_pkg/rust
[4.482s] -- Up-to-date: /home/twt4/xxx_ws/install/xicro_pkg/share/xicro_pkg/rust/build.rs
[4.482s] -- Up-to-date: /home/twt4/xxx_ws/install/xicro_pkg/share/xicro_pkg/rust/Cargo.toml
[4.482s] -- Up-to-date: /home/twt4/xxx_ws/install/xicro_pkg/share/xicro_pkg/rust/src
[4.482s] -- Up-to-date: /home/twt4/xxx_ws/install/xicro_pkg/share/xicro_pkg/rust/src/msg.rs
[4.482s] -- Up-to-date: /home/twt4/xxx_ws/install/xicro_pkg/share/xicro_pkg/rust/src/lib.rs
[4.483s] -- Up-to-date: /home/twt4/xxx_ws/install/xicro_pkg/share/xicro_pkg/rust/src/msg
[4.483s] -- Up-to-date: /home/twt4/xxx_ws/install/xicro_pkg/share/xicro_pkg/rust/src/msg/rmw.rs
[4.483s] -- Up-to-date: /home/twt4/xxx_ws/install/xicro_pkg/share/xicro_pkg/msg/Pulsa.idl
[4.483s] -- Up-to-date: /home/twt4/xxx_ws/install/xicro_pkg/share/xicro_pkg/msg/Pulsa.msg
[4.483s] -- Up-to-date: /home/twt4/xxx_ws/install/xicro_pkg/lib/xicro_pkg/generate_library.py
[4.483s] -- Up-to-date: /home/twt4/xxx_ws/install/xicro_pkg/lib/xicro_pkg/generate_library_twt.py
[4.483s] -- Up-to-date: /home/twt4/xxx_ws/install/xicro_pkg/lib/xicro_pkg/generate_library_ctl.py
[4.483s] -- Up-to-date: /home/twt4/xxx_ws/install/xicro_pkg/lib/xicro_pkg/generate_xicro_node.py
[4.483s] -- Up-to-date: /home/twt4/xxx_ws/install/xicro_pkg/lib/xicro_pkg/generate_xicro_node_twt.py
[4.484s] -- Up-to-date: /home/twt4/xxx_ws/install/xicro_pkg/lib/xicro_pkg/generate_xicro_node_ctl.py
[4.484s] -- Up-to-date: /home/twt4/xxx_ws/install/xicro_pkg/lib/xicro_pkg/xicro_node_twt_ID_1_arduino.py
[4.484s] -- Up-to-date: /home/twt4/xxx_ws/install/xicro_pkg/lib/xicro_pkg/xicro_node_xxx_ID_1_arduino.py
[4.484s] -- Up-to-date: /home/twt4/xxx_ws/install/xicro_pkg/lib/xicro_pkg/xicro_node_rcv_ID_2_arduino.py
[4.484s] -- Up-to-date: /home/twt4/xxx_ws/install/xicro_pkg/lib/xicro_pkg/xicro_node_ctl_ID_1_arduino.py
[4.484s] -- Up-to-date: /home/twt4/xxx_ws/install/xicro_pkg/share/xicro_pkg/config
[4.484s] -- Up-to-date: /home/twt4/xxx_ws/install/xicro_pkg/share/xicro_pkg/config/setup_xicro_ctl.yaml
[4.486s] -- Up-to-date: /home/twt4/xxx_ws/install/xicro_pkg/share/xicro_pkg/config/.Xicro_node_preSetup.xicro
[4.486s] -- Up-to-date: /home/twt4/xxx_ws/install/xicro_pkg/share/xicro_pkg/config/.library_cpp_preSetup.xicro
[4.486s] -- Up-to-date: /home/twt4/xxx_ws/install/xicro_pkg/share/xicro_pkg/config/setup_xicro2.yaml
[4.486s] -- Up-to-date: /home/twt4/xxx_ws/install/xicro_pkg/share/xicro_pkg/config/setup_xicro_twt.yaml
[4.487s] -- Up-to-date: /home/twt4/xxx_ws/install/xicro_pkg/share/xicro_pkg/config/.library_h_preSetup.xicro
[4.487s] -- Up-to-date: /home/twt4/xxx_ws/install/xicro_pkg/share/xicro_pkg/config/setup_xicro3.yaml
[4.487s] -- Up-to-date: /home/twt4/xxx_ws/install/xicro_pkg/share/xicro_pkg/config/setup_xicro.yaml
[4.487s] -- Up-to-date: /home/twt4/xxx_ws/install/xicro_pkg/share/ament_index/resource_index/package_run_dependencies/xicro_pkg
[4.487s] -- Up-to-date: /home/twt4/xxx_ws/install/xicro_pkg/share/ament_index/resource_index/parent_prefix_path/xicro_pkg
[4.487s] -- Up-to-date: /home/twt4/xxx_ws/install/xicro_pkg/share/xicro_pkg/environment/ament_prefix_path.sh
[4.487s] -- Up-to-date: /home/twt4/xxx_ws/install/xicro_pkg/share/xicro_pkg/environment/ament_prefix_path.dsv
[4.487s] -- Up-to-date: /home/twt4/xxx_ws/install/xicro_pkg/share/xicro_pkg/environment/path.sh
[4.487s] -- Up-to-date: /home/twt4/xxx_ws/install/xicro_pkg/share/xicro_pkg/environment/path.dsv
[4.488s] -- Up-to-date: /home/twt4/xxx_ws/install/xicro_pkg/share/xicro_pkg/local_setup.bash
[4.488s] -- Up-to-date: /home/twt4/xxx_ws/install/xicro_pkg/share/xicro_pkg/local_setup.sh
[4.488s] -- Up-to-date: /home/twt4/xxx_ws/install/xicro_pkg/share/xicro_pkg/local_setup.zsh
[4.488s] -- Up-to-date: /home/twt4/xxx_ws/install/xicro_pkg/share/xicro_pkg/local_setup.dsv
[4.488s] -- Installing: /home/twt4/xxx_ws/install/xicro_pkg/share/xicro_pkg/package.dsv
[4.488s] -- Up-to-date: /home/twt4/xxx_ws/install/xicro_pkg/share/ament_index/resource_index/packages/xicro_pkg
[4.489s] -- Up-to-date: /home/twt4/xxx_ws/install/xicro_pkg/share/xicro_pkg/cmake/export_xicro_pkg__rosidl_generator_cExport.cmake
[4.489s] -- Up-to-date: /home/twt4/xxx_ws/install/xicro_pkg/share/xicro_pkg/cmake/export_xicro_pkg__rosidl_generator_cExport-noconfig.cmake
[4.489s] -- Up-to-date: /home/twt4/xxx_ws/install/xicro_pkg/share/xicro_pkg/cmake/export_xicro_pkg__rosidl_typesupport_fastrtps_cExport.cmake
[4.490s] -- Up-to-date: /home/twt4/xxx_ws/install/xicro_pkg/share/xicro_pkg/cmake/export_xicro_pkg__rosidl_typesupport_fastrtps_cExport-noconfig.cmake
[4.490s] -- Up-to-date: /home/twt4/xxx_ws/install/xicro_pkg/share/xicro_pkg/cmake/export_xicro_pkg__rosidl_generator_cppExport.cmake
[4.490s] -- Up-to-date: /home/twt4/xxx_ws/install/xicro_pkg/share/xicro_pkg/cmake/export_xicro_pkg__rosidl_typesupport_fastrtps_cppExport.cmake
[4.490s] -- Up-to-date: /home/twt4/xxx_ws/install/xicro_pkg/share/xicro_pkg/cmake/export_xicro_pkg__rosidl_typesupport_fastrtps_cppExport-noconfig.cmake
[4.491s] -- Up-to-date: /home/twt4/xxx_ws/install/xicro_pkg/share/xicro_pkg/cmake/xicro_pkg__rosidl_typesupport_introspection_cExport.cmake
[4.492s] -- Up-to-date: /home/twt4/xxx_ws/install/xicro_pkg/share/xicro_pkg/cmake/xicro_pkg__rosidl_typesupport_introspection_cExport-noconfig.cmake
[4.492s] -- Up-to-date: /home/twt4/xxx_ws/install/xicro_pkg/share/xicro_pkg/cmake/xicro_pkg__rosidl_typesupport_cExport.cmake
[4.492s] -- Up-to-date: /home/twt4/xxx_ws/install/xicro_pkg/share/xicro_pkg/cmake/xicro_pkg__rosidl_typesupport_cExport-noconfig.cmake
[4.492s] -- Up-to-date: /home/twt4/xxx_ws/install/xicro_pkg/share/xicro_pkg/cmake/xicro_pkg__rosidl_typesupport_introspection_cppExport.cmake
[4.493s] -- Up-to-date: /home/twt4/xxx_ws/install/xicro_pkg/share/xicro_pkg/cmake/xicro_pkg__rosidl_typesupport_introspection_cppExport-noconfig.cmake
[4.493s] -- Up-to-date: /home/twt4/xxx_ws/install/xicro_pkg/share/xicro_pkg/cmake/xicro_pkg__rosidl_typesupport_cppExport.cmake
[4.493s] -- Up-to-date: /home/twt4/xxx_ws/install/xicro_pkg/share/xicro_pkg/cmake/xicro_pkg__rosidl_typesupport_cppExport-noconfig.cmake
[4.493s] -- Up-to-date: /home/twt4/xxx_ws/install/xicro_pkg/share/xicro_pkg/cmake/export_xicro_pkg__rosidl_generator_pyExport.cmake
[4.493s] -- Up-to-date: /home/twt4/xxx_ws/install/xicro_pkg/share/xicro_pkg/cmake/export_xicro_pkg__rosidl_generator_pyExport-noconfig.cmake
[4.494s] -- Up-to-date: /home/twt4/xxx_ws/install/xicro_pkg/share/xicro_pkg/cmake/rosidl_cmake-extras.cmake
[4.494s] -- Up-to-date: /home/twt4/xxx_ws/install/xicro_pkg/share/xicro_pkg/cmake/ament_cmake_export_include_directories-extras.cmake
[4.496s] -- Up-to-date: /home/twt4/xxx_ws/install/xicro_pkg/share/xicro_pkg/cmake/ament_cmake_export_libraries-extras.cmake
[4.497s] -- Up-to-date: /home/twt4/xxx_ws/install/xicro_pkg/share/xicro_pkg/cmake/ament_cmake_export_targets-extras.cmake
[4.497s] -- Up-to-date: /home/twt4/xxx_ws/install/xicro_pkg/share/xicro_pkg/cmake/rosidl_cmake_export_typesupport_targets-extras.cmake
[4.497s] -- Up-to-date: /home/twt4/xxx_ws/install/xicro_pkg/share/xicro_pkg/cmake/ament_cmake_export_dependencies-extras.cmake
[4.497s] -- Up-to-date: /home/twt4/xxx_ws/install/xicro_pkg/share/xicro_pkg/cmake/rosidl_cmake_export_typesupport_libraries-extras.cmake
[4.497s] -- Up-to-date: /home/twt4/xxx_ws/install/xicro_pkg/share/xicro_pkg/cmake/xicro_pkgConfig.cmake
[4.497s] -- Up-to-date: /home/twt4/xxx_ws/install/xicro_pkg/share/xicro_pkg/cmake/xicro_pkgConfig-version.cmake
[4.497s] -- Up-to-date: /home/twt4/xxx_ws/install/xicro_pkg/share/xicro_pkg/package.xml
[4.498s] Invoked command in '/home/twt4/xxx_ws/build/xicro_pkg' returned '0': CMAKE_PREFIX_PATH=${CMAKE_PREFIX_PATH}:/home/twt4/ros2_modules/install/ntrip_client:/home/twt4/ros2_modules/install/nmea_navsat_driver:/home/twt4/ros2_modules/install/handsfree_ros2_imu:/home/twt4/turtlebot3_ws/install/turtlebot3_teleop:/home/twt4/turtlebot3_ws/install/turtlebot3_example:/home/twt4/ros2_ws/install/twt_fuse:/opt/ros/jazzy DEBUGINFOD_URLS=https://debuginfod.ubuntu.com /usr/bin/cmake --install /home/twt4/xxx_ws/build/xicro_pkg
