[0.069s] Invoking command in '/home/twt4/xxx_ws/build/xicro_interfaces': CMAKE_PREFIX_PATH=${CMAKE_PREFIX_PATH}:/home/twt4/ros2_modules/install/ntrip_client:/home/twt4/ros2_modules/install/nmea_navsat_driver:/home/twt4/ros2_modules/install/handsfree_ros2_imu:/home/twt4/turtlebot3_ws/install/turtlebot3_teleop:/home/twt4/turtlebot3_ws/install/turtlebot3_example:/home/twt4/ros2_ws/install/twt_fuse:/opt/ros/jazzy DEBUGINFOD_URLS=https://debuginfod.ubuntu.com /usr/bin/cmake --build /home/twt4/xxx_ws/build/xicro_interfaces -- -j4 -l4
[0.372s] [  2%] Built target xicro_interfaces__rosidl_generator_type_description
[0.391s] [  5%] Built target xicro_interfaces__rs
[0.466s] [  5%] Built target ament_cmake_python_copy_xicro_interfaces
[0.480s] [  8%] Built target xicro_interfaces__cpp
[0.537s] [ 22%] Built target xicro_interfaces__rosidl_generator_c
[0.680s] [ 31%] Built target xicro_interfaces__rosidl_typesupport_c
[0.701s] [ 40%] Built target xicro_interfaces__rosidl_typesupport_introspection_c
[0.737s] [ 48%] Built target xicro_interfaces__rosidl_typesupport_fastrtps_c
[0.870s] [ 57%] Built target xicro_interfaces__rosidl_typesupport_fastrtps_cpp
[0.904s] [ 65%] Built target xicro_interfaces__rosidl_typesupport_introspection_cpp
[0.917s] [ 74%] Built target xicro_interfaces__rosidl_typesupport_cpp
[1.005s] [ 74%] Built target xicro_interfaces
[1.082s] [ 77%] Built target xicro_interfaces__py
[1.166s] [ 82%] Built target xicro_interfaces__rosidl_generator_py
[1.265s] [ 88%] Built target xicro_interfaces_s__rosidl_typesupport_c
[1.278s] [ 94%] Built target xicro_interfaces_s__rosidl_typesupport_fastrtps_c
[1.287s] [100%] Built target xicro_interfaces_s__rosidl_typesupport_introspection_c
[1.359s] running egg_info
[1.397s] writing xicro_interfaces.egg-info/PKG-INFO
[1.398s] writing dependency_links to xicro_interfaces.egg-info/dependency_links.txt
[1.399s] writing top-level names to xicro_interfaces.egg-info/top_level.txt
[1.549s] reading manifest file 'xicro_interfaces.egg-info/SOURCES.txt'
[1.550s] writing manifest file 'xicro_interfaces.egg-info/SOURCES.txt'
[1.762s] [100%] Built target ament_cmake_python_build_xicro_interfaces_egg
[1.832s] Invoked command in '/home/twt4/xxx_ws/build/xicro_interfaces' returned '0': CMAKE_PREFIX_PATH=${CMAKE_PREFIX_PATH}:/home/twt4/ros2_modules/install/ntrip_client:/home/twt4/ros2_modules/install/nmea_navsat_driver:/home/twt4/ros2_modules/install/handsfree_ros2_imu:/home/twt4/turtlebot3_ws/install/turtlebot3_teleop:/home/twt4/turtlebot3_ws/install/turtlebot3_example:/home/twt4/ros2_ws/install/twt_fuse:/opt/ros/jazzy DEBUGINFOD_URLS=https://debuginfod.ubuntu.com /usr/bin/cmake --build /home/twt4/xxx_ws/build/xicro_interfaces -- -j4 -l4
[1.847s] Invoking command in '/home/twt4/xxx_ws/build/xicro_interfaces': CMAKE_PREFIX_PATH=${CMAKE_PREFIX_PATH}:/home/twt4/ros2_modules/install/ntrip_client:/home/twt4/ros2_modules/install/nmea_navsat_driver:/home/twt4/ros2_modules/install/handsfree_ros2_imu:/home/twt4/turtlebot3_ws/install/turtlebot3_teleop:/home/twt4/turtlebot3_ws/install/turtlebot3_example:/home/twt4/ros2_ws/install/twt_fuse:/opt/ros/jazzy DEBUGINFOD_URLS=https://debuginfod.ubuntu.com /usr/bin/cmake --install /home/twt4/xxx_ws/build/xicro_interfaces
[1.897s] -- Install configuration: ""
[1.901s] -- Up-to-date: /home/twt4/xxx_ws/install/xicro_interfaces/share/ament_index/resource_index/rosidl_interfaces/xicro_interfaces
[1.907s] -- Up-to-date: /home/twt4/xxx_ws/install/xicro_interfaces/share/xicro_interfaces/action/Toggle.json
[1.907s] -- Up-to-date: /home/twt4/xxx_ws/install/xicro_interfaces/include/xicro_interfaces/xicro_interfaces
[1.907s] -- Up-to-date: /home/twt4/xxx_ws/install/xicro_interfaces/include/xicro_interfaces/xicro_interfaces/action
[1.908s] -- Up-to-date: /home/twt4/xxx_ws/install/xicro_interfaces/include/xicro_interfaces/xicro_interfaces/action/detail
[1.908s] -- Up-to-date: /home/twt4/xxx_ws/install/xicro_interfaces/include/xicro_interfaces/xicro_interfaces/action/detail/toggle__struct.h
[1.908s] -- Up-to-date: /home/twt4/xxx_ws/install/xicro_interfaces/include/xicro_interfaces/xicro_interfaces/action/detail/toggle__type_support.h
[1.908s] -- Up-to-date: /home/twt4/xxx_ws/install/xicro_interfaces/include/xicro_interfaces/xicro_interfaces/action/detail/toggle__functions.c
[1.911s] -- Up-to-date: /home/twt4/xxx_ws/install/xicro_interfaces/include/xicro_interfaces/xicro_interfaces/action/detail/toggle__description.c
[1.912s] -- Up-to-date: /home/twt4/xxx_ws/install/xicro_interfaces/include/xicro_interfaces/xicro_interfaces/action/detail/toggle__functions.h
[1.914s] -- Up-to-date: /home/twt4/xxx_ws/install/xicro_interfaces/include/xicro_interfaces/xicro_interfaces/action/detail/toggle__type_support.c
[1.915s] -- Up-to-date: /home/twt4/xxx_ws/install/xicro_interfaces/include/xicro_interfaces/xicro_interfaces/action/toggle.h
[1.915s] -- Up-to-date: /home/twt4/xxx_ws/install/xicro_interfaces/include/xicro_interfaces/xicro_interfaces/msg
[1.915s] -- Up-to-date: /home/twt4/xxx_ws/install/xicro_interfaces/include/xicro_interfaces/xicro_interfaces/msg/rosidl_generator_c__visibility_control.h
[1.915s] -- Up-to-date: /home/twt4/xxx_ws/install/xicro_interfaces/share/xicro_interfaces/environment/library_path.sh
[1.915s] -- Up-to-date: /home/twt4/xxx_ws/install/xicro_interfaces/share/xicro_interfaces/environment/library_path.dsv
[1.919s] -- Up-to-date: /home/twt4/xxx_ws/install/xicro_interfaces/lib/libxicro_interfaces__rosidl_generator_c.so
[1.919s] -- Up-to-date: /home/twt4/xxx_ws/install/xicro_interfaces/include/xicro_interfaces/xicro_interfaces
[1.920s] -- Up-to-date: /home/twt4/xxx_ws/install/xicro_interfaces/include/xicro_interfaces/xicro_interfaces/action
[1.920s] -- Up-to-date: /home/twt4/xxx_ws/install/xicro_interfaces/include/xicro_interfaces/xicro_interfaces/action/detail
[1.920s] -- Up-to-date: /home/twt4/xxx_ws/install/xicro_interfaces/include/xicro_interfaces/xicro_interfaces/action/detail/toggle__rosidl_typesupport_fastrtps_c.h
[1.920s] -- Up-to-date: /home/twt4/xxx_ws/install/xicro_interfaces/include/xicro_interfaces/xicro_interfaces/msg
[1.921s] -- Up-to-date: /home/twt4/xxx_ws/install/xicro_interfaces/include/xicro_interfaces/xicro_interfaces/msg/rosidl_typesupport_fastrtps_c__visibility_control.h
[1.924s] -- Up-to-date: /home/twt4/xxx_ws/install/xicro_interfaces/lib/libxicro_interfaces__rosidl_typesupport_fastrtps_c.so
[1.930s] -- Up-to-date: /home/twt4/xxx_ws/install/xicro_interfaces/include/xicro_interfaces/xicro_interfaces
[1.939s] -- Up-to-date: /home/twt4/xxx_ws/install/xicro_interfaces/include/xicro_interfaces/xicro_interfaces/action
[1.942s] -- Up-to-date: /home/twt4/xxx_ws/install/xicro_interfaces/include/xicro_interfaces/xicro_interfaces/action/detail
[1.942s] -- Up-to-date: /home/twt4/xxx_ws/install/xicro_interfaces/include/xicro_interfaces/xicro_interfaces/action/detail/toggle__rosidl_typesupport_introspection_c.h
[1.943s] -- Up-to-date: /home/twt4/xxx_ws/install/xicro_interfaces/include/xicro_interfaces/xicro_interfaces/action/detail/toggle__type_support.c
[1.943s] -- Up-to-date: /home/twt4/xxx_ws/install/xicro_interfaces/include/xicro_interfaces/xicro_interfaces/msg
[1.945s] -- Up-to-date: /home/twt4/xxx_ws/install/xicro_interfaces/include/xicro_interfaces/xicro_interfaces/msg/rosidl_typesupport_introspection_c__visibility_control.h
[1.948s] -- Up-to-date: /home/twt4/xxx_ws/install/xicro_interfaces/lib/libxicro_interfaces__rosidl_typesupport_introspection_c.so
[1.950s] -- Up-to-date: /home/twt4/xxx_ws/install/xicro_interfaces/lib/libxicro_interfaces__rosidl_typesupport_c.so
[1.951s] -- Up-to-date: /home/twt4/xxx_ws/install/xicro_interfaces/include/xicro_interfaces/xicro_interfaces
[1.952s] -- Up-to-date: /home/twt4/xxx_ws/install/xicro_interfaces/include/xicro_interfaces/xicro_interfaces/action
[1.953s] -- Up-to-date: /home/twt4/xxx_ws/install/xicro_interfaces/include/xicro_interfaces/xicro_interfaces/action/detail
[1.954s] -- Up-to-date: /home/twt4/xxx_ws/install/xicro_interfaces/include/xicro_interfaces/xicro_interfaces/action/detail/toggle__struct.hpp
[1.956s] -- Up-to-date: /home/twt4/xxx_ws/install/xicro_interfaces/include/xicro_interfaces/xicro_interfaces/action/detail/toggle__type_support.hpp
[1.956s] -- Up-to-date: /home/twt4/xxx_ws/install/xicro_interfaces/include/xicro_interfaces/xicro_interfaces/action/detail/toggle__traits.hpp
[1.958s] -- Up-to-date: /home/twt4/xxx_ws/install/xicro_interfaces/include/xicro_interfaces/xicro_interfaces/action/detail/toggle__builder.hpp
[1.959s] -- Up-to-date: /home/twt4/xxx_ws/install/xicro_interfaces/include/xicro_interfaces/xicro_interfaces/action/toggle.hpp
[1.960s] -- Up-to-date: /home/twt4/xxx_ws/install/xicro_interfaces/include/xicro_interfaces/xicro_interfaces/msg
[1.960s] -- Up-to-date: /home/twt4/xxx_ws/install/xicro_interfaces/include/xicro_interfaces/xicro_interfaces/msg/rosidl_generator_cpp__visibility_control.hpp
[1.960s] -- Up-to-date: /home/twt4/xxx_ws/install/xicro_interfaces/include/xicro_interfaces/xicro_interfaces
[1.961s] -- Up-to-date: /home/twt4/xxx_ws/install/xicro_interfaces/include/xicro_interfaces/xicro_interfaces/action
[1.961s] -- Up-to-date: /home/twt4/xxx_ws/install/xicro_interfaces/include/xicro_interfaces/xicro_interfaces/action/detail
[1.961s] -- Up-to-date: /home/twt4/xxx_ws/install/xicro_interfaces/include/xicro_interfaces/xicro_interfaces/action/detail/dds_fastrtps
[1.962s] -- Up-to-date: /home/twt4/xxx_ws/install/xicro_interfaces/include/xicro_interfaces/xicro_interfaces/action/detail/toggle__rosidl_typesupport_fastrtps_cpp.hpp
[1.962s] -- Up-to-date: /home/twt4/xxx_ws/install/xicro_interfaces/include/xicro_interfaces/xicro_interfaces/msg
[1.962s] -- Up-to-date: /home/twt4/xxx_ws/install/xicro_interfaces/include/xicro_interfaces/xicro_interfaces/msg/rosidl_typesupport_fastrtps_cpp__visibility_control.h
[1.962s] -- Up-to-date: /home/twt4/xxx_ws/install/xicro_interfaces/lib/libxicro_interfaces__rosidl_typesupport_fastrtps_cpp.so
[1.963s] -- Up-to-date: /home/twt4/xxx_ws/install/xicro_interfaces/include/xicro_interfaces/xicro_interfaces
[1.963s] -- Up-to-date: /home/twt4/xxx_ws/install/xicro_interfaces/include/xicro_interfaces/xicro_interfaces/action
[1.963s] -- Up-to-date: /home/twt4/xxx_ws/install/xicro_interfaces/include/xicro_interfaces/xicro_interfaces/action/detail
[1.963s] -- Up-to-date: /home/twt4/xxx_ws/install/xicro_interfaces/include/xicro_interfaces/xicro_interfaces/action/detail/toggle__type_support.cpp
[1.964s] -- Up-to-date: /home/twt4/xxx_ws/install/xicro_interfaces/include/xicro_interfaces/xicro_interfaces/action/detail/toggle__rosidl_typesupport_introspection_cpp.hpp
[1.964s] -- Up-to-date: /home/twt4/xxx_ws/install/xicro_interfaces/lib/libxicro_interfaces__rosidl_typesupport_introspection_cpp.so
[1.964s] -- Up-to-date: /home/twt4/xxx_ws/install/xicro_interfaces/lib/libxicro_interfaces__rosidl_typesupport_cpp.so
[1.968s] -- Up-to-date: /home/twt4/xxx_ws/install/xicro_interfaces/share/xicro_interfaces/environment/pythonpath.sh
[1.969s] -- Up-to-date: /home/twt4/xxx_ws/install/xicro_interfaces/share/xicro_interfaces/environment/pythonpath.dsv
[1.969s] -- Up-to-date: /home/twt4/xxx_ws/install/xicro_interfaces/lib/python3.12/site-packages/xicro_interfaces-0.0.0-py3.12.egg-info
[1.969s] -- Installing: /home/twt4/xxx_ws/install/xicro_interfaces/lib/python3.12/site-packages/xicro_interfaces-0.0.0-py3.12.egg-info/dependency_links.txt
[1.969s] -- Installing: /home/twt4/xxx_ws/install/xicro_interfaces/lib/python3.12/site-packages/xicro_interfaces-0.0.0-py3.12.egg-info/PKG-INFO
[1.975s] -- Installing: /home/twt4/xxx_ws/install/xicro_interfaces/lib/python3.12/site-packages/xicro_interfaces-0.0.0-py3.12.egg-info/top_level.txt
[1.975s] -- Installing: /home/twt4/xxx_ws/install/xicro_interfaces/lib/python3.12/site-packages/xicro_interfaces-0.0.0-py3.12.egg-info/SOURCES.txt
[1.979s] -- Up-to-date: /home/twt4/xxx_ws/install/xicro_interfaces/lib/python3.12/site-packages/xicro_interfaces
[1.982s] -- Up-to-date: /home/twt4/xxx_ws/install/xicro_interfaces/lib/python3.12/site-packages/xicro_interfaces/_xicro_interfaces_s.ep.rosidl_typesupport_c.c
[1.982s] -- Up-to-date: /home/twt4/xxx_ws/install/xicro_interfaces/lib/python3.12/site-packages/xicro_interfaces/xicro_interfaces_s__rosidl_typesupport_fastrtps_c.so
[1.983s] -- Up-to-date: /home/twt4/xxx_ws/install/xicro_interfaces/lib/python3.12/site-packages/xicro_interfaces/_xicro_interfaces_s.ep.rosidl_typesupport_fastrtps_c.c
[1.983s] -- Up-to-date: /home/twt4/xxx_ws/install/xicro_interfaces/lib/python3.12/site-packages/xicro_interfaces/action
[1.983s] -- Up-to-date: /home/twt4/xxx_ws/install/xicro_interfaces/lib/python3.12/site-packages/xicro_interfaces/action/_toggle_s.c
[1.983s] -- Up-to-date: /home/twt4/xxx_ws/install/xicro_interfaces/lib/python3.12/site-packages/xicro_interfaces/action/_toggle.py
[1.983s] -- Up-to-date: /home/twt4/xxx_ws/install/xicro_interfaces/lib/python3.12/site-packages/xicro_interfaces/action/__init__.py
[1.983s] -- Up-to-date: /home/twt4/xxx_ws/install/xicro_interfaces/lib/python3.12/site-packages/xicro_interfaces/xicro_interfaces_s__rosidl_typesupport_introspection_c.so
[1.984s] -- Up-to-date: /home/twt4/xxx_ws/install/xicro_interfaces/lib/python3.12/site-packages/xicro_interfaces/_xicro_interfaces_s.ep.rosidl_typesupport_introspection_c.c
[1.984s] -- Up-to-date: /home/twt4/xxx_ws/install/xicro_interfaces/lib/python3.12/site-packages/xicro_interfaces/__init__.py
[1.984s] -- Up-to-date: /home/twt4/xxx_ws/install/xicro_interfaces/lib/python3.12/site-packages/xicro_interfaces/xicro_interfaces_s__rosidl_typesupport_c.so
[2.173s] Listing '/home/twt4/xxx_ws/install/xicro_interfaces/lib/python3.12/site-packages/xicro_interfaces'...
[2.173s] Listing '/home/twt4/xxx_ws/install/xicro_interfaces/lib/python3.12/site-packages/xicro_interfaces/action'...
[2.215s] -- Up-to-date: /home/twt4/xxx_ws/install/xicro_interfaces/lib/python3.12/site-packages/xicro_interfaces/xicro_interfaces_s__rosidl_typesupport_fastrtps_c.so
[2.217s] -- Up-to-date: /home/twt4/xxx_ws/install/xicro_interfaces/lib/python3.12/site-packages/xicro_interfaces/xicro_interfaces_s__rosidl_typesupport_introspection_c.so
[2.219s] -- Up-to-date: /home/twt4/xxx_ws/install/xicro_interfaces/lib/python3.12/site-packages/xicro_interfaces/xicro_interfaces_s__rosidl_typesupport_c.so
[2.221s] -- Up-to-date: /home/twt4/xxx_ws/install/xicro_interfaces/lib/libxicro_interfaces__rosidl_generator_py.so
[2.222s] -- Up-to-date: /home/twt4/xxx_ws/install/xicro_interfaces/share/ament_index/resource_index/rust_packages/xicro_interfaces
[2.223s] -- Up-to-date: /home/twt4/xxx_ws/install/xicro_interfaces/share/xicro_interfaces/rust
[2.224s] -- Up-to-date: /home/twt4/xxx_ws/install/xicro_interfaces/share/xicro_interfaces/rust/build.rs
[2.224s] -- Up-to-date: /home/twt4/xxx_ws/install/xicro_interfaces/share/xicro_interfaces/rust/Cargo.toml
[2.224s] -- Up-to-date: /home/twt4/xxx_ws/install/xicro_interfaces/share/xicro_interfaces/rust/src
[2.225s] -- Up-to-date: /home/twt4/xxx_ws/install/xicro_interfaces/share/xicro_interfaces/rust/src/action
[2.225s] -- Up-to-date: /home/twt4/xxx_ws/install/xicro_interfaces/share/xicro_interfaces/rust/src/action/rmw.rs
[2.225s] -- Up-to-date: /home/twt4/xxx_ws/install/xicro_interfaces/share/xicro_interfaces/rust/src/lib.rs
[2.225s] -- Up-to-date: /home/twt4/xxx_ws/install/xicro_interfaces/share/xicro_interfaces/rust/src/action.rs
[2.225s] -- Up-to-date: /home/twt4/xxx_ws/install/xicro_interfaces/share/xicro_interfaces/action/Toggle.idl
[2.225s] -- Up-to-date: /home/twt4/xxx_ws/install/xicro_interfaces/share/xicro_interfaces/action/Toggle.action
[2.226s] -- Up-to-date: /home/twt4/xxx_ws/install/xicro_interfaces/share/ament_index/resource_index/package_run_dependencies/xicro_interfaces
[2.228s] -- Up-to-date: /home/twt4/xxx_ws/install/xicro_interfaces/share/ament_index/resource_index/parent_prefix_path/xicro_interfaces
[2.229s] -- Up-to-date: /home/twt4/xxx_ws/install/xicro_interfaces/share/xicro_interfaces/environment/ament_prefix_path.sh
[2.229s] -- Up-to-date: /home/twt4/xxx_ws/install/xicro_interfaces/share/xicro_interfaces/environment/ament_prefix_path.dsv
[2.229s] -- Up-to-date: /home/twt4/xxx_ws/install/xicro_interfaces/share/xicro_interfaces/environment/path.sh
[2.232s] -- Up-to-date: /home/twt4/xxx_ws/install/xicro_interfaces/share/xicro_interfaces/environment/path.dsv
[2.233s] -- Up-to-date: /home/twt4/xxx_ws/install/xicro_interfaces/share/xicro_interfaces/local_setup.bash
[2.235s] -- Up-to-date: /home/twt4/xxx_ws/install/xicro_interfaces/share/xicro_interfaces/local_setup.sh
[2.235s] -- Up-to-date: /home/twt4/xxx_ws/install/xicro_interfaces/share/xicro_interfaces/local_setup.zsh
[2.236s] -- Up-to-date: /home/twt4/xxx_ws/install/xicro_interfaces/share/xicro_interfaces/local_setup.dsv
[2.238s] -- Installing: /home/twt4/xxx_ws/install/xicro_interfaces/share/xicro_interfaces/package.dsv
[2.241s] -- Up-to-date: /home/twt4/xxx_ws/install/xicro_interfaces/share/ament_index/resource_index/packages/xicro_interfaces
[2.243s] -- Up-to-date: /home/twt4/xxx_ws/install/xicro_interfaces/share/xicro_interfaces/cmake/export_xicro_interfaces__rosidl_generator_cExport.cmake
[2.244s] -- Up-to-date: /home/twt4/xxx_ws/install/xicro_interfaces/share/xicro_interfaces/cmake/export_xicro_interfaces__rosidl_generator_cExport-noconfig.cmake
[2.244s] -- Up-to-date: /home/twt4/xxx_ws/install/xicro_interfaces/share/xicro_interfaces/cmake/export_xicro_interfaces__rosidl_typesupport_fastrtps_cExport.cmake
[2.245s] -- Up-to-date: /home/twt4/xxx_ws/install/xicro_interfaces/share/xicro_interfaces/cmake/export_xicro_interfaces__rosidl_typesupport_fastrtps_cExport-noconfig.cmake
[2.245s] -- Up-to-date: /home/twt4/xxx_ws/install/xicro_interfaces/share/xicro_interfaces/cmake/xicro_interfaces__rosidl_typesupport_introspection_cExport.cmake
[2.246s] -- Up-to-date: /home/twt4/xxx_ws/install/xicro_interfaces/share/xicro_interfaces/cmake/xicro_interfaces__rosidl_typesupport_introspection_cExport-noconfig.cmake
[2.246s] -- Up-to-date: /home/twt4/xxx_ws/install/xicro_interfaces/share/xicro_interfaces/cmake/xicro_interfaces__rosidl_typesupport_cExport.cmake
[2.247s] -- Up-to-date: /home/twt4/xxx_ws/install/xicro_interfaces/share/xicro_interfaces/cmake/xicro_interfaces__rosidl_typesupport_cExport-noconfig.cmake
[2.247s] -- Up-to-date: /home/twt4/xxx_ws/install/xicro_interfaces/share/xicro_interfaces/cmake/export_xicro_interfaces__rosidl_generator_cppExport.cmake
[2.248s] -- Up-to-date: /home/twt4/xxx_ws/install/xicro_interfaces/share/xicro_interfaces/cmake/export_xicro_interfaces__rosidl_typesupport_fastrtps_cppExport.cmake
[2.248s] -- Up-to-date: /home/twt4/xxx_ws/install/xicro_interfaces/share/xicro_interfaces/cmake/export_xicro_interfaces__rosidl_typesupport_fastrtps_cppExport-noconfig.cmake
[2.249s] -- Up-to-date: /home/twt4/xxx_ws/install/xicro_interfaces/share/xicro_interfaces/cmake/xicro_interfaces__rosidl_typesupport_introspection_cppExport.cmake
[2.249s] -- Up-to-date: /home/twt4/xxx_ws/install/xicro_interfaces/share/xicro_interfaces/cmake/xicro_interfaces__rosidl_typesupport_introspection_cppExport-noconfig.cmake
[2.250s] -- Up-to-date: /home/twt4/xxx_ws/install/xicro_interfaces/share/xicro_interfaces/cmake/xicro_interfaces__rosidl_typesupport_cppExport.cmake
[2.250s] -- Up-to-date: /home/twt4/xxx_ws/install/xicro_interfaces/share/xicro_interfaces/cmake/xicro_interfaces__rosidl_typesupport_cppExport-noconfig.cmake
[2.253s] -- Up-to-date: /home/twt4/xxx_ws/install/xicro_interfaces/share/xicro_interfaces/cmake/export_xicro_interfaces__rosidl_generator_pyExport.cmake
[2.255s] -- Up-to-date: /home/twt4/xxx_ws/install/xicro_interfaces/share/xicro_interfaces/cmake/export_xicro_interfaces__rosidl_generator_pyExport-noconfig.cmake
[2.257s] -- Up-to-date: /home/twt4/xxx_ws/install/xicro_interfaces/share/xicro_interfaces/cmake/rosidl_cmake-extras.cmake
[2.258s] -- Up-to-date: /home/twt4/xxx_ws/install/xicro_interfaces/share/xicro_interfaces/cmake/ament_cmake_export_dependencies-extras.cmake
[2.259s] -- Up-to-date: /home/twt4/xxx_ws/install/xicro_interfaces/share/xicro_interfaces/cmake/ament_cmake_export_include_directories-extras.cmake
[2.259s] -- Up-to-date: /home/twt4/xxx_ws/install/xicro_interfaces/share/xicro_interfaces/cmake/ament_cmake_export_libraries-extras.cmake
[2.260s] -- Up-to-date: /home/twt4/xxx_ws/install/xicro_interfaces/share/xicro_interfaces/cmake/ament_cmake_export_targets-extras.cmake
[2.261s] -- Up-to-date: /home/twt4/xxx_ws/install/xicro_interfaces/share/xicro_interfaces/cmake/rosidl_cmake_export_typesupport_targets-extras.cmake
[2.263s] -- Up-to-date: /home/twt4/xxx_ws/install/xicro_interfaces/share/xicro_interfaces/cmake/rosidl_cmake_export_typesupport_libraries-extras.cmake
[2.265s] -- Up-to-date: /home/twt4/xxx_ws/install/xicro_interfaces/share/xicro_interfaces/cmake/xicro_interfacesConfig.cmake
[2.265s] -- Up-to-date: /home/twt4/xxx_ws/install/xicro_interfaces/share/xicro_interfaces/cmake/xicro_interfacesConfig-version.cmake
[2.266s] -- Up-to-date: /home/twt4/xxx_ws/install/xicro_interfaces/share/xicro_interfaces/package.xml
[2.276s] Invoked command in '/home/twt4/xxx_ws/build/xicro_interfaces' returned '0': CMAKE_PREFIX_PATH=${CMAKE_PREFIX_PATH}:/home/twt4/ros2_modules/install/ntrip_client:/home/twt4/ros2_modules/install/nmea_navsat_driver:/home/twt4/ros2_modules/install/handsfree_ros2_imu:/home/twt4/turtlebot3_ws/install/turtlebot3_teleop:/home/twt4/turtlebot3_ws/install/turtlebot3_example:/home/twt4/ros2_ws/install/twt_fuse:/opt/ros/jazzy DEBUGINFOD_URLS=https://debuginfod.ubuntu.com /usr/bin/cmake --install /home/twt4/xxx_ws/build/xicro_interfaces
