[0.033s] Invoking command in '/home/twt4/xxx_ws/build/xicro_pkg': CMAKE_PREFIX_PATH=${CMAKE_PREFIX_PATH}:/home/twt4/ros2_modules/install/ntrip_client:/home/twt4/ros2_modules/install/nmea_navsat_driver:/home/twt4/ros2_modules/install/handsfree_ros2_imu:/home/twt4/turtlebot3_ws/install/turtlebot3_teleop:/home/twt4/turtlebot3_ws/install/turtlebot3_example:/home/twt4/ros2_ws/install/twt_fuse:/opt/ros/jazzy DEBUGINFOD_URLS=https://debuginfod.ubuntu.com /usr/bin/cmake --build /home/twt4/xxx_ws/build/xicro_pkg -- -j4 -l4
[0.092s] -- Found ament_cmake: 2.5.6 (/opt/ros/jazzy/share/ament_cmake/cmake)
[0.892s] -- Found rclcpp: 28.1.18 (/opt/ros/jazzy/share/rclcpp/cmake)
[0.932s] -- Found rosidl_generator_c: 4.6.7 (/opt/ros/jazzy/share/rosidl_generator_c/cmake)
[0.945s] -- Found rosidl_generator_cpp: 4.6.7 (/opt/ros/jazzy/share/rosidl_generator_cpp/cmake)
[0.963s] -- Using all available rosidl_typesupport_c: rosidl_typesupport_fastrtps_c;rosidl_typesupport_introspection_c
[0.991s] -- Using all available rosidl_typesupport_cpp: rosidl_typesupport_fastrtps_cpp;rosidl_typesupport_introspection_cpp
[1.081s] -- Found rmw_implementation_cmake: 7.3.3 (/opt/ros/jazzy/share/rmw_implementation_cmake/cmake)
[1.088s] -- Found rmw_fastrtps_cpp: 8.4.3 (/opt/ros/jazzy/share/rmw_fastrtps_cpp/cmake)
[1.200s] -- Using RMW implementation 'rmw_fastrtps_cpp' as default
[1.347s] -- Found rclpy: 7.1.11 (/opt/ros/jazzy/share/rclpy/cmake)
[1.348s] -- Found rosidl_default_generators: 1.6.0 (/opt/ros/jazzy/share/rosidl_default_generators/cmake)
[1.376s] -- Found rosidl_adapter: 4.6.7 (/opt/ros/jazzy/share/rosidl_adapter/cmake)
[1.802s] -- Configuring done (1.7s)
[1.812s] -- Generating done (0.0s)
[1.819s] -- Build files have been written to: /home/twt4/xxx_ws/build/xicro_pkg
[1.923s] Built target ament_cmake_python_copy_xicro_pkg
[2.321s] running egg_info
[2.357s] writing xicro_pkg.egg-info/PKG-INFO
[2.357s] writing dependency_links to xicro_pkg.egg-info/dependency_links.txt
[2.359s] writing top-level names to xicro_pkg.egg-info/top_level.txt
[2.472s] reading manifest file 'xicro_pkg.egg-info/SOURCES.txt'
[2.473s] writing manifest file 'xicro_pkg.egg-info/SOURCES.txt'
[2.557s] Built target ament_cmake_python_build_xicro_pkg_egg
[2.583s] Invoked command in '/home/twt4/xxx_ws/build/xicro_pkg' returned '0': CMAKE_PREFIX_PATH=${CMAKE_PREFIX_PATH}:/home/twt4/ros2_modules/install/ntrip_client:/home/twt4/ros2_modules/install/nmea_navsat_driver:/home/twt4/ros2_modules/install/handsfree_ros2_imu:/home/twt4/turtlebot3_ws/install/turtlebot3_teleop:/home/twt4/turtlebot3_ws/install/turtlebot3_example:/home/twt4/ros2_ws/install/twt_fuse:/opt/ros/jazzy DEBUGINFOD_URLS=https://debuginfod.ubuntu.com /usr/bin/cmake --build /home/twt4/xxx_ws/build/xicro_pkg -- -j4 -l4
[2.590s] Invoking command in '/home/twt4/xxx_ws/build/xicro_pkg': CMAKE_PREFIX_PATH=${CMAKE_PREFIX_PATH}:/home/twt4/ros2_modules/install/ntrip_client:/home/twt4/ros2_modules/install/nmea_navsat_driver:/home/twt4/ros2_modules/install/handsfree_ros2_imu:/home/twt4/turtlebot3_ws/install/turtlebot3_teleop:/home/twt4/turtlebot3_ws/install/turtlebot3_example:/home/twt4/ros2_ws/install/twt_fuse:/opt/ros/jazzy DEBUGINFOD_URLS=https://debuginfod.ubuntu.com /usr/bin/cmake --install /home/twt4/xxx_ws/build/xicro_pkg
[2.610s] -- Install configuration: ""
[2.610s] -- Up-to-date: /home/twt4/xxx_ws/install/xicro_pkg/share/xicro_pkg/environment/pythonpath.sh
[2.610s] -- Up-to-date: /home/twt4/xxx_ws/install/xicro_pkg/share/xicro_pkg/environment/pythonpath.dsv
[2.610s] -- Up-to-date: /home/twt4/xxx_ws/install/xicro_pkg/lib/python3.12/site-packages/xicro_pkg-0.0.0-py3.12.egg-info
[2.610s] -- Installing: /home/twt4/xxx_ws/install/xicro_pkg/lib/python3.12/site-packages/xicro_pkg-0.0.0-py3.12.egg-info/dependency_links.txt
[2.611s] -- Installing: /home/twt4/xxx_ws/install/xicro_pkg/lib/python3.12/site-packages/xicro_pkg-0.0.0-py3.12.egg-info/PKG-INFO
[2.611s] -- Installing: /home/twt4/xxx_ws/install/xicro_pkg/lib/python3.12/site-packages/xicro_pkg-0.0.0-py3.12.egg-info/top_level.txt
[2.611s] -- Installing: /home/twt4/xxx_ws/install/xicro_pkg/lib/python3.12/site-packages/xicro_pkg-0.0.0-py3.12.egg-info/SOURCES.txt
[2.611s] -- Up-to-date: /home/twt4/xxx_ws/install/xicro_pkg/lib/python3.12/site-packages/xicro_pkg
[2.611s] -- Up-to-date: /home/twt4/xxx_ws/install/xicro_pkg/lib/python3.12/site-packages/xicro_pkg/__init__.py
[2.672s] Listing '/home/twt4/xxx_ws/install/xicro_pkg/lib/python3.12/site-packages/xicro_pkg'...
[2.688s] -- Up-to-date: /home/twt4/xxx_ws/install/xicro_pkg/lib/xicro_pkg/generate_library.py
[2.689s] -- Up-to-date: /home/twt4/xxx_ws/install/xicro_pkg/lib/xicro_pkg/generate_library_twt.py
[2.690s] -- Up-to-date: /home/twt4/xxx_ws/install/xicro_pkg/lib/xicro_pkg/generate_library_ctl.py
[2.691s] -- Up-to-date: /home/twt4/xxx_ws/install/xicro_pkg/lib/xicro_pkg/generate_xicro_node.py
[2.692s] -- Up-to-date: /home/twt4/xxx_ws/install/xicro_pkg/lib/xicro_pkg/generate_xicro_node_twt.py
[2.692s] -- Up-to-date: /home/twt4/xxx_ws/install/xicro_pkg/lib/xicro_pkg/generate_xicro_node_ctl.py
[2.692s] -- Up-to-date: /home/twt4/xxx_ws/install/xicro_pkg/lib/xicro_pkg/xicro_node_twt_ID_1_arduino.py
[2.692s] -- Up-to-date: /home/twt4/xxx_ws/install/xicro_pkg/lib/xicro_pkg/xicro_node_xxx_ID_1_arduino.py
[2.692s] -- Up-to-date: /home/twt4/xxx_ws/install/xicro_pkg/lib/xicro_pkg/xicro_node_rcv_ID_2_arduino.py
[2.692s] -- Up-to-date: /home/twt4/xxx_ws/install/xicro_pkg/lib/xicro_pkg/xicro_node_ctl_ID_1_arduino.py
[2.693s] -- Up-to-date: /home/twt4/xxx_ws/install/xicro_pkg/share/xicro_pkg/config
[2.693s] -- Up-to-date: /home/twt4/xxx_ws/install/xicro_pkg/share/xicro_pkg/config/setup_xicro_ctl.yaml
[2.693s] -- Up-to-date: /home/twt4/xxx_ws/install/xicro_pkg/share/xicro_pkg/config/.Xicro_node_preSetup.xicro
[2.693s] -- Up-to-date: /home/twt4/xxx_ws/install/xicro_pkg/share/xicro_pkg/config/.library_cpp_preSetup.xicro
[2.693s] -- Up-to-date: /home/twt4/xxx_ws/install/xicro_pkg/share/xicro_pkg/config/setup_xicro2.yaml
[2.693s] -- Up-to-date: /home/twt4/xxx_ws/install/xicro_pkg/share/xicro_pkg/config/setup_xicro_twt.yaml
[2.694s] -- Up-to-date: /home/twt4/xxx_ws/install/xicro_pkg/share/xicro_pkg/config/.library_h_preSetup.xicro
[2.694s] -- Up-to-date: /home/twt4/xxx_ws/install/xicro_pkg/share/xicro_pkg/config/setup_xicro3.yaml
[2.694s] -- Up-to-date: /home/twt4/xxx_ws/install/xicro_pkg/share/xicro_pkg/config/setup_xicro.yaml
[2.694s] -- Installing: /home/twt4/xxx_ws/install/xicro_pkg/share/ament_index/resource_index/package_run_dependencies/xicro_pkg
[2.694s] -- Up-to-date: /home/twt4/xxx_ws/install/xicro_pkg/share/ament_index/resource_index/parent_prefix_path/xicro_pkg
[2.694s] -- Up-to-date: /home/twt4/xxx_ws/install/xicro_pkg/share/xicro_pkg/environment/ament_prefix_path.sh
[2.694s] -- Up-to-date: /home/twt4/xxx_ws/install/xicro_pkg/share/xicro_pkg/environment/ament_prefix_path.dsv
[2.694s] -- Up-to-date: /home/twt4/xxx_ws/install/xicro_pkg/share/xicro_pkg/environment/path.sh
[2.694s] -- Up-to-date: /home/twt4/xxx_ws/install/xicro_pkg/share/xicro_pkg/environment/path.dsv
[2.694s] -- Up-to-date: /home/twt4/xxx_ws/install/xicro_pkg/share/xicro_pkg/local_setup.bash
[2.695s] -- Up-to-date: /home/twt4/xxx_ws/install/xicro_pkg/share/xicro_pkg/local_setup.sh
[2.695s] -- Up-to-date: /home/twt4/xxx_ws/install/xicro_pkg/share/xicro_pkg/local_setup.zsh
[2.695s] -- Up-to-date: /home/twt4/xxx_ws/install/xicro_pkg/share/xicro_pkg/local_setup.dsv
[2.695s] -- Installing: /home/twt4/xxx_ws/install/xicro_pkg/share/xicro_pkg/package.dsv
[2.695s] -- Up-to-date: /home/twt4/xxx_ws/install/xicro_pkg/share/ament_index/resource_index/packages/xicro_pkg
[2.695s] -- Up-to-date: /home/twt4/xxx_ws/install/xicro_pkg/share/xicro_pkg/cmake/xicro_pkgConfig.cmake
[2.695s] -- Up-to-date: /home/twt4/xxx_ws/install/xicro_pkg/share/xicro_pkg/cmake/xicro_pkgConfig-version.cmake
[2.695s] -- Installing: /home/twt4/xxx_ws/install/xicro_pkg/share/xicro_pkg/package.xml
[2.697s] Invoked command in '/home/twt4/xxx_ws/build/xicro_pkg' returned '0': CMAKE_PREFIX_PATH=${CMAKE_PREFIX_PATH}:/home/twt4/ros2_modules/install/ntrip_client:/home/twt4/ros2_modules/install/nmea_navsat_driver:/home/twt4/ros2_modules/install/handsfree_ros2_imu:/home/twt4/turtlebot3_ws/install/turtlebot3_teleop:/home/twt4/turtlebot3_ws/install/turtlebot3_example:/home/twt4/ros2_ws/install/twt_fuse:/opt/ros/jazzy DEBUGINFOD_URLS=https://debuginfod.ubuntu.com /usr/bin/cmake --install /home/twt4/xxx_ws/build/xicro_pkg
