[  2%] Built target xicro_pkg__rs
[  5%] Built target xicro_pkg__rosidl_generator_type_description
[  5%] Built target ament_cmake_python_copy_xicro_pkg
[ 20%] Built target xicro_pkg__rosidl_generator_c
[ 22%] Built target xicro_pkg__cpp
[ 31%] Built target xicro_pkg__rosidl_typesupport_c
[ 40%] Built target xicro_pkg__rosidl_typesupport_introspection_c
[ 48%] Built target xicro_pkg__rosidl_typesupport_fastrtps_c
[ 57%] Built target xicro_pkg__rosidl_typesupport_fastrtps_cpp
[ 65%] Built target xicro_pkg__rosidl_typesupport_cpp
[ 74%] Built target xicro_pkg__rosidl_typesupport_introspection_cpp
[ 74%] Built target xicro_pkg
[ 77%] Built target xicro_pkg__py
[ 82%] Built target xicro_pkg__rosidl_generator_py
[ 94%] Built target xicro_pkg_s__rosidl_typesupport_fastrtps_c
[100%] Built target xicro_pkg_s__rosidl_typesupport_c
[100%] Built target xicro_pkg_s__rosidl_typesupport_introspection_c
running egg_info
writing xicro_pkg.egg-info/PKG-INFO
writing dependency_links to xicro_pkg.egg-info/dependency_links.txt
writing top-level names to xicro_pkg.egg-info/top_level.txt
reading manifest file 'xicro_pkg.egg-info/SOURCES.txt'
writing manifest file 'xicro_pkg.egg-info/SOURCES.txt'
[100%] Built target ament_cmake_python_build_xicro_pkg_egg
-- Install configuration: ""
-- Up-to-date: /home/twt4/xxx_ws/install/xicro_pkg/share/ament_index/resource_index/rosidl_interfaces/xicro_pkg
-- Up-to-date: /home/twt4/xxx_ws/install/xicro_pkg/share/xicro_pkg/msg/Pulsa.json
-- Up-to-date: /home/twt4/xxx_ws/install/xicro_pkg/include/xicro_pkg/xicro_pkg
-- Up-to-date: /home/twt4/xxx_ws/install/xicro_pkg/include/xicro_pkg/xicro_pkg/msg
-- Up-to-date: /home/twt4/xxx_ws/install/xicro_pkg/include/xicro_pkg/xicro_pkg/msg/rosidl_generator_c__visibility_control.h
-- Up-to-date: /home/twt4/xxx_ws/install/xicro_pkg/include/xicro_pkg/xicro_pkg/msg/pulsa.h
-- Up-to-date: /home/twt4/xxx_ws/install/xicro_pkg/include/xicro_pkg/xicro_pkg/msg/detail
-- Up-to-date: /home/twt4/xxx_ws/install/xicro_pkg/include/xicro_pkg/xicro_pkg/msg/detail/pulsa__description.c
-- Up-to-date: /home/twt4/xxx_ws/install/xicro_pkg/include/xicro_pkg/xicro_pkg/msg/detail/pulsa__struct.h
-- Installing: /home/twt4/xxx_ws/install/xicro_pkg/include/xicro_pkg/xicro_pkg/msg/detail/pulsa__type_support.c
-- Up-to-date: /home/twt4/xxx_ws/install/xicro_pkg/include/xicro_pkg/xicro_pkg/msg/detail/pulsa__functions.c
-- Up-to-date: /home/twt4/xxx_ws/install/xicro_pkg/include/xicro_pkg/xicro_pkg/msg/detail/pulsa__functions.h
-- Up-to-date: /home/twt4/xxx_ws/install/xicro_pkg/include/xicro_pkg/xicro_pkg/msg/detail/pulsa__type_support.h
-- Up-to-date: /home/twt4/xxx_ws/install/xicro_pkg/share/xicro_pkg/environment/library_path.sh
-- Up-to-date: /home/twt4/xxx_ws/install/xicro_pkg/share/xicro_pkg/environment/library_path.dsv
-- Up-to-date: /home/twt4/xxx_ws/install/xicro_pkg/lib/libxicro_pkg__rosidl_generator_c.so
-- Up-to-date: /home/twt4/xxx_ws/install/xicro_pkg/include/xicro_pkg/xicro_pkg
-- Up-to-date: /home/twt4/xxx_ws/install/xicro_pkg/include/xicro_pkg/xicro_pkg/msg
-- Up-to-date: /home/twt4/xxx_ws/install/xicro_pkg/include/xicro_pkg/xicro_pkg/msg/rosidl_typesupport_fastrtps_c__visibility_control.h
-- Up-to-date: /home/twt4/xxx_ws/install/xicro_pkg/include/xicro_pkg/xicro_pkg/msg/detail
-- Up-to-date: /home/twt4/xxx_ws/install/xicro_pkg/include/xicro_pkg/xicro_pkg/msg/detail/pulsa__rosidl_typesupport_fastrtps_c.h
-- Up-to-date: /home/twt4/xxx_ws/install/xicro_pkg/lib/libxicro_pkg__rosidl_typesupport_fastrtps_c.so
-- Up-to-date: /home/twt4/xxx_ws/install/xicro_pkg/include/xicro_pkg/xicro_pkg
-- Up-to-date: /home/twt4/xxx_ws/install/xicro_pkg/include/xicro_pkg/xicro_pkg/msg
-- Up-to-date: /home/twt4/xxx_ws/install/xicro_pkg/include/xicro_pkg/xicro_pkg/msg/pulsa.hpp
-- Up-to-date: /home/twt4/xxx_ws/install/xicro_pkg/include/xicro_pkg/xicro_pkg/msg/detail
-- Up-to-date: /home/twt4/xxx_ws/install/xicro_pkg/include/xicro_pkg/xicro_pkg/msg/detail/pulsa__type_support.hpp
-- Up-to-date: /home/twt4/xxx_ws/install/xicro_pkg/include/xicro_pkg/xicro_pkg/msg/detail/pulsa__struct.hpp
-- Up-to-date: /home/twt4/xxx_ws/install/xicro_pkg/include/xicro_pkg/xicro_pkg/msg/detail/pulsa__builder.hpp
-- Up-to-date: /home/twt4/xxx_ws/install/xicro_pkg/include/xicro_pkg/xicro_pkg/msg/detail/pulsa__traits.hpp
-- Up-to-date: /home/twt4/xxx_ws/install/xicro_pkg/include/xicro_pkg/xicro_pkg/msg/rosidl_generator_cpp__visibility_control.hpp
-- Up-to-date: /home/twt4/xxx_ws/install/xicro_pkg/include/xicro_pkg/xicro_pkg
-- Up-to-date: /home/twt4/xxx_ws/install/xicro_pkg/include/xicro_pkg/xicro_pkg/msg
-- Up-to-date: /home/twt4/xxx_ws/install/xicro_pkg/include/xicro_pkg/xicro_pkg/msg/detail
-- Up-to-date: /home/twt4/xxx_ws/install/xicro_pkg/include/xicro_pkg/xicro_pkg/msg/detail/dds_fastrtps
-- Up-to-date: /home/twt4/xxx_ws/install/xicro_pkg/include/xicro_pkg/xicro_pkg/msg/detail/pulsa__rosidl_typesupport_fastrtps_cpp.hpp
-- Up-to-date: /home/twt4/xxx_ws/install/xicro_pkg/include/xicro_pkg/xicro_pkg/msg/rosidl_typesupport_fastrtps_cpp__visibility_control.h
-- Up-to-date: /home/twt4/xxx_ws/install/xicro_pkg/lib/libxicro_pkg__rosidl_typesupport_fastrtps_cpp.so
-- Up-to-date: /home/twt4/xxx_ws/install/xicro_pkg/include/xicro_pkg/xicro_pkg
-- Up-to-date: /home/twt4/xxx_ws/install/xicro_pkg/include/xicro_pkg/xicro_pkg/msg
-- Up-to-date: /home/twt4/xxx_ws/install/xicro_pkg/include/xicro_pkg/xicro_pkg/msg/detail
-- Installing: /home/twt4/xxx_ws/install/xicro_pkg/include/xicro_pkg/xicro_pkg/msg/detail/pulsa__type_support.c
-- Up-to-date: /home/twt4/xxx_ws/install/xicro_pkg/include/xicro_pkg/xicro_pkg/msg/detail/pulsa__rosidl_typesupport_introspection_c.h
-- Up-to-date: /home/twt4/xxx_ws/install/xicro_pkg/include/xicro_pkg/xicro_pkg/msg/rosidl_typesupport_introspection_c__visibility_control.h
-- Up-to-date: /home/twt4/xxx_ws/install/xicro_pkg/lib/libxicro_pkg__rosidl_typesupport_introspection_c.so
-- Up-to-date: /home/twt4/xxx_ws/install/xicro_pkg/lib/libxicro_pkg__rosidl_typesupport_c.so
-- Up-to-date: /home/twt4/xxx_ws/install/xicro_pkg/include/xicro_pkg/xicro_pkg
-- Up-to-date: /home/twt4/xxx_ws/install/xicro_pkg/include/xicro_pkg/xicro_pkg/msg
-- Up-to-date: /home/twt4/xxx_ws/install/xicro_pkg/include/xicro_pkg/xicro_pkg/msg/detail
-- Up-to-date: /home/twt4/xxx_ws/install/xicro_pkg/include/xicro_pkg/xicro_pkg/msg/detail/pulsa__type_support.cpp
-- Up-to-date: /home/twt4/xxx_ws/install/xicro_pkg/include/xicro_pkg/xicro_pkg/msg/detail/pulsa__rosidl_typesupport_introspection_cpp.hpp
-- Up-to-date: /home/twt4/xxx_ws/install/xicro_pkg/lib/libxicro_pkg__rosidl_typesupport_introspection_cpp.so
-- Up-to-date: /home/twt4/xxx_ws/install/xicro_pkg/lib/libxicro_pkg__rosidl_typesupport_cpp.so
-- Up-to-date: /home/twt4/xxx_ws/install/xicro_pkg/share/xicro_pkg/environment/pythonpath.sh
-- Up-to-date: /home/twt4/xxx_ws/install/xicro_pkg/share/xicro_pkg/environment/pythonpath.dsv
-- Up-to-date: /home/twt4/xxx_ws/install/xicro_pkg/lib/python3.12/site-packages/xicro_pkg-0.0.0-py3.12.egg-info
-- Installing: /home/twt4/xxx_ws/install/xicro_pkg/lib/python3.12/site-packages/xicro_pkg-0.0.0-py3.12.egg-info/dependency_links.txt
-- Installing: /home/twt4/xxx_ws/install/xicro_pkg/lib/python3.12/site-packages/xicro_pkg-0.0.0-py3.12.egg-info/PKG-INFO
-- Installing: /home/twt4/xxx_ws/install/xicro_pkg/lib/python3.12/site-packages/xicro_pkg-0.0.0-py3.12.egg-info/top_level.txt
-- Installing: /home/twt4/xxx_ws/install/xicro_pkg/lib/python3.12/site-packages/xicro_pkg-0.0.0-py3.12.egg-info/SOURCES.txt
-- Up-to-date: /home/twt4/xxx_ws/install/xicro_pkg/lib/python3.12/site-packages/xicro_pkg
-- Up-to-date: /home/twt4/xxx_ws/install/xicro_pkg/lib/python3.12/site-packages/xicro_pkg/_xicro_pkg_s.ep.rosidl_typesupport_fastrtps_c.c
-- Up-to-date: /home/twt4/xxx_ws/install/xicro_pkg/lib/python3.12/site-packages/xicro_pkg/_xicro_pkg_s.ep.rosidl_typesupport_c.c
-- Up-to-date: /home/twt4/xxx_ws/install/xicro_pkg/lib/python3.12/site-packages/xicro_pkg/_xicro_pkg_s.ep.rosidl_typesupport_introspection_c.c
-- Up-to-date: /home/twt4/xxx_ws/install/xicro_pkg/lib/python3.12/site-packages/xicro_pkg/xicro_pkg_s__rosidl_typesupport_c.so
-- Up-to-date: /home/twt4/xxx_ws/install/xicro_pkg/lib/python3.12/site-packages/xicro_pkg/xicro_pkg_s__rosidl_typesupport_introspection_c.so
-- Up-to-date: /home/twt4/xxx_ws/install/xicro_pkg/lib/python3.12/site-packages/xicro_pkg/__init__.py
-- Up-to-date: /home/twt4/xxx_ws/install/xicro_pkg/lib/python3.12/site-packages/xicro_pkg/msg
-- Up-to-date: /home/twt4/xxx_ws/install/xicro_pkg/lib/python3.12/site-packages/xicro_pkg/msg/_pulsa_s.c
-- Up-to-date: /home/twt4/xxx_ws/install/xicro_pkg/lib/python3.12/site-packages/xicro_pkg/msg/__init__.py
-- Up-to-date: /home/twt4/xxx_ws/install/xicro_pkg/lib/python3.12/site-packages/xicro_pkg/msg/_pulsa.py
-- Up-to-date: /home/twt4/xxx_ws/install/xicro_pkg/lib/python3.12/site-packages/xicro_pkg/xicro_pkg_s__rosidl_typesupport_fastrtps_c.so
Listing '/home/twt4/xxx_ws/install/xicro_pkg/lib/python3.12/site-packages/xicro_pkg'...
Listing '/home/twt4/xxx_ws/install/xicro_pkg/lib/python3.12/site-packages/xicro_pkg/msg'...
-- Up-to-date: /home/twt4/xxx_ws/install/xicro_pkg/lib/python3.12/site-packages/xicro_pkg/xicro_pkg_s__rosidl_typesupport_fastrtps_c.so
-- Up-to-date: /home/twt4/xxx_ws/install/xicro_pkg/lib/python3.12/site-packages/xicro_pkg/xicro_pkg_s__rosidl_typesupport_introspection_c.so
-- Up-to-date: /home/twt4/xxx_ws/install/xicro_pkg/lib/python3.12/site-packages/xicro_pkg/xicro_pkg_s__rosidl_typesupport_c.so
-- Up-to-date: /home/twt4/xxx_ws/install/xicro_pkg/lib/libxicro_pkg__rosidl_generator_py.so
-- Up-to-date: /home/twt4/xxx_ws/install/xicro_pkg/share/ament_index/resource_index/rust_packages/xicro_pkg
-- Up-to-date: /home/twt4/xxx_ws/install/xicro_pkg/share/xicro_pkg/rust
-- Up-to-date: /home/twt4/xxx_ws/install/xicro_pkg/share/xicro_pkg/rust/build.rs
-- Up-to-date: /home/twt4/xxx_ws/install/xicro_pkg/share/xicro_pkg/rust/Cargo.toml
-- Up-to-date: /home/twt4/xxx_ws/install/xicro_pkg/share/xicro_pkg/rust/src
-- Up-to-date: /home/twt4/xxx_ws/install/xicro_pkg/share/xicro_pkg/rust/src/msg.rs
-- Up-to-date: /home/twt4/xxx_ws/install/xicro_pkg/share/xicro_pkg/rust/src/lib.rs
-- Up-to-date: /home/twt4/xxx_ws/install/xicro_pkg/share/xicro_pkg/rust/src/msg
-- Up-to-date: /home/twt4/xxx_ws/install/xicro_pkg/share/xicro_pkg/rust/src/msg/rmw.rs
-- Up-to-date: /home/twt4/xxx_ws/install/xicro_pkg/share/xicro_pkg/msg/Pulsa.idl
-- Up-to-date: /home/twt4/xxx_ws/install/xicro_pkg/share/xicro_pkg/msg/Pulsa.msg
-- Up-to-date: /home/twt4/xxx_ws/install/xicro_pkg/lib/xicro_pkg/generate_library.py
-- Up-to-date: /home/twt4/xxx_ws/install/xicro_pkg/lib/xicro_pkg/generate_library_twt.py
-- Up-to-date: /home/twt4/xxx_ws/install/xicro_pkg/lib/xicro_pkg/generate_library_pulse.py
-- Up-to-date: /home/twt4/xxx_ws/install/xicro_pkg/lib/xicro_pkg/generate_library_ctl.py
-- Up-to-date: /home/twt4/xxx_ws/install/xicro_pkg/lib/xicro_pkg/generate_xicro_node.py
-- Up-to-date: /home/twt4/xxx_ws/install/xicro_pkg/lib/xicro_pkg/generate_xicro_node_twt.py
-- Up-to-date: /home/twt4/xxx_ws/install/xicro_pkg/lib/xicro_pkg/generate_xicro_node_ctl.py
-- Up-to-date: /home/twt4/xxx_ws/install/xicro_pkg/lib/xicro_pkg/xicro_node_twt_ID_1_arduino.py
-- Up-to-date: /home/twt4/xxx_ws/install/xicro_pkg/lib/xicro_pkg/xicro_node_xxx_ID_1_arduino.py
-- Up-to-date: /home/twt4/xxx_ws/install/xicro_pkg/lib/xicro_pkg/xicro_node_rcv_ID_2_arduino.py
-- Up-to-date: /home/twt4/xxx_ws/install/xicro_pkg/lib/xicro_pkg/xicro_node_ctl_ID_1_arduino.py
-- Up-to-date: /home/twt4/xxx_ws/install/xicro_pkg/share/xicro_pkg/msg
-- Up-to-date: /home/twt4/xxx_ws/install/xicro_pkg/share/xicro_pkg/msg/Pulsa.msg
-- Installing: /home/twt4/xxx_ws/install/xicro_pkg/share/xicro_pkg/launch
-- Up-to-date: /home/twt4/xxx_ws/install/xicro_pkg/share/xicro_pkg/config
-- Up-to-date: /home/twt4/xxx_ws/install/xicro_pkg/share/xicro_pkg/config/setup_xicro_ctl.yaml
-- Up-to-date: /home/twt4/xxx_ws/install/xicro_pkg/share/xicro_pkg/config/setup_xicro_pulse.yaml
-- Up-to-date: /home/twt4/xxx_ws/install/xicro_pkg/share/xicro_pkg/config/.Xicro_node_preSetup.xicro
-- Up-to-date: /home/twt4/xxx_ws/install/xicro_pkg/share/xicro_pkg/config/.library_cpp_preSetup.xicro
-- Up-to-date: /home/twt4/xxx_ws/install/xicro_pkg/share/xicro_pkg/config/setup_xicro2.yaml
-- Up-to-date: /home/twt4/xxx_ws/install/xicro_pkg/share/xicro_pkg/config/setup_xicro_twt.yaml
-- Up-to-date: /home/twt4/xxx_ws/install/xicro_pkg/share/xicro_pkg/config/.library_h_preSetup.xicro
-- Up-to-date: /home/twt4/xxx_ws/install/xicro_pkg/share/xicro_pkg/config/setup_xicro3.yaml
-- Up-to-date: /home/twt4/xxx_ws/install/xicro_pkg/share/xicro_pkg/config/setup_xicro.yaml
-- Up-to-date: /home/twt4/xxx_ws/install/xicro_pkg/share/ament_index/resource_index/package_run_dependencies/xicro_pkg
-- Installing: /home/twt4/xxx_ws/install/xicro_pkg/share/ament_index/resource_index/parent_prefix_path/xicro_pkg
-- Up-to-date: /home/twt4/xxx_ws/install/xicro_pkg/share/xicro_pkg/environment/ament_prefix_path.sh
-- Up-to-date: /home/twt4/xxx_ws/install/xicro_pkg/share/xicro_pkg/environment/ament_prefix_path.dsv
-- Up-to-date: /home/twt4/xxx_ws/install/xicro_pkg/share/xicro_pkg/environment/path.sh
-- Up-to-date: /home/twt4/xxx_ws/install/xicro_pkg/share/xicro_pkg/environment/path.dsv
-- Up-to-date: /home/twt4/xxx_ws/install/xicro_pkg/share/xicro_pkg/local_setup.bash
-- Up-to-date: /home/twt4/xxx_ws/install/xicro_pkg/share/xicro_pkg/local_setup.sh
-- Up-to-date: /home/twt4/xxx_ws/install/xicro_pkg/share/xicro_pkg/local_setup.zsh
-- Up-to-date: /home/twt4/xxx_ws/install/xicro_pkg/share/xicro_pkg/local_setup.dsv
-- Installing: /home/twt4/xxx_ws/install/xicro_pkg/share/xicro_pkg/package.dsv
-- Up-to-date: /home/twt4/xxx_ws/install/xicro_pkg/share/ament_index/resource_index/packages/xicro_pkg
-- Up-to-date: /home/twt4/xxx_ws/install/xicro_pkg/share/xicro_pkg/cmake/export_xicro_pkg__rosidl_generator_cExport.cmake
-- Up-to-date: /home/twt4/xxx_ws/install/xicro_pkg/share/xicro_pkg/cmake/export_xicro_pkg__rosidl_generator_cExport-noconfig.cmake
-- Up-to-date: /home/twt4/xxx_ws/install/xicro_pkg/share/xicro_pkg/cmake/export_xicro_pkg__rosidl_typesupport_fastrtps_cExport.cmake
-- Up-to-date: /home/twt4/xxx_ws/install/xicro_pkg/share/xicro_pkg/cmake/export_xicro_pkg__rosidl_typesupport_fastrtps_cExport-noconfig.cmake
-- Up-to-date: /home/twt4/xxx_ws/install/xicro_pkg/share/xicro_pkg/cmake/export_xicro_pkg__rosidl_generator_cppExport.cmake
-- Up-to-date: /home/twt4/xxx_ws/install/xicro_pkg/share/xicro_pkg/cmake/export_xicro_pkg__rosidl_typesupport_fastrtps_cppExport.cmake
-- Up-to-date: /home/twt4/xxx_ws/install/xicro_pkg/share/xicro_pkg/cmake/export_xicro_pkg__rosidl_typesupport_fastrtps_cppExport-noconfig.cmake
-- Up-to-date: /home/twt4/xxx_ws/install/xicro_pkg/share/xicro_pkg/cmake/xicro_pkg__rosidl_typesupport_introspection_cExport.cmake
-- Up-to-date: /home/twt4/xxx_ws/install/xicro_pkg/share/xicro_pkg/cmake/xicro_pkg__rosidl_typesupport_introspection_cExport-noconfig.cmake
-- Up-to-date: /home/twt4/xxx_ws/install/xicro_pkg/share/xicro_pkg/cmake/xicro_pkg__rosidl_typesupport_cExport.cmake
-- Up-to-date: /home/twt4/xxx_ws/install/xicro_pkg/share/xicro_pkg/cmake/xicro_pkg__rosidl_typesupport_cExport-noconfig.cmake
-- Up-to-date: /home/twt4/xxx_ws/install/xicro_pkg/share/xicro_pkg/cmake/xicro_pkg__rosidl_typesupport_introspection_cppExport.cmake
-- Up-to-date: /home/twt4/xxx_ws/install/xicro_pkg/share/xicro_pkg/cmake/xicro_pkg__rosidl_typesupport_introspection_cppExport-noconfig.cmake
-- Up-to-date: /home/twt4/xxx_ws/install/xicro_pkg/share/xicro_pkg/cmake/xicro_pkg__rosidl_typesupport_cppExport.cmake
-- Up-to-date: /home/twt4/xxx_ws/install/xicro_pkg/share/xicro_pkg/cmake/xicro_pkg__rosidl_typesupport_cppExport-noconfig.cmake
-- Up-to-date: /home/twt4/xxx_ws/install/xicro_pkg/share/xicro_pkg/cmake/export_xicro_pkg__rosidl_generator_pyExport.cmake
-- Up-to-date: /home/twt4/xxx_ws/install/xicro_pkg/share/xicro_pkg/cmake/export_xicro_pkg__rosidl_generator_pyExport-noconfig.cmake
-- Up-to-date: /home/twt4/xxx_ws/install/xicro_pkg/share/xicro_pkg/cmake/rosidl_cmake-extras.cmake
-- Up-to-date: /home/twt4/xxx_ws/install/xicro_pkg/share/xicro_pkg/cmake/ament_cmake_export_include_directories-extras.cmake
-- Up-to-date: /home/twt4/xxx_ws/install/xicro_pkg/share/xicro_pkg/cmake/ament_cmake_export_libraries-extras.cmake
-- Up-to-date: /home/twt4/xxx_ws/install/xicro_pkg/share/xicro_pkg/cmake/ament_cmake_export_targets-extras.cmake
-- Up-to-date: /home/twt4/xxx_ws/install/xicro_pkg/share/xicro_pkg/cmake/rosidl_cmake_export_typesupport_targets-extras.cmake
-- Up-to-date: /home/twt4/xxx_ws/install/xicro_pkg/share/xicro_pkg/cmake/ament_cmake_export_dependencies-extras.cmake
-- Up-to-date: /home/twt4/xxx_ws/install/xicro_pkg/share/xicro_pkg/cmake/rosidl_cmake_export_typesupport_libraries-extras.cmake
-- Up-to-date: /home/twt4/xxx_ws/install/xicro_pkg/share/xicro_pkg/cmake/xicro_pkgConfig.cmake
-- Up-to-date: /home/twt4/xxx_ws/install/xicro_pkg/share/xicro_pkg/cmake/xicro_pkgConfig-version.cmake
-- Up-to-date: /home/twt4/xxx_ws/install/xicro_pkg/share/xicro_pkg/package.xml
