[0.228s] [34mcolcon[0m [1;30mDEBUG[0m [32mCommand line arguments: ['/usr/bin/colcon', 'build'][0m
[0.228s] [34mcolcon[0m [1;30mDEBUG[0m [32mParsed command line arguments: Namespace(log_base=None, log_level=None, verb_name='build', build_base='build', install_base='install', merge_install=False, symlink_install=False, test_result_base=None, continue_on_error=False, executor='parallel', parallel_workers=4, event_handlers=None, ignore_user_meta=False, metas=['./colcon.meta'], base_paths=['.'], packages_ignore=None, packages_ignore_regex=None, paths=None, packages_up_to=None, packages_up_to_regex=None, packages_above=None, packages_above_and_dependencies=None, packages_above_depth=None, packages_select_by_dep=None, packages_skip_by_dep=None, packages_skip_up_to=None, packages_select_build_failed=False, packages_skip_build_finished=False, packages_select_test_failures=False, packages_skip_test_passed=False, packages_select=None, packages_skip=None, packages_select_regex=None, packages_skip_regex=None, packages_start=None, packages_end=None, allow_overriding=[], cmake_args=None, cmake_target=None, cmake_target_skip_unavailable=False, cmake_clean_cache=False, cmake_clean_first=False, cmake_force_configure=False, ament_cmake_args=None, catkin_cmake_args=None, catkin_skip_building_tests=False, mixin_files=None, mixin=None, verb_parser=<colcon_mixin.mixin.mixin_argument.MixinArgumentDecorator object at 0xffff9d6171d0>, verb_extension=<colcon_core.verb.build.BuildVerb object at 0xffff9d616ed0>, main=<bound method BuildVerb.main of <colcon_core.verb.build.BuildVerb object at 0xffff9d616ed0>>, mixin_verb=('build',))[0m
[0.286s] [34mcolcon.colcon_core.package_discovery[0m [1;30mLevel 1[0m discover_packages(colcon_meta) check parameters
[0.286s] [34mcolcon.colcon_core.package_discovery[0m [1;30mLevel 1[0m discover_packages(recursive) check parameters
[0.286s] [34mcolcon.colcon_core.package_discovery[0m [1;30mLevel 1[0m discover_packages(ignore) check parameters
[0.286s] [34mcolcon.colcon_core.package_discovery[0m [1;30mLevel 1[0m discover_packages(path) check parameters
[0.286s] [34mcolcon.colcon_core.package_discovery[0m [1;30mLevel 1[0m discover_packages(colcon_meta) discover
[0.287s] [34mcolcon.colcon_core.package_discovery[0m [1;30mLevel 1[0m discover_packages(recursive) discover
[0.287s] [34mcolcon.colcon_core.package_discovery[0m [1;30mINFO[0m Crawling recursively for packages in '/home/twt4/xxx_ws'
[0.287s] [34mcolcon.colcon_core.package_identification[0m [1;30mLevel 1[0m _identify(.) by extensions ['ignore', 'ignore_ament_install']
[0.287s] [34mcolcon.colcon_core.package_identification[0m [1;30mLevel 1[0m _identify(.) by extension 'ignore'
[0.287s] [34mcolcon.colcon_core.package_identification[0m [1;30mLevel 1[0m _identify(.) by extension 'ignore_ament_install'
[0.287s] [34mcolcon.colcon_core.package_identification[0m [1;30mLevel 1[0m _identify(.) by extensions ['colcon_pkg']
[0.287s] [34mcolcon.colcon_core.package_identification[0m [1;30mLevel 1[0m _identify(.) by extension 'colcon_pkg'
[0.287s] [34mcolcon.colcon_core.package_identification[0m [1;30mLevel 1[0m _identify(.) by extensions ['colcon_meta']
[0.287s] [34mcolcon.colcon_core.package_identification[0m [1;30mLevel 1[0m _identify(.) by extension 'colcon_meta'
[0.287s] [34mcolcon.colcon_core.package_identification[0m [1;30mLevel 1[0m _identify(.) by extensions ['ros']
[0.287s] [34mcolcon.colcon_core.package_identification[0m [1;30mLevel 1[0m _identify(.) by extension 'ros'
[0.327s] [34mcolcon.colcon_core.package_identification[0m [1;30mLevel 1[0m _identify(.) by extensions ['cmake', 'python']
[0.327s] [34mcolcon.colcon_core.package_identification[0m [1;30mLevel 1[0m _identify(.) by extension 'cmake'
[0.327s] [34mcolcon.colcon_core.package_identification[0m [1;30mLevel 1[0m _identify(.) by extension 'python'
[0.327s] [34mcolcon.colcon_core.package_identification[0m [1;30mLevel 1[0m _identify(.) by extensions ['python_setup_py']
[0.327s] [34mcolcon.colcon_core.package_identification[0m [1;30mLevel 1[0m _identify(.) by extension 'python_setup_py'
[0.327s] [34mcolcon.colcon_core.package_identification[0m [1;30mLevel 1[0m _identify(build) by extensions ['ignore', 'ignore_ament_install']
[0.327s] [34mcolcon.colcon_core.package_identification[0m [1;30mLevel 1[0m _identify(build) by extension 'ignore'
[0.327s] [34mcolcon.colcon_core.package_identification[0m [1;30mLevel 1[0m _identify(build) ignored
[0.328s] [34mcolcon.colcon_core.package_identification[0m [1;30mLevel 1[0m _identify(install) by extensions ['ignore', 'ignore_ament_install']
[0.328s] [34mcolcon.colcon_core.package_identification[0m [1;30mLevel 1[0m _identify(install) by extension 'ignore'
[0.328s] [34mcolcon.colcon_core.package_identification[0m [1;30mLevel 1[0m _identify(install) ignored
[0.328s] [34mcolcon.colcon_core.package_identification[0m [1;30mLevel 1[0m _identify(log) by extensions ['ignore', 'ignore_ament_install']
[0.328s] [34mcolcon.colcon_core.package_identification[0m [1;30mLevel 1[0m _identify(log) by extension 'ignore'
[0.328s] [34mcolcon.colcon_core.package_identification[0m [1;30mLevel 1[0m _identify(log) ignored
[0.328s] [34mcolcon.colcon_core.package_identification[0m [1;30mLevel 1[0m _identify(src) by extensions ['ignore', 'ignore_ament_install']
[0.328s] [34mcolcon.colcon_core.package_identification[0m [1;30mLevel 1[0m _identify(src) by extension 'ignore'
[0.328s] [34mcolcon.colcon_core.package_identification[0m [1;30mLevel 1[0m _identify(src) by extension 'ignore_ament_install'
[0.328s] [34mcolcon.colcon_core.package_identification[0m [1;30mLevel 1[0m _identify(src) by extensions ['colcon_pkg']
[0.328s] [34mcolcon.colcon_core.package_identification[0m [1;30mLevel 1[0m _identify(src) by extension 'colcon_pkg'
[0.328s] [34mcolcon.colcon_core.package_identification[0m [1;30mLevel 1[0m _identify(src) by extensions ['colcon_meta']
[0.329s] [34mcolcon.colcon_core.package_identification[0m [1;30mLevel 1[0m _identify(src) by extension 'colcon_meta'
[0.329s] [34mcolcon.colcon_core.package_identification[0m [1;30mLevel 1[0m _identify(src) by extensions ['ros']
[0.329s] [34mcolcon.colcon_core.package_identification[0m [1;30mLevel 1[0m _identify(src) by extension 'ros'
[0.329s] [34mcolcon.colcon_core.package_identification[0m [1;30mLevel 1[0m _identify(src) by extensions ['cmake', 'python']
[0.329s] [34mcolcon.colcon_core.package_identification[0m [1;30mLevel 1[0m _identify(src) by extension 'cmake'
[0.329s] [34mcolcon.colcon_core.package_identification[0m [1;30mLevel 1[0m _identify(src) by extension 'python'
[0.329s] [34mcolcon.colcon_core.package_identification[0m [1;30mLevel 1[0m _identify(src) by extensions ['python_setup_py']
[0.329s] [34mcolcon.colcon_core.package_identification[0m [1;30mLevel 1[0m _identify(src) by extension 'python_setup_py'
[0.329s] [34mcolcon.colcon_core.package_identification[0m [1;30mLevel 1[0m _identify(src/Xicro) by extensions ['ignore', 'ignore_ament_install']
[0.329s] [34mcolcon.colcon_core.package_identification[0m [1;30mLevel 1[0m _identify(src/Xicro) by extension 'ignore'
[0.329s] [34mcolcon.colcon_core.package_identification[0m [1;30mLevel 1[0m _identify(src/Xicro) by extension 'ignore_ament_install'
[0.329s] [34mcolcon.colcon_core.package_identification[0m [1;30mLevel 1[0m _identify(src/Xicro) by extensions ['colcon_pkg']
[0.329s] [34mcolcon.colcon_core.package_identification[0m [1;30mLevel 1[0m _identify(src/Xicro) by extension 'colcon_pkg'
[0.329s] [34mcolcon.colcon_core.package_identification[0m [1;30mLevel 1[0m _identify(src/Xicro) by extensions ['colcon_meta']
[0.329s] [34mcolcon.colcon_core.package_identification[0m [1;30mLevel 1[0m _identify(src/Xicro) by extension 'colcon_meta'
[0.329s] [34mcolcon.colcon_core.package_identification[0m [1;30mLevel 1[0m _identify(src/Xicro) by extensions ['ros']
[0.329s] [34mcolcon.colcon_core.package_identification[0m [1;30mLevel 1[0m _identify(src/Xicro) by extension 'ros'
[0.329s] [34mcolcon.colcon_core.package_identification[0m [1;30mLevel 1[0m _identify(src/Xicro) by extensions ['cmake', 'python']
[0.330s] [34mcolcon.colcon_core.package_identification[0m [1;30mLevel 1[0m _identify(src/Xicro) by extension 'cmake'
[0.330s] [34mcolcon.colcon_core.package_identification[0m [1;30mLevel 1[0m _identify(src/Xicro) by extension 'python'
[0.330s] [34mcolcon.colcon_core.package_identification[0m [1;30mLevel 1[0m _identify(src/Xicro) by extensions ['python_setup_py']
[0.330s] [34mcolcon.colcon_core.package_identification[0m [1;30mLevel 1[0m _identify(src/Xicro) by extension 'python_setup_py'
[0.330s] [34mcolcon.colcon_core.package_identification[0m [1;30mLevel 1[0m _identify(src/Xicro/docs) by extensions ['ignore', 'ignore_ament_install']
[0.330s] [34mcolcon.colcon_core.package_identification[0m [1;30mLevel 1[0m _identify(src/Xicro/docs) by extension 'ignore'
[0.330s] [34mcolcon.colcon_core.package_identification[0m [1;30mLevel 1[0m _identify(src/Xicro/docs) by extension 'ignore_ament_install'
[0.330s] [34mcolcon.colcon_core.package_identification[0m [1;30mLevel 1[0m _identify(src/Xicro/docs) by extensions ['colcon_pkg']
[0.330s] [34mcolcon.colcon_core.package_identification[0m [1;30mLevel 1[0m _identify(src/Xicro/docs) by extension 'colcon_pkg'
[0.330s] [34mcolcon.colcon_core.package_identification[0m [1;30mLevel 1[0m _identify(src/Xicro/docs) by extensions ['colcon_meta']
[0.330s] [34mcolcon.colcon_core.package_identification[0m [1;30mLevel 1[0m _identify(src/Xicro/docs) by extension 'colcon_meta'
[0.330s] [34mcolcon.colcon_core.package_identification[0m [1;30mLevel 1[0m _identify(src/Xicro/docs) by extensions ['ros']
[0.330s] [34mcolcon.colcon_core.package_identification[0m [1;30mLevel 1[0m _identify(src/Xicro/docs) by extension 'ros'
[0.330s] [34mcolcon.colcon_core.package_identification[0m [1;30mLevel 1[0m _identify(src/Xicro/docs) by extensions ['cmake', 'python']
[0.330s] [34mcolcon.colcon_core.package_identification[0m [1;30mLevel 1[0m _identify(src/Xicro/docs) by extension 'cmake'
[0.330s] [34mcolcon.colcon_core.package_identification[0m [1;30mLevel 1[0m _identify(src/Xicro/docs) by extension 'python'
[0.330s] [34mcolcon.colcon_core.package_identification[0m [1;30mLevel 1[0m _identify(src/Xicro/docs) by extensions ['python_setup_py']
[0.330s] [34mcolcon.colcon_core.package_identification[0m [1;30mLevel 1[0m _identify(src/Xicro/docs) by extension 'python_setup_py'
[0.331s] [34mcolcon.colcon_core.package_identification[0m [1;30mLevel 1[0m _identify(src/Xicro/docs/pic) by extensions ['ignore', 'ignore_ament_install']
[0.331s] [34mcolcon.colcon_core.package_identification[0m [1;30mLevel 1[0m _identify(src/Xicro/docs/pic) by extension 'ignore'
[0.331s] [34mcolcon.colcon_core.package_identification[0m [1;30mLevel 1[0m _identify(src/Xicro/docs/pic) by extension 'ignore_ament_install'
[0.331s] [34mcolcon.colcon_core.package_identification[0m [1;30mLevel 1[0m _identify(src/Xicro/docs/pic) by extensions ['colcon_pkg']
[0.331s] [34mcolcon.colcon_core.package_identification[0m [1;30mLevel 1[0m _identify(src/Xicro/docs/pic) by extension 'colcon_pkg'
[0.331s] [34mcolcon.colcon_core.package_identification[0m [1;30mLevel 1[0m _identify(src/Xicro/docs/pic) by extensions ['colcon_meta']
[0.331s] [34mcolcon.colcon_core.package_identification[0m [1;30mLevel 1[0m _identify(src/Xicro/docs/pic) by extension 'colcon_meta'
[0.331s] [34mcolcon.colcon_core.package_identification[0m [1;30mLevel 1[0m _identify(src/Xicro/docs/pic) by extensions ['ros']
[0.331s] [34mcolcon.colcon_core.package_identification[0m [1;30mLevel 1[0m _identify(src/Xicro/docs/pic) by extension 'ros'
[0.331s] [34mcolcon.colcon_core.package_identification[0m [1;30mLevel 1[0m _identify(src/Xicro/docs/pic) by extensions ['cmake', 'python']
[0.331s] [34mcolcon.colcon_core.package_identification[0m [1;30mLevel 1[0m _identify(src/Xicro/docs/pic) by extension 'cmake'
[0.331s] [34mcolcon.colcon_core.package_identification[0m [1;30mLevel 1[0m _identify(src/Xicro/docs/pic) by extension 'python'
[0.331s] [34mcolcon.colcon_core.package_identification[0m [1;30mLevel 1[0m _identify(src/Xicro/docs/pic) by extensions ['python_setup_py']
[0.331s] [34mcolcon.colcon_core.package_identification[0m [1;30mLevel 1[0m _identify(src/Xicro/docs/pic) by extension 'python_setup_py'
[0.331s] [34mcolcon.colcon_core.package_identification[0m [1;30mLevel 1[0m _identify(src/Xicro/xicro_interfaces) by extensions ['ignore', 'ignore_ament_install']
[0.332s] [34mcolcon.colcon_core.package_identification[0m [1;30mLevel 1[0m _identify(src/Xicro/xicro_interfaces) by extension 'ignore'
[0.332s] [34mcolcon.colcon_core.package_identification[0m [1;30mLevel 1[0m _identify(src/Xicro/xicro_interfaces) by extension 'ignore_ament_install'
[0.332s] [34mcolcon.colcon_core.package_identification[0m [1;30mLevel 1[0m _identify(src/Xicro/xicro_interfaces) by extensions ['colcon_pkg']
[0.332s] [34mcolcon.colcon_core.package_identification[0m [1;30mLevel 1[0m _identify(src/Xicro/xicro_interfaces) by extension 'colcon_pkg'
[0.332s] [34mcolcon.colcon_core.package_identification[0m [1;30mLevel 1[0m _identify(src/Xicro/xicro_interfaces) by extensions ['colcon_meta']
[0.332s] [34mcolcon.colcon_core.package_identification[0m [1;30mLevel 1[0m _identify(src/Xicro/xicro_interfaces) by extension 'colcon_meta'
[0.332s] [34mcolcon.colcon_core.package_identification[0m [1;30mLevel 1[0m _identify(src/Xicro/xicro_interfaces) by extensions ['ros']
[0.332s] [34mcolcon.colcon_core.package_identification[0m [1;30mLevel 1[0m _identify(src/Xicro/xicro_interfaces) by extension 'ros'
[0.335s] [34mcolcon.colcon_core.package_identification[0m [1;30mDEBUG[0m [32mPackage 'src/Xicro/xicro_interfaces' with type 'ros.ament_cmake' and name 'xicro_interfaces'[0m
[0.335s] [34mcolcon.colcon_core.package_identification[0m [1;30mLevel 1[0m _identify(src/Xicro/xicro_pkg) by extensions ['ignore', 'ignore_ament_install']
[0.336s] [34mcolcon.colcon_core.package_identification[0m [1;30mLevel 1[0m _identify(src/Xicro/xicro_pkg) by extension 'ignore'
[0.336s] [34mcolcon.colcon_core.package_identification[0m [1;30mLevel 1[0m _identify(src/Xicro/xicro_pkg) by extension 'ignore_ament_install'
[0.336s] [34mcolcon.colcon_core.package_identification[0m [1;30mLevel 1[0m _identify(src/Xicro/xicro_pkg) by extensions ['colcon_pkg']
[0.336s] [34mcolcon.colcon_core.package_identification[0m [1;30mLevel 1[0m _identify(src/Xicro/xicro_pkg) by extension 'colcon_pkg'
[0.336s] [34mcolcon.colcon_core.package_identification[0m [1;30mLevel 1[0m _identify(src/Xicro/xicro_pkg) by extensions ['colcon_meta']
[0.336s] [34mcolcon.colcon_core.package_identification[0m [1;30mLevel 1[0m _identify(src/Xicro/xicro_pkg) by extension 'colcon_meta'
[0.336s] [34mcolcon.colcon_core.package_identification[0m [1;30mLevel 1[0m _identify(src/Xicro/xicro_pkg) by extensions ['ros']
[0.336s] [34mcolcon.colcon_core.package_identification[0m [1;30mLevel 1[0m _identify(src/Xicro/xicro_pkg) by extension 'ros'
[0.337s] [34mcolcon.colcon_core.package_identification[0m [1;30mDEBUG[0m [32mPackage 'src/Xicro/xicro_pkg' with type 'ros.ament_cmake' and name 'xicro_pkg'[0m
[0.337s] [34mcolcon.colcon_core.package_discovery[0m [1;30mLevel 1[0m discover_packages(recursive) using defaults
[0.337s] [34mcolcon.colcon_core.package_discovery[0m [1;30mLevel 1[0m discover_packages(ignore) discover
[0.337s] [34mcolcon.colcon_core.package_discovery[0m [1;30mLevel 1[0m discover_packages(ignore) using defaults
[0.337s] [34mcolcon.colcon_core.package_discovery[0m [1;30mLevel 1[0m discover_packages(path) discover
[0.337s] [34mcolcon.colcon_core.package_discovery[0m [1;30mLevel 1[0m discover_packages(path) using defaults
[0.360s] [34mcolcon.colcon_core.package_discovery[0m [1;30mLevel 1[0m discover_packages(prefix_path) check parameters
[0.360s] [34mcolcon.colcon_core.package_discovery[0m [1;30mLevel 1[0m discover_packages(prefix_path) discover
[0.364s] [34mcolcon.colcon_installed_package_information.package_discovery[0m [1;30mDEBUG[0m [32mFound 2 installed packages in /home/twt4/xxx_ws/install[0m
[0.365s] [34mcolcon.colcon_installed_package_information.package_discovery[0m [1;30mDEBUG[0m [32mFound 8 installed packages in /home/twt4/turtlebot3_ws/install[0m
[0.365s] [34mcolcon.colcon_installed_package_information.package_discovery[0m [1;30mDEBUG[0m [32mFound 1 installed packages in /home/twt4/ros2_ws/install[0m
[0.366s] [34mcolcon.colcon_installed_package_information.package_discovery[0m [1;30mDEBUG[0m [32mFound 1 installed packages in /home/twt4/twtsim_ws/install[0m
[0.367s] [34mcolcon.colcon_installed_package_information.package_discovery[0m [1;30mDEBUG[0m [32mFound 14 installed packages in /home/twt4/ros2_modules/install[0m
[0.370s] [34mcolcon.colcon_installed_package_information.package_discovery[0m [1;30mDEBUG[0m [32mFound 509 installed packages in /opt/ros/jazzy[0m
[0.374s] [34mcolcon.colcon_core.package_discovery[0m [1;30mLevel 1[0m discover_packages(prefix_path) using defaults
[0.511s] [34mcolcon.colcon_core.verb[0m [1;30mLevel 5[0m set package 'xicro_interfaces' build argument 'cmake_args' from command line to 'None'
[0.511s] [34mcolcon.colcon_core.verb[0m [1;30mLevel 5[0m set package 'xicro_interfaces' build argument 'cmake_target' from command line to 'None'
[0.511s] [34mcolcon.colcon_core.verb[0m [1;30mLevel 5[0m set package 'xicro_interfaces' build argument 'cmake_target_skip_unavailable' from command line to 'False'
[0.511s] [34mcolcon.colcon_core.verb[0m [1;30mLevel 5[0m set package 'xicro_interfaces' build argument 'cmake_clean_cache' from command line to 'False'
[0.511s] [34mcolcon.colcon_core.verb[0m [1;30mLevel 5[0m set package 'xicro_interfaces' build argument 'cmake_clean_first' from command line to 'False'
[0.511s] [34mcolcon.colcon_core.verb[0m [1;30mLevel 5[0m set package 'xicro_interfaces' build argument 'cmake_force_configure' from command line to 'False'
[0.511s] [34mcolcon.colcon_core.verb[0m [1;30mLevel 5[0m set package 'xicro_interfaces' build argument 'ament_cmake_args' from command line to 'None'
[0.511s] [34mcolcon.colcon_core.verb[0m [1;30mLevel 5[0m set package 'xicro_interfaces' build argument 'catkin_cmake_args' from command line to 'None'
[0.511s] [34mcolcon.colcon_core.verb[0m [1;30mLevel 5[0m set package 'xicro_interfaces' build argument 'catkin_skip_building_tests' from command line to 'False'
[0.511s] [34mcolcon.colcon_core.verb[0m [1;30mDEBUG[0m [32mBuilding package 'xicro_interfaces' with the following arguments: {'ament_cmake_args': None, 'build_base': '/home/twt4/xxx_ws/build/xicro_interfaces', 'catkin_cmake_args': None, 'catkin_skip_building_tests': False, 'cmake_args': None, 'cmake_clean_cache': False, 'cmake_clean_first': False, 'cmake_force_configure': False, 'cmake_target': None, 'cmake_target_skip_unavailable': False, 'install_base': '/home/twt4/xxx_ws/install/xicro_interfaces', 'merge_install': False, 'path': '/home/twt4/xxx_ws/src/Xicro/xicro_interfaces', 'symlink_install': False, 'test_result_base': None}[0m
[0.512s] [34mcolcon.colcon_core.verb[0m [1;30mLevel 5[0m set package 'xicro_pkg' build argument 'cmake_args' from command line to 'None'
[0.512s] [34mcolcon.colcon_core.verb[0m [1;30mLevel 5[0m set package 'xicro_pkg' build argument 'cmake_target' from command line to 'None'
[0.512s] [34mcolcon.colcon_core.verb[0m [1;30mLevel 5[0m set package 'xicro_pkg' build argument 'cmake_target_skip_unavailable' from command line to 'False'
[0.512s] [34mcolcon.colcon_core.verb[0m [1;30mLevel 5[0m set package 'xicro_pkg' build argument 'cmake_clean_cache' from command line to 'False'
[0.512s] [34mcolcon.colcon_core.verb[0m [1;30mLevel 5[0m set package 'xicro_pkg' build argument 'cmake_clean_first' from command line to 'False'
[0.512s] [34mcolcon.colcon_core.verb[0m [1;30mLevel 5[0m set package 'xicro_pkg' build argument 'cmake_force_configure' from command line to 'False'
[0.512s] [34mcolcon.colcon_core.verb[0m [1;30mLevel 5[0m set package 'xicro_pkg' build argument 'ament_cmake_args' from command line to 'None'
[0.512s] [34mcolcon.colcon_core.verb[0m [1;30mLevel 5[0m set package 'xicro_pkg' build argument 'catkin_cmake_args' from command line to 'None'
[0.512s] [34mcolcon.colcon_core.verb[0m [1;30mLevel 5[0m set package 'xicro_pkg' build argument 'catkin_skip_building_tests' from command line to 'False'
[0.512s] [34mcolcon.colcon_core.verb[0m [1;30mDEBUG[0m [32mBuilding package 'xicro_pkg' with the following arguments: {'ament_cmake_args': None, 'build_base': '/home/twt4/xxx_ws/build/xicro_pkg', 'catkin_cmake_args': None, 'catkin_skip_building_tests': False, 'cmake_args': None, 'cmake_clean_cache': False, 'cmake_clean_first': False, 'cmake_force_configure': False, 'cmake_target': None, 'cmake_target_skip_unavailable': False, 'install_base': '/home/twt4/xxx_ws/install/xicro_pkg', 'merge_install': False, 'path': '/home/twt4/xxx_ws/src/Xicro/xicro_pkg', 'symlink_install': False, 'test_result_base': None}[0m
[0.512s] [34mcolcon.colcon_core.executor[0m [1;30mINFO[0m Executing jobs using 'parallel' executor
[0.514s] [34mcolcon.colcon_parallel_executor.executor.parallel[0m [1;30mDEBUG[0m [32mrun_until_complete[0m
[0.514s] [34mcolcon.colcon_ros.task.ament_cmake.build[0m [1;30mINFO[0m Building ROS package in '/home/twt4/xxx_ws/src/Xicro/xicro_interfaces' with build type 'ament_cmake'
[0.515s] [34mcolcon.colcon_cmake.task.cmake.build[0m [1;30mINFO[0m Building CMake package in '/home/twt4/xxx_ws/src/Xicro/xicro_interfaces'
[0.528s] [34mcolcon.colcon_core.plugin_system[0m [1;30mINFO[0m Skipping extension 'colcon_core.shell.bat': Not used on non-Windows systems
[0.529s] [34mcolcon.colcon_core.shell[0m [1;30mINFO[0m Skip shell extension 'powershell' for command environment: Not usable outside of PowerShell
[0.529s] [34mcolcon.colcon_core.shell[0m [1;30mDEBUG[0m [32mSkip shell extension 'dsv' for command environment[0m
[0.553s] [34mcolcon.colcon_ros.task.ament_cmake.build[0m [1;30mINFO[0m Building ROS package in '/home/twt4/xxx_ws/src/Xicro/xicro_pkg' with build type 'ament_cmake'
[0.553s] [34mcolcon.colcon_cmake.task.cmake.build[0m [1;30mINFO[0m Building CMake package in '/home/twt4/xxx_ws/src/Xicro/xicro_pkg'
[0.554s] [34mcolcon.colcon_core.shell[0m [1;30mINFO[0m Skip shell extension 'powershell' for command environment: Not usable outside of PowerShell
[0.554s] [34mcolcon.colcon_core.shell[0m [1;30mDEBUG[0m [32mSkip shell extension 'dsv' for command environment[0m
[0.584s] [34mcolcon.colcon_core.event_handler.log_command[0m [1;30mDEBUG[0m [32mInvoking command in '/home/twt4/xxx_ws/build/xicro_interfaces': CMAKE_PREFIX_PATH=${CMAKE_PREFIX_PATH}:/home/twt4/ros2_modules/install/ntrip_client:/home/twt4/ros2_modules/install/nmea_navsat_driver:/home/twt4/ros2_modules/install/handsfree_ros2_imu:/home/twt4/turtlebot3_ws/install/turtlebot3_teleop:/home/twt4/turtlebot3_ws/install/turtlebot3_example:/home/twt4/ros2_ws/install/twt_fuse:/opt/ros/jazzy DEBUGINFOD_URLS=https://debuginfod.ubuntu.com /usr/bin/cmake --build /home/twt4/xxx_ws/build/xicro_interfaces -- -j4 -l4[0m
[0.611s] [34mcolcon.colcon_core.event_handler.log_command[0m [1;30mDEBUG[0m [32mInvoking command in '/home/twt4/xxx_ws/build/xicro_pkg': CMAKE_PREFIX_PATH=${CMAKE_PREFIX_PATH}:/home/twt4/ros2_modules/install/ntrip_client:/home/twt4/ros2_modules/install/nmea_navsat_driver:/home/twt4/ros2_modules/install/handsfree_ros2_imu:/home/twt4/turtlebot3_ws/install/turtlebot3_teleop:/home/twt4/turtlebot3_ws/install/turtlebot3_example:/home/twt4/ros2_ws/install/twt_fuse:/opt/ros/jazzy DEBUGINFOD_URLS=https://debuginfod.ubuntu.com /usr/bin/cmake --build /home/twt4/xxx_ws/build/xicro_pkg -- -j4 -l4[0m
[1.989s] [34mcolcon.colcon_core.event_handler.log_command[0m [1;30mDEBUG[0m [32mInvoked command in '/home/twt4/xxx_ws/build/xicro_interfaces' returned '0': CMAKE_PREFIX_PATH=${CMAKE_PREFIX_PATH}:/home/twt4/ros2_modules/install/ntrip_client:/home/twt4/ros2_modules/install/nmea_navsat_driver:/home/twt4/ros2_modules/install/handsfree_ros2_imu:/home/twt4/turtlebot3_ws/install/turtlebot3_teleop:/home/twt4/turtlebot3_ws/install/turtlebot3_example:/home/twt4/ros2_ws/install/twt_fuse:/opt/ros/jazzy DEBUGINFOD_URLS=https://debuginfod.ubuntu.com /usr/bin/cmake --build /home/twt4/xxx_ws/build/xicro_interfaces -- -j4 -l4[0m
[2.012s] [34mcolcon.colcon_core.event_handler.log_command[0m [1;30mDEBUG[0m [32mInvoking command in '/home/twt4/xxx_ws/build/xicro_interfaces': CMAKE_PREFIX_PATH=${CMAKE_PREFIX_PATH}:/home/twt4/ros2_modules/install/ntrip_client:/home/twt4/ros2_modules/install/nmea_navsat_driver:/home/twt4/ros2_modules/install/handsfree_ros2_imu:/home/twt4/turtlebot3_ws/install/turtlebot3_teleop:/home/twt4/turtlebot3_ws/install/turtlebot3_example:/home/twt4/ros2_ws/install/twt_fuse:/opt/ros/jazzy DEBUGINFOD_URLS=https://debuginfod.ubuntu.com /usr/bin/cmake --install /home/twt4/xxx_ws/build/xicro_interfaces[0m
[2.014s] [34mcolcon.colcon_core.event_handler.log_command[0m [1;30mDEBUG[0m [32mInvoked command in '/home/twt4/xxx_ws/build/xicro_pkg' returned '0': CMAKE_PREFIX_PATH=${CMAKE_PREFIX_PATH}:/home/twt4/ros2_modules/install/ntrip_client:/home/twt4/ros2_modules/install/nmea_navsat_driver:/home/twt4/ros2_modules/install/handsfree_ros2_imu:/home/twt4/turtlebot3_ws/install/turtlebot3_teleop:/home/twt4/turtlebot3_ws/install/turtlebot3_example:/home/twt4/ros2_ws/install/twt_fuse:/opt/ros/jazzy DEBUGINFOD_URLS=https://debuginfod.ubuntu.com /usr/bin/cmake --build /home/twt4/xxx_ws/build/xicro_pkg -- -j4 -l4[0m
[2.016s] [34mcolcon.colcon_core.event_handler.log_command[0m [1;30mDEBUG[0m [32mInvoking command in '/home/twt4/xxx_ws/build/xicro_pkg': CMAKE_PREFIX_PATH=${CMAKE_PREFIX_PATH}:/home/twt4/ros2_modules/install/ntrip_client:/home/twt4/ros2_modules/install/nmea_navsat_driver:/home/twt4/ros2_modules/install/handsfree_ros2_imu:/home/twt4/turtlebot3_ws/install/turtlebot3_teleop:/home/twt4/turtlebot3_ws/install/turtlebot3_example:/home/twt4/ros2_ws/install/twt_fuse:/opt/ros/jazzy DEBUGINFOD_URLS=https://debuginfod.ubuntu.com /usr/bin/cmake --install /home/twt4/xxx_ws/build/xicro_pkg[0m
[2.176s] [34mcolcon.colcon_core.environment[0m [1;30mLevel 1[0m create_environment_scripts_only(xicro_pkg)
[2.181s] [34mcolcon.colcon_core.event_handler.log_command[0m [1;30mDEBUG[0m [32mInvoked command in '/home/twt4/xxx_ws/build/xicro_pkg' returned '0': CMAKE_PREFIX_PATH=${CMAKE_PREFIX_PATH}:/home/twt4/ros2_modules/install/ntrip_client:/home/twt4/ros2_modules/install/nmea_navsat_driver:/home/twt4/ros2_modules/install/handsfree_ros2_imu:/home/twt4/turtlebot3_ws/install/turtlebot3_teleop:/home/twt4/turtlebot3_ws/install/turtlebot3_example:/home/twt4/ros2_ws/install/twt_fuse:/opt/ros/jazzy DEBUGINFOD_URLS=https://debuginfod.ubuntu.com /usr/bin/cmake --install /home/twt4/xxx_ws/build/xicro_pkg[0m
[2.186s] [34mcolcon.colcon_core.environment[0m [1;30mLevel 1[0m checking '/home/twt4/xxx_ws/install/xicro_pkg' for CMake module files
[2.187s] [34mcolcon.colcon_core.environment[0m [1;30mLevel 1[0m checking '/home/twt4/xxx_ws/install/xicro_pkg' for CMake config files
[2.188s] [34mcolcon.colcon_core.shell[0m [1;30mLevel 1[0m create_environment_hook('xicro_pkg', 'cmake_prefix_path')
[2.188s] [34mcolcon.colcon_core.shell[0m [1;30mINFO[0m Creating environment hook '/home/twt4/xxx_ws/install/xicro_pkg/share/xicro_pkg/hook/cmake_prefix_path.ps1'
[2.189s] [34mcolcon.colcon_core.shell[0m [1;30mINFO[0m Creating environment descriptor '/home/twt4/xxx_ws/install/xicro_pkg/share/xicro_pkg/hook/cmake_prefix_path.dsv'
[2.190s] [34mcolcon.colcon_core.shell[0m [1;30mINFO[0m Creating environment hook '/home/twt4/xxx_ws/install/xicro_pkg/share/xicro_pkg/hook/cmake_prefix_path.sh'
[2.191s] [34mcolcon.colcon_core.environment[0m [1;30mLevel 1[0m checking '/home/twt4/xxx_ws/install/xicro_pkg/lib'
[2.191s] [34mcolcon.colcon_core.environment[0m [1;30mLevel 1[0m checking '/home/twt4/xxx_ws/install/xicro_pkg/bin'
[2.191s] [34mcolcon.colcon_core.environment[0m [1;30mLevel 1[0m checking '/home/twt4/xxx_ws/install/xicro_pkg/lib/pkgconfig/xicro_pkg.pc'
[2.192s] [34mcolcon.colcon_core.environment[0m [1;30mLevel 1[0m checking '/home/twt4/xxx_ws/install/xicro_pkg/lib/python3.12/site-packages'
[2.192s] [34mcolcon.colcon_core.shell[0m [1;30mLevel 1[0m create_environment_hook('xicro_pkg', 'pythonpath')
[2.193s] [34mcolcon.colcon_core.shell[0m [1;30mINFO[0m Creating environment hook '/home/twt4/xxx_ws/install/xicro_pkg/share/xicro_pkg/hook/pythonpath.ps1'
[2.194s] [34mcolcon.colcon_core.shell[0m [1;30mINFO[0m Creating environment descriptor '/home/twt4/xxx_ws/install/xicro_pkg/share/xicro_pkg/hook/pythonpath.dsv'
[2.196s] [34mcolcon.colcon_core.shell[0m [1;30mINFO[0m Creating environment hook '/home/twt4/xxx_ws/install/xicro_pkg/share/xicro_pkg/hook/pythonpath.sh'
[2.198s] [34mcolcon.colcon_core.environment[0m [1;30mLevel 1[0m checking '/home/twt4/xxx_ws/install/xicro_pkg/bin'
[2.199s] [34mcolcon.colcon_core.shell[0m [1;30mINFO[0m Creating package script '/home/twt4/xxx_ws/install/xicro_pkg/share/xicro_pkg/package.ps1'
[2.201s] [34mcolcon.colcon_core.shell[0m [1;30mINFO[0m Creating package descriptor '/home/twt4/xxx_ws/install/xicro_pkg/share/xicro_pkg/package.dsv'
[2.202s] [34mcolcon.colcon_core.shell[0m [1;30mINFO[0m Creating package script '/home/twt4/xxx_ws/install/xicro_pkg/share/xicro_pkg/package.sh'
[2.203s] [34mcolcon.colcon_core.shell[0m [1;30mINFO[0m Creating package script '/home/twt4/xxx_ws/install/xicro_pkg/share/xicro_pkg/package.bash'
[2.204s] [34mcolcon.colcon_core.shell[0m [1;30mINFO[0m Creating package script '/home/twt4/xxx_ws/install/xicro_pkg/share/xicro_pkg/package.zsh'
[2.205s] [34mcolcon.colcon_core.environment[0m [1;30mLevel 1[0m create_file_with_runtime_dependencies(/home/twt4/xxx_ws/install/xicro_pkg/share/colcon-core/packages/xicro_pkg)
[2.206s] [34mcolcon.colcon_core.environment[0m [1;30mLevel 1[0m create_environment_scripts_only(xicro_pkg)
[2.206s] [34mcolcon.colcon_core.environment[0m [1;30mLevel 1[0m checking '/home/twt4/xxx_ws/install/xicro_pkg' for CMake module files
[2.207s] [34mcolcon.colcon_core.environment[0m [1;30mLevel 1[0m checking '/home/twt4/xxx_ws/install/xicro_pkg' for CMake config files
[2.207s] [34mcolcon.colcon_core.shell[0m [1;30mLevel 1[0m create_environment_hook('xicro_pkg', 'cmake_prefix_path')
[2.207s] [34mcolcon.colcon_core.shell[0m [1;30mINFO[0m Creating environment hook '/home/twt4/xxx_ws/install/xicro_pkg/share/xicro_pkg/hook/cmake_prefix_path.ps1'
[2.208s] [34mcolcon.colcon_core.shell[0m [1;30mINFO[0m Creating environment descriptor '/home/twt4/xxx_ws/install/xicro_pkg/share/xicro_pkg/hook/cmake_prefix_path.dsv'
[2.208s] [34mcolcon.colcon_core.shell[0m [1;30mINFO[0m Creating environment hook '/home/twt4/xxx_ws/install/xicro_pkg/share/xicro_pkg/hook/cmake_prefix_path.sh'
[2.209s] [34mcolcon.colcon_core.environment[0m [1;30mLevel 1[0m checking '/home/twt4/xxx_ws/install/xicro_pkg/lib'
[2.209s] [34mcolcon.colcon_core.environment[0m [1;30mLevel 1[0m checking '/home/twt4/xxx_ws/install/xicro_pkg/bin'
[2.209s] [34mcolcon.colcon_core.environment[0m [1;30mLevel 1[0m checking '/home/twt4/xxx_ws/install/xicro_pkg/lib/pkgconfig/xicro_pkg.pc'
[2.210s] [34mcolcon.colcon_core.environment[0m [1;30mLevel 1[0m checking '/home/twt4/xxx_ws/install/xicro_pkg/lib/python3.12/site-packages'
[2.210s] [34mcolcon.colcon_core.shell[0m [1;30mLevel 1[0m create_environment_hook('xicro_pkg', 'pythonpath')
[2.210s] [34mcolcon.colcon_core.shell[0m [1;30mINFO[0m Creating environment hook '/home/twt4/xxx_ws/install/xicro_pkg/share/xicro_pkg/hook/pythonpath.ps1'
[2.211s] [34mcolcon.colcon_core.shell[0m [1;30mINFO[0m Creating environment descriptor '/home/twt4/xxx_ws/install/xicro_pkg/share/xicro_pkg/hook/pythonpath.dsv'
[2.211s] [34mcolcon.colcon_core.shell[0m [1;30mINFO[0m Creating environment hook '/home/twt4/xxx_ws/install/xicro_pkg/share/xicro_pkg/hook/pythonpath.sh'
[2.212s] [34mcolcon.colcon_core.environment[0m [1;30mLevel 1[0m checking '/home/twt4/xxx_ws/install/xicro_pkg/bin'
[2.212s] [34mcolcon.colcon_core.shell[0m [1;30mINFO[0m Creating package script '/home/twt4/xxx_ws/install/xicro_pkg/share/xicro_pkg/package.ps1'
[2.213s] [34mcolcon.colcon_core.shell[0m [1;30mINFO[0m Creating package descriptor '/home/twt4/xxx_ws/install/xicro_pkg/share/xicro_pkg/package.dsv'
[2.214s] [34mcolcon.colcon_core.shell[0m [1;30mINFO[0m Creating package script '/home/twt4/xxx_ws/install/xicro_pkg/share/xicro_pkg/package.sh'
[2.215s] [34mcolcon.colcon_core.shell[0m [1;30mINFO[0m Creating package script '/home/twt4/xxx_ws/install/xicro_pkg/share/xicro_pkg/package.bash'
[2.215s] [34mcolcon.colcon_core.shell[0m [1;30mINFO[0m Creating package script '/home/twt4/xxx_ws/install/xicro_pkg/share/xicro_pkg/package.zsh'
[2.216s] [34mcolcon.colcon_core.environment[0m [1;30mLevel 1[0m create_file_with_runtime_dependencies(/home/twt4/xxx_ws/install/xicro_pkg/share/colcon-core/packages/xicro_pkg)
[2.217s] [34mcolcon.colcon_core.environment[0m [1;30mLevel 1[0m create_environment_scripts_only(xicro_interfaces)
[2.219s] [34mcolcon.colcon_core.environment[0m [1;30mLevel 1[0m checking '/home/twt4/xxx_ws/install/xicro_interfaces' for CMake module files
[2.224s] [34mcolcon.colcon_core.event_handler.log_command[0m [1;30mDEBUG[0m [32mInvoked command in '/home/twt4/xxx_ws/build/xicro_interfaces' returned '0': CMAKE_PREFIX_PATH=${CMAKE_PREFIX_PATH}:/home/twt4/ros2_modules/install/ntrip_client:/home/twt4/ros2_modules/install/nmea_navsat_driver:/home/twt4/ros2_modules/install/handsfree_ros2_imu:/home/twt4/turtlebot3_ws/install/turtlebot3_teleop:/home/twt4/turtlebot3_ws/install/turtlebot3_example:/home/twt4/ros2_ws/install/twt_fuse:/opt/ros/jazzy DEBUGINFOD_URLS=https://debuginfod.ubuntu.com /usr/bin/cmake --install /home/twt4/xxx_ws/build/xicro_interfaces[0m
[2.229s] [34mcolcon.colcon_core.environment[0m [1;30mLevel 1[0m checking '/home/twt4/xxx_ws/install/xicro_interfaces' for CMake config files
[2.231s] [34mcolcon.colcon_core.shell[0m [1;30mLevel 1[0m create_environment_hook('xicro_interfaces', 'cmake_prefix_path')
[2.233s] [34mcolcon.colcon_core.shell[0m [1;30mINFO[0m Creating environment hook '/home/twt4/xxx_ws/install/xicro_interfaces/share/xicro_interfaces/hook/cmake_prefix_path.ps1'
[2.234s] [34mcolcon.colcon_core.shell[0m [1;30mINFO[0m Creating environment descriptor '/home/twt4/xxx_ws/install/xicro_interfaces/share/xicro_interfaces/hook/cmake_prefix_path.dsv'
[2.235s] [34mcolcon.colcon_core.shell[0m [1;30mINFO[0m Creating environment hook '/home/twt4/xxx_ws/install/xicro_interfaces/share/xicro_interfaces/hook/cmake_prefix_path.sh'
[2.239s] [34mcolcon.colcon_core.environment[0m [1;30mLevel 1[0m checking '/home/twt4/xxx_ws/install/xicro_interfaces/lib'
[2.239s] [34mcolcon.colcon_core.shell[0m [1;30mLevel 1[0m create_environment_hook('xicro_interfaces', 'ld_library_path_lib')
[2.240s] [34mcolcon.colcon_core.shell[0m [1;30mINFO[0m Creating environment hook '/home/twt4/xxx_ws/install/xicro_interfaces/share/xicro_interfaces/hook/ld_library_path_lib.ps1'
[2.241s] [34mcolcon.colcon_core.shell[0m [1;30mINFO[0m Creating environment descriptor '/home/twt4/xxx_ws/install/xicro_interfaces/share/xicro_interfaces/hook/ld_library_path_lib.dsv'
[2.242s] [34mcolcon.colcon_core.shell[0m [1;30mINFO[0m Creating environment hook '/home/twt4/xxx_ws/install/xicro_interfaces/share/xicro_interfaces/hook/ld_library_path_lib.sh'
[2.243s] [34mcolcon.colcon_core.environment[0m [1;30mLevel 1[0m checking '/home/twt4/xxx_ws/install/xicro_interfaces/bin'
[2.243s] [34mcolcon.colcon_core.environment[0m [1;30mLevel 1[0m checking '/home/twt4/xxx_ws/install/xicro_interfaces/lib/pkgconfig/xicro_interfaces.pc'
[2.244s] [34mcolcon.colcon_core.environment[0m [1;30mLevel 1[0m checking '/home/twt4/xxx_ws/install/xicro_interfaces/lib/python3.12/site-packages'
[2.244s] [34mcolcon.colcon_core.shell[0m [1;30mLevel 1[0m create_environment_hook('xicro_interfaces', 'pythonpath')
[2.245s] [34mcolcon.colcon_core.shell[0m [1;30mINFO[0m Creating environment hook '/home/twt4/xxx_ws/install/xicro_interfaces/share/xicro_interfaces/hook/pythonpath.ps1'
[2.249s] [34mcolcon.colcon_core.shell[0m [1;30mINFO[0m Creating environment descriptor '/home/twt4/xxx_ws/install/xicro_interfaces/share/xicro_interfaces/hook/pythonpath.dsv'
[2.250s] [34mcolcon.colcon_core.shell[0m [1;30mINFO[0m Creating environment hook '/home/twt4/xxx_ws/install/xicro_interfaces/share/xicro_interfaces/hook/pythonpath.sh'
[2.256s] [34mcolcon.colcon_core.environment[0m [1;30mLevel 1[0m checking '/home/twt4/xxx_ws/install/xicro_interfaces/bin'
[2.259s] [34mcolcon.colcon_core.shell[0m [1;30mINFO[0m Creating package script '/home/twt4/xxx_ws/install/xicro_interfaces/share/xicro_interfaces/package.ps1'
[2.262s] [34mcolcon.colcon_core.shell[0m [1;30mINFO[0m Creating package descriptor '/home/twt4/xxx_ws/install/xicro_interfaces/share/xicro_interfaces/package.dsv'
[2.263s] [34mcolcon.colcon_core.shell[0m [1;30mINFO[0m Creating package script '/home/twt4/xxx_ws/install/xicro_interfaces/share/xicro_interfaces/package.sh'
[2.264s] [34mcolcon.colcon_core.shell[0m [1;30mINFO[0m Creating package script '/home/twt4/xxx_ws/install/xicro_interfaces/share/xicro_interfaces/package.bash'
[2.268s] [34mcolcon.colcon_core.shell[0m [1;30mINFO[0m Creating package script '/home/twt4/xxx_ws/install/xicro_interfaces/share/xicro_interfaces/package.zsh'
[2.269s] [34mcolcon.colcon_core.environment[0m [1;30mLevel 1[0m create_file_with_runtime_dependencies(/home/twt4/xxx_ws/install/xicro_interfaces/share/colcon-core/packages/xicro_interfaces)
[2.270s] [34mcolcon.colcon_core.environment[0m [1;30mLevel 1[0m create_environment_scripts_only(xicro_interfaces)
[2.271s] [34mcolcon.colcon_core.environment[0m [1;30mLevel 1[0m checking '/home/twt4/xxx_ws/install/xicro_interfaces' for CMake module files
[2.272s] [34mcolcon.colcon_core.environment[0m [1;30mLevel 1[0m checking '/home/twt4/xxx_ws/install/xicro_interfaces' for CMake config files
[2.273s] [34mcolcon.colcon_core.shell[0m [1;30mLevel 1[0m create_environment_hook('xicro_interfaces', 'cmake_prefix_path')
[2.274s] [34mcolcon.colcon_core.shell[0m [1;30mINFO[0m Creating environment hook '/home/twt4/xxx_ws/install/xicro_interfaces/share/xicro_interfaces/hook/cmake_prefix_path.ps1'
[2.274s] [34mcolcon.colcon_core.shell[0m [1;30mINFO[0m Creating environment descriptor '/home/twt4/xxx_ws/install/xicro_interfaces/share/xicro_interfaces/hook/cmake_prefix_path.dsv'
[2.275s] [34mcolcon.colcon_core.shell[0m [1;30mINFO[0m Creating environment hook '/home/twt4/xxx_ws/install/xicro_interfaces/share/xicro_interfaces/hook/cmake_prefix_path.sh'
[2.276s] [34mcolcon.colcon_core.environment[0m [1;30mLevel 1[0m checking '/home/twt4/xxx_ws/install/xicro_interfaces/lib'
[2.276s] [34mcolcon.colcon_core.shell[0m [1;30mLevel 1[0m create_environment_hook('xicro_interfaces', 'ld_library_path_lib')
[2.276s] [34mcolcon.colcon_core.shell[0m [1;30mINFO[0m Creating environment hook '/home/twt4/xxx_ws/install/xicro_interfaces/share/xicro_interfaces/hook/ld_library_path_lib.ps1'
[2.277s] [34mcolcon.colcon_core.shell[0m [1;30mINFO[0m Creating environment descriptor '/home/twt4/xxx_ws/install/xicro_interfaces/share/xicro_interfaces/hook/ld_library_path_lib.dsv'
[2.277s] [34mcolcon.colcon_core.shell[0m [1;30mINFO[0m Creating environment hook '/home/twt4/xxx_ws/install/xicro_interfaces/share/xicro_interfaces/hook/ld_library_path_lib.sh'
[2.278s] [34mcolcon.colcon_core.environment[0m [1;30mLevel 1[0m checking '/home/twt4/xxx_ws/install/xicro_interfaces/bin'
[2.278s] [34mcolcon.colcon_core.environment[0m [1;30mLevel 1[0m checking '/home/twt4/xxx_ws/install/xicro_interfaces/lib/pkgconfig/xicro_interfaces.pc'
[2.278s] [34mcolcon.colcon_core.environment[0m [1;30mLevel 1[0m checking '/home/twt4/xxx_ws/install/xicro_interfaces/lib/python3.12/site-packages'
[2.278s] [34mcolcon.colcon_core.shell[0m [1;30mLevel 1[0m create_environment_hook('xicro_interfaces', 'pythonpath')
[2.278s] [34mcolcon.colcon_core.shell[0m [1;30mINFO[0m Creating environment hook '/home/twt4/xxx_ws/install/xicro_interfaces/share/xicro_interfaces/hook/pythonpath.ps1'
[2.279s] [34mcolcon.colcon_core.shell[0m [1;30mINFO[0m Creating environment descriptor '/home/twt4/xxx_ws/install/xicro_interfaces/share/xicro_interfaces/hook/pythonpath.dsv'
[2.279s] [34mcolcon.colcon_core.shell[0m [1;30mINFO[0m Creating environment hook '/home/twt4/xxx_ws/install/xicro_interfaces/share/xicro_interfaces/hook/pythonpath.sh'
[2.280s] [34mcolcon.colcon_core.environment[0m [1;30mLevel 1[0m checking '/home/twt4/xxx_ws/install/xicro_interfaces/bin'
[2.281s] [34mcolcon.colcon_core.shell[0m [1;30mINFO[0m Creating package script '/home/twt4/xxx_ws/install/xicro_interfaces/share/xicro_interfaces/package.ps1'
[2.282s] [34mcolcon.colcon_core.shell[0m [1;30mINFO[0m Creating package descriptor '/home/twt4/xxx_ws/install/xicro_interfaces/share/xicro_interfaces/package.dsv'
[2.282s] [34mcolcon.colcon_core.shell[0m [1;30mINFO[0m Creating package script '/home/twt4/xxx_ws/install/xicro_interfaces/share/xicro_interfaces/package.sh'
[2.283s] [34mcolcon.colcon_core.shell[0m [1;30mINFO[0m Creating package script '/home/twt4/xxx_ws/install/xicro_interfaces/share/xicro_interfaces/package.bash'
[2.284s] [34mcolcon.colcon_core.shell[0m [1;30mINFO[0m Creating package script '/home/twt4/xxx_ws/install/xicro_interfaces/share/xicro_interfaces/package.zsh'
[2.284s] [34mcolcon.colcon_core.environment[0m [1;30mLevel 1[0m create_file_with_runtime_dependencies(/home/twt4/xxx_ws/install/xicro_interfaces/share/colcon-core/packages/xicro_interfaces)
[2.285s] [34mcolcon.colcon_parallel_executor.executor.parallel[0m [1;30mDEBUG[0m [32mclosing loop[0m
[2.285s] [34mcolcon.colcon_parallel_executor.executor.parallel[0m [1;30mDEBUG[0m [32mloop closed[0m
[2.286s] [34mcolcon.colcon_parallel_executor.executor.parallel[0m [1;30mDEBUG[0m [32mrun_until_complete finished with '0'[0m
[2.286s] [34mcolcon.colcon_core.event_reactor[0m [1;30mDEBUG[0m [32mjoining thread[0m
[2.299s] [34mcolcon.colcon_core.plugin_system[0m [1;30mINFO[0m Skipping extension 'colcon_notification.desktop_notification.terminal_notifier': Not used on non-Darwin systems
[2.299s] [34mcolcon.colcon_core.plugin_system[0m [1;30mINFO[0m Skipping extension 'colcon_notification.desktop_notification.win32': Not used on non-Windows systems
[2.299s] [34mcolcon.colcon_notification.desktop_notification[0m [1;30mINFO[0m Sending desktop notification using 'notify2'
[2.337s] [34mcolcon.colcon_core.event_reactor[0m [1;30mDEBUG[0m [32mjoined thread[0m
[2.337s] [34mcolcon.colcon_core.shell[0m [1;30mINFO[0m Creating prefix script '/home/twt4/xxx_ws/install/local_setup.ps1'
[2.339s] [34mcolcon.colcon_core.shell[0m [1;30mINFO[0m Creating prefix util module '/home/twt4/xxx_ws/install/_local_setup_util_ps1.py'
[2.341s] [34mcolcon.colcon_core.shell[0m [1;30mINFO[0m Creating prefix chain script '/home/twt4/xxx_ws/install/setup.ps1'
[2.345s] [34mcolcon.colcon_core.shell[0m [1;30mINFO[0m Creating prefix script '/home/twt4/xxx_ws/install/local_setup.sh'
[2.346s] [34mcolcon.colcon_core.shell[0m [1;30mINFO[0m Creating prefix util module '/home/twt4/xxx_ws/install/_local_setup_util_sh.py'
[2.347s] [34mcolcon.colcon_core.shell[0m [1;30mINFO[0m Creating prefix chain script '/home/twt4/xxx_ws/install/setup.sh'
[2.351s] [34mcolcon.colcon_core.shell[0m [1;30mINFO[0m Creating prefix script '/home/twt4/xxx_ws/install/local_setup.bash'
[2.351s] [34mcolcon.colcon_core.shell[0m [1;30mINFO[0m Creating prefix chain script '/home/twt4/xxx_ws/install/setup.bash'
[2.354s] [34mcolcon.colcon_core.shell[0m [1;30mINFO[0m Creating prefix script '/home/twt4/xxx_ws/install/local_setup.zsh'
[2.355s] [34mcolcon.colcon_core.shell[0m [1;30mINFO[0m Creating prefix chain script '/home/twt4/xxx_ws/install/setup.zsh'
