[0.250s] [34mcolcon[0m [1;30mDEBUG[0m [32mCommand line arguments: ['/usr/bin/colcon', 'build'][0m
[0.251s] [34mcolcon[0m [1;30mDEBUG[0m [32mParsed command line arguments: Namespace(log_base=None, log_level=None, verb_name='build', build_base='build', install_base='install', merge_install=False, symlink_install=False, test_result_base=None, continue_on_error=False, executor='parallel', parallel_workers=4, event_handlers=None, ignore_user_meta=False, metas=['./colcon.meta'], base_paths=['.'], packages_ignore=None, packages_ignore_regex=None, paths=None, packages_up_to=None, packages_up_to_regex=None, packages_above=None, packages_above_and_dependencies=None, packages_above_depth=None, packages_select_by_dep=None, packages_skip_by_dep=None, packages_skip_up_to=None, packages_select_build_failed=False, packages_skip_build_finished=False, packages_select_test_failures=False, packages_skip_test_passed=False, packages_select=None, packages_skip=None, packages_select_regex=None, packages_skip_regex=None, packages_start=None, packages_end=None, allow_overriding=[], cmake_args=None, cmake_target=None, cmake_target_skip_unavailable=False, cmake_clean_cache=False, cmake_clean_first=False, cmake_force_configure=False, ament_cmake_args=None, catkin_cmake_args=None, catkin_skip_building_tests=False, mixin_files=None, mixin=None, verb_parser=<colcon_mixin.mixin.mixin_argument.MixinArgumentDecorator object at 0xffffb6842e40>, verb_extension=<colcon_core.verb.build.BuildVerb object at 0xffffb6842b40>, main=<bound method BuildVerb.main of <colcon_core.verb.build.BuildVerb object at 0xffffb6842b40>>, mixin_verb=('build',))[0m
[0.366s] [34mcolcon.colcon_core.package_discovery[0m [1;30mLevel 1[0m discover_packages(colcon_meta) check parameters
[0.367s] [34mcolcon.colcon_core.package_discovery[0m [1;30mLevel 1[0m discover_packages(recursive) check parameters
[0.367s] [34mcolcon.colcon_core.package_discovery[0m [1;30mLevel 1[0m discover_packages(ignore) check parameters
[0.367s] [34mcolcon.colcon_core.package_discovery[0m [1;30mLevel 1[0m discover_packages(path) check parameters
[0.367s] [34mcolcon.colcon_core.package_discovery[0m [1;30mLevel 1[0m discover_packages(colcon_meta) discover
[0.367s] [34mcolcon.colcon_core.package_discovery[0m [1;30mLevel 1[0m discover_packages(recursive) discover
[0.367s] [34mcolcon.colcon_core.package_discovery[0m [1;30mINFO[0m Crawling recursively for packages in '/home/twt4/xxx_ws'
[0.367s] [34mcolcon.colcon_core.package_identification[0m [1;30mLevel 1[0m _identify(.) by extensions ['ignore', 'ignore_ament_install']
[0.367s] [34mcolcon.colcon_core.package_identification[0m [1;30mLevel 1[0m _identify(.) by extension 'ignore'
[0.368s] [34mcolcon.colcon_core.package_identification[0m [1;30mLevel 1[0m _identify(.) by extension 'ignore_ament_install'
[0.368s] [34mcolcon.colcon_core.package_identification[0m [1;30mLevel 1[0m _identify(.) by extensions ['colcon_pkg']
[0.368s] [34mcolcon.colcon_core.package_identification[0m [1;30mLevel 1[0m _identify(.) by extension 'colcon_pkg'
[0.368s] [34mcolcon.colcon_core.package_identification[0m [1;30mLevel 1[0m _identify(.) by extensions ['colcon_meta']
[0.368s] [34mcolcon.colcon_core.package_identification[0m [1;30mLevel 1[0m _identify(.) by extension 'colcon_meta'
[0.368s] [34mcolcon.colcon_core.package_identification[0m [1;30mLevel 1[0m _identify(.) by extensions ['ros']
[0.368s] [34mcolcon.colcon_core.package_identification[0m [1;30mLevel 1[0m _identify(.) by extension 'ros'
[0.422s] [34mcolcon.colcon_core.package_identification[0m [1;30mLevel 1[0m _identify(.) by extensions ['cmake', 'python']
[0.422s] [34mcolcon.colcon_core.package_identification[0m [1;30mLevel 1[0m _identify(.) by extension 'cmake'
[0.422s] [34mcolcon.colcon_core.package_identification[0m [1;30mLevel 1[0m _identify(.) by extension 'python'
[0.422s] [34mcolcon.colcon_core.package_identification[0m [1;30mLevel 1[0m _identify(.) by extensions ['python_setup_py']
[0.422s] [34mcolcon.colcon_core.package_identification[0m [1;30mLevel 1[0m _identify(.) by extension 'python_setup_py'
[0.422s] [34mcolcon.colcon_core.package_identification[0m [1;30mLevel 1[0m _identify(build) by extensions ['ignore', 'ignore_ament_install']
[0.423s] [34mcolcon.colcon_core.package_identification[0m [1;30mLevel 1[0m _identify(build) by extension 'ignore'
[0.423s] [34mcolcon.colcon_core.package_identification[0m [1;30mLevel 1[0m _identify(build) ignored
[0.423s] [34mcolcon.colcon_core.package_identification[0m [1;30mLevel 1[0m _identify(install) by extensions ['ignore', 'ignore_ament_install']
[0.423s] [34mcolcon.colcon_core.package_identification[0m [1;30mLevel 1[0m _identify(install) by extension 'ignore'
[0.423s] [34mcolcon.colcon_core.package_identification[0m [1;30mLevel 1[0m _identify(install) ignored
[0.423s] [34mcolcon.colcon_core.package_identification[0m [1;30mLevel 1[0m _identify(log) by extensions ['ignore', 'ignore_ament_install']
[0.423s] [34mcolcon.colcon_core.package_identification[0m [1;30mLevel 1[0m _identify(log) by extension 'ignore'
[0.423s] [34mcolcon.colcon_core.package_identification[0m [1;30mLevel 1[0m _identify(log) ignored
[0.424s] [34mcolcon.colcon_core.package_identification[0m [1;30mLevel 1[0m _identify(src) by extensions ['ignore', 'ignore_ament_install']
[0.424s] [34mcolcon.colcon_core.package_identification[0m [1;30mLevel 1[0m _identify(src) by extension 'ignore'
[0.424s] [34mcolcon.colcon_core.package_identification[0m [1;30mLevel 1[0m _identify(src) by extension 'ignore_ament_install'
[0.424s] [34mcolcon.colcon_core.package_identification[0m [1;30mLevel 1[0m _identify(src) by extensions ['colcon_pkg']
[0.424s] [34mcolcon.colcon_core.package_identification[0m [1;30mLevel 1[0m _identify(src) by extension 'colcon_pkg'
[0.424s] [34mcolcon.colcon_core.package_identification[0m [1;30mLevel 1[0m _identify(src) by extensions ['colcon_meta']
[0.424s] [34mcolcon.colcon_core.package_identification[0m [1;30mLevel 1[0m _identify(src) by extension 'colcon_meta'
[0.424s] [34mcolcon.colcon_core.package_identification[0m [1;30mLevel 1[0m _identify(src) by extensions ['ros']
[0.424s] [34mcolcon.colcon_core.package_identification[0m [1;30mLevel 1[0m _identify(src) by extension 'ros'
[0.424s] [34mcolcon.colcon_core.package_identification[0m [1;30mLevel 1[0m _identify(src) by extensions ['cmake', 'python']
[0.424s] [34mcolcon.colcon_core.package_identification[0m [1;30mLevel 1[0m _identify(src) by extension 'cmake'
[0.424s] [34mcolcon.colcon_core.package_identification[0m [1;30mLevel 1[0m _identify(src) by extension 'python'
[0.424s] [34mcolcon.colcon_core.package_identification[0m [1;30mLevel 1[0m _identify(src) by extensions ['python_setup_py']
[0.424s] [34mcolcon.colcon_core.package_identification[0m [1;30mLevel 1[0m _identify(src) by extension 'python_setup_py'
[0.424s] [34mcolcon.colcon_core.package_identification[0m [1;30mLevel 1[0m _identify(src/Xicro) by extensions ['ignore', 'ignore_ament_install']
[0.425s] [34mcolcon.colcon_core.package_identification[0m [1;30mLevel 1[0m _identify(src/Xicro) by extension 'ignore'
[0.425s] [34mcolcon.colcon_core.package_identification[0m [1;30mLevel 1[0m _identify(src/Xicro) by extension 'ignore_ament_install'
[0.425s] [34mcolcon.colcon_core.package_identification[0m [1;30mLevel 1[0m _identify(src/Xicro) by extensions ['colcon_pkg']
[0.425s] [34mcolcon.colcon_core.package_identification[0m [1;30mLevel 1[0m _identify(src/Xicro) by extension 'colcon_pkg'
[0.425s] [34mcolcon.colcon_core.package_identification[0m [1;30mLevel 1[0m _identify(src/Xicro) by extensions ['colcon_meta']
[0.425s] [34mcolcon.colcon_core.package_identification[0m [1;30mLevel 1[0m _identify(src/Xicro) by extension 'colcon_meta'
[0.425s] [34mcolcon.colcon_core.package_identification[0m [1;30mLevel 1[0m _identify(src/Xicro) by extensions ['ros']
[0.425s] [34mcolcon.colcon_core.package_identification[0m [1;30mLevel 1[0m _identify(src/Xicro) by extension 'ros'
[0.425s] [34mcolcon.colcon_core.package_identification[0m [1;30mLevel 1[0m _identify(src/Xicro) by extensions ['cmake', 'python']
[0.425s] [34mcolcon.colcon_core.package_identification[0m [1;30mLevel 1[0m _identify(src/Xicro) by extension 'cmake'
[0.425s] [34mcolcon.colcon_core.package_identification[0m [1;30mLevel 1[0m _identify(src/Xicro) by extension 'python'
[0.425s] [34mcolcon.colcon_core.package_identification[0m [1;30mLevel 1[0m _identify(src/Xicro) by extensions ['python_setup_py']
[0.425s] [34mcolcon.colcon_core.package_identification[0m [1;30mLevel 1[0m _identify(src/Xicro) by extension 'python_setup_py'
[0.425s] [34mcolcon.colcon_core.package_identification[0m [1;30mLevel 1[0m _identify(src/Xicro/docs) by extensions ['ignore', 'ignore_ament_install']
[0.426s] [34mcolcon.colcon_core.package_identification[0m [1;30mLevel 1[0m _identify(src/Xicro/docs) by extension 'ignore'
[0.426s] [34mcolcon.colcon_core.package_identification[0m [1;30mLevel 1[0m _identify(src/Xicro/docs) by extension 'ignore_ament_install'
[0.426s] [34mcolcon.colcon_core.package_identification[0m [1;30mLevel 1[0m _identify(src/Xicro/docs) by extensions ['colcon_pkg']
[0.426s] [34mcolcon.colcon_core.package_identification[0m [1;30mLevel 1[0m _identify(src/Xicro/docs) by extension 'colcon_pkg'
[0.426s] [34mcolcon.colcon_core.package_identification[0m [1;30mLevel 1[0m _identify(src/Xicro/docs) by extensions ['colcon_meta']
[0.426s] [34mcolcon.colcon_core.package_identification[0m [1;30mLevel 1[0m _identify(src/Xicro/docs) by extension 'colcon_meta'
[0.426s] [34mcolcon.colcon_core.package_identification[0m [1;30mLevel 1[0m _identify(src/Xicro/docs) by extensions ['ros']
[0.426s] [34mcolcon.colcon_core.package_identification[0m [1;30mLevel 1[0m _identify(src/Xicro/docs) by extension 'ros'
[0.426s] [34mcolcon.colcon_core.package_identification[0m [1;30mLevel 1[0m _identify(src/Xicro/docs) by extensions ['cmake', 'python']
[0.426s] [34mcolcon.colcon_core.package_identification[0m [1;30mLevel 1[0m _identify(src/Xicro/docs) by extension 'cmake'
[0.426s] [34mcolcon.colcon_core.package_identification[0m [1;30mLevel 1[0m _identify(src/Xicro/docs) by extension 'python'
[0.426s] [34mcolcon.colcon_core.package_identification[0m [1;30mLevel 1[0m _identify(src/Xicro/docs) by extensions ['python_setup_py']
[0.426s] [34mcolcon.colcon_core.package_identification[0m [1;30mLevel 1[0m _identify(src/Xicro/docs) by extension 'python_setup_py'
[0.426s] [34mcolcon.colcon_core.package_identification[0m [1;30mLevel 1[0m _identify(src/Xicro/docs/pic) by extensions ['ignore', 'ignore_ament_install']
[0.426s] [34mcolcon.colcon_core.package_identification[0m [1;30mLevel 1[0m _identify(src/Xicro/docs/pic) by extension 'ignore'
[0.427s] [34mcolcon.colcon_core.package_identification[0m [1;30mLevel 1[0m _identify(src/Xicro/docs/pic) by extension 'ignore_ament_install'
[0.427s] [34mcolcon.colcon_core.package_identification[0m [1;30mLevel 1[0m _identify(src/Xicro/docs/pic) by extensions ['colcon_pkg']
[0.427s] [34mcolcon.colcon_core.package_identification[0m [1;30mLevel 1[0m _identify(src/Xicro/docs/pic) by extension 'colcon_pkg'
[0.427s] [34mcolcon.colcon_core.package_identification[0m [1;30mLevel 1[0m _identify(src/Xicro/docs/pic) by extensions ['colcon_meta']
[0.427s] [34mcolcon.colcon_core.package_identification[0m [1;30mLevel 1[0m _identify(src/Xicro/docs/pic) by extension 'colcon_meta'
[0.427s] [34mcolcon.colcon_core.package_identification[0m [1;30mLevel 1[0m _identify(src/Xicro/docs/pic) by extensions ['ros']
[0.427s] [34mcolcon.colcon_core.package_identification[0m [1;30mLevel 1[0m _identify(src/Xicro/docs/pic) by extension 'ros'
[0.427s] [34mcolcon.colcon_core.package_identification[0m [1;30mLevel 1[0m _identify(src/Xicro/docs/pic) by extensions ['cmake', 'python']
[0.427s] [34mcolcon.colcon_core.package_identification[0m [1;30mLevel 1[0m _identify(src/Xicro/docs/pic) by extension 'cmake'
[0.427s] [34mcolcon.colcon_core.package_identification[0m [1;30mLevel 1[0m _identify(src/Xicro/docs/pic) by extension 'python'
[0.427s] [34mcolcon.colcon_core.package_identification[0m [1;30mLevel 1[0m _identify(src/Xicro/docs/pic) by extensions ['python_setup_py']
[0.427s] [34mcolcon.colcon_core.package_identification[0m [1;30mLevel 1[0m _identify(src/Xicro/docs/pic) by extension 'python_setup_py'
[0.427s] [34mcolcon.colcon_core.package_identification[0m [1;30mLevel 1[0m _identify(src/Xicro/xicro_interfaces) by extensions ['ignore', 'ignore_ament_install']
[0.427s] [34mcolcon.colcon_core.package_identification[0m [1;30mLevel 1[0m _identify(src/Xicro/xicro_interfaces) by extension 'ignore'
[0.427s] [34mcolcon.colcon_core.package_identification[0m [1;30mLevel 1[0m _identify(src/Xicro/xicro_interfaces) by extension 'ignore_ament_install'
[0.427s] [34mcolcon.colcon_core.package_identification[0m [1;30mLevel 1[0m _identify(src/Xicro/xicro_interfaces) by extensions ['colcon_pkg']
[0.428s] [34mcolcon.colcon_core.package_identification[0m [1;30mLevel 1[0m _identify(src/Xicro/xicro_interfaces) by extension 'colcon_pkg'
[0.428s] [34mcolcon.colcon_core.package_identification[0m [1;30mLevel 1[0m _identify(src/Xicro/xicro_interfaces) by extensions ['colcon_meta']
[0.428s] [34mcolcon.colcon_core.package_identification[0m [1;30mLevel 1[0m _identify(src/Xicro/xicro_interfaces) by extension 'colcon_meta'
[0.428s] [34mcolcon.colcon_core.package_identification[0m [1;30mLevel 1[0m _identify(src/Xicro/xicro_interfaces) by extensions ['ros']
[0.428s] [34mcolcon.colcon_core.package_identification[0m [1;30mLevel 1[0m _identify(src/Xicro/xicro_interfaces) by extension 'ros'
[0.433s] [34mcolcon.colcon_core.package_identification[0m [1;30mDEBUG[0m [32mPackage 'src/Xicro/xicro_interfaces' with type 'ros.ament_cmake' and name 'xicro_interfaces'[0m
[0.433s] [34mcolcon.colcon_core.package_identification[0m [1;30mLevel 1[0m _identify(src/Xicro/xicro_pkg) by extensions ['ignore', 'ignore_ament_install']
[0.433s] [34mcolcon.colcon_core.package_identification[0m [1;30mLevel 1[0m _identify(src/Xicro/xicro_pkg) by extension 'ignore'
[0.433s] [34mcolcon.colcon_core.package_identification[0m [1;30mLevel 1[0m _identify(src/Xicro/xicro_pkg) by extension 'ignore_ament_install'
[0.433s] [34mcolcon.colcon_core.package_identification[0m [1;30mLevel 1[0m _identify(src/Xicro/xicro_pkg) by extensions ['colcon_pkg']
[0.433s] [34mcolcon.colcon_core.package_identification[0m [1;30mLevel 1[0m _identify(src/Xicro/xicro_pkg) by extension 'colcon_pkg'
[0.433s] [34mcolcon.colcon_core.package_identification[0m [1;30mLevel 1[0m _identify(src/Xicro/xicro_pkg) by extensions ['colcon_meta']
[0.433s] [34mcolcon.colcon_core.package_identification[0m [1;30mLevel 1[0m _identify(src/Xicro/xicro_pkg) by extension 'colcon_meta'
[0.433s] [34mcolcon.colcon_core.package_identification[0m [1;30mLevel 1[0m _identify(src/Xicro/xicro_pkg) by extensions ['ros']
[0.434s] [34mcolcon.colcon_core.package_identification[0m [1;30mLevel 1[0m _identify(src/Xicro/xicro_pkg) by extension 'ros'
[0.434s] [34mcolcon.colcon_core.package_identification[0m [1;30mDEBUG[0m [32mPackage 'src/Xicro/xicro_pkg' with type 'ros.ament_cmake' and name 'xicro_pkg'[0m
[0.434s] [34mcolcon.colcon_core.package_discovery[0m [1;30mLevel 1[0m discover_packages(recursive) using defaults
[0.435s] [34mcolcon.colcon_core.package_discovery[0m [1;30mLevel 1[0m discover_packages(ignore) discover
[0.435s] [34mcolcon.colcon_core.package_discovery[0m [1;30mLevel 1[0m discover_packages(ignore) using defaults
[0.435s] [34mcolcon.colcon_core.package_discovery[0m [1;30mLevel 1[0m discover_packages(path) discover
[0.435s] [34mcolcon.colcon_core.package_discovery[0m [1;30mLevel 1[0m discover_packages(path) using defaults
[0.473s] [34mcolcon.colcon_core.package_discovery[0m [1;30mLevel 1[0m discover_packages(prefix_path) check parameters
[0.473s] [34mcolcon.colcon_core.package_discovery[0m [1;30mLevel 1[0m discover_packages(prefix_path) discover
[0.480s] [34mcolcon.colcon_installed_package_information.package_discovery[0m [1;30mDEBUG[0m [32mFound 8 installed packages in /home/twt4/turtlebot3_ws/install[0m
[0.481s] [34mcolcon.colcon_installed_package_information.package_discovery[0m [1;30mDEBUG[0m [32mFound 1 installed packages in /home/twt4/ros2_ws/install[0m
[0.482s] [34mcolcon.colcon_installed_package_information.package_discovery[0m [1;30mDEBUG[0m [32mFound 1 installed packages in /home/twt4/twtsim_ws/install[0m
[0.483s] [34mcolcon.colcon_installed_package_information.package_discovery[0m [1;30mDEBUG[0m [32mFound 14 installed packages in /home/twt4/ros2_modules/install[0m
[0.487s] [34mcolcon.colcon_installed_package_information.package_discovery[0m [1;30mDEBUG[0m [32mFound 509 installed packages in /opt/ros/jazzy[0m
[0.492s] [34mcolcon.colcon_core.package_discovery[0m [1;30mLevel 1[0m discover_packages(prefix_path) using defaults
[0.674s] [34mcolcon.colcon_core.verb[0m [1;30mLevel 5[0m set package 'xicro_interfaces' build argument 'cmake_args' from command line to 'None'
[0.674s] [34mcolcon.colcon_core.verb[0m [1;30mLevel 5[0m set package 'xicro_interfaces' build argument 'cmake_target' from command line to 'None'
[0.674s] [34mcolcon.colcon_core.verb[0m [1;30mLevel 5[0m set package 'xicro_interfaces' build argument 'cmake_target_skip_unavailable' from command line to 'False'
[0.674s] [34mcolcon.colcon_core.verb[0m [1;30mLevel 5[0m set package 'xicro_interfaces' build argument 'cmake_clean_cache' from command line to 'False'
[0.674s] [34mcolcon.colcon_core.verb[0m [1;30mLevel 5[0m set package 'xicro_interfaces' build argument 'cmake_clean_first' from command line to 'False'
[0.675s] [34mcolcon.colcon_core.verb[0m [1;30mLevel 5[0m set package 'xicro_interfaces' build argument 'cmake_force_configure' from command line to 'False'
[0.675s] [34mcolcon.colcon_core.verb[0m [1;30mLevel 5[0m set package 'xicro_interfaces' build argument 'ament_cmake_args' from command line to 'None'
[0.675s] [34mcolcon.colcon_core.verb[0m [1;30mLevel 5[0m set package 'xicro_interfaces' build argument 'catkin_cmake_args' from command line to 'None'
[0.675s] [34mcolcon.colcon_core.verb[0m [1;30mLevel 5[0m set package 'xicro_interfaces' build argument 'catkin_skip_building_tests' from command line to 'False'
[0.675s] [34mcolcon.colcon_core.verb[0m [1;30mDEBUG[0m [32mBuilding package 'xicro_interfaces' with the following arguments: {'ament_cmake_args': None, 'build_base': '/home/twt4/xxx_ws/build/xicro_interfaces', 'catkin_cmake_args': None, 'catkin_skip_building_tests': False, 'cmake_args': None, 'cmake_clean_cache': False, 'cmake_clean_first': False, 'cmake_force_configure': False, 'cmake_target': None, 'cmake_target_skip_unavailable': False, 'install_base': '/home/twt4/xxx_ws/install/xicro_interfaces', 'merge_install': False, 'path': '/home/twt4/xxx_ws/src/Xicro/xicro_interfaces', 'symlink_install': False, 'test_result_base': None}[0m
[0.675s] [34mcolcon.colcon_core.verb[0m [1;30mLevel 5[0m set package 'xicro_pkg' build argument 'cmake_args' from command line to 'None'
[0.675s] [34mcolcon.colcon_core.verb[0m [1;30mLevel 5[0m set package 'xicro_pkg' build argument 'cmake_target' from command line to 'None'
[0.675s] [34mcolcon.colcon_core.verb[0m [1;30mLevel 5[0m set package 'xicro_pkg' build argument 'cmake_target_skip_unavailable' from command line to 'False'
[0.675s] [34mcolcon.colcon_core.verb[0m [1;30mLevel 5[0m set package 'xicro_pkg' build argument 'cmake_clean_cache' from command line to 'False'
[0.675s] [34mcolcon.colcon_core.verb[0m [1;30mLevel 5[0m set package 'xicro_pkg' build argument 'cmake_clean_first' from command line to 'False'
[0.675s] [34mcolcon.colcon_core.verb[0m [1;30mLevel 5[0m set package 'xicro_pkg' build argument 'cmake_force_configure' from command line to 'False'
[0.675s] [34mcolcon.colcon_core.verb[0m [1;30mLevel 5[0m set package 'xicro_pkg' build argument 'ament_cmake_args' from command line to 'None'
[0.676s] [34mcolcon.colcon_core.verb[0m [1;30mLevel 5[0m set package 'xicro_pkg' build argument 'catkin_cmake_args' from command line to 'None'
[0.676s] [34mcolcon.colcon_core.verb[0m [1;30mLevel 5[0m set package 'xicro_pkg' build argument 'catkin_skip_building_tests' from command line to 'False'
[0.676s] [34mcolcon.colcon_core.verb[0m [1;30mDEBUG[0m [32mBuilding package 'xicro_pkg' with the following arguments: {'ament_cmake_args': None, 'build_base': '/home/twt4/xxx_ws/build/xicro_pkg', 'catkin_cmake_args': None, 'catkin_skip_building_tests': False, 'cmake_args': None, 'cmake_clean_cache': False, 'cmake_clean_first': False, 'cmake_force_configure': False, 'cmake_target': None, 'cmake_target_skip_unavailable': False, 'install_base': '/home/twt4/xxx_ws/install/xicro_pkg', 'merge_install': False, 'path': '/home/twt4/xxx_ws/src/Xicro/xicro_pkg', 'symlink_install': False, 'test_result_base': None}[0m
[0.676s] [34mcolcon.colcon_core.executor[0m [1;30mINFO[0m Executing jobs using 'parallel' executor
[0.677s] [34mcolcon.colcon_parallel_executor.executor.parallel[0m [1;30mDEBUG[0m [32mrun_until_complete[0m
[0.678s] [34mcolcon.colcon_ros.task.ament_cmake.build[0m [1;30mINFO[0m Building ROS package in '/home/twt4/xxx_ws/src/Xicro/xicro_interfaces' with build type 'ament_cmake'
[0.679s] [34mcolcon.colcon_cmake.task.cmake.build[0m [1;30mINFO[0m Building CMake package in '/home/twt4/xxx_ws/src/Xicro/xicro_interfaces'
[0.695s] [34mcolcon.colcon_core.plugin_system[0m [1;30mINFO[0m Skipping extension 'colcon_core.shell.bat': Not used on non-Windows systems
[0.696s] [34mcolcon.colcon_core.shell[0m [1;30mINFO[0m Skip shell extension 'powershell' for command environment: Not usable outside of PowerShell
[0.696s] [34mcolcon.colcon_core.shell[0m [1;30mDEBUG[0m [32mSkip shell extension 'dsv' for command environment[0m
[0.717s] [34mcolcon.colcon_ros.task.ament_cmake.build[0m [1;30mINFO[0m Building ROS package in '/home/twt4/xxx_ws/src/Xicro/xicro_pkg' with build type 'ament_cmake'
[0.718s] [34mcolcon.colcon_cmake.task.cmake.build[0m [1;30mINFO[0m Building CMake package in '/home/twt4/xxx_ws/src/Xicro/xicro_pkg'
[0.718s] [34mcolcon.colcon_core.shell[0m [1;30mINFO[0m Skip shell extension 'powershell' for command environment: Not usable outside of PowerShell
[0.718s] [34mcolcon.colcon_core.shell[0m [1;30mDEBUG[0m [32mSkip shell extension 'dsv' for command environment[0m
[0.743s] [34mcolcon.colcon_core.event_handler.log_command[0m [1;30mDEBUG[0m [32mInvoking command in '/home/twt4/xxx_ws/build/xicro_interfaces': CMAKE_PREFIX_PATH=${CMAKE_PREFIX_PATH}:/home/twt4/ros2_modules/install/ntrip_client:/home/twt4/ros2_modules/install/nmea_navsat_driver:/home/twt4/ros2_modules/install/handsfree_ros2_imu:/home/twt4/turtlebot3_ws/install/turtlebot3_teleop:/home/twt4/turtlebot3_ws/install/turtlebot3_example:/home/twt4/ros2_ws/install/twt_fuse:/opt/ros/jazzy DEBUGINFOD_URLS=https://debuginfod.ubuntu.com /usr/bin/cmake --build /home/twt4/xxx_ws/build/xicro_interfaces -- -j4 -l4[0m
[0.763s] [34mcolcon.colcon_core.event_handler.log_command[0m [1;30mDEBUG[0m [32mInvoking command in '/home/twt4/xxx_ws/build/xicro_pkg': CMAKE_PREFIX_PATH=${CMAKE_PREFIX_PATH}:/home/twt4/ros2_modules/install/ntrip_client:/home/twt4/ros2_modules/install/nmea_navsat_driver:/home/twt4/ros2_modules/install/handsfree_ros2_imu:/home/twt4/turtlebot3_ws/install/turtlebot3_teleop:/home/twt4/turtlebot3_ws/install/turtlebot3_example:/home/twt4/ros2_ws/install/twt_fuse:/opt/ros/jazzy DEBUGINFOD_URLS=https://debuginfod.ubuntu.com /usr/bin/cmake --build /home/twt4/xxx_ws/build/xicro_pkg -- -j4 -l4[0m
[2.329s] [34mcolcon.colcon_core.event_handler.log_command[0m [1;30mDEBUG[0m [32mInvoked command in '/home/twt4/xxx_ws/build/xicro_interfaces' returned '0': CMAKE_PREFIX_PATH=${CMAKE_PREFIX_PATH}:/home/twt4/ros2_modules/install/ntrip_client:/home/twt4/ros2_modules/install/nmea_navsat_driver:/home/twt4/ros2_modules/install/handsfree_ros2_imu:/home/twt4/turtlebot3_ws/install/turtlebot3_teleop:/home/twt4/turtlebot3_ws/install/turtlebot3_example:/home/twt4/ros2_ws/install/twt_fuse:/opt/ros/jazzy DEBUGINFOD_URLS=https://debuginfod.ubuntu.com /usr/bin/cmake --build /home/twt4/xxx_ws/build/xicro_interfaces -- -j4 -l4[0m
[2.355s] [34mcolcon.colcon_core.event_handler.log_command[0m [1;30mDEBUG[0m [32mInvoking command in '/home/twt4/xxx_ws/build/xicro_interfaces': CMAKE_PREFIX_PATH=${CMAKE_PREFIX_PATH}:/home/twt4/ros2_modules/install/ntrip_client:/home/twt4/ros2_modules/install/nmea_navsat_driver:/home/twt4/ros2_modules/install/handsfree_ros2_imu:/home/twt4/turtlebot3_ws/install/turtlebot3_teleop:/home/twt4/turtlebot3_ws/install/turtlebot3_example:/home/twt4/ros2_ws/install/twt_fuse:/opt/ros/jazzy DEBUGINFOD_URLS=https://debuginfod.ubuntu.com /usr/bin/cmake --install /home/twt4/xxx_ws/build/xicro_interfaces[0m
[2.558s] [34mcolcon.colcon_core.environment[0m [1;30mLevel 1[0m create_environment_scripts_only(xicro_interfaces)
[2.559s] [34mcolcon.colcon_core.event_handler.log_command[0m [1;30mDEBUG[0m [32mInvoked command in '/home/twt4/xxx_ws/build/xicro_interfaces' returned '0': CMAKE_PREFIX_PATH=${CMAKE_PREFIX_PATH}:/home/twt4/ros2_modules/install/ntrip_client:/home/twt4/ros2_modules/install/nmea_navsat_driver:/home/twt4/ros2_modules/install/handsfree_ros2_imu:/home/twt4/turtlebot3_ws/install/turtlebot3_teleop:/home/twt4/turtlebot3_ws/install/turtlebot3_example:/home/twt4/ros2_ws/install/twt_fuse:/opt/ros/jazzy DEBUGINFOD_URLS=https://debuginfod.ubuntu.com /usr/bin/cmake --install /home/twt4/xxx_ws/build/xicro_interfaces[0m
[2.575s] [34mcolcon.colcon_core.environment[0m [1;30mLevel 1[0m checking '/home/twt4/xxx_ws/install/xicro_interfaces' for CMake module files
[2.576s] [34mcolcon.colcon_core.environment[0m [1;30mLevel 1[0m checking '/home/twt4/xxx_ws/install/xicro_interfaces' for CMake config files
[2.578s] [34mcolcon.colcon_core.shell[0m [1;30mLevel 1[0m create_environment_hook('xicro_interfaces', 'cmake_prefix_path')
[2.579s] [34mcolcon.colcon_core.shell[0m [1;30mINFO[0m Creating environment hook '/home/twt4/xxx_ws/install/xicro_interfaces/share/xicro_interfaces/hook/cmake_prefix_path.ps1'
[2.583s] [34mcolcon.colcon_core.shell[0m [1;30mINFO[0m Creating environment descriptor '/home/twt4/xxx_ws/install/xicro_interfaces/share/xicro_interfaces/hook/cmake_prefix_path.dsv'
[2.585s] [34mcolcon.colcon_core.shell[0m [1;30mINFO[0m Creating environment hook '/home/twt4/xxx_ws/install/xicro_interfaces/share/xicro_interfaces/hook/cmake_prefix_path.sh'
[2.588s] [34mcolcon.colcon_core.environment[0m [1;30mLevel 1[0m checking '/home/twt4/xxx_ws/install/xicro_interfaces/lib'
[2.589s] [34mcolcon.colcon_core.shell[0m [1;30mLevel 1[0m create_environment_hook('xicro_interfaces', 'ld_library_path_lib')
[2.589s] [34mcolcon.colcon_core.shell[0m [1;30mINFO[0m Creating environment hook '/home/twt4/xxx_ws/install/xicro_interfaces/share/xicro_interfaces/hook/ld_library_path_lib.ps1'
[2.592s] [34mcolcon.colcon_core.shell[0m [1;30mINFO[0m Creating environment descriptor '/home/twt4/xxx_ws/install/xicro_interfaces/share/xicro_interfaces/hook/ld_library_path_lib.dsv'
[2.594s] [34mcolcon.colcon_core.shell[0m [1;30mINFO[0m Creating environment hook '/home/twt4/xxx_ws/install/xicro_interfaces/share/xicro_interfaces/hook/ld_library_path_lib.sh'
[2.603s] [34mcolcon.colcon_core.environment[0m [1;30mLevel 1[0m checking '/home/twt4/xxx_ws/install/xicro_interfaces/bin'
[2.603s] [34mcolcon.colcon_core.environment[0m [1;30mLevel 1[0m checking '/home/twt4/xxx_ws/install/xicro_interfaces/lib/pkgconfig/xicro_interfaces.pc'
[2.604s] [34mcolcon.colcon_core.environment[0m [1;30mLevel 1[0m checking '/home/twt4/xxx_ws/install/xicro_interfaces/lib/python3.12/site-packages'
[2.605s] [34mcolcon.colcon_core.shell[0m [1;30mLevel 1[0m create_environment_hook('xicro_interfaces', 'pythonpath')
[2.605s] [34mcolcon.colcon_core.shell[0m [1;30mINFO[0m Creating environment hook '/home/twt4/xxx_ws/install/xicro_interfaces/share/xicro_interfaces/hook/pythonpath.ps1'
[2.607s] [34mcolcon.colcon_core.shell[0m [1;30mINFO[0m Creating environment descriptor '/home/twt4/xxx_ws/install/xicro_interfaces/share/xicro_interfaces/hook/pythonpath.dsv'
[2.611s] [34mcolcon.colcon_core.shell[0m [1;30mINFO[0m Creating environment hook '/home/twt4/xxx_ws/install/xicro_interfaces/share/xicro_interfaces/hook/pythonpath.sh'
[2.614s] [34mcolcon.colcon_core.environment[0m [1;30mLevel 1[0m checking '/home/twt4/xxx_ws/install/xicro_interfaces/bin'
[2.615s] [34mcolcon.colcon_core.shell[0m [1;30mINFO[0m Creating package script '/home/twt4/xxx_ws/install/xicro_interfaces/share/xicro_interfaces/package.ps1'
[2.620s] [34mcolcon.colcon_core.shell[0m [1;30mINFO[0m Creating package descriptor '/home/twt4/xxx_ws/install/xicro_interfaces/share/xicro_interfaces/package.dsv'
[2.627s] [34mcolcon.colcon_core.shell[0m [1;30mINFO[0m Creating package script '/home/twt4/xxx_ws/install/xicro_interfaces/share/xicro_interfaces/package.sh'
[2.630s] [34mcolcon.colcon_core.shell[0m [1;30mINFO[0m Creating package script '/home/twt4/xxx_ws/install/xicro_interfaces/share/xicro_interfaces/package.bash'
[2.632s] [34mcolcon.colcon_core.shell[0m [1;30mINFO[0m Creating package script '/home/twt4/xxx_ws/install/xicro_interfaces/share/xicro_interfaces/package.zsh'
[2.634s] [34mcolcon.colcon_core.environment[0m [1;30mLevel 1[0m create_file_with_runtime_dependencies(/home/twt4/xxx_ws/install/xicro_interfaces/share/colcon-core/packages/xicro_interfaces)
[2.636s] [34mcolcon.colcon_core.environment[0m [1;30mLevel 1[0m create_environment_scripts_only(xicro_interfaces)
[2.636s] [34mcolcon.colcon_core.environment[0m [1;30mLevel 1[0m checking '/home/twt4/xxx_ws/install/xicro_interfaces' for CMake module files
[2.637s] [34mcolcon.colcon_core.environment[0m [1;30mLevel 1[0m checking '/home/twt4/xxx_ws/install/xicro_interfaces' for CMake config files
[2.638s] [34mcolcon.colcon_core.shell[0m [1;30mLevel 1[0m create_environment_hook('xicro_interfaces', 'cmake_prefix_path')
[2.638s] [34mcolcon.colcon_core.shell[0m [1;30mINFO[0m Creating environment hook '/home/twt4/xxx_ws/install/xicro_interfaces/share/xicro_interfaces/hook/cmake_prefix_path.ps1'
[2.640s] [34mcolcon.colcon_core.shell[0m [1;30mINFO[0m Creating environment descriptor '/home/twt4/xxx_ws/install/xicro_interfaces/share/xicro_interfaces/hook/cmake_prefix_path.dsv'
[2.641s] [34mcolcon.colcon_core.shell[0m [1;30mINFO[0m Creating environment hook '/home/twt4/xxx_ws/install/xicro_interfaces/share/xicro_interfaces/hook/cmake_prefix_path.sh'
[2.642s] [34mcolcon.colcon_core.environment[0m [1;30mLevel 1[0m checking '/home/twt4/xxx_ws/install/xicro_interfaces/lib'
[2.643s] [34mcolcon.colcon_core.shell[0m [1;30mLevel 1[0m create_environment_hook('xicro_interfaces', 'ld_library_path_lib')
[2.643s] [34mcolcon.colcon_core.shell[0m [1;30mINFO[0m Creating environment hook '/home/twt4/xxx_ws/install/xicro_interfaces/share/xicro_interfaces/hook/ld_library_path_lib.ps1'
[2.644s] [34mcolcon.colcon_core.shell[0m [1;30mINFO[0m Creating environment descriptor '/home/twt4/xxx_ws/install/xicro_interfaces/share/xicro_interfaces/hook/ld_library_path_lib.dsv'
[2.644s] [34mcolcon.colcon_core.shell[0m [1;30mINFO[0m Creating environment hook '/home/twt4/xxx_ws/install/xicro_interfaces/share/xicro_interfaces/hook/ld_library_path_lib.sh'
[2.646s] [34mcolcon.colcon_core.environment[0m [1;30mLevel 1[0m checking '/home/twt4/xxx_ws/install/xicro_interfaces/bin'
[2.646s] [34mcolcon.colcon_core.environment[0m [1;30mLevel 1[0m checking '/home/twt4/xxx_ws/install/xicro_interfaces/lib/pkgconfig/xicro_interfaces.pc'
[2.647s] [34mcolcon.colcon_core.environment[0m [1;30mLevel 1[0m checking '/home/twt4/xxx_ws/install/xicro_interfaces/lib/python3.12/site-packages'
[2.647s] [34mcolcon.colcon_core.shell[0m [1;30mLevel 1[0m create_environment_hook('xicro_interfaces', 'pythonpath')
[2.648s] [34mcolcon.colcon_core.shell[0m [1;30mINFO[0m Creating environment hook '/home/twt4/xxx_ws/install/xicro_interfaces/share/xicro_interfaces/hook/pythonpath.ps1'
[2.649s] [34mcolcon.colcon_core.shell[0m [1;30mINFO[0m Creating environment descriptor '/home/twt4/xxx_ws/install/xicro_interfaces/share/xicro_interfaces/hook/pythonpath.dsv'
[2.649s] [34mcolcon.colcon_core.shell[0m [1;30mINFO[0m Creating environment hook '/home/twt4/xxx_ws/install/xicro_interfaces/share/xicro_interfaces/hook/pythonpath.sh'
[2.651s] [34mcolcon.colcon_core.environment[0m [1;30mLevel 1[0m checking '/home/twt4/xxx_ws/install/xicro_interfaces/bin'
[2.651s] [34mcolcon.colcon_core.shell[0m [1;30mINFO[0m Creating package script '/home/twt4/xxx_ws/install/xicro_interfaces/share/xicro_interfaces/package.ps1'
[2.653s] [34mcolcon.colcon_core.shell[0m [1;30mINFO[0m Creating package descriptor '/home/twt4/xxx_ws/install/xicro_interfaces/share/xicro_interfaces/package.dsv'
[2.654s] [34mcolcon.colcon_core.shell[0m [1;30mINFO[0m Creating package script '/home/twt4/xxx_ws/install/xicro_interfaces/share/xicro_interfaces/package.sh'
[2.655s] [34mcolcon.colcon_core.shell[0m [1;30mINFO[0m Creating package script '/home/twt4/xxx_ws/install/xicro_interfaces/share/xicro_interfaces/package.bash'
[2.656s] [34mcolcon.colcon_core.shell[0m [1;30mINFO[0m Creating package script '/home/twt4/xxx_ws/install/xicro_interfaces/share/xicro_interfaces/package.zsh'
[2.658s] [34mcolcon.colcon_core.environment[0m [1;30mLevel 1[0m create_file_with_runtime_dependencies(/home/twt4/xxx_ws/install/xicro_interfaces/share/colcon-core/packages/xicro_interfaces)
[4.890s] [34mcolcon.colcon_core.event_handler.log_command[0m [1;30mDEBUG[0m [32mInvoked command in '/home/twt4/xxx_ws/build/xicro_pkg' returned '0': CMAKE_PREFIX_PATH=${CMAKE_PREFIX_PATH}:/home/twt4/ros2_modules/install/ntrip_client:/home/twt4/ros2_modules/install/nmea_navsat_driver:/home/twt4/ros2_modules/install/handsfree_ros2_imu:/home/twt4/turtlebot3_ws/install/turtlebot3_teleop:/home/twt4/turtlebot3_ws/install/turtlebot3_example:/home/twt4/ros2_ws/install/twt_fuse:/opt/ros/jazzy DEBUGINFOD_URLS=https://debuginfod.ubuntu.com /usr/bin/cmake --build /home/twt4/xxx_ws/build/xicro_pkg -- -j4 -l4[0m
[4.896s] [34mcolcon.colcon_core.event_handler.log_command[0m [1;30mDEBUG[0m [32mInvoking command in '/home/twt4/xxx_ws/build/xicro_pkg': CMAKE_PREFIX_PATH=${CMAKE_PREFIX_PATH}:/home/twt4/ros2_modules/install/ntrip_client:/home/twt4/ros2_modules/install/nmea_navsat_driver:/home/twt4/ros2_modules/install/handsfree_ros2_imu:/home/twt4/turtlebot3_ws/install/turtlebot3_teleop:/home/twt4/turtlebot3_ws/install/turtlebot3_example:/home/twt4/ros2_ws/install/twt_fuse:/opt/ros/jazzy DEBUGINFOD_URLS=https://debuginfod.ubuntu.com /usr/bin/cmake --install /home/twt4/xxx_ws/build/xicro_pkg[0m
[5.055s] [34mcolcon.colcon_core.event_handler.log_command[0m [1;30mDEBUG[0m [32mInvoked command in '/home/twt4/xxx_ws/build/xicro_pkg' returned '1': CMAKE_PREFIX_PATH=${CMAKE_PREFIX_PATH}:/home/twt4/ros2_modules/install/ntrip_client:/home/twt4/ros2_modules/install/nmea_navsat_driver:/home/twt4/ros2_modules/install/handsfree_ros2_imu:/home/twt4/turtlebot3_ws/install/turtlebot3_teleop:/home/twt4/turtlebot3_ws/install/turtlebot3_example:/home/twt4/ros2_ws/install/twt_fuse:/opt/ros/jazzy DEBUGINFOD_URLS=https://debuginfod.ubuntu.com /usr/bin/cmake --install /home/twt4/xxx_ws/build/xicro_pkg[0m
[5.055s] [34mcolcon.colcon_core.environment[0m [1;30mLevel 1[0m create_environment_scripts_only(xicro_pkg)
[5.056s] [34mcolcon.colcon_core.environment[0m [1;30mLevel 1[0m checking '/home/twt4/xxx_ws/install/xicro_pkg' for CMake module files
[5.057s] [34mcolcon.colcon_core.environment[0m [1;30mLevel 1[0m checking '/home/twt4/xxx_ws/install/xicro_pkg' for CMake config files
[5.058s] [34mcolcon.colcon_core.shell[0m [1;30mLevel 1[0m create_environment_hook('xicro_pkg', 'cmake_prefix_path')
[5.058s] [34mcolcon.colcon_core.shell[0m [1;30mINFO[0m Creating environment hook '/home/twt4/xxx_ws/install/xicro_pkg/share/xicro_pkg/hook/cmake_prefix_path.ps1'
[5.059s] [34mcolcon.colcon_core.shell[0m [1;30mINFO[0m Creating environment descriptor '/home/twt4/xxx_ws/install/xicro_pkg/share/xicro_pkg/hook/cmake_prefix_path.dsv'
[5.060s] [34mcolcon.colcon_core.shell[0m [1;30mINFO[0m Creating environment hook '/home/twt4/xxx_ws/install/xicro_pkg/share/xicro_pkg/hook/cmake_prefix_path.sh'
[5.061s] [34mcolcon.colcon_core.environment[0m [1;30mLevel 1[0m checking '/home/twt4/xxx_ws/install/xicro_pkg/lib'
[5.061s] [34mcolcon.colcon_core.environment[0m [1;30mLevel 1[0m checking '/home/twt4/xxx_ws/install/xicro_pkg/bin'
[5.061s] [34mcolcon.colcon_core.environment[0m [1;30mLevel 1[0m checking '/home/twt4/xxx_ws/install/xicro_pkg/lib/pkgconfig/xicro_pkg.pc'
[5.062s] [34mcolcon.colcon_core.environment[0m [1;30mLevel 1[0m checking '/home/twt4/xxx_ws/install/xicro_pkg/lib/python3.12/site-packages'
[5.062s] [34mcolcon.colcon_core.shell[0m [1;30mLevel 1[0m create_environment_hook('xicro_pkg', 'pythonpath')
[5.062s] [34mcolcon.colcon_core.shell[0m [1;30mINFO[0m Creating environment hook '/home/twt4/xxx_ws/install/xicro_pkg/share/xicro_pkg/hook/pythonpath.ps1'
[5.063s] [34mcolcon.colcon_core.shell[0m [1;30mINFO[0m Creating environment descriptor '/home/twt4/xxx_ws/install/xicro_pkg/share/xicro_pkg/hook/pythonpath.dsv'
[5.065s] [34mcolcon.colcon_core.shell[0m [1;30mINFO[0m Creating environment hook '/home/twt4/xxx_ws/install/xicro_pkg/share/xicro_pkg/hook/pythonpath.sh'
[5.067s] [34mcolcon.colcon_core.environment[0m [1;30mLevel 1[0m checking '/home/twt4/xxx_ws/install/xicro_pkg/bin'
[5.068s] [34mcolcon.colcon_core.shell[0m [1;30mINFO[0m Creating package script '/home/twt4/xxx_ws/install/xicro_pkg/share/xicro_pkg/package.ps1'
[5.070s] [34mcolcon.colcon_core.shell[0m [1;30mINFO[0m Creating package descriptor '/home/twt4/xxx_ws/install/xicro_pkg/share/xicro_pkg/package.dsv'
[5.072s] [34mcolcon.colcon_core.shell[0m [1;30mINFO[0m Creating package script '/home/twt4/xxx_ws/install/xicro_pkg/share/xicro_pkg/package.sh'
[5.073s] [34mcolcon.colcon_core.shell[0m [1;30mINFO[0m Creating package script '/home/twt4/xxx_ws/install/xicro_pkg/share/xicro_pkg/package.bash'
[5.074s] [34mcolcon.colcon_core.shell[0m [1;30mINFO[0m Creating package script '/home/twt4/xxx_ws/install/xicro_pkg/share/xicro_pkg/package.zsh'
[5.075s] [34mcolcon.colcon_core.environment[0m [1;30mLevel 1[0m create_file_with_runtime_dependencies(/home/twt4/xxx_ws/install/xicro_pkg/share/colcon-core/packages/xicro_pkg)
[5.087s] [34mcolcon.colcon_parallel_executor.executor.parallel[0m [1;30mDEBUG[0m [32mclosing loop[0m
[5.087s] [34mcolcon.colcon_parallel_executor.executor.parallel[0m [1;30mDEBUG[0m [32mloop closed[0m
[5.088s] [34mcolcon.colcon_parallel_executor.executor.parallel[0m [1;30mDEBUG[0m [32mrun_until_complete finished with '1'[0m
[5.088s] [34mcolcon.colcon_core.event_reactor[0m [1;30mDEBUG[0m [32mjoining thread[0m
[5.130s] [34mcolcon.colcon_core.plugin_system[0m [1;30mINFO[0m Skipping extension 'colcon_notification.desktop_notification.terminal_notifier': Not used on non-Darwin systems
[5.130s] [34mcolcon.colcon_core.plugin_system[0m [1;30mINFO[0m Skipping extension 'colcon_notification.desktop_notification.win32': Not used on non-Windows systems
[5.131s] [34mcolcon.colcon_notification.desktop_notification[0m [1;30mINFO[0m Sending desktop notification using 'notify2'
[5.225s] [34mcolcon.colcon_core.event_reactor[0m [1;30mDEBUG[0m [32mjoined thread[0m
[5.226s] [34mcolcon.colcon_core.shell[0m [1;30mINFO[0m Creating prefix script '/home/twt4/xxx_ws/install/local_setup.ps1'
[5.233s] [34mcolcon.colcon_core.shell[0m [1;30mINFO[0m Creating prefix util module '/home/twt4/xxx_ws/install/_local_setup_util_ps1.py'
[5.238s] [34mcolcon.colcon_core.shell[0m [1;30mINFO[0m Creating prefix chain script '/home/twt4/xxx_ws/install/setup.ps1'
[5.247s] [34mcolcon.colcon_core.shell[0m [1;30mINFO[0m Creating prefix script '/home/twt4/xxx_ws/install/local_setup.sh'
[5.250s] [34mcolcon.colcon_core.shell[0m [1;30mINFO[0m Creating prefix util module '/home/twt4/xxx_ws/install/_local_setup_util_sh.py'
[5.252s] [34mcolcon.colcon_core.shell[0m [1;30mINFO[0m Creating prefix chain script '/home/twt4/xxx_ws/install/setup.sh'
[5.260s] [34mcolcon.colcon_core.shell[0m [1;30mINFO[0m Creating prefix script '/home/twt4/xxx_ws/install/local_setup.bash'
[5.263s] [34mcolcon.colcon_core.shell[0m [1;30mINFO[0m Creating prefix chain script '/home/twt4/xxx_ws/install/setup.bash'
[5.267s] [34mcolcon.colcon_core.shell[0m [1;30mINFO[0m Creating prefix script '/home/twt4/xxx_ws/install/local_setup.zsh'
[5.270s] [34mcolcon.colcon_core.shell[0m [1;30mINFO[0m Creating prefix chain script '/home/twt4/xxx_ws/install/setup.zsh'
