[0.036s] Invoking command in '/home/twt4/xxx_ws/build/xicro_pkg': CMAKE_PREFIX_PATH=${CMAKE_PREFIX_PATH}:/home/twt4/ros2_modules/install/ntrip_client:/home/twt4/ros2_modules/install/nmea_navsat_driver:/home/twt4/ros2_modules/install/handsfree_ros2_imu:/home/twt4/turtlebot3_ws/install/turtlebot3_teleop:/home/twt4/turtlebot3_ws/install/turtlebot3_example:/home/twt4/ros2_ws/install/twt_fuse:/opt/ros/jazzy DEBUGINFOD_URLS=https://debuginfod.ubuntu.com /usr/bin/cmake --build /home/twt4/xxx_ws/build/xicro_pkg -- -j4 -l4
[0.274s] Built target ament_cmake_python_copy_xicro_pkg
[1.325s] running egg_info
[1.366s] writing xicro_pkg.egg-info/PKG-INFO
[1.367s] writing dependency_links to xicro_pkg.egg-info/dependency_links.txt
[1.367s] writing top-level names to xicro_pkg.egg-info/top_level.txt
[1.532s] reading manifest file 'xicro_pkg.egg-info/SOURCES.txt'
[1.533s] writing manifest file 'xicro_pkg.egg-info/SOURCES.txt'
[1.699s] Built target ament_cmake_python_build_xicro_pkg_egg
[1.795s] Invoked command in '/home/twt4/xxx_ws/build/xicro_pkg' returned '0': CMAKE_PREFIX_PATH=${CMAKE_PREFIX_PATH}:/home/twt4/ros2_modules/install/ntrip_client:/home/twt4/ros2_modules/install/nmea_navsat_driver:/home/twt4/ros2_modules/install/handsfree_ros2_imu:/home/twt4/turtlebot3_ws/install/turtlebot3_teleop:/home/twt4/turtlebot3_ws/install/turtlebot3_example:/home/twt4/ros2_ws/install/twt_fuse:/opt/ros/jazzy DEBUGINFOD_URLS=https://debuginfod.ubuntu.com /usr/bin/cmake --build /home/twt4/xxx_ws/build/xicro_pkg -- -j4 -l4
[1.797s] Invoking command in '/home/twt4/xxx_ws/build/xicro_pkg': CMAKE_PREFIX_PATH=${CMAKE_PREFIX_PATH}:/home/twt4/ros2_modules/install/ntrip_client:/home/twt4/ros2_modules/install/nmea_navsat_driver:/home/twt4/ros2_modules/install/handsfree_ros2_imu:/home/twt4/turtlebot3_ws/install/turtlebot3_teleop:/home/twt4/turtlebot3_ws/install/turtlebot3_example:/home/twt4/ros2_ws/install/twt_fuse:/opt/ros/jazzy DEBUGINFOD_URLS=https://debuginfod.ubuntu.com /usr/bin/cmake --install /home/twt4/xxx_ws/build/xicro_pkg
[1.846s] -- Install configuration: ""
[1.846s] -- Up-to-date: /home/twt4/xxx_ws/install/xicro_pkg/share/xicro_pkg/environment/pythonpath.sh
[1.852s] -- Up-to-date: /home/twt4/xxx_ws/install/xicro_pkg/share/xicro_pkg/environment/pythonpath.dsv
[1.852s] -- Up-to-date: /home/twt4/xxx_ws/install/xicro_pkg/lib/python3.12/site-packages/xicro_pkg-0.0.0-py3.12.egg-info
[1.853s] -- Installing: /home/twt4/xxx_ws/install/xicro_pkg/lib/python3.12/site-packages/xicro_pkg-0.0.0-py3.12.egg-info/dependency_links.txt
[1.853s] -- Installing: /home/twt4/xxx_ws/install/xicro_pkg/lib/python3.12/site-packages/xicro_pkg-0.0.0-py3.12.egg-info/PKG-INFO
[1.853s] -- Installing: /home/twt4/xxx_ws/install/xicro_pkg/lib/python3.12/site-packages/xicro_pkg-0.0.0-py3.12.egg-info/top_level.txt
[1.854s] -- Installing: /home/twt4/xxx_ws/install/xicro_pkg/lib/python3.12/site-packages/xicro_pkg-0.0.0-py3.12.egg-info/SOURCES.txt
[1.867s] -- Up-to-date: /home/twt4/xxx_ws/install/xicro_pkg/lib/python3.12/site-packages/xicro_pkg
[1.871s] -- Up-to-date: /home/twt4/xxx_ws/install/xicro_pkg/lib/python3.12/site-packages/xicro_pkg/__init__.py
[2.027s] Listing '/home/twt4/xxx_ws/install/xicro_pkg/lib/python3.12/site-packages/xicro_pkg'...
[2.066s] -- Up-to-date: /home/twt4/xxx_ws/install/xicro_pkg/lib/xicro_pkg/generate_library.py
[2.066s] -- Installing: /home/twt4/xxx_ws/install/xicro_pkg/lib/xicro_pkg/generate_library_twt.py
[2.070s] -- Up-to-date: /home/twt4/xxx_ws/install/xicro_pkg/lib/xicro_pkg/generate_library_ctl.py
[2.070s] -- Up-to-date: /home/twt4/xxx_ws/install/xicro_pkg/lib/xicro_pkg/generate_xicro_node.py
[2.070s] -- Up-to-date: /home/twt4/xxx_ws/install/xicro_pkg/lib/xicro_pkg/generate_xicro_node_twt.py
[2.070s] -- Up-to-date: /home/twt4/xxx_ws/install/xicro_pkg/lib/xicro_pkg/generate_xicro_node_ctl.py
[2.071s] -- Up-to-date: /home/twt4/xxx_ws/install/xicro_pkg/lib/xicro_pkg/xicro_node_twt_ID_1_arduino.py
[2.071s] -- Up-to-date: /home/twt4/xxx_ws/install/xicro_pkg/lib/xicro_pkg/xicro_node_xxx_ID_1_arduino.py
[2.072s] -- Up-to-date: /home/twt4/xxx_ws/install/xicro_pkg/lib/xicro_pkg/xicro_node_rcv_ID_2_arduino.py
[2.074s] -- Up-to-date: /home/twt4/xxx_ws/install/xicro_pkg/lib/xicro_pkg/xicro_node_twt_ID_1_arduino.py
[2.074s] -- Up-to-date: /home/twt4/xxx_ws/install/xicro_pkg/lib/xicro_pkg/xicro_node_ctl_ID_1_arduino.py
[2.074s] -- Up-to-date: /home/twt4/xxx_ws/install/xicro_pkg/share/xicro_pkg/config
[2.074s] -- Up-to-date: /home/twt4/xxx_ws/install/xicro_pkg/share/xicro_pkg/config/setup_xicro_ctl.yaml
[2.074s] -- Up-to-date: /home/twt4/xxx_ws/install/xicro_pkg/share/xicro_pkg/config/.Xicro_node_preSetup.xicro
[2.077s] -- Up-to-date: /home/twt4/xxx_ws/install/xicro_pkg/share/xicro_pkg/config/.library_cpp_preSetup.xicro
[2.077s] -- Up-to-date: /home/twt4/xxx_ws/install/xicro_pkg/share/xicro_pkg/config/setup_xicro2.yaml
[2.078s] -- Up-to-date: /home/twt4/xxx_ws/install/xicro_pkg/share/xicro_pkg/config/setup_xicro_twt.yaml
[2.078s] -- Up-to-date: /home/twt4/xxx_ws/install/xicro_pkg/share/xicro_pkg/config/.library_h_preSetup.xicro
[2.079s] -- Up-to-date: /home/twt4/xxx_ws/install/xicro_pkg/share/xicro_pkg/config/setup_xicro3.yaml
[2.079s] -- Up-to-date: /home/twt4/xxx_ws/install/xicro_pkg/share/xicro_pkg/config/setup_xicro.yaml
[2.083s] -- Up-to-date: /home/twt4/xxx_ws/install/xicro_pkg/share/ament_index/resource_index/package_run_dependencies/xicro_pkg
[2.083s] -- Up-to-date: /home/twt4/xxx_ws/install/xicro_pkg/share/ament_index/resource_index/parent_prefix_path/xicro_pkg
[2.084s] -- Up-to-date: /home/twt4/xxx_ws/install/xicro_pkg/share/xicro_pkg/environment/ament_prefix_path.sh
[2.086s] -- Up-to-date: /home/twt4/xxx_ws/install/xicro_pkg/share/xicro_pkg/environment/ament_prefix_path.dsv
[2.087s] -- Up-to-date: /home/twt4/xxx_ws/install/xicro_pkg/share/xicro_pkg/environment/path.sh
[2.089s] -- Up-to-date: /home/twt4/xxx_ws/install/xicro_pkg/share/xicro_pkg/environment/path.dsv
[2.095s] -- Up-to-date: /home/twt4/xxx_ws/install/xicro_pkg/share/xicro_pkg/local_setup.bash
[2.100s] -- Up-to-date: /home/twt4/xxx_ws/install/xicro_pkg/share/xicro_pkg/local_setup.sh
[2.105s] -- Up-to-date: /home/twt4/xxx_ws/install/xicro_pkg/share/xicro_pkg/local_setup.zsh
[2.106s] -- Up-to-date: /home/twt4/xxx_ws/install/xicro_pkg/share/xicro_pkg/local_setup.dsv
[2.106s] -- Installing: /home/twt4/xxx_ws/install/xicro_pkg/share/xicro_pkg/package.dsv
[2.107s] -- Up-to-date: /home/twt4/xxx_ws/install/xicro_pkg/share/ament_index/resource_index/packages/xicro_pkg
[2.107s] -- Up-to-date: /home/twt4/xxx_ws/install/xicro_pkg/share/xicro_pkg/cmake/xicro_pkgConfig.cmake
[2.107s] -- Up-to-date: /home/twt4/xxx_ws/install/xicro_pkg/share/xicro_pkg/cmake/xicro_pkgConfig-version.cmake
[2.113s] -- Up-to-date: /home/twt4/xxx_ws/install/xicro_pkg/share/xicro_pkg/package.xml
[2.114s] Invoked command in '/home/twt4/xxx_ws/build/xicro_pkg' returned '0': CMAKE_PREFIX_PATH=${CMAKE_PREFIX_PATH}:/home/twt4/ros2_modules/install/ntrip_client:/home/twt4/ros2_modules/install/nmea_navsat_driver:/home/twt4/ros2_modules/install/handsfree_ros2_imu:/home/twt4/turtlebot3_ws/install/turtlebot3_teleop:/home/twt4/turtlebot3_ws/install/turtlebot3_example:/home/twt4/ros2_ws/install/twt_fuse:/opt/ros/jazzy DEBUGINFOD_URLS=https://debuginfod.ubuntu.com /usr/bin/cmake --install /home/twt4/xxx_ws/build/xicro_pkg
