[0.051s] Invoking command in '/home/twt4/xxx_ws/build/xicro_interfaces': CMAKE_PREFIX_PATH=${CMAKE_PREFIX_PATH}:/home/twt4/ros2_modules/install/ntrip_client:/home/twt4/ros2_modules/install/nmea_navsat_driver:/home/twt4/ros2_modules/install/handsfree_ros2_imu:/home/twt4/turtlebot3_ws/install/turtlebot3_teleop:/home/twt4/turtlebot3_ws/install/turtlebot3_example:/home/twt4/ros2_ws/install/twt_fuse:/opt/ros/jazzy DEBUGINFOD_URLS=https://debuginfod.ubuntu.com /usr/bin/cmake --build /home/twt4/xxx_ws/build/xicro_interfaces -- -j4 -l4
[0.181s] [  5%] Built target xicro_interfaces__rosidl_generator_type_description
[0.181s] [  5%] Built target xicro_interfaces__rs
[0.210s] [  5%] Built target ament_cmake_python_copy_xicro_interfaces
[0.241s] [ 14%] Built target xicro_interfaces__cpp
[0.242s] [ 22%] Built target xicro_interfaces__rosidl_generator_c
[0.311s] [ 31%] Built target xicro_interfaces__rosidl_typesupport_fastrtps_c
[0.395s] [ 40%] Built target xicro_interfaces__rosidl_typesupport_c
[0.396s] [ 48%] Built target xicro_interfaces__rosidl_typesupport_introspection_c
[0.423s] [ 57%] Built target xicro_interfaces__rosidl_typesupport_fastrtps_cpp
[0.504s] [ 65%] Built target xicro_interfaces__rosidl_typesupport_introspection_cpp
[0.529s] [ 74%] Built target xicro_interfaces__rosidl_typesupport_cpp
[0.627s] [ 74%] Built target xicro_interfaces
[0.709s] [ 77%] Built target xicro_interfaces__py
[0.786s] [ 82%] Built target xicro_interfaces__rosidl_generator_py
[0.930s] [ 88%] Built target xicro_interfaces_s__rosidl_typesupport_introspection_c
[0.957s] [ 94%] Built target xicro_interfaces_s__rosidl_typesupport_c
[1.005s] [100%] Built target xicro_interfaces_s__rosidl_typesupport_fastrtps_c
[1.198s] running egg_info
[1.264s] writing xicro_interfaces.egg-info/PKG-INFO
[1.265s] writing dependency_links to xicro_interfaces.egg-info/dependency_links.txt
[1.268s] writing top-level names to xicro_interfaces.egg-info/top_level.txt
[1.423s] reading manifest file 'xicro_interfaces.egg-info/SOURCES.txt'
[1.425s] writing manifest file 'xicro_interfaces.egg-info/SOURCES.txt'
[1.553s] [100%] Built target ament_cmake_python_build_xicro_interfaces_egg
[1.583s] Invoked command in '/home/twt4/xxx_ws/build/xicro_interfaces' returned '0': CMAKE_PREFIX_PATH=${CMAKE_PREFIX_PATH}:/home/twt4/ros2_modules/install/ntrip_client:/home/twt4/ros2_modules/install/nmea_navsat_driver:/home/twt4/ros2_modules/install/handsfree_ros2_imu:/home/twt4/turtlebot3_ws/install/turtlebot3_teleop:/home/twt4/turtlebot3_ws/install/turtlebot3_example:/home/twt4/ros2_ws/install/twt_fuse:/opt/ros/jazzy DEBUGINFOD_URLS=https://debuginfod.ubuntu.com /usr/bin/cmake --build /home/twt4/xxx_ws/build/xicro_interfaces -- -j4 -l4
[1.608s] Invoking command in '/home/twt4/xxx_ws/build/xicro_interfaces': CMAKE_PREFIX_PATH=${CMAKE_PREFIX_PATH}:/home/twt4/ros2_modules/install/ntrip_client:/home/twt4/ros2_modules/install/nmea_navsat_driver:/home/twt4/ros2_modules/install/handsfree_ros2_imu:/home/twt4/turtlebot3_ws/install/turtlebot3_teleop:/home/twt4/turtlebot3_ws/install/turtlebot3_example:/home/twt4/ros2_ws/install/twt_fuse:/opt/ros/jazzy DEBUGINFOD_URLS=https://debuginfod.ubuntu.com /usr/bin/cmake --install /home/twt4/xxx_ws/build/xicro_interfaces
[1.647s] -- Install configuration: ""
[1.647s] -- Up-to-date: /home/twt4/xxx_ws/install/xicro_interfaces/share/ament_index/resource_index/rosidl_interfaces/xicro_interfaces
[1.647s] -- Up-to-date: /home/twt4/xxx_ws/install/xicro_interfaces/share/xicro_interfaces/action/Toggle.json
[1.648s] -- Up-to-date: /home/twt4/xxx_ws/install/xicro_interfaces/include/xicro_interfaces/xicro_interfaces
[1.648s] -- Up-to-date: /home/twt4/xxx_ws/install/xicro_interfaces/include/xicro_interfaces/xicro_interfaces/action
[1.648s] -- Up-to-date: /home/twt4/xxx_ws/install/xicro_interfaces/include/xicro_interfaces/xicro_interfaces/action/detail
[1.648s] -- Up-to-date: /home/twt4/xxx_ws/install/xicro_interfaces/include/xicro_interfaces/xicro_interfaces/action/detail/toggle__struct.h
[1.648s] -- Up-to-date: /home/twt4/xxx_ws/install/xicro_interfaces/include/xicro_interfaces/xicro_interfaces/action/detail/toggle__type_support.h
[1.649s] -- Up-to-date: /home/twt4/xxx_ws/install/xicro_interfaces/include/xicro_interfaces/xicro_interfaces/action/detail/toggle__functions.c
[1.649s] -- Up-to-date: /home/twt4/xxx_ws/install/xicro_interfaces/include/xicro_interfaces/xicro_interfaces/action/detail/toggle__description.c
[1.649s] -- Up-to-date: /home/twt4/xxx_ws/install/xicro_interfaces/include/xicro_interfaces/xicro_interfaces/action/detail/toggle__functions.h
[1.649s] -- Up-to-date: /home/twt4/xxx_ws/install/xicro_interfaces/include/xicro_interfaces/xicro_interfaces/action/detail/toggle__type_support.c
[1.649s] -- Up-to-date: /home/twt4/xxx_ws/install/xicro_interfaces/include/xicro_interfaces/xicro_interfaces/action/toggle.h
[1.649s] -- Up-to-date: /home/twt4/xxx_ws/install/xicro_interfaces/include/xicro_interfaces/xicro_interfaces/msg
[1.649s] -- Up-to-date: /home/twt4/xxx_ws/install/xicro_interfaces/include/xicro_interfaces/xicro_interfaces/msg/rosidl_generator_c__visibility_control.h
[1.650s] -- Up-to-date: /home/twt4/xxx_ws/install/xicro_interfaces/share/xicro_interfaces/environment/library_path.sh
[1.651s] -- Up-to-date: /home/twt4/xxx_ws/install/xicro_interfaces/share/xicro_interfaces/environment/library_path.dsv
[1.651s] -- Up-to-date: /home/twt4/xxx_ws/install/xicro_interfaces/lib/libxicro_interfaces__rosidl_generator_c.so
[1.652s] -- Up-to-date: /home/twt4/xxx_ws/install/xicro_interfaces/include/xicro_interfaces/xicro_interfaces
[1.652s] -- Up-to-date: /home/twt4/xxx_ws/install/xicro_interfaces/include/xicro_interfaces/xicro_interfaces/action
[1.652s] -- Up-to-date: /home/twt4/xxx_ws/install/xicro_interfaces/include/xicro_interfaces/xicro_interfaces/action/detail
[1.652s] -- Up-to-date: /home/twt4/xxx_ws/install/xicro_interfaces/include/xicro_interfaces/xicro_interfaces/action/detail/toggle__rosidl_typesupport_fastrtps_c.h
[1.653s] -- Up-to-date: /home/twt4/xxx_ws/install/xicro_interfaces/include/xicro_interfaces/xicro_interfaces/msg
[1.654s] -- Up-to-date: /home/twt4/xxx_ws/install/xicro_interfaces/include/xicro_interfaces/xicro_interfaces/msg/rosidl_typesupport_fastrtps_c__visibility_control.h
[1.655s] -- Up-to-date: /home/twt4/xxx_ws/install/xicro_interfaces/lib/libxicro_interfaces__rosidl_typesupport_fastrtps_c.so
[1.655s] -- Up-to-date: /home/twt4/xxx_ws/install/xicro_interfaces/include/xicro_interfaces/xicro_interfaces
[1.656s] -- Up-to-date: /home/twt4/xxx_ws/install/xicro_interfaces/include/xicro_interfaces/xicro_interfaces/action
[1.656s] -- Up-to-date: /home/twt4/xxx_ws/install/xicro_interfaces/include/xicro_interfaces/xicro_interfaces/action/detail
[1.656s] -- Up-to-date: /home/twt4/xxx_ws/install/xicro_interfaces/include/xicro_interfaces/xicro_interfaces/action/detail/toggle__rosidl_typesupport_introspection_c.h
[1.656s] -- Up-to-date: /home/twt4/xxx_ws/install/xicro_interfaces/include/xicro_interfaces/xicro_interfaces/action/detail/toggle__type_support.c
[1.657s] -- Up-to-date: /home/twt4/xxx_ws/install/xicro_interfaces/include/xicro_interfaces/xicro_interfaces/msg
[1.657s] -- Up-to-date: /home/twt4/xxx_ws/install/xicro_interfaces/include/xicro_interfaces/xicro_interfaces/msg/rosidl_typesupport_introspection_c__visibility_control.h
[1.657s] -- Up-to-date: /home/twt4/xxx_ws/install/xicro_interfaces/lib/libxicro_interfaces__rosidl_typesupport_introspection_c.so
[1.659s] -- Up-to-date: /home/twt4/xxx_ws/install/xicro_interfaces/lib/libxicro_interfaces__rosidl_typesupport_c.so
[1.659s] -- Up-to-date: /home/twt4/xxx_ws/install/xicro_interfaces/include/xicro_interfaces/xicro_interfaces
[1.659s] -- Up-to-date: /home/twt4/xxx_ws/install/xicro_interfaces/include/xicro_interfaces/xicro_interfaces/action
[1.660s] -- Up-to-date: /home/twt4/xxx_ws/install/xicro_interfaces/include/xicro_interfaces/xicro_interfaces/action/detail
[1.660s] -- Up-to-date: /home/twt4/xxx_ws/install/xicro_interfaces/include/xicro_interfaces/xicro_interfaces/action/detail/toggle__struct.hpp
[1.660s] -- Up-to-date: /home/twt4/xxx_ws/install/xicro_interfaces/include/xicro_interfaces/xicro_interfaces/action/detail/toggle__type_support.hpp
[1.660s] -- Up-to-date: /home/twt4/xxx_ws/install/xicro_interfaces/include/xicro_interfaces/xicro_interfaces/action/detail/toggle__traits.hpp
[1.660s] -- Up-to-date: /home/twt4/xxx_ws/install/xicro_interfaces/include/xicro_interfaces/xicro_interfaces/action/detail/toggle__builder.hpp
[1.661s] -- Up-to-date: /home/twt4/xxx_ws/install/xicro_interfaces/include/xicro_interfaces/xicro_interfaces/action/toggle.hpp
[1.661s] -- Up-to-date: /home/twt4/xxx_ws/install/xicro_interfaces/include/xicro_interfaces/xicro_interfaces/msg
[1.661s] -- Up-to-date: /home/twt4/xxx_ws/install/xicro_interfaces/include/xicro_interfaces/xicro_interfaces/msg/rosidl_generator_cpp__visibility_control.hpp
[1.662s] -- Up-to-date: /home/twt4/xxx_ws/install/xicro_interfaces/include/xicro_interfaces/xicro_interfaces
[1.662s] -- Up-to-date: /home/twt4/xxx_ws/install/xicro_interfaces/include/xicro_interfaces/xicro_interfaces/action
[1.662s] -- Up-to-date: /home/twt4/xxx_ws/install/xicro_interfaces/include/xicro_interfaces/xicro_interfaces/action/detail
[1.662s] -- Up-to-date: /home/twt4/xxx_ws/install/xicro_interfaces/include/xicro_interfaces/xicro_interfaces/action/detail/dds_fastrtps
[1.662s] -- Up-to-date: /home/twt4/xxx_ws/install/xicro_interfaces/include/xicro_interfaces/xicro_interfaces/action/detail/toggle__rosidl_typesupport_fastrtps_cpp.hpp
[1.662s] -- Up-to-date: /home/twt4/xxx_ws/install/xicro_interfaces/include/xicro_interfaces/xicro_interfaces/msg
[1.663s] -- Up-to-date: /home/twt4/xxx_ws/install/xicro_interfaces/include/xicro_interfaces/xicro_interfaces/msg/rosidl_typesupport_fastrtps_cpp__visibility_control.h
[1.663s] -- Up-to-date: /home/twt4/xxx_ws/install/xicro_interfaces/lib/libxicro_interfaces__rosidl_typesupport_fastrtps_cpp.so
[1.664s] -- Up-to-date: /home/twt4/xxx_ws/install/xicro_interfaces/include/xicro_interfaces/xicro_interfaces
[1.664s] -- Up-to-date: /home/twt4/xxx_ws/install/xicro_interfaces/include/xicro_interfaces/xicro_interfaces/action
[1.664s] -- Up-to-date: /home/twt4/xxx_ws/install/xicro_interfaces/include/xicro_interfaces/xicro_interfaces/action/detail
[1.664s] -- Up-to-date: /home/twt4/xxx_ws/install/xicro_interfaces/include/xicro_interfaces/xicro_interfaces/action/detail/toggle__type_support.cpp
[1.664s] -- Up-to-date: /home/twt4/xxx_ws/install/xicro_interfaces/include/xicro_interfaces/xicro_interfaces/action/detail/toggle__rosidl_typesupport_introspection_cpp.hpp
[1.664s] -- Up-to-date: /home/twt4/xxx_ws/install/xicro_interfaces/lib/libxicro_interfaces__rosidl_typesupport_introspection_cpp.so
[1.665s] -- Up-to-date: /home/twt4/xxx_ws/install/xicro_interfaces/lib/libxicro_interfaces__rosidl_typesupport_cpp.so
[1.665s] -- Up-to-date: /home/twt4/xxx_ws/install/xicro_interfaces/share/xicro_interfaces/environment/pythonpath.sh
[1.666s] -- Up-to-date: /home/twt4/xxx_ws/install/xicro_interfaces/share/xicro_interfaces/environment/pythonpath.dsv
[1.666s] -- Up-to-date: /home/twt4/xxx_ws/install/xicro_interfaces/lib/python3.12/site-packages/xicro_interfaces-0.0.0-py3.12.egg-info
[1.666s] -- Installing: /home/twt4/xxx_ws/install/xicro_interfaces/lib/python3.12/site-packages/xicro_interfaces-0.0.0-py3.12.egg-info/dependency_links.txt
[1.666s] -- Installing: /home/twt4/xxx_ws/install/xicro_interfaces/lib/python3.12/site-packages/xicro_interfaces-0.0.0-py3.12.egg-info/PKG-INFO
[1.666s] -- Installing: /home/twt4/xxx_ws/install/xicro_interfaces/lib/python3.12/site-packages/xicro_interfaces-0.0.0-py3.12.egg-info/top_level.txt
[1.667s] -- Installing: /home/twt4/xxx_ws/install/xicro_interfaces/lib/python3.12/site-packages/xicro_interfaces-0.0.0-py3.12.egg-info/SOURCES.txt
[1.667s] -- Up-to-date: /home/twt4/xxx_ws/install/xicro_interfaces/lib/python3.12/site-packages/xicro_interfaces
[1.667s] -- Up-to-date: /home/twt4/xxx_ws/install/xicro_interfaces/lib/python3.12/site-packages/xicro_interfaces/_xicro_interfaces_s.ep.rosidl_typesupport_c.c
[1.667s] -- Up-to-date: /home/twt4/xxx_ws/install/xicro_interfaces/lib/python3.12/site-packages/xicro_interfaces/xicro_interfaces_s__rosidl_typesupport_fastrtps_c.so
[1.667s] -- Up-to-date: /home/twt4/xxx_ws/install/xicro_interfaces/lib/python3.12/site-packages/xicro_interfaces/_xicro_interfaces_s.ep.rosidl_typesupport_fastrtps_c.c
[1.668s] -- Up-to-date: /home/twt4/xxx_ws/install/xicro_interfaces/lib/python3.12/site-packages/xicro_interfaces/action
[1.668s] -- Up-to-date: /home/twt4/xxx_ws/install/xicro_interfaces/lib/python3.12/site-packages/xicro_interfaces/action/_toggle_s.c
[1.669s] -- Up-to-date: /home/twt4/xxx_ws/install/xicro_interfaces/lib/python3.12/site-packages/xicro_interfaces/action/_toggle.py
[1.670s] -- Up-to-date: /home/twt4/xxx_ws/install/xicro_interfaces/lib/python3.12/site-packages/xicro_interfaces/action/__init__.py
[1.670s] -- Up-to-date: /home/twt4/xxx_ws/install/xicro_interfaces/lib/python3.12/site-packages/xicro_interfaces/xicro_interfaces_s__rosidl_typesupport_introspection_c.so
[1.671s] -- Up-to-date: /home/twt4/xxx_ws/install/xicro_interfaces/lib/python3.12/site-packages/xicro_interfaces/_xicro_interfaces_s.ep.rosidl_typesupport_introspection_c.c
[1.671s] -- Up-to-date: /home/twt4/xxx_ws/install/xicro_interfaces/lib/python3.12/site-packages/xicro_interfaces/__init__.py
[1.672s] -- Up-to-date: /home/twt4/xxx_ws/install/xicro_interfaces/lib/python3.12/site-packages/xicro_interfaces/xicro_interfaces_s__rosidl_typesupport_c.so
[1.759s] Listing '/home/twt4/xxx_ws/install/xicro_interfaces/lib/python3.12/site-packages/xicro_interfaces'...
[1.760s] Listing '/home/twt4/xxx_ws/install/xicro_interfaces/lib/python3.12/site-packages/xicro_interfaces/action'...
[1.777s] -- Up-to-date: /home/twt4/xxx_ws/install/xicro_interfaces/lib/python3.12/site-packages/xicro_interfaces/xicro_interfaces_s__rosidl_typesupport_fastrtps_c.so
[1.777s] -- Up-to-date: /home/twt4/xxx_ws/install/xicro_interfaces/lib/python3.12/site-packages/xicro_interfaces/xicro_interfaces_s__rosidl_typesupport_introspection_c.so
[1.778s] -- Up-to-date: /home/twt4/xxx_ws/install/xicro_interfaces/lib/python3.12/site-packages/xicro_interfaces/xicro_interfaces_s__rosidl_typesupport_c.so
[1.778s] -- Up-to-date: /home/twt4/xxx_ws/install/xicro_interfaces/lib/libxicro_interfaces__rosidl_generator_py.so
[1.779s] -- Up-to-date: /home/twt4/xxx_ws/install/xicro_interfaces/share/ament_index/resource_index/rust_packages/xicro_interfaces
[1.779s] -- Up-to-date: /home/twt4/xxx_ws/install/xicro_interfaces/share/xicro_interfaces/rust
[1.779s] -- Up-to-date: /home/twt4/xxx_ws/install/xicro_interfaces/share/xicro_interfaces/rust/build.rs
[1.779s] -- Up-to-date: /home/twt4/xxx_ws/install/xicro_interfaces/share/xicro_interfaces/rust/Cargo.toml
[1.780s] -- Up-to-date: /home/twt4/xxx_ws/install/xicro_interfaces/share/xicro_interfaces/rust/src
[1.780s] -- Up-to-date: /home/twt4/xxx_ws/install/xicro_interfaces/share/xicro_interfaces/rust/src/action
[1.780s] -- Up-to-date: /home/twt4/xxx_ws/install/xicro_interfaces/share/xicro_interfaces/rust/src/action/rmw.rs
[1.780s] -- Up-to-date: /home/twt4/xxx_ws/install/xicro_interfaces/share/xicro_interfaces/rust/src/lib.rs
[1.780s] -- Up-to-date: /home/twt4/xxx_ws/install/xicro_interfaces/share/xicro_interfaces/rust/src/action.rs
[1.781s] -- Up-to-date: /home/twt4/xxx_ws/install/xicro_interfaces/share/xicro_interfaces/action/Toggle.idl
[1.781s] -- Up-to-date: /home/twt4/xxx_ws/install/xicro_interfaces/share/xicro_interfaces/action/Toggle.action
[1.781s] -- Up-to-date: /home/twt4/xxx_ws/install/xicro_interfaces/share/ament_index/resource_index/package_run_dependencies/xicro_interfaces
[1.781s] -- Up-to-date: /home/twt4/xxx_ws/install/xicro_interfaces/share/ament_index/resource_index/parent_prefix_path/xicro_interfaces
[1.782s] -- Up-to-date: /home/twt4/xxx_ws/install/xicro_interfaces/share/xicro_interfaces/environment/ament_prefix_path.sh
[1.782s] -- Up-to-date: /home/twt4/xxx_ws/install/xicro_interfaces/share/xicro_interfaces/environment/ament_prefix_path.dsv
[1.782s] -- Up-to-date: /home/twt4/xxx_ws/install/xicro_interfaces/share/xicro_interfaces/environment/path.sh
[1.783s] -- Up-to-date: /home/twt4/xxx_ws/install/xicro_interfaces/share/xicro_interfaces/environment/path.dsv
[1.783s] -- Up-to-date: /home/twt4/xxx_ws/install/xicro_interfaces/share/xicro_interfaces/local_setup.bash
[1.783s] -- Up-to-date: /home/twt4/xxx_ws/install/xicro_interfaces/share/xicro_interfaces/local_setup.sh
[1.783s] -- Up-to-date: /home/twt4/xxx_ws/install/xicro_interfaces/share/xicro_interfaces/local_setup.zsh
[1.784s] -- Up-to-date: /home/twt4/xxx_ws/install/xicro_interfaces/share/xicro_interfaces/local_setup.dsv
[1.784s] -- Installing: /home/twt4/xxx_ws/install/xicro_interfaces/share/xicro_interfaces/package.dsv
[1.785s] -- Up-to-date: /home/twt4/xxx_ws/install/xicro_interfaces/share/ament_index/resource_index/packages/xicro_interfaces
[1.786s] -- Up-to-date: /home/twt4/xxx_ws/install/xicro_interfaces/share/xicro_interfaces/cmake/export_xicro_interfaces__rosidl_generator_cExport.cmake
[1.787s] -- Up-to-date: /home/twt4/xxx_ws/install/xicro_interfaces/share/xicro_interfaces/cmake/export_xicro_interfaces__rosidl_generator_cExport-noconfig.cmake
[1.787s] -- Up-to-date: /home/twt4/xxx_ws/install/xicro_interfaces/share/xicro_interfaces/cmake/export_xicro_interfaces__rosidl_typesupport_fastrtps_cExport.cmake
[1.788s] -- Up-to-date: /home/twt4/xxx_ws/install/xicro_interfaces/share/xicro_interfaces/cmake/export_xicro_interfaces__rosidl_typesupport_fastrtps_cExport-noconfig.cmake
[1.788s] -- Up-to-date: /home/twt4/xxx_ws/install/xicro_interfaces/share/xicro_interfaces/cmake/xicro_interfaces__rosidl_typesupport_introspection_cExport.cmake
[1.789s] -- Up-to-date: /home/twt4/xxx_ws/install/xicro_interfaces/share/xicro_interfaces/cmake/xicro_interfaces__rosidl_typesupport_introspection_cExport-noconfig.cmake
[1.789s] -- Up-to-date: /home/twt4/xxx_ws/install/xicro_interfaces/share/xicro_interfaces/cmake/xicro_interfaces__rosidl_typesupport_cExport.cmake
[1.790s] -- Up-to-date: /home/twt4/xxx_ws/install/xicro_interfaces/share/xicro_interfaces/cmake/xicro_interfaces__rosidl_typesupport_cExport-noconfig.cmake
[1.791s] -- Up-to-date: /home/twt4/xxx_ws/install/xicro_interfaces/share/xicro_interfaces/cmake/export_xicro_interfaces__rosidl_generator_cppExport.cmake
[1.793s] -- Up-to-date: /home/twt4/xxx_ws/install/xicro_interfaces/share/xicro_interfaces/cmake/export_xicro_interfaces__rosidl_typesupport_fastrtps_cppExport.cmake
[1.795s] -- Up-to-date: /home/twt4/xxx_ws/install/xicro_interfaces/share/xicro_interfaces/cmake/export_xicro_interfaces__rosidl_typesupport_fastrtps_cppExport-noconfig.cmake
[1.796s] -- Up-to-date: /home/twt4/xxx_ws/install/xicro_interfaces/share/xicro_interfaces/cmake/xicro_interfaces__rosidl_typesupport_introspection_cppExport.cmake
[1.796s] -- Up-to-date: /home/twt4/xxx_ws/install/xicro_interfaces/share/xicro_interfaces/cmake/xicro_interfaces__rosidl_typesupport_introspection_cppExport-noconfig.cmake
[1.796s] -- Up-to-date: /home/twt4/xxx_ws/install/xicro_interfaces/share/xicro_interfaces/cmake/xicro_interfaces__rosidl_typesupport_cppExport.cmake
[1.796s] -- Up-to-date: /home/twt4/xxx_ws/install/xicro_interfaces/share/xicro_interfaces/cmake/xicro_interfaces__rosidl_typesupport_cppExport-noconfig.cmake
[1.796s] -- Up-to-date: /home/twt4/xxx_ws/install/xicro_interfaces/share/xicro_interfaces/cmake/export_xicro_interfaces__rosidl_generator_pyExport.cmake
[1.797s] -- Up-to-date: /home/twt4/xxx_ws/install/xicro_interfaces/share/xicro_interfaces/cmake/export_xicro_interfaces__rosidl_generator_pyExport-noconfig.cmake
[1.797s] -- Up-to-date: /home/twt4/xxx_ws/install/xicro_interfaces/share/xicro_interfaces/cmake/rosidl_cmake-extras.cmake
[1.797s] -- Up-to-date: /home/twt4/xxx_ws/install/xicro_interfaces/share/xicro_interfaces/cmake/ament_cmake_export_dependencies-extras.cmake
[1.797s] -- Up-to-date: /home/twt4/xxx_ws/install/xicro_interfaces/share/xicro_interfaces/cmake/ament_cmake_export_include_directories-extras.cmake
[1.797s] -- Up-to-date: /home/twt4/xxx_ws/install/xicro_interfaces/share/xicro_interfaces/cmake/ament_cmake_export_libraries-extras.cmake
[1.797s] -- Up-to-date: /home/twt4/xxx_ws/install/xicro_interfaces/share/xicro_interfaces/cmake/ament_cmake_export_targets-extras.cmake
[1.797s] -- Up-to-date: /home/twt4/xxx_ws/install/xicro_interfaces/share/xicro_interfaces/cmake/rosidl_cmake_export_typesupport_targets-extras.cmake
[1.798s] -- Up-to-date: /home/twt4/xxx_ws/install/xicro_interfaces/share/xicro_interfaces/cmake/rosidl_cmake_export_typesupport_libraries-extras.cmake
[1.798s] -- Up-to-date: /home/twt4/xxx_ws/install/xicro_interfaces/share/xicro_interfaces/cmake/xicro_interfacesConfig.cmake
[1.798s] -- Up-to-date: /home/twt4/xxx_ws/install/xicro_interfaces/share/xicro_interfaces/cmake/xicro_interfacesConfig-version.cmake
[1.798s] -- Up-to-date: /home/twt4/xxx_ws/install/xicro_interfaces/share/xicro_interfaces/package.xml
[1.802s] Invoked command in '/home/twt4/xxx_ws/build/xicro_interfaces' returned '0': CMAKE_PREFIX_PATH=${CMAKE_PREFIX_PATH}:/home/twt4/ros2_modules/install/ntrip_client:/home/twt4/ros2_modules/install/nmea_navsat_driver:/home/twt4/ros2_modules/install/handsfree_ros2_imu:/home/twt4/turtlebot3_ws/install/turtlebot3_teleop:/home/twt4/turtlebot3_ws/install/turtlebot3_example:/home/twt4/ros2_ws/install/twt_fuse:/opt/ros/jazzy DEBUGINFOD_URLS=https://debuginfod.ubuntu.com /usr/bin/cmake --install /home/twt4/xxx_ws/build/xicro_interfaces
