[0.089s] Invoking command in '/home/twt4/xxx_ws/build/xicro_interfaces': CMAKE_PREFIX_PATH=${CMAKE_PREFIX_PATH}:/home/twt4/ros2_modules/install/ntrip_client:/home/twt4/ros2_modules/install/nmea_navsat_driver:/home/twt4/ros2_modules/install/handsfree_ros2_imu:/home/twt4/turtlebot3_ws/install/turtlebot3_teleop:/home/twt4/turtlebot3_ws/install/turtlebot3_example:/home/twt4/ros2_ws/install/twt_fuse:/opt/ros/jazzy DEBUGINFOD_URLS=https://debuginfod.ubuntu.com /usr/bin/cmake --build /home/twt4/xxx_ws/build/xicro_interfaces -- -j4 -l4
[0.281s] [  2%] Built target xicro_interfaces__rosidl_generator_type_description
[0.286s] [  5%] Built target xicro_interfaces__rs
[0.356s] [  5%] Built target ament_cmake_python_copy_xicro_interfaces
[0.361s] [ 20%] Built target xicro_interfaces__rosidl_generator_c
[0.376s] [ 22%] Built target xicro_interfaces__cpp
[0.493s] [ 31%] Built target xicro_interfaces__rosidl_typesupport_fastrtps_c
[0.497s] [ 40%] Built target xicro_interfaces__rosidl_typesupport_introspection_c
[0.533s] [ 48%] Built target xicro_interfaces__rosidl_typesupport_c
[0.671s] [ 57%] Built target xicro_interfaces__rosidl_typesupport_fastrtps_cpp
[0.691s] [ 65%] Built target xicro_interfaces__rosidl_typesupport_introspection_cpp
[0.700s] [ 74%] Built target xicro_interfaces__rosidl_typesupport_cpp
[0.802s] [ 74%] Built target xicro_interfaces
[0.950s] [ 77%] Built target xicro_interfaces__py
[1.043s] [ 82%] Built target xicro_interfaces__rosidl_generator_py
[1.121s] [ 88%] Built target xicro_interfaces_s__rosidl_typesupport_fastrtps_c
[1.142s] [ 94%] Built target xicro_interfaces_s__rosidl_typesupport_introspection_c
[1.155s] [100%] Built target xicro_interfaces_s__rosidl_typesupport_c
[1.299s] running egg_info
[1.356s] writing xicro_interfaces.egg-info/PKG-INFO
[1.357s] writing dependency_links to xicro_interfaces.egg-info/dependency_links.txt
[1.358s] writing top-level names to xicro_interfaces.egg-info/top_level.txt
[1.490s] reading manifest file 'xicro_interfaces.egg-info/SOURCES.txt'
[1.492s] writing manifest file 'xicro_interfaces.egg-info/SOURCES.txt'
[1.636s] [100%] Built target ament_cmake_python_build_xicro_interfaces_egg
[1.677s] Invoked command in '/home/twt4/xxx_ws/build/xicro_interfaces' returned '0': CMAKE_PREFIX_PATH=${CMAKE_PREFIX_PATH}:/home/twt4/ros2_modules/install/ntrip_client:/home/twt4/ros2_modules/install/nmea_navsat_driver:/home/twt4/ros2_modules/install/handsfree_ros2_imu:/home/twt4/turtlebot3_ws/install/turtlebot3_teleop:/home/twt4/turtlebot3_ws/install/turtlebot3_example:/home/twt4/ros2_ws/install/twt_fuse:/opt/ros/jazzy DEBUGINFOD_URLS=https://debuginfod.ubuntu.com /usr/bin/cmake --build /home/twt4/xxx_ws/build/xicro_interfaces -- -j4 -l4
[1.679s] Invoking command in '/home/twt4/xxx_ws/build/xicro_interfaces': CMAKE_PREFIX_PATH=${CMAKE_PREFIX_PATH}:/home/twt4/ros2_modules/install/ntrip_client:/home/twt4/ros2_modules/install/nmea_navsat_driver:/home/twt4/ros2_modules/install/handsfree_ros2_imu:/home/twt4/turtlebot3_ws/install/turtlebot3_teleop:/home/twt4/turtlebot3_ws/install/turtlebot3_example:/home/twt4/ros2_ws/install/twt_fuse:/opt/ros/jazzy DEBUGINFOD_URLS=https://debuginfod.ubuntu.com /usr/bin/cmake --install /home/twt4/xxx_ws/build/xicro_interfaces
[1.700s] -- Install configuration: ""
[1.700s] -- Up-to-date: /home/twt4/xxx_ws/install/xicro_interfaces/share/ament_index/resource_index/rosidl_interfaces/xicro_interfaces
[1.701s] -- Up-to-date: /home/twt4/xxx_ws/install/xicro_interfaces/share/xicro_interfaces/action/Toggle.json
[1.701s] -- Up-to-date: /home/twt4/xxx_ws/install/xicro_interfaces/include/xicro_interfaces/xicro_interfaces
[1.701s] -- Up-to-date: /home/twt4/xxx_ws/install/xicro_interfaces/include/xicro_interfaces/xicro_interfaces/action
[1.701s] -- Up-to-date: /home/twt4/xxx_ws/install/xicro_interfaces/include/xicro_interfaces/xicro_interfaces/action/detail
[1.702s] -- Up-to-date: /home/twt4/xxx_ws/install/xicro_interfaces/include/xicro_interfaces/xicro_interfaces/action/detail/toggle__struct.h
[1.702s] -- Up-to-date: /home/twt4/xxx_ws/install/xicro_interfaces/include/xicro_interfaces/xicro_interfaces/action/detail/toggle__type_support.h
[1.702s] -- Up-to-date: /home/twt4/xxx_ws/install/xicro_interfaces/include/xicro_interfaces/xicro_interfaces/action/detail/toggle__functions.c
[1.702s] -- Up-to-date: /home/twt4/xxx_ws/install/xicro_interfaces/include/xicro_interfaces/xicro_interfaces/action/detail/toggle__description.c
[1.702s] -- Up-to-date: /home/twt4/xxx_ws/install/xicro_interfaces/include/xicro_interfaces/xicro_interfaces/action/detail/toggle__functions.h
[1.703s] -- Up-to-date: /home/twt4/xxx_ws/install/xicro_interfaces/include/xicro_interfaces/xicro_interfaces/action/detail/toggle__type_support.c
[1.703s] -- Up-to-date: /home/twt4/xxx_ws/install/xicro_interfaces/include/xicro_interfaces/xicro_interfaces/action/toggle.h
[1.703s] -- Up-to-date: /home/twt4/xxx_ws/install/xicro_interfaces/include/xicro_interfaces/xicro_interfaces/msg
[1.703s] -- Up-to-date: /home/twt4/xxx_ws/install/xicro_interfaces/include/xicro_interfaces/xicro_interfaces/msg/rosidl_generator_c__visibility_control.h
[1.703s] -- Up-to-date: /home/twt4/xxx_ws/install/xicro_interfaces/share/xicro_interfaces/environment/library_path.sh
[1.703s] -- Up-to-date: /home/twt4/xxx_ws/install/xicro_interfaces/share/xicro_interfaces/environment/library_path.dsv
[1.703s] -- Up-to-date: /home/twt4/xxx_ws/install/xicro_interfaces/lib/libxicro_interfaces__rosidl_generator_c.so
[1.704s] -- Up-to-date: /home/twt4/xxx_ws/install/xicro_interfaces/include/xicro_interfaces/xicro_interfaces
[1.704s] -- Up-to-date: /home/twt4/xxx_ws/install/xicro_interfaces/include/xicro_interfaces/xicro_interfaces/action
[1.704s] -- Up-to-date: /home/twt4/xxx_ws/install/xicro_interfaces/include/xicro_interfaces/xicro_interfaces/action/detail
[1.704s] -- Up-to-date: /home/twt4/xxx_ws/install/xicro_interfaces/include/xicro_interfaces/xicro_interfaces/action/detail/toggle__rosidl_typesupport_fastrtps_c.h
[1.704s] -- Up-to-date: /home/twt4/xxx_ws/install/xicro_interfaces/include/xicro_interfaces/xicro_interfaces/msg
[1.705s] -- Up-to-date: /home/twt4/xxx_ws/install/xicro_interfaces/include/xicro_interfaces/xicro_interfaces/msg/rosidl_typesupport_fastrtps_c__visibility_control.h
[1.705s] -- Up-to-date: /home/twt4/xxx_ws/install/xicro_interfaces/lib/libxicro_interfaces__rosidl_typesupport_fastrtps_c.so
[1.705s] -- Up-to-date: /home/twt4/xxx_ws/install/xicro_interfaces/include/xicro_interfaces/xicro_interfaces
[1.706s] -- Up-to-date: /home/twt4/xxx_ws/install/xicro_interfaces/include/xicro_interfaces/xicro_interfaces/action
[1.706s] -- Up-to-date: /home/twt4/xxx_ws/install/xicro_interfaces/include/xicro_interfaces/xicro_interfaces/action/detail
[1.706s] -- Up-to-date: /home/twt4/xxx_ws/install/xicro_interfaces/include/xicro_interfaces/xicro_interfaces/action/detail/toggle__rosidl_typesupport_introspection_c.h
[1.706s] -- Up-to-date: /home/twt4/xxx_ws/install/xicro_interfaces/include/xicro_interfaces/xicro_interfaces/action/detail/toggle__type_support.c
[1.706s] -- Up-to-date: /home/twt4/xxx_ws/install/xicro_interfaces/include/xicro_interfaces/xicro_interfaces/msg
[1.706s] -- Up-to-date: /home/twt4/xxx_ws/install/xicro_interfaces/include/xicro_interfaces/xicro_interfaces/msg/rosidl_typesupport_introspection_c__visibility_control.h
[1.706s] -- Up-to-date: /home/twt4/xxx_ws/install/xicro_interfaces/lib/libxicro_interfaces__rosidl_typesupport_introspection_c.so
[1.706s] -- Up-to-date: /home/twt4/xxx_ws/install/xicro_interfaces/lib/libxicro_interfaces__rosidl_typesupport_c.so
[1.707s] -- Up-to-date: /home/twt4/xxx_ws/install/xicro_interfaces/include/xicro_interfaces/xicro_interfaces
[1.707s] -- Up-to-date: /home/twt4/xxx_ws/install/xicro_interfaces/include/xicro_interfaces/xicro_interfaces/action
[1.707s] -- Up-to-date: /home/twt4/xxx_ws/install/xicro_interfaces/include/xicro_interfaces/xicro_interfaces/action/detail
[1.707s] -- Up-to-date: /home/twt4/xxx_ws/install/xicro_interfaces/include/xicro_interfaces/xicro_interfaces/action/detail/toggle__struct.hpp
[1.707s] -- Up-to-date: /home/twt4/xxx_ws/install/xicro_interfaces/include/xicro_interfaces/xicro_interfaces/action/detail/toggle__type_support.hpp
[1.707s] -- Up-to-date: /home/twt4/xxx_ws/install/xicro_interfaces/include/xicro_interfaces/xicro_interfaces/action/detail/toggle__traits.hpp
[1.708s] -- Up-to-date: /home/twt4/xxx_ws/install/xicro_interfaces/include/xicro_interfaces/xicro_interfaces/action/detail/toggle__builder.hpp
[1.708s] -- Up-to-date: /home/twt4/xxx_ws/install/xicro_interfaces/include/xicro_interfaces/xicro_interfaces/action/toggle.hpp
[1.708s] -- Up-to-date: /home/twt4/xxx_ws/install/xicro_interfaces/include/xicro_interfaces/xicro_interfaces/msg
[1.708s] -- Up-to-date: /home/twt4/xxx_ws/install/xicro_interfaces/include/xicro_interfaces/xicro_interfaces/msg/rosidl_generator_cpp__visibility_control.hpp
[1.708s] -- Up-to-date: /home/twt4/xxx_ws/install/xicro_interfaces/include/xicro_interfaces/xicro_interfaces
[1.708s] -- Up-to-date: /home/twt4/xxx_ws/install/xicro_interfaces/include/xicro_interfaces/xicro_interfaces/action
[1.708s] -- Up-to-date: /home/twt4/xxx_ws/install/xicro_interfaces/include/xicro_interfaces/xicro_interfaces/action/detail
[1.709s] -- Up-to-date: /home/twt4/xxx_ws/install/xicro_interfaces/include/xicro_interfaces/xicro_interfaces/action/detail/dds_fastrtps
[1.712s] -- Up-to-date: /home/twt4/xxx_ws/install/xicro_interfaces/include/xicro_interfaces/xicro_interfaces/action/detail/toggle__rosidl_typesupport_fastrtps_cpp.hpp
[1.714s] -- Up-to-date: /home/twt4/xxx_ws/install/xicro_interfaces/include/xicro_interfaces/xicro_interfaces/msg
[1.718s] -- Up-to-date: /home/twt4/xxx_ws/install/xicro_interfaces/include/xicro_interfaces/xicro_interfaces/msg/rosidl_typesupport_fastrtps_cpp__visibility_control.h
[1.720s] -- Up-to-date: /home/twt4/xxx_ws/install/xicro_interfaces/lib/libxicro_interfaces__rosidl_typesupport_fastrtps_cpp.so
[1.722s] -- Up-to-date: /home/twt4/xxx_ws/install/xicro_interfaces/include/xicro_interfaces/xicro_interfaces
[1.725s] -- Up-to-date: /home/twt4/xxx_ws/install/xicro_interfaces/include/xicro_interfaces/xicro_interfaces/action
[1.728s] -- Up-to-date: /home/twt4/xxx_ws/install/xicro_interfaces/include/xicro_interfaces/xicro_interfaces/action/detail
[1.729s] -- Up-to-date: /home/twt4/xxx_ws/install/xicro_interfaces/include/xicro_interfaces/xicro_interfaces/action/detail/toggle__type_support.cpp
[1.729s] -- Up-to-date: /home/twt4/xxx_ws/install/xicro_interfaces/include/xicro_interfaces/xicro_interfaces/action/detail/toggle__rosidl_typesupport_introspection_cpp.hpp
[1.730s] -- Up-to-date: /home/twt4/xxx_ws/install/xicro_interfaces/lib/libxicro_interfaces__rosidl_typesupport_introspection_cpp.so
[1.730s] -- Up-to-date: /home/twt4/xxx_ws/install/xicro_interfaces/lib/libxicro_interfaces__rosidl_typesupport_cpp.so
[1.730s] -- Up-to-date: /home/twt4/xxx_ws/install/xicro_interfaces/share/xicro_interfaces/environment/pythonpath.sh
[1.730s] -- Up-to-date: /home/twt4/xxx_ws/install/xicro_interfaces/share/xicro_interfaces/environment/pythonpath.dsv
[1.730s] -- Up-to-date: /home/twt4/xxx_ws/install/xicro_interfaces/lib/python3.12/site-packages/xicro_interfaces-0.0.0-py3.12.egg-info
[1.730s] -- Installing: /home/twt4/xxx_ws/install/xicro_interfaces/lib/python3.12/site-packages/xicro_interfaces-0.0.0-py3.12.egg-info/dependency_links.txt
[1.730s] -- Installing: /home/twt4/xxx_ws/install/xicro_interfaces/lib/python3.12/site-packages/xicro_interfaces-0.0.0-py3.12.egg-info/PKG-INFO
[1.731s] -- Installing: /home/twt4/xxx_ws/install/xicro_interfaces/lib/python3.12/site-packages/xicro_interfaces-0.0.0-py3.12.egg-info/top_level.txt
[1.733s] -- Installing: /home/twt4/xxx_ws/install/xicro_interfaces/lib/python3.12/site-packages/xicro_interfaces-0.0.0-py3.12.egg-info/SOURCES.txt
[1.733s] -- Up-to-date: /home/twt4/xxx_ws/install/xicro_interfaces/lib/python3.12/site-packages/xicro_interfaces
[1.733s] -- Up-to-date: /home/twt4/xxx_ws/install/xicro_interfaces/lib/python3.12/site-packages/xicro_interfaces/_xicro_interfaces_s.ep.rosidl_typesupport_c.c
[1.734s] -- Up-to-date: /home/twt4/xxx_ws/install/xicro_interfaces/lib/python3.12/site-packages/xicro_interfaces/xicro_interfaces_s__rosidl_typesupport_fastrtps_c.so
[1.734s] -- Up-to-date: /home/twt4/xxx_ws/install/xicro_interfaces/lib/python3.12/site-packages/xicro_interfaces/_xicro_interfaces_s.ep.rosidl_typesupport_fastrtps_c.c
[1.734s] -- Up-to-date: /home/twt4/xxx_ws/install/xicro_interfaces/lib/python3.12/site-packages/xicro_interfaces/action
[1.734s] -- Up-to-date: /home/twt4/xxx_ws/install/xicro_interfaces/lib/python3.12/site-packages/xicro_interfaces/action/_toggle_s.c
[1.734s] -- Up-to-date: /home/twt4/xxx_ws/install/xicro_interfaces/lib/python3.12/site-packages/xicro_interfaces/action/_toggle.py
[1.734s] -- Up-to-date: /home/twt4/xxx_ws/install/xicro_interfaces/lib/python3.12/site-packages/xicro_interfaces/action/__init__.py
[1.734s] -- Up-to-date: /home/twt4/xxx_ws/install/xicro_interfaces/lib/python3.12/site-packages/xicro_interfaces/xicro_interfaces_s__rosidl_typesupport_introspection_c.so
[1.735s] -- Up-to-date: /home/twt4/xxx_ws/install/xicro_interfaces/lib/python3.12/site-packages/xicro_interfaces/_xicro_interfaces_s.ep.rosidl_typesupport_introspection_c.c
[1.735s] -- Up-to-date: /home/twt4/xxx_ws/install/xicro_interfaces/lib/python3.12/site-packages/xicro_interfaces/__init__.py
[1.735s] -- Up-to-date: /home/twt4/xxx_ws/install/xicro_interfaces/lib/python3.12/site-packages/xicro_interfaces/xicro_interfaces_s__rosidl_typesupport_c.so
[1.801s] Listing '/home/twt4/xxx_ws/install/xicro_interfaces/lib/python3.12/site-packages/xicro_interfaces'...
[1.802s] Listing '/home/twt4/xxx_ws/install/xicro_interfaces/lib/python3.12/site-packages/xicro_interfaces/action'...
[1.841s] -- Up-to-date: /home/twt4/xxx_ws/install/xicro_interfaces/lib/python3.12/site-packages/xicro_interfaces/xicro_interfaces_s__rosidl_typesupport_fastrtps_c.so
[1.841s] -- Up-to-date: /home/twt4/xxx_ws/install/xicro_interfaces/lib/python3.12/site-packages/xicro_interfaces/xicro_interfaces_s__rosidl_typesupport_introspection_c.so
[1.841s] -- Up-to-date: /home/twt4/xxx_ws/install/xicro_interfaces/lib/python3.12/site-packages/xicro_interfaces/xicro_interfaces_s__rosidl_typesupport_c.so
[1.843s] -- Up-to-date: /home/twt4/xxx_ws/install/xicro_interfaces/lib/libxicro_interfaces__rosidl_generator_py.so
[1.845s] -- Up-to-date: /home/twt4/xxx_ws/install/xicro_interfaces/share/ament_index/resource_index/rust_packages/xicro_interfaces
[1.845s] -- Up-to-date: /home/twt4/xxx_ws/install/xicro_interfaces/share/xicro_interfaces/rust
[1.845s] -- Up-to-date: /home/twt4/xxx_ws/install/xicro_interfaces/share/xicro_interfaces/rust/build.rs
[1.846s] -- Up-to-date: /home/twt4/xxx_ws/install/xicro_interfaces/share/xicro_interfaces/rust/Cargo.toml
[1.846s] -- Up-to-date: /home/twt4/xxx_ws/install/xicro_interfaces/share/xicro_interfaces/rust/src
[1.847s] -- Up-to-date: /home/twt4/xxx_ws/install/xicro_interfaces/share/xicro_interfaces/rust/src/action
[1.847s] -- Up-to-date: /home/twt4/xxx_ws/install/xicro_interfaces/share/xicro_interfaces/rust/src/action/rmw.rs
[1.847s] -- Up-to-date: /home/twt4/xxx_ws/install/xicro_interfaces/share/xicro_interfaces/rust/src/lib.rs
[1.848s] -- Up-to-date: /home/twt4/xxx_ws/install/xicro_interfaces/share/xicro_interfaces/rust/src/action.rs
[1.848s] -- Up-to-date: /home/twt4/xxx_ws/install/xicro_interfaces/share/xicro_interfaces/action/Toggle.idl
[1.848s] -- Up-to-date: /home/twt4/xxx_ws/install/xicro_interfaces/share/xicro_interfaces/action/Toggle.action
[1.849s] -- Up-to-date: /home/twt4/xxx_ws/install/xicro_interfaces/share/ament_index/resource_index/package_run_dependencies/xicro_interfaces
[1.849s] -- Up-to-date: /home/twt4/xxx_ws/install/xicro_interfaces/share/ament_index/resource_index/parent_prefix_path/xicro_interfaces
[1.849s] -- Up-to-date: /home/twt4/xxx_ws/install/xicro_interfaces/share/xicro_interfaces/environment/ament_prefix_path.sh
[1.849s] -- Up-to-date: /home/twt4/xxx_ws/install/xicro_interfaces/share/xicro_interfaces/environment/ament_prefix_path.dsv
[1.849s] -- Up-to-date: /home/twt4/xxx_ws/install/xicro_interfaces/share/xicro_interfaces/environment/path.sh
[1.849s] -- Up-to-date: /home/twt4/xxx_ws/install/xicro_interfaces/share/xicro_interfaces/environment/path.dsv
[1.850s] -- Up-to-date: /home/twt4/xxx_ws/install/xicro_interfaces/share/xicro_interfaces/local_setup.bash
[1.850s] -- Up-to-date: /home/twt4/xxx_ws/install/xicro_interfaces/share/xicro_interfaces/local_setup.sh
[1.850s] -- Up-to-date: /home/twt4/xxx_ws/install/xicro_interfaces/share/xicro_interfaces/local_setup.zsh
[1.850s] -- Up-to-date: /home/twt4/xxx_ws/install/xicro_interfaces/share/xicro_interfaces/local_setup.dsv
[1.850s] -- Installing: /home/twt4/xxx_ws/install/xicro_interfaces/share/xicro_interfaces/package.dsv
[1.850s] -- Up-to-date: /home/twt4/xxx_ws/install/xicro_interfaces/share/ament_index/resource_index/packages/xicro_interfaces
[1.850s] -- Up-to-date: /home/twt4/xxx_ws/install/xicro_interfaces/share/xicro_interfaces/cmake/export_xicro_interfaces__rosidl_generator_cExport.cmake
[1.850s] -- Up-to-date: /home/twt4/xxx_ws/install/xicro_interfaces/share/xicro_interfaces/cmake/export_xicro_interfaces__rosidl_generator_cExport-noconfig.cmake
[1.850s] -- Up-to-date: /home/twt4/xxx_ws/install/xicro_interfaces/share/xicro_interfaces/cmake/export_xicro_interfaces__rosidl_typesupport_fastrtps_cExport.cmake
[1.850s] -- Up-to-date: /home/twt4/xxx_ws/install/xicro_interfaces/share/xicro_interfaces/cmake/export_xicro_interfaces__rosidl_typesupport_fastrtps_cExport-noconfig.cmake
[1.851s] -- Up-to-date: /home/twt4/xxx_ws/install/xicro_interfaces/share/xicro_interfaces/cmake/xicro_interfaces__rosidl_typesupport_introspection_cExport.cmake
[1.851s] -- Up-to-date: /home/twt4/xxx_ws/install/xicro_interfaces/share/xicro_interfaces/cmake/xicro_interfaces__rosidl_typesupport_introspection_cExport-noconfig.cmake
[1.851s] -- Up-to-date: /home/twt4/xxx_ws/install/xicro_interfaces/share/xicro_interfaces/cmake/xicro_interfaces__rosidl_typesupport_cExport.cmake
[1.851s] -- Up-to-date: /home/twt4/xxx_ws/install/xicro_interfaces/share/xicro_interfaces/cmake/xicro_interfaces__rosidl_typesupport_cExport-noconfig.cmake
[1.851s] -- Up-to-date: /home/twt4/xxx_ws/install/xicro_interfaces/share/xicro_interfaces/cmake/export_xicro_interfaces__rosidl_generator_cppExport.cmake
[1.851s] -- Up-to-date: /home/twt4/xxx_ws/install/xicro_interfaces/share/xicro_interfaces/cmake/export_xicro_interfaces__rosidl_typesupport_fastrtps_cppExport.cmake
[1.852s] -- Up-to-date: /home/twt4/xxx_ws/install/xicro_interfaces/share/xicro_interfaces/cmake/export_xicro_interfaces__rosidl_typesupport_fastrtps_cppExport-noconfig.cmake
[1.852s] -- Up-to-date: /home/twt4/xxx_ws/install/xicro_interfaces/share/xicro_interfaces/cmake/xicro_interfaces__rosidl_typesupport_introspection_cppExport.cmake
[1.852s] -- Up-to-date: /home/twt4/xxx_ws/install/xicro_interfaces/share/xicro_interfaces/cmake/xicro_interfaces__rosidl_typesupport_introspection_cppExport-noconfig.cmake
[1.852s] -- Up-to-date: /home/twt4/xxx_ws/install/xicro_interfaces/share/xicro_interfaces/cmake/xicro_interfaces__rosidl_typesupport_cppExport.cmake
[1.853s] -- Up-to-date: /home/twt4/xxx_ws/install/xicro_interfaces/share/xicro_interfaces/cmake/xicro_interfaces__rosidl_typesupport_cppExport-noconfig.cmake
[1.853s] -- Up-to-date: /home/twt4/xxx_ws/install/xicro_interfaces/share/xicro_interfaces/cmake/export_xicro_interfaces__rosidl_generator_pyExport.cmake
[1.853s] -- Up-to-date: /home/twt4/xxx_ws/install/xicro_interfaces/share/xicro_interfaces/cmake/export_xicro_interfaces__rosidl_generator_pyExport-noconfig.cmake
[1.853s] -- Up-to-date: /home/twt4/xxx_ws/install/xicro_interfaces/share/xicro_interfaces/cmake/rosidl_cmake-extras.cmake
[1.853s] -- Up-to-date: /home/twt4/xxx_ws/install/xicro_interfaces/share/xicro_interfaces/cmake/ament_cmake_export_dependencies-extras.cmake
[1.853s] -- Up-to-date: /home/twt4/xxx_ws/install/xicro_interfaces/share/xicro_interfaces/cmake/ament_cmake_export_include_directories-extras.cmake
[1.853s] -- Up-to-date: /home/twt4/xxx_ws/install/xicro_interfaces/share/xicro_interfaces/cmake/ament_cmake_export_libraries-extras.cmake
[1.854s] -- Up-to-date: /home/twt4/xxx_ws/install/xicro_interfaces/share/xicro_interfaces/cmake/ament_cmake_export_targets-extras.cmake
[1.854s] -- Up-to-date: /home/twt4/xxx_ws/install/xicro_interfaces/share/xicro_interfaces/cmake/rosidl_cmake_export_typesupport_targets-extras.cmake
[1.854s] -- Up-to-date: /home/twt4/xxx_ws/install/xicro_interfaces/share/xicro_interfaces/cmake/rosidl_cmake_export_typesupport_libraries-extras.cmake
[1.854s] -- Up-to-date: /home/twt4/xxx_ws/install/xicro_interfaces/share/xicro_interfaces/cmake/xicro_interfacesConfig.cmake
[1.854s] -- Up-to-date: /home/twt4/xxx_ws/install/xicro_interfaces/share/xicro_interfaces/cmake/xicro_interfacesConfig-version.cmake
[1.855s] -- Up-to-date: /home/twt4/xxx_ws/install/xicro_interfaces/share/xicro_interfaces/package.xml
[1.888s] Invoked command in '/home/twt4/xxx_ws/build/xicro_interfaces' returned '0': CMAKE_PREFIX_PATH=${CMAKE_PREFIX_PATH}:/home/twt4/ros2_modules/install/ntrip_client:/home/twt4/ros2_modules/install/nmea_navsat_driver:/home/twt4/ros2_modules/install/handsfree_ros2_imu:/home/twt4/turtlebot3_ws/install/turtlebot3_teleop:/home/twt4/turtlebot3_ws/install/turtlebot3_example:/home/twt4/ros2_ws/install/twt_fuse:/opt/ros/jazzy DEBUGINFOD_URLS=https://debuginfod.ubuntu.com /usr/bin/cmake --install /home/twt4/xxx_ws/build/xicro_interfaces
