[0.309s] [34mcolcon[0m [1;30mDEBUG[0m [32mCommand line arguments: ['/usr/bin/colcon', 'build'][0m
[0.309s] [34mcolcon[0m [1;30mDEBUG[0m [32mParsed command line arguments: Namespace(log_base=None, log_level=None, verb_name='build', build_base='build', install_base='install', merge_install=False, symlink_install=False, test_result_base=None, continue_on_error=False, executor='parallel', parallel_workers=4, event_handlers=None, ignore_user_meta=False, metas=['./colcon.meta'], base_paths=['.'], packages_ignore=None, packages_ignore_regex=None, paths=None, packages_up_to=None, packages_up_to_regex=None, packages_above=None, packages_above_and_dependencies=None, packages_above_depth=None, packages_select_by_dep=None, packages_skip_by_dep=None, packages_skip_up_to=None, packages_select_build_failed=False, packages_skip_build_finished=False, packages_select_test_failures=False, packages_skip_test_passed=False, packages_select=None, packages_skip=None, packages_select_regex=None, packages_skip_regex=None, packages_start=None, packages_end=None, allow_overriding=[], cmake_args=None, cmake_target=None, cmake_target_skip_unavailable=False, cmake_clean_cache=False, cmake_clean_first=False, cmake_force_configure=False, ament_cmake_args=None, catkin_cmake_args=None, catkin_skip_building_tests=False, mixin_files=None, mixin=None, verb_parser=<colcon_mixin.mixin.mixin_argument.MixinArgumentDecorator object at 0xffff8e7c73e0>, verb_extension=<colcon_core.verb.build.BuildVerb object at 0xffff8e7c7110>, main=<bound method BuildVerb.main of <colcon_core.verb.build.BuildVerb object at 0xffff8e7c7110>>, mixin_verb=('build',))[0m
[0.407s] [34mcolcon.colcon_core.package_discovery[0m [1;30mLevel 1[0m discover_packages(colcon_meta) check parameters
[0.407s] [34mcolcon.colcon_core.package_discovery[0m [1;30mLevel 1[0m discover_packages(recursive) check parameters
[0.407s] [34mcolcon.colcon_core.package_discovery[0m [1;30mLevel 1[0m discover_packages(ignore) check parameters
[0.407s] [34mcolcon.colcon_core.package_discovery[0m [1;30mLevel 1[0m discover_packages(path) check parameters
[0.407s] [34mcolcon.colcon_core.package_discovery[0m [1;30mLevel 1[0m discover_packages(colcon_meta) discover
[0.407s] [34mcolcon.colcon_core.package_discovery[0m [1;30mLevel 1[0m discover_packages(recursive) discover
[0.407s] [34mcolcon.colcon_core.package_discovery[0m [1;30mINFO[0m Crawling recursively for packages in '/home/twt4/xxx_ws'
[0.408s] [34mcolcon.colcon_core.package_identification[0m [1;30mLevel 1[0m _identify(.) by extensions ['ignore', 'ignore_ament_install']
[0.408s] [34mcolcon.colcon_core.package_identification[0m [1;30mLevel 1[0m _identify(.) by extension 'ignore'
[0.408s] [34mcolcon.colcon_core.package_identification[0m [1;30mLevel 1[0m _identify(.) by extension 'ignore_ament_install'
[0.408s] [34mcolcon.colcon_core.package_identification[0m [1;30mLevel 1[0m _identify(.) by extensions ['colcon_pkg']
[0.408s] [34mcolcon.colcon_core.package_identification[0m [1;30mLevel 1[0m _identify(.) by extension 'colcon_pkg'
[0.408s] [34mcolcon.colcon_core.package_identification[0m [1;30mLevel 1[0m _identify(.) by extensions ['colcon_meta']
[0.408s] [34mcolcon.colcon_core.package_identification[0m [1;30mLevel 1[0m _identify(.) by extension 'colcon_meta'
[0.408s] [34mcolcon.colcon_core.package_identification[0m [1;30mLevel 1[0m _identify(.) by extensions ['ros']
[0.408s] [34mcolcon.colcon_core.package_identification[0m [1;30mLevel 1[0m _identify(.) by extension 'ros'
[0.461s] [34mcolcon.colcon_core.package_identification[0m [1;30mLevel 1[0m _identify(.) by extensions ['cmake', 'python']
[0.461s] [34mcolcon.colcon_core.package_identification[0m [1;30mLevel 1[0m _identify(.) by extension 'cmake'
[0.461s] [34mcolcon.colcon_core.package_identification[0m [1;30mLevel 1[0m _identify(.) by extension 'python'
[0.462s] [34mcolcon.colcon_core.package_identification[0m [1;30mLevel 1[0m _identify(.) by extensions ['python_setup_py']
[0.462s] [34mcolcon.colcon_core.package_identification[0m [1;30mLevel 1[0m _identify(.) by extension 'python_setup_py'
[0.462s] [34mcolcon.colcon_core.package_identification[0m [1;30mLevel 1[0m _identify(build) by extensions ['ignore', 'ignore_ament_install']
[0.462s] [34mcolcon.colcon_core.package_identification[0m [1;30mLevel 1[0m _identify(build) by extension 'ignore'
[0.462s] [34mcolcon.colcon_core.package_identification[0m [1;30mLevel 1[0m _identify(build) ignored
[0.462s] [34mcolcon.colcon_core.package_identification[0m [1;30mLevel 1[0m _identify(install) by extensions ['ignore', 'ignore_ament_install']
[0.462s] [34mcolcon.colcon_core.package_identification[0m [1;30mLevel 1[0m _identify(install) by extension 'ignore'
[0.462s] [34mcolcon.colcon_core.package_identification[0m [1;30mLevel 1[0m _identify(install) ignored
[0.463s] [34mcolcon.colcon_core.package_identification[0m [1;30mLevel 1[0m _identify(log) by extensions ['ignore', 'ignore_ament_install']
[0.463s] [34mcolcon.colcon_core.package_identification[0m [1;30mLevel 1[0m _identify(log) by extension 'ignore'
[0.463s] [34mcolcon.colcon_core.package_identification[0m [1;30mLevel 1[0m _identify(log) ignored
[0.463s] [34mcolcon.colcon_core.package_identification[0m [1;30mLevel 1[0m _identify(src) by extensions ['ignore', 'ignore_ament_install']
[0.463s] [34mcolcon.colcon_core.package_identification[0m [1;30mLevel 1[0m _identify(src) by extension 'ignore'
[0.463s] [34mcolcon.colcon_core.package_identification[0m [1;30mLevel 1[0m _identify(src) by extension 'ignore_ament_install'
[0.463s] [34mcolcon.colcon_core.package_identification[0m [1;30mLevel 1[0m _identify(src) by extensions ['colcon_pkg']
[0.463s] [34mcolcon.colcon_core.package_identification[0m [1;30mLevel 1[0m _identify(src) by extension 'colcon_pkg'
[0.463s] [34mcolcon.colcon_core.package_identification[0m [1;30mLevel 1[0m _identify(src) by extensions ['colcon_meta']
[0.463s] [34mcolcon.colcon_core.package_identification[0m [1;30mLevel 1[0m _identify(src) by extension 'colcon_meta'
[0.463s] [34mcolcon.colcon_core.package_identification[0m [1;30mLevel 1[0m _identify(src) by extensions ['ros']
[0.463s] [34mcolcon.colcon_core.package_identification[0m [1;30mLevel 1[0m _identify(src) by extension 'ros'
[0.464s] [34mcolcon.colcon_core.package_identification[0m [1;30mLevel 1[0m _identify(src) by extensions ['cmake', 'python']
[0.464s] [34mcolcon.colcon_core.package_identification[0m [1;30mLevel 1[0m _identify(src) by extension 'cmake'
[0.464s] [34mcolcon.colcon_core.package_identification[0m [1;30mLevel 1[0m _identify(src) by extension 'python'
[0.464s] [34mcolcon.colcon_core.package_identification[0m [1;30mLevel 1[0m _identify(src) by extensions ['python_setup_py']
[0.464s] [34mcolcon.colcon_core.package_identification[0m [1;30mLevel 1[0m _identify(src) by extension 'python_setup_py'
[0.464s] [34mcolcon.colcon_core.package_identification[0m [1;30mLevel 1[0m _identify(src/Xicro) by extensions ['ignore', 'ignore_ament_install']
[0.464s] [34mcolcon.colcon_core.package_identification[0m [1;30mLevel 1[0m _identify(src/Xicro) by extension 'ignore'
[0.464s] [34mcolcon.colcon_core.package_identification[0m [1;30mLevel 1[0m _identify(src/Xicro) by extension 'ignore_ament_install'
[0.464s] [34mcolcon.colcon_core.package_identification[0m [1;30mLevel 1[0m _identify(src/Xicro) by extensions ['colcon_pkg']
[0.464s] [34mcolcon.colcon_core.package_identification[0m [1;30mLevel 1[0m _identify(src/Xicro) by extension 'colcon_pkg'
[0.464s] [34mcolcon.colcon_core.package_identification[0m [1;30mLevel 1[0m _identify(src/Xicro) by extensions ['colcon_meta']
[0.465s] [34mcolcon.colcon_core.package_identification[0m [1;30mLevel 1[0m _identify(src/Xicro) by extension 'colcon_meta'
[0.465s] [34mcolcon.colcon_core.package_identification[0m [1;30mLevel 1[0m _identify(src/Xicro) by extensions ['ros']
[0.465s] [34mcolcon.colcon_core.package_identification[0m [1;30mLevel 1[0m _identify(src/Xicro) by extension 'ros'
[0.465s] [34mcolcon.colcon_core.package_identification[0m [1;30mLevel 1[0m _identify(src/Xicro) by extensions ['cmake', 'python']
[0.465s] [34mcolcon.colcon_core.package_identification[0m [1;30mLevel 1[0m _identify(src/Xicro) by extension 'cmake'
[0.465s] [34mcolcon.colcon_core.package_identification[0m [1;30mLevel 1[0m _identify(src/Xicro) by extension 'python'
[0.465s] [34mcolcon.colcon_core.package_identification[0m [1;30mLevel 1[0m _identify(src/Xicro) by extensions ['python_setup_py']
[0.465s] [34mcolcon.colcon_core.package_identification[0m [1;30mLevel 1[0m _identify(src/Xicro) by extension 'python_setup_py'
[0.465s] [34mcolcon.colcon_core.package_identification[0m [1;30mLevel 1[0m _identify(src/Xicro/docs) by extensions ['ignore', 'ignore_ament_install']
[0.465s] [34mcolcon.colcon_core.package_identification[0m [1;30mLevel 1[0m _identify(src/Xicro/docs) by extension 'ignore'
[0.466s] [34mcolcon.colcon_core.package_identification[0m [1;30mLevel 1[0m _identify(src/Xicro/docs) by extension 'ignore_ament_install'
[0.466s] [34mcolcon.colcon_core.package_identification[0m [1;30mLevel 1[0m _identify(src/Xicro/docs) by extensions ['colcon_pkg']
[0.466s] [34mcolcon.colcon_core.package_identification[0m [1;30mLevel 1[0m _identify(src/Xicro/docs) by extension 'colcon_pkg'
[0.466s] [34mcolcon.colcon_core.package_identification[0m [1;30mLevel 1[0m _identify(src/Xicro/docs) by extensions ['colcon_meta']
[0.466s] [34mcolcon.colcon_core.package_identification[0m [1;30mLevel 1[0m _identify(src/Xicro/docs) by extension 'colcon_meta'
[0.466s] [34mcolcon.colcon_core.package_identification[0m [1;30mLevel 1[0m _identify(src/Xicro/docs) by extensions ['ros']
[0.466s] [34mcolcon.colcon_core.package_identification[0m [1;30mLevel 1[0m _identify(src/Xicro/docs) by extension 'ros'
[0.466s] [34mcolcon.colcon_core.package_identification[0m [1;30mLevel 1[0m _identify(src/Xicro/docs) by extensions ['cmake', 'python']
[0.466s] [34mcolcon.colcon_core.package_identification[0m [1;30mLevel 1[0m _identify(src/Xicro/docs) by extension 'cmake'
[0.467s] [34mcolcon.colcon_core.package_identification[0m [1;30mLevel 1[0m _identify(src/Xicro/docs) by extension 'python'
[0.467s] [34mcolcon.colcon_core.package_identification[0m [1;30mLevel 1[0m _identify(src/Xicro/docs) by extensions ['python_setup_py']
[0.467s] [34mcolcon.colcon_core.package_identification[0m [1;30mLevel 1[0m _identify(src/Xicro/docs) by extension 'python_setup_py'
[0.467s] [34mcolcon.colcon_core.package_identification[0m [1;30mLevel 1[0m _identify(src/Xicro/docs/pic) by extensions ['ignore', 'ignore_ament_install']
[0.467s] [34mcolcon.colcon_core.package_identification[0m [1;30mLevel 1[0m _identify(src/Xicro/docs/pic) by extension 'ignore'
[0.467s] [34mcolcon.colcon_core.package_identification[0m [1;30mLevel 1[0m _identify(src/Xicro/docs/pic) by extension 'ignore_ament_install'
[0.467s] [34mcolcon.colcon_core.package_identification[0m [1;30mLevel 1[0m _identify(src/Xicro/docs/pic) by extensions ['colcon_pkg']
[0.468s] [34mcolcon.colcon_core.package_identification[0m [1;30mLevel 1[0m _identify(src/Xicro/docs/pic) by extension 'colcon_pkg'
[0.468s] [34mcolcon.colcon_core.package_identification[0m [1;30mLevel 1[0m _identify(src/Xicro/docs/pic) by extensions ['colcon_meta']
[0.468s] [34mcolcon.colcon_core.package_identification[0m [1;30mLevel 1[0m _identify(src/Xicro/docs/pic) by extension 'colcon_meta'
[0.468s] [34mcolcon.colcon_core.package_identification[0m [1;30mLevel 1[0m _identify(src/Xicro/docs/pic) by extensions ['ros']
[0.468s] [34mcolcon.colcon_core.package_identification[0m [1;30mLevel 1[0m _identify(src/Xicro/docs/pic) by extension 'ros'
[0.468s] [34mcolcon.colcon_core.package_identification[0m [1;30mLevel 1[0m _identify(src/Xicro/docs/pic) by extensions ['cmake', 'python']
[0.468s] [34mcolcon.colcon_core.package_identification[0m [1;30mLevel 1[0m _identify(src/Xicro/docs/pic) by extension 'cmake'
[0.468s] [34mcolcon.colcon_core.package_identification[0m [1;30mLevel 1[0m _identify(src/Xicro/docs/pic) by extension 'python'
[0.468s] [34mcolcon.colcon_core.package_identification[0m [1;30mLevel 1[0m _identify(src/Xicro/docs/pic) by extensions ['python_setup_py']
[0.468s] [34mcolcon.colcon_core.package_identification[0m [1;30mLevel 1[0m _identify(src/Xicro/docs/pic) by extension 'python_setup_py'
[0.469s] [34mcolcon.colcon_core.package_identification[0m [1;30mLevel 1[0m _identify(src/Xicro/xicro_interfaces) by extensions ['ignore', 'ignore_ament_install']
[0.469s] [34mcolcon.colcon_core.package_identification[0m [1;30mLevel 1[0m _identify(src/Xicro/xicro_interfaces) by extension 'ignore'
[0.469s] [34mcolcon.colcon_core.package_identification[0m [1;30mLevel 1[0m _identify(src/Xicro/xicro_interfaces) by extension 'ignore_ament_install'
[0.469s] [34mcolcon.colcon_core.package_identification[0m [1;30mLevel 1[0m _identify(src/Xicro/xicro_interfaces) by extensions ['colcon_pkg']
[0.469s] [34mcolcon.colcon_core.package_identification[0m [1;30mLevel 1[0m _identify(src/Xicro/xicro_interfaces) by extension 'colcon_pkg'
[0.469s] [34mcolcon.colcon_core.package_identification[0m [1;30mLevel 1[0m _identify(src/Xicro/xicro_interfaces) by extensions ['colcon_meta']
[0.469s] [34mcolcon.colcon_core.package_identification[0m [1;30mLevel 1[0m _identify(src/Xicro/xicro_interfaces) by extension 'colcon_meta'
[0.469s] [34mcolcon.colcon_core.package_identification[0m [1;30mLevel 1[0m _identify(src/Xicro/xicro_interfaces) by extensions ['ros']
[0.469s] [34mcolcon.colcon_core.package_identification[0m [1;30mLevel 1[0m _identify(src/Xicro/xicro_interfaces) by extension 'ros'
[0.476s] [34mcolcon.colcon_core.package_identification[0m [1;30mDEBUG[0m [32mPackage 'src/Xicro/xicro_interfaces' with type 'ros.ament_cmake' and name 'xicro_interfaces'[0m
[0.477s] [34mcolcon.colcon_core.package_identification[0m [1;30mLevel 1[0m _identify(src/Xicro/xicro_pkg) by extensions ['ignore', 'ignore_ament_install']
[0.477s] [34mcolcon.colcon_core.package_identification[0m [1;30mLevel 1[0m _identify(src/Xicro/xicro_pkg) by extension 'ignore'
[0.477s] [34mcolcon.colcon_core.package_identification[0m [1;30mLevel 1[0m _identify(src/Xicro/xicro_pkg) by extension 'ignore_ament_install'
[0.477s] [34mcolcon.colcon_core.package_identification[0m [1;30mLevel 1[0m _identify(src/Xicro/xicro_pkg) by extensions ['colcon_pkg']
[0.477s] [34mcolcon.colcon_core.package_identification[0m [1;30mLevel 1[0m _identify(src/Xicro/xicro_pkg) by extension 'colcon_pkg'
[0.477s] [34mcolcon.colcon_core.package_identification[0m [1;30mLevel 1[0m _identify(src/Xicro/xicro_pkg) by extensions ['colcon_meta']
[0.477s] [34mcolcon.colcon_core.package_identification[0m [1;30mLevel 1[0m _identify(src/Xicro/xicro_pkg) by extension 'colcon_meta'
[0.477s] [34mcolcon.colcon_core.package_identification[0m [1;30mLevel 1[0m _identify(src/Xicro/xicro_pkg) by extensions ['ros']
[0.477s] [34mcolcon.colcon_core.package_identification[0m [1;30mLevel 1[0m _identify(src/Xicro/xicro_pkg) by extension 'ros'
[0.478s] [34mcolcon.colcon_core.package_identification[0m [1;30mDEBUG[0m [32mPackage 'src/Xicro/xicro_pkg' with type 'ros.ament_cmake' and name 'xicro_pkg'[0m
[0.479s] [34mcolcon.colcon_core.package_discovery[0m [1;30mLevel 1[0m discover_packages(recursive) using defaults
[0.479s] [34mcolcon.colcon_core.package_discovery[0m [1;30mLevel 1[0m discover_packages(ignore) discover
[0.479s] [34mcolcon.colcon_core.package_discovery[0m [1;30mLevel 1[0m discover_packages(ignore) using defaults
[0.479s] [34mcolcon.colcon_core.package_discovery[0m [1;30mLevel 1[0m discover_packages(path) discover
[0.479s] [34mcolcon.colcon_core.package_discovery[0m [1;30mLevel 1[0m discover_packages(path) using defaults
[0.515s] [34mcolcon.colcon_core.package_discovery[0m [1;30mLevel 1[0m discover_packages(prefix_path) check parameters
[0.516s] [34mcolcon.colcon_core.package_discovery[0m [1;30mLevel 1[0m discover_packages(prefix_path) discover
[0.523s] [34mcolcon.colcon_installed_package_information.package_discovery[0m [1;30mDEBUG[0m [32mFound 2 installed packages in /home/twt4/xxx_ws/install[0m
[0.524s] [34mcolcon.colcon_installed_package_information.package_discovery[0m [1;30mDEBUG[0m [32mFound 8 installed packages in /home/twt4/turtlebot3_ws/install[0m
[0.525s] [34mcolcon.colcon_installed_package_information.package_discovery[0m [1;30mDEBUG[0m [32mFound 1 installed packages in /home/twt4/ros2_ws/install[0m
[0.526s] [34mcolcon.colcon_installed_package_information.package_discovery[0m [1;30mDEBUG[0m [32mFound 1 installed packages in /home/twt4/twtsim_ws/install[0m
[0.527s] [34mcolcon.colcon_installed_package_information.package_discovery[0m [1;30mDEBUG[0m [32mFound 14 installed packages in /home/twt4/ros2_modules/install[0m
[0.531s] [34mcolcon.colcon_installed_package_information.package_discovery[0m [1;30mDEBUG[0m [32mFound 509 installed packages in /opt/ros/jazzy[0m
[0.536s] [34mcolcon.colcon_core.package_discovery[0m [1;30mLevel 1[0m discover_packages(prefix_path) using defaults
[0.716s] [34mcolcon.colcon_core.verb[0m [1;30mLevel 5[0m set package 'xicro_interfaces' build argument 'cmake_args' from command line to 'None'
[0.716s] [34mcolcon.colcon_core.verb[0m [1;30mLevel 5[0m set package 'xicro_interfaces' build argument 'cmake_target' from command line to 'None'
[0.716s] [34mcolcon.colcon_core.verb[0m [1;30mLevel 5[0m set package 'xicro_interfaces' build argument 'cmake_target_skip_unavailable' from command line to 'False'
[0.716s] [34mcolcon.colcon_core.verb[0m [1;30mLevel 5[0m set package 'xicro_interfaces' build argument 'cmake_clean_cache' from command line to 'False'
[0.716s] [34mcolcon.colcon_core.verb[0m [1;30mLevel 5[0m set package 'xicro_interfaces' build argument 'cmake_clean_first' from command line to 'False'
[0.716s] [34mcolcon.colcon_core.verb[0m [1;30mLevel 5[0m set package 'xicro_interfaces' build argument 'cmake_force_configure' from command line to 'False'
[0.716s] [34mcolcon.colcon_core.verb[0m [1;30mLevel 5[0m set package 'xicro_interfaces' build argument 'ament_cmake_args' from command line to 'None'
[0.716s] [34mcolcon.colcon_core.verb[0m [1;30mLevel 5[0m set package 'xicro_interfaces' build argument 'catkin_cmake_args' from command line to 'None'
[0.716s] [34mcolcon.colcon_core.verb[0m [1;30mLevel 5[0m set package 'xicro_interfaces' build argument 'catkin_skip_building_tests' from command line to 'False'
[0.716s] [34mcolcon.colcon_core.verb[0m [1;30mDEBUG[0m [32mBuilding package 'xicro_interfaces' with the following arguments: {'ament_cmake_args': None, 'build_base': '/home/twt4/xxx_ws/build/xicro_interfaces', 'catkin_cmake_args': None, 'catkin_skip_building_tests': False, 'cmake_args': None, 'cmake_clean_cache': False, 'cmake_clean_first': False, 'cmake_force_configure': False, 'cmake_target': None, 'cmake_target_skip_unavailable': False, 'install_base': '/home/twt4/xxx_ws/install/xicro_interfaces', 'merge_install': False, 'path': '/home/twt4/xxx_ws/src/Xicro/xicro_interfaces', 'symlink_install': False, 'test_result_base': None}[0m
[0.717s] [34mcolcon.colcon_core.verb[0m [1;30mLevel 5[0m set package 'xicro_pkg' build argument 'cmake_args' from command line to 'None'
[0.717s] [34mcolcon.colcon_core.verb[0m [1;30mLevel 5[0m set package 'xicro_pkg' build argument 'cmake_target' from command line to 'None'
[0.717s] [34mcolcon.colcon_core.verb[0m [1;30mLevel 5[0m set package 'xicro_pkg' build argument 'cmake_target_skip_unavailable' from command line to 'False'
[0.717s] [34mcolcon.colcon_core.verb[0m [1;30mLevel 5[0m set package 'xicro_pkg' build argument 'cmake_clean_cache' from command line to 'False'
[0.717s] [34mcolcon.colcon_core.verb[0m [1;30mLevel 5[0m set package 'xicro_pkg' build argument 'cmake_clean_first' from command line to 'False'
[0.717s] [34mcolcon.colcon_core.verb[0m [1;30mLevel 5[0m set package 'xicro_pkg' build argument 'cmake_force_configure' from command line to 'False'
[0.717s] [34mcolcon.colcon_core.verb[0m [1;30mLevel 5[0m set package 'xicro_pkg' build argument 'ament_cmake_args' from command line to 'None'
[0.717s] [34mcolcon.colcon_core.verb[0m [1;30mLevel 5[0m set package 'xicro_pkg' build argument 'catkin_cmake_args' from command line to 'None'
[0.717s] [34mcolcon.colcon_core.verb[0m [1;30mLevel 5[0m set package 'xicro_pkg' build argument 'catkin_skip_building_tests' from command line to 'False'
[0.717s] [34mcolcon.colcon_core.verb[0m [1;30mDEBUG[0m [32mBuilding package 'xicro_pkg' with the following arguments: {'ament_cmake_args': None, 'build_base': '/home/twt4/xxx_ws/build/xicro_pkg', 'catkin_cmake_args': None, 'catkin_skip_building_tests': False, 'cmake_args': None, 'cmake_clean_cache': False, 'cmake_clean_first': False, 'cmake_force_configure': False, 'cmake_target': None, 'cmake_target_skip_unavailable': False, 'install_base': '/home/twt4/xxx_ws/install/xicro_pkg', 'merge_install': False, 'path': '/home/twt4/xxx_ws/src/Xicro/xicro_pkg', 'symlink_install': False, 'test_result_base': None}[0m
[0.717s] [34mcolcon.colcon_core.executor[0m [1;30mINFO[0m Executing jobs using 'parallel' executor
[0.719s] [34mcolcon.colcon_parallel_executor.executor.parallel[0m [1;30mDEBUG[0m [32mrun_until_complete[0m
[0.720s] [34mcolcon.colcon_ros.task.ament_cmake.build[0m [1;30mINFO[0m Building ROS package in '/home/twt4/xxx_ws/src/Xicro/xicro_interfaces' with build type 'ament_cmake'
[0.721s] [34mcolcon.colcon_cmake.task.cmake.build[0m [1;30mINFO[0m Building CMake package in '/home/twt4/xxx_ws/src/Xicro/xicro_interfaces'
[0.745s] [34mcolcon.colcon_core.plugin_system[0m [1;30mINFO[0m Skipping extension 'colcon_core.shell.bat': Not used on non-Windows systems
[0.746s] [34mcolcon.colcon_core.shell[0m [1;30mINFO[0m Skip shell extension 'powershell' for command environment: Not usable outside of PowerShell
[0.747s] [34mcolcon.colcon_core.shell[0m [1;30mDEBUG[0m [32mSkip shell extension 'dsv' for command environment[0m
[0.778s] [34mcolcon.colcon_ros.task.ament_cmake.build[0m [1;30mINFO[0m Building ROS package in '/home/twt4/xxx_ws/src/Xicro/xicro_pkg' with build type 'ament_cmake'
[0.780s] [34mcolcon.colcon_cmake.task.cmake.build[0m [1;30mINFO[0m Building CMake package in '/home/twt4/xxx_ws/src/Xicro/xicro_pkg'
[0.782s] [34mcolcon.colcon_core.shell[0m [1;30mINFO[0m Skip shell extension 'powershell' for command environment: Not usable outside of PowerShell
[0.783s] [34mcolcon.colcon_core.shell[0m [1;30mDEBUG[0m [32mSkip shell extension 'dsv' for command environment[0m
[0.826s] [34mcolcon.colcon_core.event_handler.log_command[0m [1;30mDEBUG[0m [32mInvoking command in '/home/twt4/xxx_ws/build/xicro_interfaces': CMAKE_PREFIX_PATH=${CMAKE_PREFIX_PATH}:/home/twt4/ros2_modules/install/ntrip_client:/home/twt4/ros2_modules/install/nmea_navsat_driver:/home/twt4/ros2_modules/install/handsfree_ros2_imu:/home/twt4/turtlebot3_ws/install/turtlebot3_teleop:/home/twt4/turtlebot3_ws/install/turtlebot3_example:/home/twt4/ros2_ws/install/twt_fuse:/opt/ros/jazzy DEBUGINFOD_URLS=https://debuginfod.ubuntu.com /usr/bin/cmake --build /home/twt4/xxx_ws/build/xicro_interfaces -- -j4 -l4[0m
[0.848s] [34mcolcon.colcon_core.event_handler.log_command[0m [1;30mDEBUG[0m [32mInvoking command in '/home/twt4/xxx_ws/build/xicro_pkg': CMAKE_PREFIX_PATH=${CMAKE_PREFIX_PATH}:/home/twt4/ros2_modules/install/ntrip_client:/home/twt4/ros2_modules/install/nmea_navsat_driver:/home/twt4/ros2_modules/install/handsfree_ros2_imu:/home/twt4/turtlebot3_ws/install/turtlebot3_teleop:/home/twt4/turtlebot3_ws/install/turtlebot3_example:/home/twt4/ros2_ws/install/twt_fuse:/opt/ros/jazzy DEBUGINFOD_URLS=https://debuginfod.ubuntu.com /usr/bin/cmake --build /home/twt4/xxx_ws/build/xicro_pkg -- -j4 -l4[0m
[3.003s] [34mcolcon.colcon_core.event_handler.log_command[0m [1;30mDEBUG[0m [32mInvoked command in '/home/twt4/xxx_ws/build/xicro_interfaces' returned '0': CMAKE_PREFIX_PATH=${CMAKE_PREFIX_PATH}:/home/twt4/ros2_modules/install/ntrip_client:/home/twt4/ros2_modules/install/nmea_navsat_driver:/home/twt4/ros2_modules/install/handsfree_ros2_imu:/home/twt4/turtlebot3_ws/install/turtlebot3_teleop:/home/twt4/turtlebot3_ws/install/turtlebot3_example:/home/twt4/ros2_ws/install/twt_fuse:/opt/ros/jazzy DEBUGINFOD_URLS=https://debuginfod.ubuntu.com /usr/bin/cmake --build /home/twt4/xxx_ws/build/xicro_interfaces -- -j4 -l4[0m
[3.057s] [34mcolcon.colcon_core.event_handler.log_command[0m [1;30mDEBUG[0m [32mInvoking command in '/home/twt4/xxx_ws/build/xicro_interfaces': CMAKE_PREFIX_PATH=${CMAKE_PREFIX_PATH}:/home/twt4/ros2_modules/install/ntrip_client:/home/twt4/ros2_modules/install/nmea_navsat_driver:/home/twt4/ros2_modules/install/handsfree_ros2_imu:/home/twt4/turtlebot3_ws/install/turtlebot3_teleop:/home/twt4/turtlebot3_ws/install/turtlebot3_example:/home/twt4/ros2_ws/install/twt_fuse:/opt/ros/jazzy DEBUGINFOD_URLS=https://debuginfod.ubuntu.com /usr/bin/cmake --install /home/twt4/xxx_ws/build/xicro_interfaces[0m
[3.146s] [34mcolcon.colcon_core.event_handler.log_command[0m [1;30mDEBUG[0m [32mInvoked command in '/home/twt4/xxx_ws/build/xicro_pkg' returned '0': CMAKE_PREFIX_PATH=${CMAKE_PREFIX_PATH}:/home/twt4/ros2_modules/install/ntrip_client:/home/twt4/ros2_modules/install/nmea_navsat_driver:/home/twt4/ros2_modules/install/handsfree_ros2_imu:/home/twt4/turtlebot3_ws/install/turtlebot3_teleop:/home/twt4/turtlebot3_ws/install/turtlebot3_example:/home/twt4/ros2_ws/install/twt_fuse:/opt/ros/jazzy DEBUGINFOD_URLS=https://debuginfod.ubuntu.com /usr/bin/cmake --build /home/twt4/xxx_ws/build/xicro_pkg -- -j4 -l4[0m
[3.152s] [34mcolcon.colcon_core.event_handler.log_command[0m [1;30mDEBUG[0m [32mInvoking command in '/home/twt4/xxx_ws/build/xicro_pkg': CMAKE_PREFIX_PATH=${CMAKE_PREFIX_PATH}:/home/twt4/ros2_modules/install/ntrip_client:/home/twt4/ros2_modules/install/nmea_navsat_driver:/home/twt4/ros2_modules/install/handsfree_ros2_imu:/home/twt4/turtlebot3_ws/install/turtlebot3_teleop:/home/twt4/turtlebot3_ws/install/turtlebot3_example:/home/twt4/ros2_ws/install/twt_fuse:/opt/ros/jazzy DEBUGINFOD_URLS=https://debuginfod.ubuntu.com /usr/bin/cmake --install /home/twt4/xxx_ws/build/xicro_pkg[0m
[3.280s] [34mcolcon.colcon_core.environment[0m [1;30mLevel 1[0m create_environment_scripts_only(xicro_interfaces)
[3.283s] [34mcolcon.colcon_core.event_handler.log_command[0m [1;30mDEBUG[0m [32mInvoked command in '/home/twt4/xxx_ws/build/xicro_interfaces' returned '0': CMAKE_PREFIX_PATH=${CMAKE_PREFIX_PATH}:/home/twt4/ros2_modules/install/ntrip_client:/home/twt4/ros2_modules/install/nmea_navsat_driver:/home/twt4/ros2_modules/install/handsfree_ros2_imu:/home/twt4/turtlebot3_ws/install/turtlebot3_teleop:/home/twt4/turtlebot3_ws/install/turtlebot3_example:/home/twt4/ros2_ws/install/twt_fuse:/opt/ros/jazzy DEBUGINFOD_URLS=https://debuginfod.ubuntu.com /usr/bin/cmake --install /home/twt4/xxx_ws/build/xicro_interfaces[0m
[3.296s] [34mcolcon.colcon_core.environment[0m [1;30mLevel 1[0m checking '/home/twt4/xxx_ws/install/xicro_interfaces' for CMake module files
[3.298s] [34mcolcon.colcon_core.environment[0m [1;30mLevel 1[0m checking '/home/twt4/xxx_ws/install/xicro_interfaces' for CMake config files
[3.300s] [34mcolcon.colcon_core.shell[0m [1;30mLevel 1[0m create_environment_hook('xicro_interfaces', 'cmake_prefix_path')
[3.301s] [34mcolcon.colcon_core.shell[0m [1;30mINFO[0m Creating environment hook '/home/twt4/xxx_ws/install/xicro_interfaces/share/xicro_interfaces/hook/cmake_prefix_path.ps1'
[3.303s] [34mcolcon.colcon_core.shell[0m [1;30mINFO[0m Creating environment descriptor '/home/twt4/xxx_ws/install/xicro_interfaces/share/xicro_interfaces/hook/cmake_prefix_path.dsv'
[3.305s] [34mcolcon.colcon_core.shell[0m [1;30mINFO[0m Creating environment hook '/home/twt4/xxx_ws/install/xicro_interfaces/share/xicro_interfaces/hook/cmake_prefix_path.sh'
[3.308s] [34mcolcon.colcon_core.environment[0m [1;30mLevel 1[0m checking '/home/twt4/xxx_ws/install/xicro_interfaces/lib'
[3.308s] [34mcolcon.colcon_core.shell[0m [1;30mLevel 1[0m create_environment_hook('xicro_interfaces', 'ld_library_path_lib')
[3.309s] [34mcolcon.colcon_core.shell[0m [1;30mINFO[0m Creating environment hook '/home/twt4/xxx_ws/install/xicro_interfaces/share/xicro_interfaces/hook/ld_library_path_lib.ps1'
[3.310s] [34mcolcon.colcon_core.shell[0m [1;30mINFO[0m Creating environment descriptor '/home/twt4/xxx_ws/install/xicro_interfaces/share/xicro_interfaces/hook/ld_library_path_lib.dsv'
[3.310s] [34mcolcon.colcon_core.shell[0m [1;30mINFO[0m Creating environment hook '/home/twt4/xxx_ws/install/xicro_interfaces/share/xicro_interfaces/hook/ld_library_path_lib.sh'
[3.311s] [34mcolcon.colcon_core.environment[0m [1;30mLevel 1[0m checking '/home/twt4/xxx_ws/install/xicro_interfaces/bin'
[3.312s] [34mcolcon.colcon_core.environment[0m [1;30mLevel 1[0m checking '/home/twt4/xxx_ws/install/xicro_interfaces/lib/pkgconfig/xicro_interfaces.pc'
[3.312s] [34mcolcon.colcon_core.environment[0m [1;30mLevel 1[0m checking '/home/twt4/xxx_ws/install/xicro_interfaces/lib/python3.12/site-packages'
[3.312s] [34mcolcon.colcon_core.shell[0m [1;30mLevel 1[0m create_environment_hook('xicro_interfaces', 'pythonpath')
[3.313s] [34mcolcon.colcon_core.shell[0m [1;30mINFO[0m Creating environment hook '/home/twt4/xxx_ws/install/xicro_interfaces/share/xicro_interfaces/hook/pythonpath.ps1'
[3.314s] [34mcolcon.colcon_core.shell[0m [1;30mINFO[0m Creating environment descriptor '/home/twt4/xxx_ws/install/xicro_interfaces/share/xicro_interfaces/hook/pythonpath.dsv'
[3.316s] [34mcolcon.colcon_core.shell[0m [1;30mINFO[0m Creating environment hook '/home/twt4/xxx_ws/install/xicro_interfaces/share/xicro_interfaces/hook/pythonpath.sh'
[3.318s] [34mcolcon.colcon_core.environment[0m [1;30mLevel 1[0m checking '/home/twt4/xxx_ws/install/xicro_interfaces/bin'
[3.319s] [34mcolcon.colcon_core.shell[0m [1;30mINFO[0m Creating package script '/home/twt4/xxx_ws/install/xicro_interfaces/share/xicro_interfaces/package.ps1'
[3.322s] [34mcolcon.colcon_core.shell[0m [1;30mINFO[0m Creating package descriptor '/home/twt4/xxx_ws/install/xicro_interfaces/share/xicro_interfaces/package.dsv'
[3.324s] [34mcolcon.colcon_core.shell[0m [1;30mINFO[0m Creating package script '/home/twt4/xxx_ws/install/xicro_interfaces/share/xicro_interfaces/package.sh'
[3.326s] [34mcolcon.colcon_core.shell[0m [1;30mINFO[0m Creating package script '/home/twt4/xxx_ws/install/xicro_interfaces/share/xicro_interfaces/package.bash'
[3.328s] [34mcolcon.colcon_core.shell[0m [1;30mINFO[0m Creating package script '/home/twt4/xxx_ws/install/xicro_interfaces/share/xicro_interfaces/package.zsh'
[3.330s] [34mcolcon.colcon_core.environment[0m [1;30mLevel 1[0m create_file_with_runtime_dependencies(/home/twt4/xxx_ws/install/xicro_interfaces/share/colcon-core/packages/xicro_interfaces)
[3.331s] [34mcolcon.colcon_core.environment[0m [1;30mLevel 1[0m create_environment_scripts_only(xicro_interfaces)
[3.331s] [34mcolcon.colcon_core.environment[0m [1;30mLevel 1[0m checking '/home/twt4/xxx_ws/install/xicro_interfaces' for CMake module files
[3.332s] [34mcolcon.colcon_core.environment[0m [1;30mLevel 1[0m checking '/home/twt4/xxx_ws/install/xicro_interfaces' for CMake config files
[3.333s] [34mcolcon.colcon_core.shell[0m [1;30mLevel 1[0m create_environment_hook('xicro_interfaces', 'cmake_prefix_path')
[3.333s] [34mcolcon.colcon_core.shell[0m [1;30mINFO[0m Creating environment hook '/home/twt4/xxx_ws/install/xicro_interfaces/share/xicro_interfaces/hook/cmake_prefix_path.ps1'
[3.334s] [34mcolcon.colcon_core.shell[0m [1;30mINFO[0m Creating environment descriptor '/home/twt4/xxx_ws/install/xicro_interfaces/share/xicro_interfaces/hook/cmake_prefix_path.dsv'
[3.334s] [34mcolcon.colcon_core.shell[0m [1;30mINFO[0m Creating environment hook '/home/twt4/xxx_ws/install/xicro_interfaces/share/xicro_interfaces/hook/cmake_prefix_path.sh'
[3.335s] [34mcolcon.colcon_core.environment[0m [1;30mLevel 1[0m checking '/home/twt4/xxx_ws/install/xicro_interfaces/lib'
[3.335s] [34mcolcon.colcon_core.shell[0m [1;30mLevel 1[0m create_environment_hook('xicro_interfaces', 'ld_library_path_lib')
[3.336s] [34mcolcon.colcon_core.shell[0m [1;30mINFO[0m Creating environment hook '/home/twt4/xxx_ws/install/xicro_interfaces/share/xicro_interfaces/hook/ld_library_path_lib.ps1'
[3.336s] [34mcolcon.colcon_core.shell[0m [1;30mINFO[0m Creating environment descriptor '/home/twt4/xxx_ws/install/xicro_interfaces/share/xicro_interfaces/hook/ld_library_path_lib.dsv'
[3.337s] [34mcolcon.colcon_core.shell[0m [1;30mINFO[0m Creating environment hook '/home/twt4/xxx_ws/install/xicro_interfaces/share/xicro_interfaces/hook/ld_library_path_lib.sh'
[3.337s] [34mcolcon.colcon_core.environment[0m [1;30mLevel 1[0m checking '/home/twt4/xxx_ws/install/xicro_interfaces/bin'
[3.338s] [34mcolcon.colcon_core.environment[0m [1;30mLevel 1[0m checking '/home/twt4/xxx_ws/install/xicro_interfaces/lib/pkgconfig/xicro_interfaces.pc'
[3.338s] [34mcolcon.colcon_core.environment[0m [1;30mLevel 1[0m checking '/home/twt4/xxx_ws/install/xicro_interfaces/lib/python3.12/site-packages'
[3.338s] [34mcolcon.colcon_core.shell[0m [1;30mLevel 1[0m create_environment_hook('xicro_interfaces', 'pythonpath')
[3.338s] [34mcolcon.colcon_core.shell[0m [1;30mINFO[0m Creating environment hook '/home/twt4/xxx_ws/install/xicro_interfaces/share/xicro_interfaces/hook/pythonpath.ps1'
[3.339s] [34mcolcon.colcon_core.shell[0m [1;30mINFO[0m Creating environment descriptor '/home/twt4/xxx_ws/install/xicro_interfaces/share/xicro_interfaces/hook/pythonpath.dsv'
[3.339s] [34mcolcon.colcon_core.shell[0m [1;30mINFO[0m Creating environment hook '/home/twt4/xxx_ws/install/xicro_interfaces/share/xicro_interfaces/hook/pythonpath.sh'
[3.340s] [34mcolcon.colcon_core.environment[0m [1;30mLevel 1[0m checking '/home/twt4/xxx_ws/install/xicro_interfaces/bin'
[3.341s] [34mcolcon.colcon_core.shell[0m [1;30mINFO[0m Creating package script '/home/twt4/xxx_ws/install/xicro_interfaces/share/xicro_interfaces/package.ps1'
[3.342s] [34mcolcon.colcon_core.shell[0m [1;30mINFO[0m Creating package descriptor '/home/twt4/xxx_ws/install/xicro_interfaces/share/xicro_interfaces/package.dsv'
[3.343s] [34mcolcon.colcon_core.shell[0m [1;30mINFO[0m Creating package script '/home/twt4/xxx_ws/install/xicro_interfaces/share/xicro_interfaces/package.sh'
[3.343s] [34mcolcon.colcon_core.shell[0m [1;30mINFO[0m Creating package script '/home/twt4/xxx_ws/install/xicro_interfaces/share/xicro_interfaces/package.bash'
[3.344s] [34mcolcon.colcon_core.shell[0m [1;30mINFO[0m Creating package script '/home/twt4/xxx_ws/install/xicro_interfaces/share/xicro_interfaces/package.zsh'
[3.344s] [34mcolcon.colcon_core.environment[0m [1;30mLevel 1[0m create_file_with_runtime_dependencies(/home/twt4/xxx_ws/install/xicro_interfaces/share/colcon-core/packages/xicro_interfaces)
[3.346s] [34mcolcon.colcon_core.environment[0m [1;30mLevel 1[0m create_environment_scripts_only(xicro_pkg)
[3.348s] [34mcolcon.colcon_core.environment[0m [1;30mLevel 1[0m checking '/home/twt4/xxx_ws/install/xicro_pkg' for CMake module files
[3.352s] [34mcolcon.colcon_core.event_handler.log_command[0m [1;30mDEBUG[0m [32mInvoked command in '/home/twt4/xxx_ws/build/xicro_pkg' returned '0': CMAKE_PREFIX_PATH=${CMAKE_PREFIX_PATH}:/home/twt4/ros2_modules/install/ntrip_client:/home/twt4/ros2_modules/install/nmea_navsat_driver:/home/twt4/ros2_modules/install/handsfree_ros2_imu:/home/twt4/turtlebot3_ws/install/turtlebot3_teleop:/home/twt4/turtlebot3_ws/install/turtlebot3_example:/home/twt4/ros2_ws/install/twt_fuse:/opt/ros/jazzy DEBUGINFOD_URLS=https://debuginfod.ubuntu.com /usr/bin/cmake --install /home/twt4/xxx_ws/build/xicro_pkg[0m
[3.357s] [34mcolcon.colcon_core.environment[0m [1;30mLevel 1[0m checking '/home/twt4/xxx_ws/install/xicro_pkg' for CMake config files
[3.360s] [34mcolcon.colcon_core.shell[0m [1;30mLevel 1[0m create_environment_hook('xicro_pkg', 'cmake_prefix_path')
[3.363s] [34mcolcon.colcon_core.shell[0m [1;30mINFO[0m Creating environment hook '/home/twt4/xxx_ws/install/xicro_pkg/share/xicro_pkg/hook/cmake_prefix_path.ps1'
[3.368s] [34mcolcon.colcon_core.shell[0m [1;30mINFO[0m Creating environment descriptor '/home/twt4/xxx_ws/install/xicro_pkg/share/xicro_pkg/hook/cmake_prefix_path.dsv'
[3.369s] [34mcolcon.colcon_core.shell[0m [1;30mINFO[0m Creating environment hook '/home/twt4/xxx_ws/install/xicro_pkg/share/xicro_pkg/hook/cmake_prefix_path.sh'
[3.371s] [34mcolcon.colcon_core.environment[0m [1;30mLevel 1[0m checking '/home/twt4/xxx_ws/install/xicro_pkg/lib'
[3.371s] [34mcolcon.colcon_core.environment[0m [1;30mLevel 1[0m checking '/home/twt4/xxx_ws/install/xicro_pkg/bin'
[3.371s] [34mcolcon.colcon_core.environment[0m [1;30mLevel 1[0m checking '/home/twt4/xxx_ws/install/xicro_pkg/lib/pkgconfig/xicro_pkg.pc'
[3.372s] [34mcolcon.colcon_core.environment[0m [1;30mLevel 1[0m checking '/home/twt4/xxx_ws/install/xicro_pkg/lib/python3.12/site-packages'
[3.372s] [34mcolcon.colcon_core.shell[0m [1;30mLevel 1[0m create_environment_hook('xicro_pkg', 'pythonpath')
[3.373s] [34mcolcon.colcon_core.shell[0m [1;30mINFO[0m Creating environment hook '/home/twt4/xxx_ws/install/xicro_pkg/share/xicro_pkg/hook/pythonpath.ps1'
[3.375s] [34mcolcon.colcon_core.shell[0m [1;30mINFO[0m Creating environment descriptor '/home/twt4/xxx_ws/install/xicro_pkg/share/xicro_pkg/hook/pythonpath.dsv'
[3.376s] [34mcolcon.colcon_core.shell[0m [1;30mINFO[0m Creating environment hook '/home/twt4/xxx_ws/install/xicro_pkg/share/xicro_pkg/hook/pythonpath.sh'
[3.380s] [34mcolcon.colcon_core.environment[0m [1;30mLevel 1[0m checking '/home/twt4/xxx_ws/install/xicro_pkg/bin'
[3.382s] [34mcolcon.colcon_core.shell[0m [1;30mINFO[0m Creating package script '/home/twt4/xxx_ws/install/xicro_pkg/share/xicro_pkg/package.ps1'
[3.384s] [34mcolcon.colcon_core.shell[0m [1;30mINFO[0m Creating package descriptor '/home/twt4/xxx_ws/install/xicro_pkg/share/xicro_pkg/package.dsv'
[3.385s] [34mcolcon.colcon_core.shell[0m [1;30mINFO[0m Creating package script '/home/twt4/xxx_ws/install/xicro_pkg/share/xicro_pkg/package.sh'
[3.386s] [34mcolcon.colcon_core.shell[0m [1;30mINFO[0m Creating package script '/home/twt4/xxx_ws/install/xicro_pkg/share/xicro_pkg/package.bash'
[3.387s] [34mcolcon.colcon_core.shell[0m [1;30mINFO[0m Creating package script '/home/twt4/xxx_ws/install/xicro_pkg/share/xicro_pkg/package.zsh'
[3.389s] [34mcolcon.colcon_core.environment[0m [1;30mLevel 1[0m create_file_with_runtime_dependencies(/home/twt4/xxx_ws/install/xicro_pkg/share/colcon-core/packages/xicro_pkg)
[3.392s] [34mcolcon.colcon_core.environment[0m [1;30mLevel 1[0m create_environment_scripts_only(xicro_pkg)
[3.395s] [34mcolcon.colcon_core.environment[0m [1;30mLevel 1[0m checking '/home/twt4/xxx_ws/install/xicro_pkg' for CMake module files
[3.398s] [34mcolcon.colcon_core.environment[0m [1;30mLevel 1[0m checking '/home/twt4/xxx_ws/install/xicro_pkg' for CMake config files
[3.399s] [34mcolcon.colcon_core.shell[0m [1;30mLevel 1[0m create_environment_hook('xicro_pkg', 'cmake_prefix_path')
[3.401s] [34mcolcon.colcon_core.shell[0m [1;30mINFO[0m Creating environment hook '/home/twt4/xxx_ws/install/xicro_pkg/share/xicro_pkg/hook/cmake_prefix_path.ps1'
[3.408s] [34mcolcon.colcon_core.shell[0m [1;30mINFO[0m Creating environment descriptor '/home/twt4/xxx_ws/install/xicro_pkg/share/xicro_pkg/hook/cmake_prefix_path.dsv'
[3.414s] [34mcolcon.colcon_core.shell[0m [1;30mINFO[0m Creating environment hook '/home/twt4/xxx_ws/install/xicro_pkg/share/xicro_pkg/hook/cmake_prefix_path.sh'
[3.419s] [34mcolcon.colcon_core.environment[0m [1;30mLevel 1[0m checking '/home/twt4/xxx_ws/install/xicro_pkg/lib'
[3.419s] [34mcolcon.colcon_core.environment[0m [1;30mLevel 1[0m checking '/home/twt4/xxx_ws/install/xicro_pkg/bin'
[3.419s] [34mcolcon.colcon_core.environment[0m [1;30mLevel 1[0m checking '/home/twt4/xxx_ws/install/xicro_pkg/lib/pkgconfig/xicro_pkg.pc'
[3.420s] [34mcolcon.colcon_core.environment[0m [1;30mLevel 1[0m checking '/home/twt4/xxx_ws/install/xicro_pkg/lib/python3.12/site-packages'
[3.420s] [34mcolcon.colcon_core.shell[0m [1;30mLevel 1[0m create_environment_hook('xicro_pkg', 'pythonpath')
[3.421s] [34mcolcon.colcon_core.shell[0m [1;30mINFO[0m Creating environment hook '/home/twt4/xxx_ws/install/xicro_pkg/share/xicro_pkg/hook/pythonpath.ps1'
[3.422s] [34mcolcon.colcon_core.shell[0m [1;30mINFO[0m Creating environment descriptor '/home/twt4/xxx_ws/install/xicro_pkg/share/xicro_pkg/hook/pythonpath.dsv'
[3.423s] [34mcolcon.colcon_core.shell[0m [1;30mINFO[0m Creating environment hook '/home/twt4/xxx_ws/install/xicro_pkg/share/xicro_pkg/hook/pythonpath.sh'
[3.431s] [34mcolcon.colcon_core.environment[0m [1;30mLevel 1[0m checking '/home/twt4/xxx_ws/install/xicro_pkg/bin'
[3.433s] [34mcolcon.colcon_core.shell[0m [1;30mINFO[0m Creating package script '/home/twt4/xxx_ws/install/xicro_pkg/share/xicro_pkg/package.ps1'
[3.439s] [34mcolcon.colcon_core.shell[0m [1;30mINFO[0m Creating package descriptor '/home/twt4/xxx_ws/install/xicro_pkg/share/xicro_pkg/package.dsv'
[3.441s] [34mcolcon.colcon_core.shell[0m [1;30mINFO[0m Creating package script '/home/twt4/xxx_ws/install/xicro_pkg/share/xicro_pkg/package.sh'
[3.442s] [34mcolcon.colcon_core.shell[0m [1;30mINFO[0m Creating package script '/home/twt4/xxx_ws/install/xicro_pkg/share/xicro_pkg/package.bash'
[3.444s] [34mcolcon.colcon_core.shell[0m [1;30mINFO[0m Creating package script '/home/twt4/xxx_ws/install/xicro_pkg/share/xicro_pkg/package.zsh'
[3.446s] [34mcolcon.colcon_core.environment[0m [1;30mLevel 1[0m create_file_with_runtime_dependencies(/home/twt4/xxx_ws/install/xicro_pkg/share/colcon-core/packages/xicro_pkg)
[3.447s] [34mcolcon.colcon_parallel_executor.executor.parallel[0m [1;30mDEBUG[0m [32mclosing loop[0m
[3.448s] [34mcolcon.colcon_parallel_executor.executor.parallel[0m [1;30mDEBUG[0m [32mloop closed[0m
[3.448s] [34mcolcon.colcon_parallel_executor.executor.parallel[0m [1;30mDEBUG[0m [32mrun_until_complete finished with '0'[0m
[3.448s] [34mcolcon.colcon_core.event_reactor[0m [1;30mDEBUG[0m [32mjoining thread[0m
[3.486s] [34mcolcon.colcon_core.plugin_system[0m [1;30mINFO[0m Skipping extension 'colcon_notification.desktop_notification.terminal_notifier': Not used on non-Darwin systems
[3.487s] [34mcolcon.colcon_core.plugin_system[0m [1;30mINFO[0m Skipping extension 'colcon_notification.desktop_notification.win32': Not used on non-Windows systems
[3.487s] [34mcolcon.colcon_notification.desktop_notification[0m [1;30mINFO[0m Sending desktop notification using 'notify2'
[3.561s] [34mcolcon.colcon_core.event_reactor[0m [1;30mDEBUG[0m [32mjoined thread[0m
[3.562s] [34mcolcon.colcon_core.shell[0m [1;30mINFO[0m Creating prefix script '/home/twt4/xxx_ws/install/local_setup.ps1'
[3.564s] [34mcolcon.colcon_core.shell[0m [1;30mINFO[0m Creating prefix util module '/home/twt4/xxx_ws/install/_local_setup_util_ps1.py'
[3.568s] [34mcolcon.colcon_core.shell[0m [1;30mINFO[0m Creating prefix chain script '/home/twt4/xxx_ws/install/setup.ps1'
[3.573s] [34mcolcon.colcon_core.shell[0m [1;30mINFO[0m Creating prefix script '/home/twt4/xxx_ws/install/local_setup.sh'
[3.575s] [34mcolcon.colcon_core.shell[0m [1;30mINFO[0m Creating prefix util module '/home/twt4/xxx_ws/install/_local_setup_util_sh.py'
[3.577s] [34mcolcon.colcon_core.shell[0m [1;30mINFO[0m Creating prefix chain script '/home/twt4/xxx_ws/install/setup.sh'
[3.581s] [34mcolcon.colcon_core.shell[0m [1;30mINFO[0m Creating prefix script '/home/twt4/xxx_ws/install/local_setup.bash'
[3.583s] [34mcolcon.colcon_core.shell[0m [1;30mINFO[0m Creating prefix chain script '/home/twt4/xxx_ws/install/setup.bash'
[3.587s] [34mcolcon.colcon_core.shell[0m [1;30mINFO[0m Creating prefix script '/home/twt4/xxx_ws/install/local_setup.zsh'
[3.589s] [34mcolcon.colcon_core.shell[0m [1;30mINFO[0m Creating prefix chain script '/home/twt4/xxx_ws/install/setup.zsh'
