[0.372s] [34mcolcon[0m [1;30mDEBUG[0m [32mCommand line arguments: ['/usr/bin/colcon', 'build'][0m
[0.373s] [34mcolcon[0m [1;30mDEBUG[0m [32mParsed command line arguments: Namespace(log_base=None, log_level=None, verb_name='build', build_base='build', install_base='install', merge_install=False, symlink_install=False, test_result_base=None, continue_on_error=False, executor='parallel', parallel_workers=4, event_handlers=None, ignore_user_meta=False, metas=['./colcon.meta'], base_paths=['.'], packages_ignore=None, packages_ignore_regex=None, paths=None, packages_up_to=None, packages_up_to_regex=None, packages_above=None, packages_above_and_dependencies=None, packages_above_depth=None, packages_select_by_dep=None, packages_skip_by_dep=None, packages_skip_up_to=None, packages_select_build_failed=False, packages_skip_build_finished=False, packages_select_test_failures=False, packages_skip_test_passed=False, packages_select=None, packages_skip=None, packages_select_regex=None, packages_skip_regex=None, packages_start=None, packages_end=None, allow_overriding=[], cmake_args=None, cmake_target=None, cmake_target_skip_unavailable=False, cmake_clean_cache=False, cmake_clean_first=False, cmake_force_configure=False, ament_cmake_args=None, catkin_cmake_args=None, catkin_skip_building_tests=False, mixin_files=None, mixin=None, verb_parser=<colcon_mixin.mixin.mixin_argument.MixinArgumentDecorator object at 0xffffa01eaf60>, verb_extension=<colcon_core.verb.build.BuildVerb object at 0xffffa01eac60>, main=<bound method BuildVerb.main of <colcon_core.verb.build.BuildVerb object at 0xffffa01eac60>>, mixin_verb=('build',))[0m
[0.497s] [34mcolcon.colcon_core.package_discovery[0m [1;30mLevel 1[0m discover_packages(colcon_meta) check parameters
[0.498s] [34mcolcon.colcon_core.package_discovery[0m [1;30mLevel 1[0m discover_packages(recursive) check parameters
[0.498s] [34mcolcon.colcon_core.package_discovery[0m [1;30mLevel 1[0m discover_packages(ignore) check parameters
[0.498s] [34mcolcon.colcon_core.package_discovery[0m [1;30mLevel 1[0m discover_packages(path) check parameters
[0.498s] [34mcolcon.colcon_core.package_discovery[0m [1;30mLevel 1[0m discover_packages(colcon_meta) discover
[0.498s] [34mcolcon.colcon_core.package_discovery[0m [1;30mLevel 1[0m discover_packages(recursive) discover
[0.498s] [34mcolcon.colcon_core.package_discovery[0m [1;30mINFO[0m Crawling recursively for packages in '/home/twt4/xxx_ws'
[0.498s] [34mcolcon.colcon_core.package_identification[0m [1;30mLevel 1[0m _identify(.) by extensions ['ignore', 'ignore_ament_install']
[0.498s] [34mcolcon.colcon_core.package_identification[0m [1;30mLevel 1[0m _identify(.) by extension 'ignore'
[0.498s] [34mcolcon.colcon_core.package_identification[0m [1;30mLevel 1[0m _identify(.) by extension 'ignore_ament_install'
[0.499s] [34mcolcon.colcon_core.package_identification[0m [1;30mLevel 1[0m _identify(.) by extensions ['colcon_pkg']
[0.499s] [34mcolcon.colcon_core.package_identification[0m [1;30mLevel 1[0m _identify(.) by extension 'colcon_pkg'
[0.499s] [34mcolcon.colcon_core.package_identification[0m [1;30mLevel 1[0m _identify(.) by extensions ['colcon_meta']
[0.499s] [34mcolcon.colcon_core.package_identification[0m [1;30mLevel 1[0m _identify(.) by extension 'colcon_meta'
[0.499s] [34mcolcon.colcon_core.package_identification[0m [1;30mLevel 1[0m _identify(.) by extensions ['ros']
[0.499s] [34mcolcon.colcon_core.package_identification[0m [1;30mLevel 1[0m _identify(.) by extension 'ros'
[0.549s] [34mcolcon.colcon_core.package_identification[0m [1;30mLevel 1[0m _identify(.) by extensions ['cmake', 'python']
[0.549s] [34mcolcon.colcon_core.package_identification[0m [1;30mLevel 1[0m _identify(.) by extension 'cmake'
[0.549s] [34mcolcon.colcon_core.package_identification[0m [1;30mLevel 1[0m _identify(.) by extension 'python'
[0.549s] [34mcolcon.colcon_core.package_identification[0m [1;30mLevel 1[0m _identify(.) by extensions ['python_setup_py']
[0.549s] [34mcolcon.colcon_core.package_identification[0m [1;30mLevel 1[0m _identify(.) by extension 'python_setup_py'
[0.550s] [34mcolcon.colcon_core.package_identification[0m [1;30mLevel 1[0m _identify(build) by extensions ['ignore', 'ignore_ament_install']
[0.550s] [34mcolcon.colcon_core.package_identification[0m [1;30mLevel 1[0m _identify(build) by extension 'ignore'
[0.550s] [34mcolcon.colcon_core.package_identification[0m [1;30mLevel 1[0m _identify(build) ignored
[0.550s] [34mcolcon.colcon_core.package_identification[0m [1;30mLevel 1[0m _identify(install) by extensions ['ignore', 'ignore_ament_install']
[0.550s] [34mcolcon.colcon_core.package_identification[0m [1;30mLevel 1[0m _identify(install) by extension 'ignore'
[0.550s] [34mcolcon.colcon_core.package_identification[0m [1;30mLevel 1[0m _identify(install) ignored
[0.550s] [34mcolcon.colcon_core.package_identification[0m [1;30mLevel 1[0m _identify(log) by extensions ['ignore', 'ignore_ament_install']
[0.550s] [34mcolcon.colcon_core.package_identification[0m [1;30mLevel 1[0m _identify(log) by extension 'ignore'
[0.550s] [34mcolcon.colcon_core.package_identification[0m [1;30mLevel 1[0m _identify(log) ignored
[0.550s] [34mcolcon.colcon_core.package_identification[0m [1;30mLevel 1[0m _identify(src) by extensions ['ignore', 'ignore_ament_install']
[0.551s] [34mcolcon.colcon_core.package_identification[0m [1;30mLevel 1[0m _identify(src) by extension 'ignore'
[0.551s] [34mcolcon.colcon_core.package_identification[0m [1;30mLevel 1[0m _identify(src) by extension 'ignore_ament_install'
[0.551s] [34mcolcon.colcon_core.package_identification[0m [1;30mLevel 1[0m _identify(src) by extensions ['colcon_pkg']
[0.551s] [34mcolcon.colcon_core.package_identification[0m [1;30mLevel 1[0m _identify(src) by extension 'colcon_pkg'
[0.551s] [34mcolcon.colcon_core.package_identification[0m [1;30mLevel 1[0m _identify(src) by extensions ['colcon_meta']
[0.551s] [34mcolcon.colcon_core.package_identification[0m [1;30mLevel 1[0m _identify(src) by extension 'colcon_meta'
[0.551s] [34mcolcon.colcon_core.package_identification[0m [1;30mLevel 1[0m _identify(src) by extensions ['ros']
[0.551s] [34mcolcon.colcon_core.package_identification[0m [1;30mLevel 1[0m _identify(src) by extension 'ros'
[0.551s] [34mcolcon.colcon_core.package_identification[0m [1;30mLevel 1[0m _identify(src) by extensions ['cmake', 'python']
[0.551s] [34mcolcon.colcon_core.package_identification[0m [1;30mLevel 1[0m _identify(src) by extension 'cmake'
[0.551s] [34mcolcon.colcon_core.package_identification[0m [1;30mLevel 1[0m _identify(src) by extension 'python'
[0.551s] [34mcolcon.colcon_core.package_identification[0m [1;30mLevel 1[0m _identify(src) by extensions ['python_setup_py']
[0.551s] [34mcolcon.colcon_core.package_identification[0m [1;30mLevel 1[0m _identify(src) by extension 'python_setup_py'
[0.551s] [34mcolcon.colcon_core.package_identification[0m [1;30mLevel 1[0m _identify(src/Xicro) by extensions ['ignore', 'ignore_ament_install']
[0.552s] [34mcolcon.colcon_core.package_identification[0m [1;30mLevel 1[0m _identify(src/Xicro) by extension 'ignore'
[0.552s] [34mcolcon.colcon_core.package_identification[0m [1;30mLevel 1[0m _identify(src/Xicro) by extension 'ignore_ament_install'
[0.552s] [34mcolcon.colcon_core.package_identification[0m [1;30mLevel 1[0m _identify(src/Xicro) by extensions ['colcon_pkg']
[0.552s] [34mcolcon.colcon_core.package_identification[0m [1;30mLevel 1[0m _identify(src/Xicro) by extension 'colcon_pkg'
[0.552s] [34mcolcon.colcon_core.package_identification[0m [1;30mLevel 1[0m _identify(src/Xicro) by extensions ['colcon_meta']
[0.552s] [34mcolcon.colcon_core.package_identification[0m [1;30mLevel 1[0m _identify(src/Xicro) by extension 'colcon_meta'
[0.552s] [34mcolcon.colcon_core.package_identification[0m [1;30mLevel 1[0m _identify(src/Xicro) by extensions ['ros']
[0.552s] [34mcolcon.colcon_core.package_identification[0m [1;30mLevel 1[0m _identify(src/Xicro) by extension 'ros'
[0.552s] [34mcolcon.colcon_core.package_identification[0m [1;30mLevel 1[0m _identify(src/Xicro) by extensions ['cmake', 'python']
[0.552s] [34mcolcon.colcon_core.package_identification[0m [1;30mLevel 1[0m _identify(src/Xicro) by extension 'cmake'
[0.552s] [34mcolcon.colcon_core.package_identification[0m [1;30mLevel 1[0m _identify(src/Xicro) by extension 'python'
[0.552s] [34mcolcon.colcon_core.package_identification[0m [1;30mLevel 1[0m _identify(src/Xicro) by extensions ['python_setup_py']
[0.552s] [34mcolcon.colcon_core.package_identification[0m [1;30mLevel 1[0m _identify(src/Xicro) by extension 'python_setup_py'
[0.552s] [34mcolcon.colcon_core.package_identification[0m [1;30mLevel 1[0m _identify(src/Xicro/docs) by extensions ['ignore', 'ignore_ament_install']
[0.552s] [34mcolcon.colcon_core.package_identification[0m [1;30mLevel 1[0m _identify(src/Xicro/docs) by extension 'ignore'
[0.553s] [34mcolcon.colcon_core.package_identification[0m [1;30mLevel 1[0m _identify(src/Xicro/docs) by extension 'ignore_ament_install'
[0.553s] [34mcolcon.colcon_core.package_identification[0m [1;30mLevel 1[0m _identify(src/Xicro/docs) by extensions ['colcon_pkg']
[0.553s] [34mcolcon.colcon_core.package_identification[0m [1;30mLevel 1[0m _identify(src/Xicro/docs) by extension 'colcon_pkg'
[0.553s] [34mcolcon.colcon_core.package_identification[0m [1;30mLevel 1[0m _identify(src/Xicro/docs) by extensions ['colcon_meta']
[0.553s] [34mcolcon.colcon_core.package_identification[0m [1;30mLevel 1[0m _identify(src/Xicro/docs) by extension 'colcon_meta'
[0.553s] [34mcolcon.colcon_core.package_identification[0m [1;30mLevel 1[0m _identify(src/Xicro/docs) by extensions ['ros']
[0.553s] [34mcolcon.colcon_core.package_identification[0m [1;30mLevel 1[0m _identify(src/Xicro/docs) by extension 'ros'
[0.553s] [34mcolcon.colcon_core.package_identification[0m [1;30mLevel 1[0m _identify(src/Xicro/docs) by extensions ['cmake', 'python']
[0.553s] [34mcolcon.colcon_core.package_identification[0m [1;30mLevel 1[0m _identify(src/Xicro/docs) by extension 'cmake'
[0.553s] [34mcolcon.colcon_core.package_identification[0m [1;30mLevel 1[0m _identify(src/Xicro/docs) by extension 'python'
[0.553s] [34mcolcon.colcon_core.package_identification[0m [1;30mLevel 1[0m _identify(src/Xicro/docs) by extensions ['python_setup_py']
[0.553s] [34mcolcon.colcon_core.package_identification[0m [1;30mLevel 1[0m _identify(src/Xicro/docs) by extension 'python_setup_py'
[0.553s] [34mcolcon.colcon_core.package_identification[0m [1;30mLevel 1[0m _identify(src/Xicro/docs/pic) by extensions ['ignore', 'ignore_ament_install']
[0.553s] [34mcolcon.colcon_core.package_identification[0m [1;30mLevel 1[0m _identify(src/Xicro/docs/pic) by extension 'ignore'
[0.553s] [34mcolcon.colcon_core.package_identification[0m [1;30mLevel 1[0m _identify(src/Xicro/docs/pic) by extension 'ignore_ament_install'
[0.554s] [34mcolcon.colcon_core.package_identification[0m [1;30mLevel 1[0m _identify(src/Xicro/docs/pic) by extensions ['colcon_pkg']
[0.554s] [34mcolcon.colcon_core.package_identification[0m [1;30mLevel 1[0m _identify(src/Xicro/docs/pic) by extension 'colcon_pkg'
[0.554s] [34mcolcon.colcon_core.package_identification[0m [1;30mLevel 1[0m _identify(src/Xicro/docs/pic) by extensions ['colcon_meta']
[0.554s] [34mcolcon.colcon_core.package_identification[0m [1;30mLevel 1[0m _identify(src/Xicro/docs/pic) by extension 'colcon_meta'
[0.554s] [34mcolcon.colcon_core.package_identification[0m [1;30mLevel 1[0m _identify(src/Xicro/docs/pic) by extensions ['ros']
[0.554s] [34mcolcon.colcon_core.package_identification[0m [1;30mLevel 1[0m _identify(src/Xicro/docs/pic) by extension 'ros'
[0.554s] [34mcolcon.colcon_core.package_identification[0m [1;30mLevel 1[0m _identify(src/Xicro/docs/pic) by extensions ['cmake', 'python']
[0.554s] [34mcolcon.colcon_core.package_identification[0m [1;30mLevel 1[0m _identify(src/Xicro/docs/pic) by extension 'cmake'
[0.554s] [34mcolcon.colcon_core.package_identification[0m [1;30mLevel 1[0m _identify(src/Xicro/docs/pic) by extension 'python'
[0.554s] [34mcolcon.colcon_core.package_identification[0m [1;30mLevel 1[0m _identify(src/Xicro/docs/pic) by extensions ['python_setup_py']
[0.554s] [34mcolcon.colcon_core.package_identification[0m [1;30mLevel 1[0m _identify(src/Xicro/docs/pic) by extension 'python_setup_py'
[0.554s] [34mcolcon.colcon_core.package_identification[0m [1;30mLevel 1[0m _identify(src/Xicro/xicro_interfaces) by extensions ['ignore', 'ignore_ament_install']
[0.554s] [34mcolcon.colcon_core.package_identification[0m [1;30mLevel 1[0m _identify(src/Xicro/xicro_interfaces) by extension 'ignore'
[0.554s] [34mcolcon.colcon_core.package_identification[0m [1;30mLevel 1[0m _identify(src/Xicro/xicro_interfaces) by extension 'ignore_ament_install'
[0.554s] [34mcolcon.colcon_core.package_identification[0m [1;30mLevel 1[0m _identify(src/Xicro/xicro_interfaces) by extensions ['colcon_pkg']
[0.554s] [34mcolcon.colcon_core.package_identification[0m [1;30mLevel 1[0m _identify(src/Xicro/xicro_interfaces) by extension 'colcon_pkg'
[0.555s] [34mcolcon.colcon_core.package_identification[0m [1;30mLevel 1[0m _identify(src/Xicro/xicro_interfaces) by extensions ['colcon_meta']
[0.555s] [34mcolcon.colcon_core.package_identification[0m [1;30mLevel 1[0m _identify(src/Xicro/xicro_interfaces) by extension 'colcon_meta'
[0.555s] [34mcolcon.colcon_core.package_identification[0m [1;30mLevel 1[0m _identify(src/Xicro/xicro_interfaces) by extensions ['ros']
[0.555s] [34mcolcon.colcon_core.package_identification[0m [1;30mLevel 1[0m _identify(src/Xicro/xicro_interfaces) by extension 'ros'
[0.559s] [34mcolcon.colcon_core.package_identification[0m [1;30mDEBUG[0m [32mPackage 'src/Xicro/xicro_interfaces' with type 'ros.ament_cmake' and name 'xicro_interfaces'[0m
[0.560s] [34mcolcon.colcon_core.package_identification[0m [1;30mLevel 1[0m _identify(src/Xicro/xicro_pkg) by extensions ['ignore', 'ignore_ament_install']
[0.560s] [34mcolcon.colcon_core.package_identification[0m [1;30mLevel 1[0m _identify(src/Xicro/xicro_pkg) by extension 'ignore'
[0.560s] [34mcolcon.colcon_core.package_identification[0m [1;30mLevel 1[0m _identify(src/Xicro/xicro_pkg) by extension 'ignore_ament_install'
[0.560s] [34mcolcon.colcon_core.package_identification[0m [1;30mLevel 1[0m _identify(src/Xicro/xicro_pkg) by extensions ['colcon_pkg']
[0.560s] [34mcolcon.colcon_core.package_identification[0m [1;30mLevel 1[0m _identify(src/Xicro/xicro_pkg) by extension 'colcon_pkg'
[0.560s] [34mcolcon.colcon_core.package_identification[0m [1;30mLevel 1[0m _identify(src/Xicro/xicro_pkg) by extensions ['colcon_meta']
[0.560s] [34mcolcon.colcon_core.package_identification[0m [1;30mLevel 1[0m _identify(src/Xicro/xicro_pkg) by extension 'colcon_meta'
[0.560s] [34mcolcon.colcon_core.package_identification[0m [1;30mLevel 1[0m _identify(src/Xicro/xicro_pkg) by extensions ['ros']
[0.560s] [34mcolcon.colcon_core.package_identification[0m [1;30mLevel 1[0m _identify(src/Xicro/xicro_pkg) by extension 'ros'
[0.561s] [34mcolcon.colcon_core.package_identification[0m [1;30mDEBUG[0m [32mPackage 'src/Xicro/xicro_pkg' with type 'ros.ament_cmake' and name 'xicro_pkg'[0m
[0.561s] [34mcolcon.colcon_core.package_discovery[0m [1;30mLevel 1[0m discover_packages(recursive) using defaults
[0.561s] [34mcolcon.colcon_core.package_discovery[0m [1;30mLevel 1[0m discover_packages(ignore) discover
[0.561s] [34mcolcon.colcon_core.package_discovery[0m [1;30mLevel 1[0m discover_packages(ignore) using defaults
[0.561s] [34mcolcon.colcon_core.package_discovery[0m [1;30mLevel 1[0m discover_packages(path) discover
[0.561s] [34mcolcon.colcon_core.package_discovery[0m [1;30mLevel 1[0m discover_packages(path) using defaults
[0.600s] [34mcolcon.colcon_core.package_discovery[0m [1;30mLevel 1[0m discover_packages(prefix_path) check parameters
[0.600s] [34mcolcon.colcon_core.package_discovery[0m [1;30mLevel 1[0m discover_packages(prefix_path) discover
[0.608s] [34mcolcon.colcon_installed_package_information.package_discovery[0m [1;30mDEBUG[0m [32mFound 8 installed packages in /home/twt4/turtlebot3_ws/install[0m
[0.610s] [34mcolcon.colcon_installed_package_information.package_discovery[0m [1;30mDEBUG[0m [32mFound 1 installed packages in /home/twt4/ros2_ws/install[0m
[0.610s] [34mcolcon.colcon_installed_package_information.package_discovery[0m [1;30mDEBUG[0m [32mFound 1 installed packages in /home/twt4/twtsim_ws/install[0m
[0.611s] [34mcolcon.colcon_installed_package_information.package_discovery[0m [1;30mDEBUG[0m [32mFound 14 installed packages in /home/twt4/ros2_modules/install[0m
[0.615s] [34mcolcon.colcon_installed_package_information.package_discovery[0m [1;30mDEBUG[0m [32mFound 509 installed packages in /opt/ros/jazzy[0m
[0.619s] [34mcolcon.colcon_core.package_discovery[0m [1;30mLevel 1[0m discover_packages(prefix_path) using defaults
[0.802s] [34mcolcon.colcon_core.verb[0m [1;30mLevel 5[0m set package 'xicro_interfaces' build argument 'cmake_args' from command line to 'None'
[0.802s] [34mcolcon.colcon_core.verb[0m [1;30mLevel 5[0m set package 'xicro_interfaces' build argument 'cmake_target' from command line to 'None'
[0.802s] [34mcolcon.colcon_core.verb[0m [1;30mLevel 5[0m set package 'xicro_interfaces' build argument 'cmake_target_skip_unavailable' from command line to 'False'
[0.802s] [34mcolcon.colcon_core.verb[0m [1;30mLevel 5[0m set package 'xicro_interfaces' build argument 'cmake_clean_cache' from command line to 'False'
[0.802s] [34mcolcon.colcon_core.verb[0m [1;30mLevel 5[0m set package 'xicro_interfaces' build argument 'cmake_clean_first' from command line to 'False'
[0.802s] [34mcolcon.colcon_core.verb[0m [1;30mLevel 5[0m set package 'xicro_interfaces' build argument 'cmake_force_configure' from command line to 'False'
[0.802s] [34mcolcon.colcon_core.verb[0m [1;30mLevel 5[0m set package 'xicro_interfaces' build argument 'ament_cmake_args' from command line to 'None'
[0.802s] [34mcolcon.colcon_core.verb[0m [1;30mLevel 5[0m set package 'xicro_interfaces' build argument 'catkin_cmake_args' from command line to 'None'
[0.802s] [34mcolcon.colcon_core.verb[0m [1;30mLevel 5[0m set package 'xicro_interfaces' build argument 'catkin_skip_building_tests' from command line to 'False'
[0.802s] [34mcolcon.colcon_core.verb[0m [1;30mDEBUG[0m [32mBuilding package 'xicro_interfaces' with the following arguments: {'ament_cmake_args': None, 'build_base': '/home/twt4/xxx_ws/build/xicro_interfaces', 'catkin_cmake_args': None, 'catkin_skip_building_tests': False, 'cmake_args': None, 'cmake_clean_cache': False, 'cmake_clean_first': False, 'cmake_force_configure': False, 'cmake_target': None, 'cmake_target_skip_unavailable': False, 'install_base': '/home/twt4/xxx_ws/install/xicro_interfaces', 'merge_install': False, 'path': '/home/twt4/xxx_ws/src/Xicro/xicro_interfaces', 'symlink_install': False, 'test_result_base': None}[0m
[0.803s] [34mcolcon.colcon_core.verb[0m [1;30mLevel 5[0m set package 'xicro_pkg' build argument 'cmake_args' from command line to 'None'
[0.803s] [34mcolcon.colcon_core.verb[0m [1;30mLevel 5[0m set package 'xicro_pkg' build argument 'cmake_target' from command line to 'None'
[0.803s] [34mcolcon.colcon_core.verb[0m [1;30mLevel 5[0m set package 'xicro_pkg' build argument 'cmake_target_skip_unavailable' from command line to 'False'
[0.803s] [34mcolcon.colcon_core.verb[0m [1;30mLevel 5[0m set package 'xicro_pkg' build argument 'cmake_clean_cache' from command line to 'False'
[0.803s] [34mcolcon.colcon_core.verb[0m [1;30mLevel 5[0m set package 'xicro_pkg' build argument 'cmake_clean_first' from command line to 'False'
[0.803s] [34mcolcon.colcon_core.verb[0m [1;30mLevel 5[0m set package 'xicro_pkg' build argument 'cmake_force_configure' from command line to 'False'
[0.803s] [34mcolcon.colcon_core.verb[0m [1;30mLevel 5[0m set package 'xicro_pkg' build argument 'ament_cmake_args' from command line to 'None'
[0.803s] [34mcolcon.colcon_core.verb[0m [1;30mLevel 5[0m set package 'xicro_pkg' build argument 'catkin_cmake_args' from command line to 'None'
[0.803s] [34mcolcon.colcon_core.verb[0m [1;30mLevel 5[0m set package 'xicro_pkg' build argument 'catkin_skip_building_tests' from command line to 'False'
[0.803s] [34mcolcon.colcon_core.verb[0m [1;30mDEBUG[0m [32mBuilding package 'xicro_pkg' with the following arguments: {'ament_cmake_args': None, 'build_base': '/home/twt4/xxx_ws/build/xicro_pkg', 'catkin_cmake_args': None, 'catkin_skip_building_tests': False, 'cmake_args': None, 'cmake_clean_cache': False, 'cmake_clean_first': False, 'cmake_force_configure': False, 'cmake_target': None, 'cmake_target_skip_unavailable': False, 'install_base': '/home/twt4/xxx_ws/install/xicro_pkg', 'merge_install': False, 'path': '/home/twt4/xxx_ws/src/Xicro/xicro_pkg', 'symlink_install': False, 'test_result_base': None}[0m
[0.804s] [34mcolcon.colcon_core.executor[0m [1;30mINFO[0m Executing jobs using 'parallel' executor
[0.805s] [34mcolcon.colcon_parallel_executor.executor.parallel[0m [1;30mDEBUG[0m [32mrun_until_complete[0m
[0.806s] [34mcolcon.colcon_ros.task.ament_cmake.build[0m [1;30mINFO[0m Building ROS package in '/home/twt4/xxx_ws/src/Xicro/xicro_interfaces' with build type 'ament_cmake'
[0.806s] [34mcolcon.colcon_cmake.task.cmake.build[0m [1;30mINFO[0m Building CMake package in '/home/twt4/xxx_ws/src/Xicro/xicro_interfaces'
[0.826s] [34mcolcon.colcon_core.plugin_system[0m [1;30mINFO[0m Skipping extension 'colcon_core.shell.bat': Not used on non-Windows systems
[0.826s] [34mcolcon.colcon_core.shell[0m [1;30mINFO[0m Skip shell extension 'powershell' for command environment: Not usable outside of PowerShell
[0.826s] [34mcolcon.colcon_core.shell[0m [1;30mDEBUG[0m [32mSkip shell extension 'dsv' for command environment[0m
[0.854s] [34mcolcon.colcon_ros.task.ament_cmake.build[0m [1;30mINFO[0m Building ROS package in '/home/twt4/xxx_ws/src/Xicro/xicro_pkg' with build type 'ament_cmake'
[0.856s] [34mcolcon.colcon_cmake.task.cmake.build[0m [1;30mINFO[0m Building CMake package in '/home/twt4/xxx_ws/src/Xicro/xicro_pkg'
[0.857s] [34mcolcon.colcon_core.shell[0m [1;30mINFO[0m Skip shell extension 'powershell' for command environment: Not usable outside of PowerShell
[0.857s] [34mcolcon.colcon_core.shell[0m [1;30mDEBUG[0m [32mSkip shell extension 'dsv' for command environment[0m
[0.894s] [34mcolcon.colcon_core.event_handler.log_command[0m [1;30mDEBUG[0m [32mInvoking command in '/home/twt4/xxx_ws/build/xicro_interfaces': CMAKE_PREFIX_PATH=${CMAKE_PREFIX_PATH}:/home/twt4/ros2_modules/install/ntrip_client:/home/twt4/ros2_modules/install/nmea_navsat_driver:/home/twt4/ros2_modules/install/handsfree_ros2_imu:/home/twt4/turtlebot3_ws/install/turtlebot3_teleop:/home/twt4/turtlebot3_ws/install/turtlebot3_example:/home/twt4/ros2_ws/install/twt_fuse:/opt/ros/jazzy DEBUGINFOD_URLS=https://debuginfod.ubuntu.com /usr/bin/cmake --build /home/twt4/xxx_ws/build/xicro_interfaces -- -j4 -l4[0m
[0.915s] [34mcolcon.colcon_core.event_handler.log_command[0m [1;30mDEBUG[0m [32mInvoking command in '/home/twt4/xxx_ws/build/xicro_pkg': CMAKE_PREFIX_PATH=${CMAKE_PREFIX_PATH}:/home/twt4/ros2_modules/install/ntrip_client:/home/twt4/ros2_modules/install/nmea_navsat_driver:/home/twt4/ros2_modules/install/handsfree_ros2_imu:/home/twt4/turtlebot3_ws/install/turtlebot3_teleop:/home/twt4/turtlebot3_ws/install/turtlebot3_example:/home/twt4/ros2_ws/install/twt_fuse:/opt/ros/jazzy DEBUGINFOD_URLS=https://debuginfod.ubuntu.com /usr/bin/cmake --build /home/twt4/xxx_ws/build/xicro_pkg -- -j4 -l4[0m
[2.506s] [34mcolcon.colcon_core.event_handler.log_command[0m [1;30mDEBUG[0m [32mInvoked command in '/home/twt4/xxx_ws/build/xicro_pkg' returned '0': CMAKE_PREFIX_PATH=${CMAKE_PREFIX_PATH}:/home/twt4/ros2_modules/install/ntrip_client:/home/twt4/ros2_modules/install/nmea_navsat_driver:/home/twt4/ros2_modules/install/handsfree_ros2_imu:/home/twt4/turtlebot3_ws/install/turtlebot3_teleop:/home/twt4/turtlebot3_ws/install/turtlebot3_example:/home/twt4/ros2_ws/install/twt_fuse:/opt/ros/jazzy DEBUGINFOD_URLS=https://debuginfod.ubuntu.com /usr/bin/cmake --build /home/twt4/xxx_ws/build/xicro_pkg -- -j4 -l4[0m
[2.552s] [34mcolcon.colcon_core.event_handler.log_command[0m [1;30mDEBUG[0m [32mInvoking command in '/home/twt4/xxx_ws/build/xicro_pkg': CMAKE_PREFIX_PATH=${CMAKE_PREFIX_PATH}:/home/twt4/ros2_modules/install/ntrip_client:/home/twt4/ros2_modules/install/nmea_navsat_driver:/home/twt4/ros2_modules/install/handsfree_ros2_imu:/home/twt4/turtlebot3_ws/install/turtlebot3_teleop:/home/twt4/turtlebot3_ws/install/turtlebot3_example:/home/twt4/ros2_ws/install/twt_fuse:/opt/ros/jazzy DEBUGINFOD_URLS=https://debuginfod.ubuntu.com /usr/bin/cmake --install /home/twt4/xxx_ws/build/xicro_pkg[0m
[2.560s] [34mcolcon.colcon_core.event_handler.log_command[0m [1;30mDEBUG[0m [32mInvoked command in '/home/twt4/xxx_ws/build/xicro_interfaces' returned '0': CMAKE_PREFIX_PATH=${CMAKE_PREFIX_PATH}:/home/twt4/ros2_modules/install/ntrip_client:/home/twt4/ros2_modules/install/nmea_navsat_driver:/home/twt4/ros2_modules/install/handsfree_ros2_imu:/home/twt4/turtlebot3_ws/install/turtlebot3_teleop:/home/twt4/turtlebot3_ws/install/turtlebot3_example:/home/twt4/ros2_ws/install/twt_fuse:/opt/ros/jazzy DEBUGINFOD_URLS=https://debuginfod.ubuntu.com /usr/bin/cmake --build /home/twt4/xxx_ws/build/xicro_interfaces -- -j4 -l4[0m
[2.564s] [34mcolcon.colcon_core.event_handler.log_command[0m [1;30mDEBUG[0m [32mInvoking command in '/home/twt4/xxx_ws/build/xicro_interfaces': CMAKE_PREFIX_PATH=${CMAKE_PREFIX_PATH}:/home/twt4/ros2_modules/install/ntrip_client:/home/twt4/ros2_modules/install/nmea_navsat_driver:/home/twt4/ros2_modules/install/handsfree_ros2_imu:/home/twt4/turtlebot3_ws/install/turtlebot3_teleop:/home/twt4/turtlebot3_ws/install/turtlebot3_example:/home/twt4/ros2_ws/install/twt_fuse:/opt/ros/jazzy DEBUGINFOD_URLS=https://debuginfod.ubuntu.com /usr/bin/cmake --install /home/twt4/xxx_ws/build/xicro_interfaces[0m
[2.703s] [34mcolcon.colcon_core.environment[0m [1;30mLevel 1[0m create_environment_scripts_only(xicro_pkg)
[2.704s] [34mcolcon.colcon_core.event_handler.log_command[0m [1;30mDEBUG[0m [32mInvoked command in '/home/twt4/xxx_ws/build/xicro_pkg' returned '0': CMAKE_PREFIX_PATH=${CMAKE_PREFIX_PATH}:/home/twt4/ros2_modules/install/ntrip_client:/home/twt4/ros2_modules/install/nmea_navsat_driver:/home/twt4/ros2_modules/install/handsfree_ros2_imu:/home/twt4/turtlebot3_ws/install/turtlebot3_teleop:/home/twt4/turtlebot3_ws/install/turtlebot3_example:/home/twt4/ros2_ws/install/twt_fuse:/opt/ros/jazzy DEBUGINFOD_URLS=https://debuginfod.ubuntu.com /usr/bin/cmake --install /home/twt4/xxx_ws/build/xicro_pkg[0m
[2.712s] [34mcolcon.colcon_core.environment[0m [1;30mLevel 1[0m checking '/home/twt4/xxx_ws/install/xicro_pkg' for CMake module files
[2.713s] [34mcolcon.colcon_core.environment[0m [1;30mLevel 1[0m checking '/home/twt4/xxx_ws/install/xicro_pkg' for CMake config files
[2.714s] [34mcolcon.colcon_core.shell[0m [1;30mLevel 1[0m create_environment_hook('xicro_pkg', 'cmake_prefix_path')
[2.715s] [34mcolcon.colcon_core.shell[0m [1;30mINFO[0m Creating environment hook '/home/twt4/xxx_ws/install/xicro_pkg/share/xicro_pkg/hook/cmake_prefix_path.ps1'
[2.716s] [34mcolcon.colcon_core.shell[0m [1;30mINFO[0m Creating environment descriptor '/home/twt4/xxx_ws/install/xicro_pkg/share/xicro_pkg/hook/cmake_prefix_path.dsv'
[2.718s] [34mcolcon.colcon_core.shell[0m [1;30mINFO[0m Creating environment hook '/home/twt4/xxx_ws/install/xicro_pkg/share/xicro_pkg/hook/cmake_prefix_path.sh'
[2.726s] [34mcolcon.colcon_core.environment[0m [1;30mLevel 1[0m checking '/home/twt4/xxx_ws/install/xicro_pkg/lib'
[2.734s] [34mcolcon.colcon_core.environment[0m [1;30mLevel 1[0m checking '/home/twt4/xxx_ws/install/xicro_pkg/bin'
[2.738s] [34mcolcon.colcon_core.environment[0m [1;30mLevel 1[0m checking '/home/twt4/xxx_ws/install/xicro_pkg/lib/pkgconfig/xicro_pkg.pc'
[2.739s] [34mcolcon.colcon_core.environment[0m [1;30mLevel 1[0m checking '/home/twt4/xxx_ws/install/xicro_pkg/lib/python3.12/site-packages'
[2.741s] [34mcolcon.colcon_core.shell[0m [1;30mLevel 1[0m create_environment_hook('xicro_pkg', 'pythonpath')
[2.743s] [34mcolcon.colcon_core.shell[0m [1;30mINFO[0m Creating environment hook '/home/twt4/xxx_ws/install/xicro_pkg/share/xicro_pkg/hook/pythonpath.ps1'
[2.753s] [34mcolcon.colcon_core.shell[0m [1;30mINFO[0m Creating environment descriptor '/home/twt4/xxx_ws/install/xicro_pkg/share/xicro_pkg/hook/pythonpath.dsv'
[2.757s] [34mcolcon.colcon_core.shell[0m [1;30mINFO[0m Creating environment hook '/home/twt4/xxx_ws/install/xicro_pkg/share/xicro_pkg/hook/pythonpath.sh'
[2.760s] [34mcolcon.colcon_core.environment[0m [1;30mLevel 1[0m checking '/home/twt4/xxx_ws/install/xicro_pkg/bin'
[2.761s] [34mcolcon.colcon_core.shell[0m [1;30mINFO[0m Creating package script '/home/twt4/xxx_ws/install/xicro_pkg/share/xicro_pkg/package.ps1'
[2.764s] [34mcolcon.colcon_core.shell[0m [1;30mINFO[0m Creating package descriptor '/home/twt4/xxx_ws/install/xicro_pkg/share/xicro_pkg/package.dsv'
[2.767s] [34mcolcon.colcon_core.shell[0m [1;30mINFO[0m Creating package script '/home/twt4/xxx_ws/install/xicro_pkg/share/xicro_pkg/package.sh'
[2.770s] [34mcolcon.colcon_core.shell[0m [1;30mINFO[0m Creating package script '/home/twt4/xxx_ws/install/xicro_pkg/share/xicro_pkg/package.bash'
[2.772s] [34mcolcon.colcon_core.shell[0m [1;30mINFO[0m Creating package script '/home/twt4/xxx_ws/install/xicro_pkg/share/xicro_pkg/package.zsh'
[2.773s] [34mcolcon.colcon_core.environment[0m [1;30mLevel 1[0m create_file_with_runtime_dependencies(/home/twt4/xxx_ws/install/xicro_pkg/share/colcon-core/packages/xicro_pkg)
[2.775s] [34mcolcon.colcon_core.environment[0m [1;30mLevel 1[0m create_environment_scripts_only(xicro_pkg)
[2.775s] [34mcolcon.colcon_core.environment[0m [1;30mLevel 1[0m checking '/home/twt4/xxx_ws/install/xicro_pkg' for CMake module files
[2.776s] [34mcolcon.colcon_core.environment[0m [1;30mLevel 1[0m checking '/home/twt4/xxx_ws/install/xicro_pkg' for CMake config files
[2.776s] [34mcolcon.colcon_core.shell[0m [1;30mLevel 1[0m create_environment_hook('xicro_pkg', 'cmake_prefix_path')
[2.776s] [34mcolcon.colcon_core.shell[0m [1;30mINFO[0m Creating environment hook '/home/twt4/xxx_ws/install/xicro_pkg/share/xicro_pkg/hook/cmake_prefix_path.ps1'
[2.777s] [34mcolcon.colcon_core.shell[0m [1;30mINFO[0m Creating environment descriptor '/home/twt4/xxx_ws/install/xicro_pkg/share/xicro_pkg/hook/cmake_prefix_path.dsv'
[2.777s] [34mcolcon.colcon_core.shell[0m [1;30mINFO[0m Creating environment hook '/home/twt4/xxx_ws/install/xicro_pkg/share/xicro_pkg/hook/cmake_prefix_path.sh'
[2.778s] [34mcolcon.colcon_core.environment[0m [1;30mLevel 1[0m checking '/home/twt4/xxx_ws/install/xicro_pkg/lib'
[2.778s] [34mcolcon.colcon_core.environment[0m [1;30mLevel 1[0m checking '/home/twt4/xxx_ws/install/xicro_pkg/bin'
[2.778s] [34mcolcon.colcon_core.environment[0m [1;30mLevel 1[0m checking '/home/twt4/xxx_ws/install/xicro_pkg/lib/pkgconfig/xicro_pkg.pc'
[2.778s] [34mcolcon.colcon_core.environment[0m [1;30mLevel 1[0m checking '/home/twt4/xxx_ws/install/xicro_pkg/lib/python3.12/site-packages'
[2.779s] [34mcolcon.colcon_core.shell[0m [1;30mLevel 1[0m create_environment_hook('xicro_pkg', 'pythonpath')
[2.779s] [34mcolcon.colcon_core.shell[0m [1;30mINFO[0m Creating environment hook '/home/twt4/xxx_ws/install/xicro_pkg/share/xicro_pkg/hook/pythonpath.ps1'
[2.779s] [34mcolcon.colcon_core.shell[0m [1;30mINFO[0m Creating environment descriptor '/home/twt4/xxx_ws/install/xicro_pkg/share/xicro_pkg/hook/pythonpath.dsv'
[2.780s] [34mcolcon.colcon_core.shell[0m [1;30mINFO[0m Creating environment hook '/home/twt4/xxx_ws/install/xicro_pkg/share/xicro_pkg/hook/pythonpath.sh'
[2.781s] [34mcolcon.colcon_core.environment[0m [1;30mLevel 1[0m checking '/home/twt4/xxx_ws/install/xicro_pkg/bin'
[2.781s] [34mcolcon.colcon_core.shell[0m [1;30mINFO[0m Creating package script '/home/twt4/xxx_ws/install/xicro_pkg/share/xicro_pkg/package.ps1'
[2.782s] [34mcolcon.colcon_core.shell[0m [1;30mINFO[0m Creating package descriptor '/home/twt4/xxx_ws/install/xicro_pkg/share/xicro_pkg/package.dsv'
[2.783s] [34mcolcon.colcon_core.shell[0m [1;30mINFO[0m Creating package script '/home/twt4/xxx_ws/install/xicro_pkg/share/xicro_pkg/package.sh'
[2.783s] [34mcolcon.colcon_core.shell[0m [1;30mINFO[0m Creating package script '/home/twt4/xxx_ws/install/xicro_pkg/share/xicro_pkg/package.bash'
[2.784s] [34mcolcon.colcon_core.shell[0m [1;30mINFO[0m Creating package script '/home/twt4/xxx_ws/install/xicro_pkg/share/xicro_pkg/package.zsh'
[2.784s] [34mcolcon.colcon_core.environment[0m [1;30mLevel 1[0m create_file_with_runtime_dependencies(/home/twt4/xxx_ws/install/xicro_pkg/share/colcon-core/packages/xicro_pkg)
[2.786s] [34mcolcon.colcon_core.environment[0m [1;30mLevel 1[0m create_environment_scripts_only(xicro_interfaces)
[2.786s] [34mcolcon.colcon_core.environment[0m [1;30mLevel 1[0m checking '/home/twt4/xxx_ws/install/xicro_interfaces' for CMake module files
[2.790s] [34mcolcon.colcon_core.event_handler.log_command[0m [1;30mDEBUG[0m [32mInvoked command in '/home/twt4/xxx_ws/build/xicro_interfaces' returned '0': CMAKE_PREFIX_PATH=${CMAKE_PREFIX_PATH}:/home/twt4/ros2_modules/install/ntrip_client:/home/twt4/ros2_modules/install/nmea_navsat_driver:/home/twt4/ros2_modules/install/handsfree_ros2_imu:/home/twt4/turtlebot3_ws/install/turtlebot3_teleop:/home/twt4/turtlebot3_ws/install/turtlebot3_example:/home/twt4/ros2_ws/install/twt_fuse:/opt/ros/jazzy DEBUGINFOD_URLS=https://debuginfod.ubuntu.com /usr/bin/cmake --install /home/twt4/xxx_ws/build/xicro_interfaces[0m
[2.795s] [34mcolcon.colcon_core.environment[0m [1;30mLevel 1[0m checking '/home/twt4/xxx_ws/install/xicro_interfaces' for CMake config files
[2.800s] [34mcolcon.colcon_core.shell[0m [1;30mLevel 1[0m create_environment_hook('xicro_interfaces', 'cmake_prefix_path')
[2.804s] [34mcolcon.colcon_core.shell[0m [1;30mINFO[0m Creating environment hook '/home/twt4/xxx_ws/install/xicro_interfaces/share/xicro_interfaces/hook/cmake_prefix_path.ps1'
[2.806s] [34mcolcon.colcon_core.shell[0m [1;30mINFO[0m Creating environment descriptor '/home/twt4/xxx_ws/install/xicro_interfaces/share/xicro_interfaces/hook/cmake_prefix_path.dsv'
[2.806s] [34mcolcon.colcon_core.shell[0m [1;30mINFO[0m Creating environment hook '/home/twt4/xxx_ws/install/xicro_interfaces/share/xicro_interfaces/hook/cmake_prefix_path.sh'
[2.808s] [34mcolcon.colcon_core.environment[0m [1;30mLevel 1[0m checking '/home/twt4/xxx_ws/install/xicro_interfaces/lib'
[2.809s] [34mcolcon.colcon_core.shell[0m [1;30mLevel 1[0m create_environment_hook('xicro_interfaces', 'ld_library_path_lib')
[2.810s] [34mcolcon.colcon_core.shell[0m [1;30mINFO[0m Creating environment hook '/home/twt4/xxx_ws/install/xicro_interfaces/share/xicro_interfaces/hook/ld_library_path_lib.ps1'
[2.813s] [34mcolcon.colcon_core.shell[0m [1;30mINFO[0m Creating environment descriptor '/home/twt4/xxx_ws/install/xicro_interfaces/share/xicro_interfaces/hook/ld_library_path_lib.dsv'
[2.815s] [34mcolcon.colcon_core.shell[0m [1;30mINFO[0m Creating environment hook '/home/twt4/xxx_ws/install/xicro_interfaces/share/xicro_interfaces/hook/ld_library_path_lib.sh'
[2.815s] [34mcolcon.colcon_core.environment[0m [1;30mLevel 1[0m checking '/home/twt4/xxx_ws/install/xicro_interfaces/bin'
[2.816s] [34mcolcon.colcon_core.environment[0m [1;30mLevel 1[0m checking '/home/twt4/xxx_ws/install/xicro_interfaces/lib/pkgconfig/xicro_interfaces.pc'
[2.816s] [34mcolcon.colcon_core.environment[0m [1;30mLevel 1[0m checking '/home/twt4/xxx_ws/install/xicro_interfaces/lib/python3.12/site-packages'
[2.816s] [34mcolcon.colcon_core.shell[0m [1;30mLevel 1[0m create_environment_hook('xicro_interfaces', 'pythonpath')
[2.817s] [34mcolcon.colcon_core.shell[0m [1;30mINFO[0m Creating environment hook '/home/twt4/xxx_ws/install/xicro_interfaces/share/xicro_interfaces/hook/pythonpath.ps1'
[2.818s] [34mcolcon.colcon_core.shell[0m [1;30mINFO[0m Creating environment descriptor '/home/twt4/xxx_ws/install/xicro_interfaces/share/xicro_interfaces/hook/pythonpath.dsv'
[2.819s] [34mcolcon.colcon_core.shell[0m [1;30mINFO[0m Creating environment hook '/home/twt4/xxx_ws/install/xicro_interfaces/share/xicro_interfaces/hook/pythonpath.sh'
[2.820s] [34mcolcon.colcon_core.environment[0m [1;30mLevel 1[0m checking '/home/twt4/xxx_ws/install/xicro_interfaces/bin'
[2.821s] [34mcolcon.colcon_core.shell[0m [1;30mINFO[0m Creating package script '/home/twt4/xxx_ws/install/xicro_interfaces/share/xicro_interfaces/package.ps1'
[2.822s] [34mcolcon.colcon_core.shell[0m [1;30mINFO[0m Creating package descriptor '/home/twt4/xxx_ws/install/xicro_interfaces/share/xicro_interfaces/package.dsv'
[2.822s] [34mcolcon.colcon_core.shell[0m [1;30mINFO[0m Creating package script '/home/twt4/xxx_ws/install/xicro_interfaces/share/xicro_interfaces/package.sh'
[2.823s] [34mcolcon.colcon_core.shell[0m [1;30mINFO[0m Creating package script '/home/twt4/xxx_ws/install/xicro_interfaces/share/xicro_interfaces/package.bash'
[2.823s] [34mcolcon.colcon_core.shell[0m [1;30mINFO[0m Creating package script '/home/twt4/xxx_ws/install/xicro_interfaces/share/xicro_interfaces/package.zsh'
[2.824s] [34mcolcon.colcon_core.environment[0m [1;30mLevel 1[0m create_file_with_runtime_dependencies(/home/twt4/xxx_ws/install/xicro_interfaces/share/colcon-core/packages/xicro_interfaces)
[2.825s] [34mcolcon.colcon_core.environment[0m [1;30mLevel 1[0m create_environment_scripts_only(xicro_interfaces)
[2.825s] [34mcolcon.colcon_core.environment[0m [1;30mLevel 1[0m checking '/home/twt4/xxx_ws/install/xicro_interfaces' for CMake module files
[2.826s] [34mcolcon.colcon_core.environment[0m [1;30mLevel 1[0m checking '/home/twt4/xxx_ws/install/xicro_interfaces' for CMake config files
[2.827s] [34mcolcon.colcon_core.shell[0m [1;30mLevel 1[0m create_environment_hook('xicro_interfaces', 'cmake_prefix_path')
[2.827s] [34mcolcon.colcon_core.shell[0m [1;30mINFO[0m Creating environment hook '/home/twt4/xxx_ws/install/xicro_interfaces/share/xicro_interfaces/hook/cmake_prefix_path.ps1'
[2.828s] [34mcolcon.colcon_core.shell[0m [1;30mINFO[0m Creating environment descriptor '/home/twt4/xxx_ws/install/xicro_interfaces/share/xicro_interfaces/hook/cmake_prefix_path.dsv'
[2.828s] [34mcolcon.colcon_core.shell[0m [1;30mINFO[0m Creating environment hook '/home/twt4/xxx_ws/install/xicro_interfaces/share/xicro_interfaces/hook/cmake_prefix_path.sh'
[2.829s] [34mcolcon.colcon_core.environment[0m [1;30mLevel 1[0m checking '/home/twt4/xxx_ws/install/xicro_interfaces/lib'
[2.829s] [34mcolcon.colcon_core.shell[0m [1;30mLevel 1[0m create_environment_hook('xicro_interfaces', 'ld_library_path_lib')
[2.830s] [34mcolcon.colcon_core.shell[0m [1;30mINFO[0m Creating environment hook '/home/twt4/xxx_ws/install/xicro_interfaces/share/xicro_interfaces/hook/ld_library_path_lib.ps1'
[2.830s] [34mcolcon.colcon_core.shell[0m [1;30mINFO[0m Creating environment descriptor '/home/twt4/xxx_ws/install/xicro_interfaces/share/xicro_interfaces/hook/ld_library_path_lib.dsv'
[2.830s] [34mcolcon.colcon_core.shell[0m [1;30mINFO[0m Creating environment hook '/home/twt4/xxx_ws/install/xicro_interfaces/share/xicro_interfaces/hook/ld_library_path_lib.sh'
[2.831s] [34mcolcon.colcon_core.environment[0m [1;30mLevel 1[0m checking '/home/twt4/xxx_ws/install/xicro_interfaces/bin'
[2.831s] [34mcolcon.colcon_core.environment[0m [1;30mLevel 1[0m checking '/home/twt4/xxx_ws/install/xicro_interfaces/lib/pkgconfig/xicro_interfaces.pc'
[2.831s] [34mcolcon.colcon_core.environment[0m [1;30mLevel 1[0m checking '/home/twt4/xxx_ws/install/xicro_interfaces/lib/python3.12/site-packages'
[2.832s] [34mcolcon.colcon_core.shell[0m [1;30mLevel 1[0m create_environment_hook('xicro_interfaces', 'pythonpath')
[2.832s] [34mcolcon.colcon_core.shell[0m [1;30mINFO[0m Creating environment hook '/home/twt4/xxx_ws/install/xicro_interfaces/share/xicro_interfaces/hook/pythonpath.ps1'
[2.832s] [34mcolcon.colcon_core.shell[0m [1;30mINFO[0m Creating environment descriptor '/home/twt4/xxx_ws/install/xicro_interfaces/share/xicro_interfaces/hook/pythonpath.dsv'
[2.833s] [34mcolcon.colcon_core.shell[0m [1;30mINFO[0m Creating environment hook '/home/twt4/xxx_ws/install/xicro_interfaces/share/xicro_interfaces/hook/pythonpath.sh'
[2.834s] [34mcolcon.colcon_core.environment[0m [1;30mLevel 1[0m checking '/home/twt4/xxx_ws/install/xicro_interfaces/bin'
[2.834s] [34mcolcon.colcon_core.shell[0m [1;30mINFO[0m Creating package script '/home/twt4/xxx_ws/install/xicro_interfaces/share/xicro_interfaces/package.ps1'
[2.835s] [34mcolcon.colcon_core.shell[0m [1;30mINFO[0m Creating package descriptor '/home/twt4/xxx_ws/install/xicro_interfaces/share/xicro_interfaces/package.dsv'
[2.836s] [34mcolcon.colcon_core.shell[0m [1;30mINFO[0m Creating package script '/home/twt4/xxx_ws/install/xicro_interfaces/share/xicro_interfaces/package.sh'
[2.839s] [34mcolcon.colcon_core.shell[0m [1;30mINFO[0m Creating package script '/home/twt4/xxx_ws/install/xicro_interfaces/share/xicro_interfaces/package.bash'
[2.841s] [34mcolcon.colcon_core.shell[0m [1;30mINFO[0m Creating package script '/home/twt4/xxx_ws/install/xicro_interfaces/share/xicro_interfaces/package.zsh'
[2.843s] [34mcolcon.colcon_core.environment[0m [1;30mLevel 1[0m create_file_with_runtime_dependencies(/home/twt4/xxx_ws/install/xicro_interfaces/share/colcon-core/packages/xicro_interfaces)
[2.846s] [34mcolcon.colcon_parallel_executor.executor.parallel[0m [1;30mDEBUG[0m [32mclosing loop[0m
[2.850s] [34mcolcon.colcon_parallel_executor.executor.parallel[0m [1;30mDEBUG[0m [32mloop closed[0m
[2.852s] [34mcolcon.colcon_parallel_executor.executor.parallel[0m [1;30mDEBUG[0m [32mrun_until_complete finished with '0'[0m
[2.853s] [34mcolcon.colcon_core.event_reactor[0m [1;30mDEBUG[0m [32mjoining thread[0m
[2.894s] [34mcolcon.colcon_core.plugin_system[0m [1;30mINFO[0m Skipping extension 'colcon_notification.desktop_notification.terminal_notifier': Not used on non-Darwin systems
[2.894s] [34mcolcon.colcon_core.plugin_system[0m [1;30mINFO[0m Skipping extension 'colcon_notification.desktop_notification.win32': Not used on non-Windows systems
[2.894s] [34mcolcon.colcon_notification.desktop_notification[0m [1;30mINFO[0m Sending desktop notification using 'notify2'
[2.957s] [34mcolcon.colcon_core.event_reactor[0m [1;30mDEBUG[0m [32mjoined thread[0m
[2.958s] [34mcolcon.colcon_core.shell[0m [1;30mINFO[0m Creating prefix script '/home/twt4/xxx_ws/install/local_setup.ps1'
[2.961s] [34mcolcon.colcon_core.shell[0m [1;30mINFO[0m Creating prefix util module '/home/twt4/xxx_ws/install/_local_setup_util_ps1.py'
[2.965s] [34mcolcon.colcon_core.shell[0m [1;30mINFO[0m Creating prefix chain script '/home/twt4/xxx_ws/install/setup.ps1'
[2.969s] [34mcolcon.colcon_core.shell[0m [1;30mINFO[0m Creating prefix script '/home/twt4/xxx_ws/install/local_setup.sh'
[2.971s] [34mcolcon.colcon_core.shell[0m [1;30mINFO[0m Creating prefix util module '/home/twt4/xxx_ws/install/_local_setup_util_sh.py'
[2.973s] [34mcolcon.colcon_core.shell[0m [1;30mINFO[0m Creating prefix chain script '/home/twt4/xxx_ws/install/setup.sh'
[2.977s] [34mcolcon.colcon_core.shell[0m [1;30mINFO[0m Creating prefix script '/home/twt4/xxx_ws/install/local_setup.bash'
[2.978s] [34mcolcon.colcon_core.shell[0m [1;30mINFO[0m Creating prefix chain script '/home/twt4/xxx_ws/install/setup.bash'
[2.982s] [34mcolcon.colcon_core.shell[0m [1;30mINFO[0m Creating prefix script '/home/twt4/xxx_ws/install/local_setup.zsh'
[2.984s] [34mcolcon.colcon_core.shell[0m [1;30mINFO[0m Creating prefix chain script '/home/twt4/xxx_ws/install/setup.zsh'
