[0.052s] Invoking command in '/home/twt4/xxx_ws/build/xicro_pkg': CMAKE_PREFIX_PATH=${CMAKE_PREFIX_PATH}:/home/twt4/ros2_modules/install/ntrip_client:/home/twt4/ros2_modules/install/nmea_navsat_driver:/home/twt4/ros2_modules/install/handsfree_ros2_imu:/home/twt4/turtlebot3_ws/install/turtlebot3_teleop:/home/twt4/turtlebot3_ws/install/turtlebot3_example:/home/twt4/ros2_ws/install/twt_fuse:/opt/ros/jazzy DEBUGINFOD_URLS=https://debuginfod.ubuntu.com /usr/bin/cmake --build /home/twt4/xxx_ws/build/xicro_pkg -- -j4 -l4
[0.135s] -- Found ament_cmake: 2.5.6 (/opt/ros/jazzy/share/ament_cmake/cmake)
[1.237s] -- Found rclcpp: 28.1.18 (/opt/ros/jazzy/share/rclcpp/cmake)
[1.317s] -- Found rosidl_generator_c: 4.6.7 (/opt/ros/jazzy/share/rosidl_generator_c/cmake)
[1.336s] -- Found rosidl_generator_cpp: 4.6.7 (/opt/ros/jazzy/share/rosidl_generator_cpp/cmake)
[1.363s] -- Using all available rosidl_typesupport_c: rosidl_typesupport_fastrtps_c;rosidl_typesupport_introspection_c
[1.412s] -- Using all available rosidl_typesupport_cpp: rosidl_typesupport_fastrtps_cpp;rosidl_typesupport_introspection_cpp
[1.549s] -- Found rmw_implementation_cmake: 7.3.3 (/opt/ros/jazzy/share/rmw_implementation_cmake/cmake)
[1.555s] -- Found rmw_fastrtps_cpp: 8.4.3 (/opt/ros/jazzy/share/rmw_fastrtps_cpp/cmake)
[1.730s] -- Using RMW implementation 'rmw_fastrtps_cpp' as default
[1.898s] -- Found rclpy: 7.1.11 (/opt/ros/jazzy/share/rclpy/cmake)
[2.373s] -- Configuring done (2.3s)
[2.410s] -- Generating done (0.0s)
[2.418s] -- Build files have been written to: /home/twt4/xxx_ws/build/xicro_pkg
[2.539s] Built target ament_cmake_python_copy_xicro_pkg
[3.010s] running egg_info
[3.046s] writing xicro_pkg.egg-info/PKG-INFO
[3.047s] writing dependency_links to xicro_pkg.egg-info/dependency_links.txt
[3.049s] writing top-level names to xicro_pkg.egg-info/top_level.txt
[3.173s] reading manifest file 'xicro_pkg.egg-info/SOURCES.txt'
[3.173s] writing manifest file 'xicro_pkg.egg-info/SOURCES.txt'
[3.280s] Built target ament_cmake_python_build_xicro_pkg_egg
[3.317s] Invoked command in '/home/twt4/xxx_ws/build/xicro_pkg' returned '0': CMAKE_PREFIX_PATH=${CMAKE_PREFIX_PATH}:/home/twt4/ros2_modules/install/ntrip_client:/home/twt4/ros2_modules/install/nmea_navsat_driver:/home/twt4/ros2_modules/install/handsfree_ros2_imu:/home/twt4/turtlebot3_ws/install/turtlebot3_teleop:/home/twt4/turtlebot3_ws/install/turtlebot3_example:/home/twt4/ros2_ws/install/twt_fuse:/opt/ros/jazzy DEBUGINFOD_URLS=https://debuginfod.ubuntu.com /usr/bin/cmake --build /home/twt4/xxx_ws/build/xicro_pkg -- -j4 -l4
[3.320s] Invoking command in '/home/twt4/xxx_ws/build/xicro_pkg': CMAKE_PREFIX_PATH=${CMAKE_PREFIX_PATH}:/home/twt4/ros2_modules/install/ntrip_client:/home/twt4/ros2_modules/install/nmea_navsat_driver:/home/twt4/ros2_modules/install/handsfree_ros2_imu:/home/twt4/turtlebot3_ws/install/turtlebot3_teleop:/home/twt4/turtlebot3_ws/install/turtlebot3_example:/home/twt4/ros2_ws/install/twt_fuse:/opt/ros/jazzy DEBUGINFOD_URLS=https://debuginfod.ubuntu.com /usr/bin/cmake --install /home/twt4/xxx_ws/build/xicro_pkg
[3.339s] -- Install configuration: ""
[3.339s] -- Up-to-date: /home/twt4/xxx_ws/install/xicro_pkg/share/xicro_pkg/environment/pythonpath.sh
[3.339s] -- Up-to-date: /home/twt4/xxx_ws/install/xicro_pkg/share/xicro_pkg/environment/pythonpath.dsv
[3.339s] -- Up-to-date: /home/twt4/xxx_ws/install/xicro_pkg/lib/python3.12/site-packages/xicro_pkg-0.0.0-py3.12.egg-info
[3.339s] -- Installing: /home/twt4/xxx_ws/install/xicro_pkg/lib/python3.12/site-packages/xicro_pkg-0.0.0-py3.12.egg-info/dependency_links.txt
[3.340s] -- Installing: /home/twt4/xxx_ws/install/xicro_pkg/lib/python3.12/site-packages/xicro_pkg-0.0.0-py3.12.egg-info/PKG-INFO
[3.340s] -- Installing: /home/twt4/xxx_ws/install/xicro_pkg/lib/python3.12/site-packages/xicro_pkg-0.0.0-py3.12.egg-info/top_level.txt
[3.340s] -- Installing: /home/twt4/xxx_ws/install/xicro_pkg/lib/python3.12/site-packages/xicro_pkg-0.0.0-py3.12.egg-info/SOURCES.txt
[3.340s] -- Up-to-date: /home/twt4/xxx_ws/install/xicro_pkg/lib/python3.12/site-packages/xicro_pkg
[3.340s] -- Up-to-date: /home/twt4/xxx_ws/install/xicro_pkg/lib/python3.12/site-packages/xicro_pkg/__init__.py
[3.421s] Listing '/home/twt4/xxx_ws/install/xicro_pkg/lib/python3.12/site-packages/xicro_pkg'...
[3.434s] -- Up-to-date: /home/twt4/xxx_ws/install/xicro_pkg/lib/xicro_pkg/generate_library.py
[3.434s] -- Up-to-date: /home/twt4/xxx_ws/install/xicro_pkg/lib/xicro_pkg/generate_xicro_node.py
[3.434s] -- Up-to-date: /home/twt4/xxx_ws/install/xicro_pkg/lib/xicro_pkg/xicro_node_xxx_ID_1_arduino.py
[3.434s] -- Installing: /home/twt4/xxx_ws/install/xicro_pkg/lib/xicro_pkg/xicro_node_rcv_ID_2_arduino.py
[3.435s] -- Up-to-date: /home/twt4/xxx_ws/install/xicro_pkg/share/xicro_pkg/config
[3.435s] -- Up-to-date: /home/twt4/xxx_ws/install/xicro_pkg/share/xicro_pkg/config/.Xicro_node_preSetup.xicro
[3.435s] -- Up-to-date: /home/twt4/xxx_ws/install/xicro_pkg/share/xicro_pkg/config/.library_cpp_preSetup.xicro
[3.435s] -- Up-to-date: /home/twt4/xxx_ws/install/xicro_pkg/share/xicro_pkg/config/setup_xicro2.yaml
[3.435s] -- Up-to-date: /home/twt4/xxx_ws/install/xicro_pkg/share/xicro_pkg/config/.library_h_preSetup.xicro
[3.435s] -- Up-to-date: /home/twt4/xxx_ws/install/xicro_pkg/share/xicro_pkg/config/setup_xicro.yaml
[3.436s] -- Up-to-date: /home/twt4/xxx_ws/install/xicro_pkg/share/ament_index/resource_index/package_run_dependencies/xicro_pkg
[3.436s] -- Up-to-date: /home/twt4/xxx_ws/install/xicro_pkg/share/ament_index/resource_index/parent_prefix_path/xicro_pkg
[3.436s] -- Up-to-date: /home/twt4/xxx_ws/install/xicro_pkg/share/xicro_pkg/environment/ament_prefix_path.sh
[3.436s] -- Up-to-date: /home/twt4/xxx_ws/install/xicro_pkg/share/xicro_pkg/environment/ament_prefix_path.dsv
[3.436s] -- Up-to-date: /home/twt4/xxx_ws/install/xicro_pkg/share/xicro_pkg/environment/path.sh
[3.436s] -- Up-to-date: /home/twt4/xxx_ws/install/xicro_pkg/share/xicro_pkg/environment/path.dsv
[3.436s] -- Up-to-date: /home/twt4/xxx_ws/install/xicro_pkg/share/xicro_pkg/local_setup.bash
[3.436s] -- Up-to-date: /home/twt4/xxx_ws/install/xicro_pkg/share/xicro_pkg/local_setup.sh
[3.436s] -- Up-to-date: /home/twt4/xxx_ws/install/xicro_pkg/share/xicro_pkg/local_setup.zsh
[3.436s] -- Up-to-date: /home/twt4/xxx_ws/install/xicro_pkg/share/xicro_pkg/local_setup.dsv
[3.437s] -- Installing: /home/twt4/xxx_ws/install/xicro_pkg/share/xicro_pkg/package.dsv
[3.437s] -- Up-to-date: /home/twt4/xxx_ws/install/xicro_pkg/share/ament_index/resource_index/packages/xicro_pkg
[3.437s] -- Up-to-date: /home/twt4/xxx_ws/install/xicro_pkg/share/xicro_pkg/cmake/xicro_pkgConfig.cmake
[3.437s] -- Up-to-date: /home/twt4/xxx_ws/install/xicro_pkg/share/xicro_pkg/cmake/xicro_pkgConfig-version.cmake
[3.437s] -- Up-to-date: /home/twt4/xxx_ws/install/xicro_pkg/share/xicro_pkg/package.xml
[3.440s] Invoked command in '/home/twt4/xxx_ws/build/xicro_pkg' returned '0': CMAKE_PREFIX_PATH=${CMAKE_PREFIX_PATH}:/home/twt4/ros2_modules/install/ntrip_client:/home/twt4/ros2_modules/install/nmea_navsat_driver:/home/twt4/ros2_modules/install/handsfree_ros2_imu:/home/twt4/turtlebot3_ws/install/turtlebot3_teleop:/home/twt4/turtlebot3_ws/install/turtlebot3_example:/home/twt4/ros2_ws/install/twt_fuse:/opt/ros/jazzy DEBUGINFOD_URLS=https://debuginfod.ubuntu.com /usr/bin/cmake --install /home/twt4/xxx_ws/build/xicro_pkg
