[  5%] Built target xicro_interfaces__rosidl_generator_type_description
[  5%] Built target xicro_interfaces__rs
[  5%] Built target ament_cmake_python_copy_xicro_interfaces
[  8%] Built target xicro_interfaces__cpp
[ 22%] Built target xicro_interfaces__rosidl_generator_c
[ 31%] Built target xicro_interfaces__rosidl_typesupport_introspection_c
[ 40%] Built target xicro_interfaces__rosidl_typesupport_fastrtps_c
[ 48%] Built target xicro_interfaces__rosidl_typesupport_c
[ 57%] Built target xicro_interfaces__rosidl_typesupport_fastrtps_cpp
[ 65%] Built target xicro_interfaces__rosidl_typesupport_cpp
[ 74%] Built target xicro_interfaces__rosidl_typesupport_introspection_cpp
[ 74%] Built target xicro_interfaces
[ 77%] Built target xicro_interfaces__py
[ 82%] Built target xicro_interfaces__rosidl_generator_py
[ 88%] Built target xicro_interfaces_s__rosidl_typesupport_introspection_c
[ 94%] Built target xicro_interfaces_s__rosidl_typesupport_fastrtps_c
[100%] Built target xicro_interfaces_s__rosidl_typesupport_c
running egg_info
writing xicro_interfaces.egg-info/PKG-INFO
writing dependency_links to xicro_interfaces.egg-info/dependency_links.txt
writing top-level names to xicro_interfaces.egg-info/top_level.txt
reading manifest file 'xicro_interfaces.egg-info/SOURCES.txt'
writing manifest file 'xicro_interfaces.egg-info/SOURCES.txt'
[100%] Built target ament_cmake_python_build_xicro_interfaces_egg
