[0.062s] Invoking command in '/home/twt4/xxx_ws/build/xicro_pkg': CMAKE_PREFIX_PATH=${CMAKE_PREFIX_PATH}:/home/twt4/ros2_modules/install/ntrip_client:/home/twt4/ros2_modules/install/nmea_navsat_driver:/home/twt4/ros2_modules/install/handsfree_ros2_imu:/home/twt4/turtlebot3_ws/install/turtlebot3_teleop:/home/twt4/turtlebot3_ws/install/turtlebot3_example:/home/twt4/ros2_ws/install/twt_fuse:/opt/ros/jazzy DEBUGINFOD_URLS=https://debuginfod.ubuntu.com /usr/bin/cmake --build /home/twt4/xxx_ws/build/xicro_pkg -- -j4 -l4
[0.163s] -- Found ament_cmake: 2.5.6 (/opt/ros/jazzy/share/ament_cmake/cmake)
[1.252s] -- Found rclcpp: 28.1.18 (/opt/ros/jazzy/share/rclcpp/cmake)
[1.338s] -- Found rosidl_generator_c: 4.6.7 (/opt/ros/jazzy/share/rosidl_generator_c/cmake)
[1.357s] -- Found rosidl_generator_cpp: 4.6.7 (/opt/ros/jazzy/share/rosidl_generator_cpp/cmake)
[1.402s] -- Using all available rosidl_typesupport_c: rosidl_typesupport_fastrtps_c;rosidl_typesupport_introspection_c
[1.430s] -- Using all available rosidl_typesupport_cpp: rosidl_typesupport_fastrtps_cpp;rosidl_typesupport_introspection_cpp
[1.588s] -- Found rmw_implementation_cmake: 7.3.3 (/opt/ros/jazzy/share/rmw_implementation_cmake/cmake)
[1.601s] -- Found rmw_fastrtps_cpp: 8.4.3 (/opt/ros/jazzy/share/rmw_fastrtps_cpp/cmake)
[1.881s] -- Using RMW implementation 'rmw_fastrtps_cpp' as default
[2.121s] -- Found rclpy: 7.1.11 (/opt/ros/jazzy/share/rclpy/cmake)
[2.770s] -- Configuring done (2.6s)
[2.802s] -- Generating done (0.0s)
[2.829s] -- Build files have been written to: /home/twt4/xxx_ws/build/xicro_pkg
[3.040s] Built target ament_cmake_python_copy_xicro_pkg
[3.879s] running egg_info
[3.951s] writing xicro_pkg.egg-info/PKG-INFO
[3.952s] writing dependency_links to xicro_pkg.egg-info/dependency_links.txt
[3.954s] writing top-level names to xicro_pkg.egg-info/top_level.txt
[4.135s] reading manifest file 'xicro_pkg.egg-info/SOURCES.txt'
[4.136s] writing manifest file 'xicro_pkg.egg-info/SOURCES.txt'
[4.268s] Built target ament_cmake_python_build_xicro_pkg_egg
[4.296s] Invoked command in '/home/twt4/xxx_ws/build/xicro_pkg' returned '0': CMAKE_PREFIX_PATH=${CMAKE_PREFIX_PATH}:/home/twt4/ros2_modules/install/ntrip_client:/home/twt4/ros2_modules/install/nmea_navsat_driver:/home/twt4/ros2_modules/install/handsfree_ros2_imu:/home/twt4/turtlebot3_ws/install/turtlebot3_teleop:/home/twt4/turtlebot3_ws/install/turtlebot3_example:/home/twt4/ros2_ws/install/twt_fuse:/opt/ros/jazzy DEBUGINFOD_URLS=https://debuginfod.ubuntu.com /usr/bin/cmake --build /home/twt4/xxx_ws/build/xicro_pkg -- -j4 -l4
[4.300s] Invoking command in '/home/twt4/xxx_ws/build/xicro_pkg': CMAKE_PREFIX_PATH=${CMAKE_PREFIX_PATH}:/home/twt4/ros2_modules/install/ntrip_client:/home/twt4/ros2_modules/install/nmea_navsat_driver:/home/twt4/ros2_modules/install/handsfree_ros2_imu:/home/twt4/turtlebot3_ws/install/turtlebot3_teleop:/home/twt4/turtlebot3_ws/install/turtlebot3_example:/home/twt4/ros2_ws/install/twt_fuse:/opt/ros/jazzy DEBUGINFOD_URLS=https://debuginfod.ubuntu.com /usr/bin/cmake --install /home/twt4/xxx_ws/build/xicro_pkg
[4.340s] -- Install configuration: ""
[4.340s] -- Up-to-date: /home/twt4/xxx_ws/install/xicro_pkg/share/xicro_pkg/environment/pythonpath.sh
[4.341s] -- Up-to-date: /home/twt4/xxx_ws/install/xicro_pkg/share/xicro_pkg/environment/pythonpath.dsv
[4.341s] -- Up-to-date: /home/twt4/xxx_ws/install/xicro_pkg/lib/python3.12/site-packages/xicro_pkg-0.0.0-py3.12.egg-info
[4.341s] -- Installing: /home/twt4/xxx_ws/install/xicro_pkg/lib/python3.12/site-packages/xicro_pkg-0.0.0-py3.12.egg-info/dependency_links.txt
[4.342s] -- Installing: /home/twt4/xxx_ws/install/xicro_pkg/lib/python3.12/site-packages/xicro_pkg-0.0.0-py3.12.egg-info/PKG-INFO
[4.342s] -- Installing: /home/twt4/xxx_ws/install/xicro_pkg/lib/python3.12/site-packages/xicro_pkg-0.0.0-py3.12.egg-info/top_level.txt
[4.342s] -- Installing: /home/twt4/xxx_ws/install/xicro_pkg/lib/python3.12/site-packages/xicro_pkg-0.0.0-py3.12.egg-info/SOURCES.txt
[4.342s] -- Up-to-date: /home/twt4/xxx_ws/install/xicro_pkg/lib/python3.12/site-packages/xicro_pkg
[4.342s] -- Up-to-date: /home/twt4/xxx_ws/install/xicro_pkg/lib/python3.12/site-packages/xicro_pkg/__init__.py
[4.471s] Listing '/home/twt4/xxx_ws/install/xicro_pkg/lib/python3.12/site-packages/xicro_pkg'...
[4.491s] -- Up-to-date: /home/twt4/xxx_ws/install/xicro_pkg/lib/xicro_pkg/generate_library.py
[4.492s] -- Up-to-date: /home/twt4/xxx_ws/install/xicro_pkg/lib/xicro_pkg/generate_library_twt.py
[4.493s] -- Up-to-date: /home/twt4/xxx_ws/install/xicro_pkg/lib/xicro_pkg/generate_library_ctl.py
[4.493s] -- Up-to-date: /home/twt4/xxx_ws/install/xicro_pkg/lib/xicro_pkg/generate_xicro_node.py
[4.493s] -- Up-to-date: /home/twt4/xxx_ws/install/xicro_pkg/lib/xicro_pkg/generate_xicro_node_twt.py
[4.493s] -- Up-to-date: /home/twt4/xxx_ws/install/xicro_pkg/lib/xicro_pkg/generate_xicro_node_ctl.py
[4.493s] -- Installing: /home/twt4/xxx_ws/install/xicro_pkg/lib/xicro_pkg/xicro_node_twt_ID_1_arduino.py
[4.494s] -- Up-to-date: /home/twt4/xxx_ws/install/xicro_pkg/lib/xicro_pkg/xicro_node_xxx_ID_1_arduino.py
[4.494s] -- Up-to-date: /home/twt4/xxx_ws/install/xicro_pkg/lib/xicro_pkg/xicro_node_rcv_ID_2_arduino.py
[4.494s] -- Installing: /home/twt4/xxx_ws/install/xicro_pkg/lib/xicro_pkg/xicro_node_ctl_ID_1_arduino.py
[4.494s] -- Up-to-date: /home/twt4/xxx_ws/install/xicro_pkg/share/xicro_pkg/config
[4.494s] -- Up-to-date: /home/twt4/xxx_ws/install/xicro_pkg/share/xicro_pkg/config/setup_xicro_ctl.yaml
[4.495s] -- Up-to-date: /home/twt4/xxx_ws/install/xicro_pkg/share/xicro_pkg/config/.Xicro_node_preSetup.xicro
[4.495s] -- Up-to-date: /home/twt4/xxx_ws/install/xicro_pkg/share/xicro_pkg/config/.library_cpp_preSetup.xicro
[4.495s] -- Up-to-date: /home/twt4/xxx_ws/install/xicro_pkg/share/xicro_pkg/config/setup_xicro2.yaml
[4.496s] -- Installing: /home/twt4/xxx_ws/install/xicro_pkg/share/xicro_pkg/config/setup_xicro_twt.yaml
[4.496s] -- Up-to-date: /home/twt4/xxx_ws/install/xicro_pkg/share/xicro_pkg/config/.library_h_preSetup.xicro
[4.496s] -- Up-to-date: /home/twt4/xxx_ws/install/xicro_pkg/share/xicro_pkg/config/setup_xicro3.yaml
[4.496s] -- Up-to-date: /home/twt4/xxx_ws/install/xicro_pkg/share/xicro_pkg/config/setup_xicro.yaml
[4.496s] -- Up-to-date: /home/twt4/xxx_ws/install/xicro_pkg/share/ament_index/resource_index/package_run_dependencies/xicro_pkg
[4.497s] -- Up-to-date: /home/twt4/xxx_ws/install/xicro_pkg/share/ament_index/resource_index/parent_prefix_path/xicro_pkg
[4.497s] -- Up-to-date: /home/twt4/xxx_ws/install/xicro_pkg/share/xicro_pkg/environment/ament_prefix_path.sh
[4.497s] -- Up-to-date: /home/twt4/xxx_ws/install/xicro_pkg/share/xicro_pkg/environment/ament_prefix_path.dsv
[4.497s] -- Up-to-date: /home/twt4/xxx_ws/install/xicro_pkg/share/xicro_pkg/environment/path.sh
[4.498s] -- Up-to-date: /home/twt4/xxx_ws/install/xicro_pkg/share/xicro_pkg/environment/path.dsv
[4.498s] -- Up-to-date: /home/twt4/xxx_ws/install/xicro_pkg/share/xicro_pkg/local_setup.bash
[4.498s] -- Up-to-date: /home/twt4/xxx_ws/install/xicro_pkg/share/xicro_pkg/local_setup.sh
[4.498s] -- Up-to-date: /home/twt4/xxx_ws/install/xicro_pkg/share/xicro_pkg/local_setup.zsh
[4.499s] -- Up-to-date: /home/twt4/xxx_ws/install/xicro_pkg/share/xicro_pkg/local_setup.dsv
[4.499s] -- Installing: /home/twt4/xxx_ws/install/xicro_pkg/share/xicro_pkg/package.dsv
[4.499s] -- Up-to-date: /home/twt4/xxx_ws/install/xicro_pkg/share/ament_index/resource_index/packages/xicro_pkg
[4.499s] -- Up-to-date: /home/twt4/xxx_ws/install/xicro_pkg/share/xicro_pkg/cmake/xicro_pkgConfig.cmake
[4.499s] -- Up-to-date: /home/twt4/xxx_ws/install/xicro_pkg/share/xicro_pkg/cmake/xicro_pkgConfig-version.cmake
[4.500s] -- Up-to-date: /home/twt4/xxx_ws/install/xicro_pkg/share/xicro_pkg/package.xml
[4.525s] Invoked command in '/home/twt4/xxx_ws/build/xicro_pkg' returned '0': CMAKE_PREFIX_PATH=${CMAKE_PREFIX_PATH}:/home/twt4/ros2_modules/install/ntrip_client:/home/twt4/ros2_modules/install/nmea_navsat_driver:/home/twt4/ros2_modules/install/handsfree_ros2_imu:/home/twt4/turtlebot3_ws/install/turtlebot3_teleop:/home/twt4/turtlebot3_ws/install/turtlebot3_example:/home/twt4/ros2_ws/install/twt_fuse:/opt/ros/jazzy DEBUGINFOD_URLS=https://debuginfod.ubuntu.com /usr/bin/cmake --install /home/twt4/xxx_ws/build/xicro_pkg
